D:\Minecraft-Mods\AnvilCraft\src\main\java\dev\dubhe\anvilcraft\init\loot\ModLootContextParamSets.java:11: 错误: 找不到符号
    public static final LootContextParamSet USE_ON_ITEM = register(
                        ^
  符号:   类 LootContextParamSet
  位置: 类 ModLootContextParamSets
D:\Minecraft-Mods\AnvilCraft\src\main\java\dev\dubhe\anvilcraft\init\loot\ModLootContextParamSets.java:20: 错误: 找不到符号
    public static final LootContextParamSet POST_BREAK_BLOCK = register(
                        ^
  符号:   类 LootContextParamSet
  位置: 类 ModLootContextParamSets
D:\Minecraft-Mods\AnvilCraft\src\main\java\dev\dubhe\anvilcraft\init\loot\ModLootContextParamSets.java:28: 错误: 程序包LootContextParamSet不存在
    private static LootContextParamSet register(String registryName, Consumer<LootContextParamSet.Builder> builderConsumer) {
                                                                                                 ^
D:\Minecraft-Mods\AnvilCraft\src\main\java\dev\dubhe\anvilcraft\init\loot\ModLootContextParamSets.java:28: 错误: 找不到符号
    private static LootContextParamSet register(String registryName, Consumer<LootContextParamSet.Builder> builderConsumer) {
                   ^
  符号:   类 LootContextParamSet
  位置: 类 ModLootContextParamSets
D:\Minecraft-Mods\AnvilCraft\src\main\java\dev\dubhe\anvilcraft\init\loot\ModLootItemConditions.java:6: 错误: 找不到符号
import net.minecraft.world.level.storage.loot.predicates.LootItemConditionType;
                                                        ^
  符号:   类 LootItemConditionType
  位置: 程序包 net.minecraft.world.level.storage.loot.predicates
D:\Minecraft-Mods\AnvilCraft\src\main\java\dev\dubhe\anvilcraft\init\loot\ModLootItemConditions.java:12: 错误: 找不到符号
    public static final DeferredRegister<LootItemConditionType> LOOT_CONDITION_TYPES =
                                         ^
  符号:   类 LootItemConditionType
  位置: 类 ModLootItemConditions
D:\Minecraft-Mods\AnvilCraft\src\main\java\dev\dubhe\anvilcraft\init\loot\ModLootItemConditions.java:15: 错误: 找不到符号
    public static final Supplier<LootItemConditionType> MATCH_DATA_COMPONENT =
                                 ^
  符号:   类 LootItemConditionType
  位置: 类 ModLootItemConditions
D:\Minecraft-Mods\AnvilCraft\src\main\java\dev\dubhe\anvilcraft\init\loot\ModLootItemFunctions.java:6: 错误: 找不到符号
import net.minecraft.world.level.storage.loot.functions.LootItemFunctionType;
                                                       ^
  符号:   类 LootItemFunctionType
  位置: 程序包 net.minecraft.world.level.storage.loot.functions
D:\Minecraft-Mods\AnvilCraft\src\main\java\dev\dubhe\anvilcraft\init\loot\ModLootItemFunctions.java:12: 错误: 找不到符号
    public static final DeferredRegister<LootItemFunctionType<?>> LOOT_FUNCTION_TYPES =
                                         ^
  符号:   类 LootItemFunctionType
  位置: 类 ModLootItemFunctions
D:\Minecraft-Mods\AnvilCraft\src\main\java\dev\dubhe\anvilcraft\init\loot\ModLootItemFunctions.java:15: 错误: 找不到符号
    public static final Supplier<LootItemFunctionType<CurseLootItemFunction>> CURSE_LOOT =
                                 ^
  符号:   类 LootItemFunctionType
  位置: 类 ModLootItemFunctions
D:\Minecraft-Mods\AnvilCraft\src\main\java\dev\dubhe\anvilcraft\loot\functions\CurseLootItemFunction.java:12: 错误: 找不到符号
import net.minecraft.world.level.storage.loot.functions.LootItemFunctionType;
                                                       ^
  符号:   类 LootItemFunctionType
  位置: 程序包 net.minecraft.world.level.storage.loot.functions
D:\Minecraft-Mods\AnvilCraft\src\main\java\dev\dubhe\anvilcraft\loot\functions\CurseLootItemFunction.java:28: 错误: 找不到符号
    public LootItemFunctionType<? extends LootItemConditionalFunction> getType() {
           ^
  符号:   类 LootItemFunctionType
  位置: 类 CurseLootItemFunction
D:\Minecraft-Mods\AnvilCraft\src\main\java\dev\dubhe\anvilcraft\init\ModDispenserBehavior.java:21: 错误: 找不到符号
import net.minecraft.world.entity.animal.IronGolem;
                                        ^
  符号:   类 IronGolem
  位置: 程序包 net.minecraft.world.entity.animal
D:\Minecraft-Mods\AnvilCraft\src\main\java\dev\dubhe\anvilcraft\init\ModDispenserBehavior.java:22: 错误: 找不到符号
import net.minecraft.world.entity.animal.MushroomCow;
                                        ^
  符号:   类 MushroomCow
  位置: 程序包 net.minecraft.world.entity.animal
D:\Minecraft-Mods\AnvilCraft\src\main\java\dev\dubhe\anvilcraft\init\ModDispenserBehavior.java:23: 错误: 找不到符号
import net.minecraft.world.entity.monster.ZombieVillager;
                                         ^
  符号:   类 ZombieVillager
  位置: 程序包 net.minecraft.world.entity.monster
D:\Minecraft-Mods\AnvilCraft\src\main\java\dev\dubhe\anvilcraft\recipe\transform\MobTransformRecipe.java:22: 错误: 找不到符号
import net.minecraft.world.entity.MobSpawnType;
                                 ^
  符号:   类 MobSpawnType
  位置: 程序包 net.minecraft.world.entity
D:\Minecraft-Mods\AnvilCraft\src\main\java\dev\dubhe\anvilcraft\recipe\transform\MobTransformWithItemRecipe.java:26: 错误: 找不到符号
import net.minecraft.world.entity.MobSpawnType;
                                 ^
  符号:   类 MobSpawnType
  位置: 程序包 net.minecraft.world.entity
D:\Minecraft-Mods\AnvilCraft\src\main\java\dev\dubhe\anvilcraft\recipe\PortalConversionRecipe.java:7: 错误: 找不到符号
import dev.anvilcraft.lib.v2.util.predicate.WeightedChanceBlockStates;
                                           ^
  符号:   类 WeightedChanceBlockStates
  位置: 程序包 dev.anvilcraft.lib.v2.util.predicate
D:\Minecraft-Mods\AnvilCraft\src\main\java\dev\dubhe\anvilcraft\recipe\PortalConversionRecipe.java:62: 错误: 找不到符号
    private final WeightedChanceBlockStates results;
                  ^
  符号:   类 WeightedChanceBlockStates
  位置: 类 PortalConversionRecipe
D:\Minecraft-Mods\AnvilCraft\src\main\java\dev\dubhe\anvilcraft\recipe\PortalConversionRecipe.java:64: 错误: 找不到符号
    public PortalConversionRecipe(PortalType type, BlockStatePredicate input, WeightedChanceBlockStates results) {
                                                                              ^
  符号:   类 WeightedChanceBlockStates
  位置: 类 PortalConversionRecipe
D:\Minecraft-Mods\AnvilCraft\src\main\java\dev\dubhe\anvilcraft\recipe\PortalConversionRecipe.java:147: 错误: 程序包WeightedChanceBlockStates不存在
        private final WeightedChanceBlockStates.Builder results = WeightedChanceBlockStates.builder();
                                               ^
D:\Minecraft-Mods\AnvilCraft\src\main\java\dev\dubhe\anvilcraft\recipe\transform\TransformWithItemRecipeBuilder.java:9: 错误: 程序包net.minecraft.advancements.critereon不存在
import net.minecraft.advancements.critereon.RecipeUnlockedTrigger;
                                           ^
D:\Minecraft-Mods\AnvilCraft\src\main\java\dev\dubhe\anvilcraft\integration\jade\provider\PowerBlockProvider.java:7: 错误: 找不到符号
import net.minecraft.Util;
                    ^
  符号:   类 Util
  位置: 程序包 net.minecraft
D:\Minecraft-Mods\AnvilCraft\src\main\java\dev\dubhe\anvilcraft\integration\jade\provider\PowerBlockProvider.java:19: 错误: 找不到符号
import snownee.jade.api.ui.IElementHelper;
                          ^
  符号:   类 IElementHelper
  位置: 程序包 snownee.jade.api.ui
D:\Minecraft-Mods\AnvilCraft\src\main\java\dev\dubhe\anvilcraft\integration\jade\provider\PowerBlockProvider.java:23: 错误: 找不到符号
    private static final BoxStyle.GradientBorder STYLE = BoxStyle.GradientBorder.TRANSPARENT.clone();
                                 ^
  符号:   类 GradientBorder
  位置: 类 BoxStyle
D:\Minecraft-Mods\AnvilCraft\src\main\java\dev\dubhe\anvilcraft\integration\jei\category\anvil\BlockCompressCategory.java:24: 错误: 找不到符号
import net.minecraft.client.gui.GuiGraphics;
                               ^
  符号:   类 GuiGraphics
  位置: 程序包 net.minecraft.client.gui
D:\Minecraft-Mods\AnvilCraft\src\main\java\dev\dubhe\anvilcraft\integration\jei\category\anvil\BlockCompressCategory.java:95: 错误: 找不到符号
        GuiGraphics guiGraphics,
        ^
  符号:   类 GuiGraphics
  位置: 类 BlockCompressCategory
D:\Minecraft-Mods\AnvilCraft\src\main\java\dev\dubhe\anvilcraft\integration\jei\category\anvil\BlockCrushCategory.java:22: 错误: 找不到符号
import net.minecraft.client.gui.GuiGraphics;
                               ^
  符号:   类 GuiGraphics
  位置: 程序包 net.minecraft.client.gui
D:\Minecraft-Mods\AnvilCraft\src\main\java\dev\dubhe\anvilcraft\integration\jei\category\anvil\BlockCrushCategory.java:89: 错误: 找不到符号
        GuiGraphics guiGraphics,
        ^
  符号:   类 GuiGraphics
  位置: 类 BlockCrushCategory
D:\Minecraft-Mods\AnvilCraft\src\main\java\dev\dubhe\anvilcraft\integration\jei\category\anvil\BlockSmearCategory.java:23: 错误: 找不到符号
import net.minecraft.client.gui.GuiGraphics;
                               ^
  符号:   类 GuiGraphics
  位置: 程序包 net.minecraft.client.gui
D:\Minecraft-Mods\AnvilCraft\src\main\java\dev\dubhe\anvilcraft\integration\jei\category\anvil\BlockSmearCategory.java:95: 错误: 找不到符号
        GuiGraphics guiGraphics,
        ^
  符号:   类 GuiGraphics
  位置: 类 BlockSmearCategory
D:\Minecraft-Mods\AnvilCraft\src\main\java\dev\dubhe\anvilcraft\integration\jei\category\anvil\BoilingCategory.java:17: 错误: 找不到符号
import net.minecraft.client.gui.GuiGraphics;
                               ^
  符号:   类 GuiGraphics
  位置: 程序包 net.minecraft.client.gui
D:\Minecraft-Mods\AnvilCraft\src\main\java\dev\dubhe\anvilcraft\integration\jei\category\anvil\BoilingCategory.java:44: 错误: 找不到符号
        GuiGraphics guiGraphics,
        ^
  符号:   类 GuiGraphics
  位置: 类 BoilingCategory
D:\Minecraft-Mods\AnvilCraft\src\main\java\dev\dubhe\anvilcraft\integration\jei\category\anvil\BulgingCategory.java:26: 错误: 找不到符号
import net.minecraft.client.gui.GuiGraphics;
                               ^
  符号:   类 GuiGraphics
  位置: 程序包 net.minecraft.client.gui
D:\Minecraft-Mods\AnvilCraft\src\main\java\dev\dubhe\anvilcraft\integration\jei\category\anvil\BulgingCategory.java:103: 错误: 找不到符号
        GuiGraphics guiGraphics,
        ^
  符号:   类 GuiGraphics
  位置: 类 BulgingCategory
D:\Minecraft-Mods\AnvilCraft\src\main\java\dev\dubhe\anvilcraft\integration\jei\category\anvil\CementStainingCategory.java:23: 错误: 找不到符号
import net.minecraft.client.gui.GuiGraphics;
                               ^
  符号:   类 GuiGraphics
  位置: 程序包 net.minecraft.client.gui
D:\Minecraft-Mods\AnvilCraft\src\main\java\dev\dubhe\anvilcraft\integration\jei\category\anvil\CementStainingCategory.java:102: 错误: 找不到符号
        GuiGraphics guiGraphics,
        ^
  符号:   类 GuiGraphics
  位置: 类 CementStainingCategory
D:\Minecraft-Mods\AnvilCraft\src\main\java\dev\dubhe\anvilcraft\integration\jei\category\anvil\ConcreteCategory.java:23: 错误: 找不到符号
import net.minecraft.client.gui.GuiGraphics;
                               ^
  符号:   类 GuiGraphics
  位置: 程序包 net.minecraft.client.gui
D:\Minecraft-Mods\AnvilCraft\src\main\java\dev\dubhe\anvilcraft\integration\jei\category\anvil\ConcreteCategory.java:104: 错误: 找不到符号
        GuiGraphics guiGraphics,
        ^
  符号:   类 GuiGraphics
  位置: 类 ConcreteCategory
D:\Minecraft-Mods\AnvilCraft\src\main\java\dev\dubhe\anvilcraft\integration\jei\category\anvil\CookingCategory.java:16: 错误: 找不到符号
import net.minecraft.client.gui.GuiGraphics;
                               ^
  符号:   类 GuiGraphics
  位置: 程序包 net.minecraft.client.gui
D:\Minecraft-Mods\AnvilCraft\src\main\java\dev\dubhe\anvilcraft\integration\jei\category\anvil\CookingCategory.java:43: 错误: 找不到符号
        GuiGraphics guiGraphics,
        ^
  符号:   类 GuiGraphics
  位置: 类 CookingCategory
D:\Minecraft-Mods\AnvilCraft\src\main\java\dev\dubhe\anvilcraft\integration\jei\category\anvil\ItemCompressCategory.java:16: 错误: 找不到符号
import net.minecraft.client.gui.GuiGraphics;
                               ^
  符号:   类 GuiGraphics
  位置: 程序包 net.minecraft.client.gui
D:\Minecraft-Mods\AnvilCraft\src\main\java\dev\dubhe\anvilcraft\integration\jei\category\anvil\ItemCompressCategory.java:41: 错误: 找不到符号
        GuiGraphics guiGraphics,
        ^
  符号:   类 GuiGraphics
  位置: 类 ItemCompressCategory
D:\Minecraft-Mods\AnvilCraft\src\main\java\dev\dubhe\anvilcraft\integration\jei\category\anvil\ItemCrushCategory.java:17: 错误: 找不到符号
import net.minecraft.client.gui.GuiGraphics;
                               ^
  符号:   类 GuiGraphics
  位置: 程序包 net.minecraft.client.gui
D:\Minecraft-Mods\AnvilCraft\src\main\java\dev\dubhe\anvilcraft\integration\jei\category\anvil\ItemCrushCategory.java:41: 错误: 找不到符号
        GuiGraphics guiGraphics,
        ^
  符号:   类 GuiGraphics
  位置: 类 ItemCrushCategory
D:\Minecraft-Mods\AnvilCraft\src\main\java\dev\dubhe\anvilcraft\integration\jei\category\anvil\ItemInjectCategory.java:23: 错误: 找不到符号
import net.minecraft.client.gui.GuiGraphics;
                               ^
  符号:   类 GuiGraphics
  位置: 程序包 net.minecraft.client.gui
D:\Minecraft-Mods\AnvilCraft\src\main\java\dev\dubhe\anvilcraft\integration\jei\category\anvil\ItemInjectCategory.java:99: 错误: 找不到符号
        GuiGraphics guiGraphics,
        ^
  符号:   类 GuiGraphics
  位置: 类 ItemInjectCategory
D:\Minecraft-Mods\AnvilCraft\src\main\java\dev\dubhe\anvilcraft\integration\jei\category\anvil\MassInjectCategory.java:27: 错误: 找不到符号
import net.minecraft.client.gui.GuiGraphics;
                               ^
  符号:   类 GuiGraphics
  位置: 程序包 net.minecraft.client.gui
D:\Minecraft-Mods\AnvilCraft\src\main\java\dev\dubhe\anvilcraft\integration\jei\category\anvil\MassInjectCategory.java:108: 错误: 找不到符号
        GuiGraphics guiGraphics,
        ^
  符号:   类 GuiGraphics
  位置: 类 MassInjectCategory
D:\Minecraft-Mods\AnvilCraft\src\main\java\dev\dubhe\anvilcraft\integration\jei\category\anvil\MeshRecipeCategory.java:21: 错误: 找不到符号
import net.minecraft.client.gui.GuiGraphics;
                               ^
  符号:   类 GuiGraphics
  位置: 程序包 net.minecraft.client.gui
D:\Minecraft-Mods\AnvilCraft\src\main\java\dev\dubhe\anvilcraft\integration\jei\category\anvil\MeshRecipeCategory.java:93: 错误: 找不到符号
        GuiGraphics guiGraphics,
        ^
  符号:   类 GuiGraphics
  位置: 类 MeshRecipeCategory
D:\Minecraft-Mods\AnvilCraft\src\main\java\dev\dubhe\anvilcraft\integration\jei\category\anvil\NeutronIrradiationCategory.java:24: 错误: 找不到符号
import net.minecraft.client.gui.GuiGraphics;
                               ^
  符号:   类 GuiGraphics
  位置: 程序包 net.minecraft.client.gui
D:\Minecraft-Mods\AnvilCraft\src\main\java\dev\dubhe\anvilcraft\integration\jei\category\anvil\NeutronIrradiationCategory.java:98: 错误: 找不到符号
        GuiGraphics guiGraphics,
        ^
  符号:   类 GuiGraphics
  位置: 类 NeutronIrradiationCategory
D:\Minecraft-Mods\AnvilCraft\src\main\java\dev\dubhe\anvilcraft\integration\jei\category\anvil\SqueezingCategory.java:27: 错误: 找不到符号
import net.minecraft.client.gui.GuiGraphics;
                               ^
  符号:   类 GuiGraphics
  位置: 程序包 net.minecraft.client.gui
D:\Minecraft-Mods\AnvilCraft\src\main\java\dev\dubhe\anvilcraft\integration\jei\category\anvil\SqueezingCategory.java:139: 错误: 找不到符号
        GuiGraphics guiGraphics,
        ^
  符号:   类 GuiGraphics
  位置: 类 SqueezingCategory
D:\Minecraft-Mods\AnvilCraft\src\main\java\dev\dubhe\anvilcraft\integration\jei\category\anvil\StampingCategory.java:17: 错误: 找不到符号
import net.minecraft.client.gui.GuiGraphics;
                               ^
  符号:   类 GuiGraphics
  位置: 程序包 net.minecraft.client.gui
D:\Minecraft-Mods\AnvilCraft\src\main\java\dev\dubhe\anvilcraft\integration\jei\category\anvil\StampingCategory.java:41: 错误: 找不到符号
        GuiGraphics guiGraphics,
        ^
  符号:   类 GuiGraphics
  位置: 类 StampingCategory
D:\Minecraft-Mods\AnvilCraft\src\main\java\dev\dubhe\anvilcraft\integration\jei\category\anvil\SuperHeatingCategory.java:25: 错误: 找不到符号
import net.minecraft.client.gui.GuiGraphics;
                               ^
  符号:   类 GuiGraphics
  位置: 程序包 net.minecraft.client.gui
D:\Minecraft-Mods\AnvilCraft\src\main\java\dev\dubhe\anvilcraft\integration\jei\category\anvil\SuperHeatingCategory.java:54: 错误: 找不到符号
        GuiGraphics guiGraphics,
        ^
  符号:   类 GuiGraphics
  位置: 类 SuperHeatingCategory
D:\Minecraft-Mods\AnvilCraft\src\main\java\dev\dubhe\anvilcraft\integration\jei\category\anvil\TimeWarpCategory.java:27: 错误: 找不到符号
import net.minecraft.client.gui.GuiGraphics;
                               ^
  符号:   类 GuiGraphics
  位置: 程序包 net.minecraft.client.gui
D:\Minecraft-Mods\AnvilCraft\src\main\java\dev\dubhe\anvilcraft\integration\jei\category\anvil\TimeWarpCategory.java:103: 错误: 找不到符号
        GuiGraphics guiGraphics,
        ^
  符号:   类 GuiGraphics
  位置: 类 TimeWarpCategory
D:\Minecraft-Mods\AnvilCraft\src\main\java\dev\dubhe\anvilcraft\integration\jei\category\anvil\UnpackCategory.java:16: 错误: 找不到符号
import net.minecraft.client.gui.GuiGraphics;
                               ^
  符号:   类 GuiGraphics
  位置: 程序包 net.minecraft.client.gui
D:\Minecraft-Mods\AnvilCraft\src\main\java\dev\dubhe\anvilcraft\integration\jei\category\anvil\UnpackCategory.java:44: 错误: 找不到符号
        GuiGraphics guiGraphics,
        ^
  符号:   类 GuiGraphics
  位置: 类 UnpackCategory
D:\Minecraft-Mods\AnvilCraft\src\main\java\dev\dubhe\anvilcraft\integration\jei\category\AnvilCollisionCraftCategory.java:33: 错误: 找不到符号
import net.minecraft.client.gui.GuiGraphics;
                               ^
  符号:   类 GuiGraphics
  位置: 程序包 net.minecraft.client.gui
D:\Minecraft-Mods\AnvilCraft\src\main\java\dev\dubhe\anvilcraft\integration\jei\category\AnvilCollisionCraftCategory.java:160: 错误: 找不到符号
        GuiGraphics guiGraphics,
        ^
  符号:   类 GuiGraphics
  位置: 类 AnvilCollisionCraftCategory
D:\Minecraft-Mods\AnvilCraft\src\main\java\dev\dubhe\anvilcraft\integration\jei\category\BeaconConversionCategory.java:25: 错误: 找不到符号
import net.minecraft.client.gui.GuiGraphics;
                               ^
  符号:   类 GuiGraphics
  位置: 程序包 net.minecraft.client.gui
D:\Minecraft-Mods\AnvilCraft\src\main\java\dev\dubhe\anvilcraft\integration\jei\category\BeaconConversionCategory.java:120: 错误: 找不到符号
        GuiGraphics guiGraphics,
        ^
  符号:   类 GuiGraphics
  位置: 类 BeaconConversionCategory
D:\Minecraft-Mods\AnvilCraft\src\main\java\dev\dubhe\anvilcraft\integration\jei\category\ChargerChargingCategory.java:25: 错误: 找不到符号
import net.minecraft.client.gui.GuiGraphics;
                               ^
  符号:   类 GuiGraphics
  位置: 程序包 net.minecraft.client.gui
D:\Minecraft-Mods\AnvilCraft\src\main\java\dev\dubhe\anvilcraft\integration\jei\category\ChargerChargingCategory.java:96: 错误: 找不到符号
        GuiGraphics guiGraphics,
        ^
  符号:   类 GuiGraphics
  位置: 类 ChargerChargingCategory
D:\Minecraft-Mods\AnvilCraft\src\main\java\dev\dubhe\anvilcraft\integration\jei\category\JewelCraftingCategory.java:21: 错误: 找不到符号
import net.minecraft.client.gui.GuiGraphics;
                               ^
  符号:   类 GuiGraphics
  位置: 程序包 net.minecraft.client.gui
D:\Minecraft-Mods\AnvilCraft\src\main\java\dev\dubhe\anvilcraft\integration\jei\category\JewelCraftingCategory.java:86: 错误: 找不到符号
        GuiGraphics guiGraphics,
        ^
  符号:   类 GuiGraphics
  位置: 类 JewelCraftingCategory
D:\Minecraft-Mods\AnvilCraft\src\main\java\dev\dubhe\anvilcraft\integration\jei\category\MobTransformCategory.java:24: 错误: 找不到符号
import net.minecraft.client.gui.GuiGraphics;
                               ^
  符号:   类 GuiGraphics
  位置: 程序包 net.minecraft.client.gui
D:\Minecraft-Mods\AnvilCraft\src\main\java\dev\dubhe\anvilcraft\integration\jei\category\MobTransformCategory.java:135: 错误: 找不到符号
        GuiGraphics guiGraphics,
        ^
  符号:   类 GuiGraphics
  位置: 类 MobTransformCategory
D:\Minecraft-Mods\AnvilCraft\src\main\java\dev\dubhe\anvilcraft\integration\jei\category\MobTransformWithItemCategory.java:25: 错误: 找不到符号
import net.minecraft.client.gui.GuiGraphics;
                               ^
  符号:   类 GuiGraphics
  位置: 程序包 net.minecraft.client.gui
D:\Minecraft-Mods\AnvilCraft\src\main\java\dev\dubhe\anvilcraft\integration\jei\category\MobTransformWithItemCategory.java:26: 错误: 找不到符号
import net.minecraft.core.component.DataComponentPredicate;
                                   ^
  符号:   类 DataComponentPredicate
  位置: 程序包 net.minecraft.core.component
D:\Minecraft-Mods\AnvilCraft\src\main\java\dev\dubhe\anvilcraft\integration\jei\category\MobTransformWithItemCategory.java:143: 错误: 找不到符号
        GuiGraphics guiGraphics,
        ^
  符号:   类 GuiGraphics
  位置: 类 MobTransformWithItemCategory
D:\Minecraft-Mods\AnvilCraft\src\main\java\dev\dubhe\anvilcraft\integration\jei\category\multiblock\MultiBlockConversionCategory.java:33: 错误: 找不到符号
import net.minecraft.client.gui.GuiGraphics;
                               ^
  符号:   类 GuiGraphics
  位置: 程序包 net.minecraft.client.gui
D:\Minecraft-Mods\AnvilCraft\src\main\java\dev\dubhe\anvilcraft\integration\jei\category\multiblock\MultiBlockConversionCategory.java:201: 错误: 找不到符号
        GuiGraphics guiGraphics,
        ^
  符号:   类 GuiGraphics
  位置: 类 MultiBlockConversionCategory
D:\Minecraft-Mods\AnvilCraft\src\main\java\dev\dubhe\anvilcraft\integration\jei\category\multiblock\MultiBlockCraftingCategory.java:31: 错误: 找不到符号
import net.minecraft.client.gui.GuiGraphics;
                               ^
  符号:   类 GuiGraphics
  位置: 程序包 net.minecraft.client.gui
D:\Minecraft-Mods\AnvilCraft\src\main\java\dev\dubhe\anvilcraft\integration\jei\category\multiblock\MultiBlockCraftingCategory.java:143: 错误: 找不到符号
        GuiGraphics guiGraphics,
        ^
  符号:   类 GuiGraphics
  位置: 类 MultiBlockCraftingCategory
D:\Minecraft-Mods\AnvilCraft\src\main\java\dev\dubhe\anvilcraft\integration\jei\category\MultipleToOneSmithingCategory.java:21: 错误: 找不到符号
import net.minecraft.client.gui.GuiGraphics;
                               ^
  符号:   类 GuiGraphics
  位置: 程序包 net.minecraft.client.gui
D:\Minecraft-Mods\AnvilCraft\src\main\java\dev\dubhe\anvilcraft\integration\jei\category\MultipleToOneSmithingCategory.java:101: 错误: 找不到符号
        GuiGraphics guiGraphics,
        ^
  符号:   类 GuiGraphics
  位置: 类 MultipleToOneSmithingCategory
D:\Minecraft-Mods\AnvilCraft\src\main\java\dev\dubhe\anvilcraft\integration\jei\category\PortalConversionCategory.java:4: 错误: 找不到符号
import dev.anvilcraft.lib.v2.util.predicate.WeightedChanceBlockStates;
                                           ^
  符号:   类 WeightedChanceBlockStates
  位置: 程序包 dev.anvilcraft.lib.v2.util.predicate
D:\Minecraft-Mods\AnvilCraft\src\main\java\dev\dubhe\anvilcraft\integration\jei\category\PortalConversionCategory.java:25: 错误: 找不到符号
import net.minecraft.client.gui.GuiGraphics;
                               ^
  符号:   类 GuiGraphics
  位置: 程序包 net.minecraft.client.gui
D:\Minecraft-Mods\AnvilCraft\src\main\java\dev\dubhe\anvilcraft\integration\jei\category\PortalConversionCategory.java:94: 错误: 找不到符号
        GuiGraphics guiGraphics,
        ^
  符号:   类 GuiGraphics
  位置: 类 PortalConversionCategory
D:\Minecraft-Mods\AnvilCraft\src\main\java\dev\dubhe\anvilcraft\integration\jei\category\TranscendiumRecipeCategory.java:22: 错误: 找不到符号
import net.minecraft.client.gui.GuiGraphics;
                               ^
  符号:   类 GuiGraphics
  位置: 程序包 net.minecraft.client.gui
D:\Minecraft-Mods\AnvilCraft\src\main\java\dev\dubhe\anvilcraft\integration\jei\category\TranscendiumRecipeCategory.java:135: 错误: 找不到符号
    public void draw(TranscendiumRecipe recipe, IRecipeSlotsView recipeSlotsView, GuiGraphics guiGraphics, double mouseX, double mouseY) {
                                                                                  ^
  符号:   类 GuiGraphics
  位置: 类 TranscendiumRecipeCategory
D:\Minecraft-Mods\AnvilCraft\src\main\java\dev\dubhe\anvilcraft\integration\jei\category\VoidDecayCategory.java:30: 错误: 找不到符号
import net.minecraft.client.gui.GuiGraphics;
                               ^
  符号:   类 GuiGraphics
  位置: 程序包 net.minecraft.client.gui
D:\Minecraft-Mods\AnvilCraft\src\main\java\dev\dubhe\anvilcraft\integration\jei\category\VoidDecayCategory.java:139: 错误: 找不到符号
        GuiGraphics guiGraphics,
        ^
  符号:   类 GuiGraphics
  位置: 类 VoidDecayCategory
D:\Minecraft-Mods\AnvilCraft\src\main\java\dev\dubhe\anvilcraft\integration\jei\drawable\DrawableBlockStateIcon.java:5: 错误: 找不到符号
import net.minecraft.client.gui.GuiGraphics;
                               ^
  符号:   类 GuiGraphics
  位置: 程序包 net.minecraft.client.gui
D:\Minecraft-Mods\AnvilCraft\src\main\java\dev\dubhe\anvilcraft\integration\jei\drawable\DrawableBlockStateIcon.java:28: 错误: 找不到符号
    public void draw(GuiGraphics guiGraphics, int offsetX, int offsetY) {
                     ^
  符号:   类 GuiGraphics
  位置: 类 DrawableBlockStateIcon
D:\Minecraft-Mods\AnvilCraft\src\main\java\dev\dubhe\anvilcraft\integration\jei\util\JeiRenderHelper.java:8: 错误: 找不到符号
import net.minecraft.client.gui.GuiGraphics;
                               ^
  符号:   类 GuiGraphics
  位置: 程序包 net.minecraft.client.gui
D:\Minecraft-Mods\AnvilCraft\src\main\java\dev\dubhe\anvilcraft\integration\jei\util\JeiRenderHelper.java:79: 错误: 找不到符号
        GuiGraphics graphics,
        ^
  符号:   类 GuiGraphics
  位置: 类 JeiRenderHelper
D:\Minecraft-Mods\AnvilCraft\src\main\java\dev\dubhe\anvilcraft\integration\jei\util\JeiSlotUtil.java:9: 错误: 找不到符号
import net.minecraft.client.gui.GuiGraphics;
                               ^
  符号:   类 GuiGraphics
  位置: 程序包 net.minecraft.client.gui
D:\Minecraft-Mods\AnvilCraft\src\main\java\dev\dubhe\anvilcraft\integration\jei\util\JeiSlotUtil.java:17: 错误: 找不到符号
    public static void drawInputSlots(GuiGraphics guiGraphics, IDrawable slot, int inputSize) {
                                      ^
  符号:   类 GuiGraphics
  位置: 类 JeiSlotUtil
D:\Minecraft-Mods\AnvilCraft\src\main\java\dev\dubhe\anvilcraft\integration\jei\util\JeiSlotUtil.java:48: 错误: 找不到符号
    public static void drawOutputSlots(GuiGraphics guiGraphics, IDrawable slot, int outputSize) {
                                       ^
  符号:   类 GuiGraphics
  位置: 类 JeiSlotUtil
D:\Minecraft-Mods\AnvilCraft\src\main\java\dev\dubhe\anvilcraft\item\FishTankBlockItem.java:11: 错误: 找不到符号
import net.minecraft.world.item.Equipable;
                               ^
  符号:   类 Equipable
  位置: 程序包 net.minecraft.world.item
D:\Minecraft-Mods\AnvilCraft\src\main\java\dev\dubhe\anvilcraft\item\FishTankBlockItem.java:16: 错误: 找不到符号
public class FishTankBlockItem extends BlockItem implements Equipable {
                                                            ^
  符号: 类 Equipable
D:\Minecraft-Mods\AnvilCraft\src\main\java\dev\dubhe\anvilcraft\item\ModTiers.java:10: 错误: 找不到符号
import net.minecraft.world.item.Tier;
                               ^
  符号:   类 Tier
  位置: 程序包 net.minecraft.world.item
D:\Minecraft-Mods\AnvilCraft\src\main\java\dev\dubhe\anvilcraft\item\ModTiers.java:16: 错误: 找不到符号
public enum ModTiers implements Tier {
                                ^
  符号: 类 Tier
D:\Minecraft-Mods\AnvilCraft\src\main\java\dev\dubhe\anvilcraft\item\property\FlightTimePropertyFunction.java:5: 错误: 找不到符号
import net.minecraft.client.renderer.item.ItemPropertyFunction;
                                         ^
  符号:   类 ItemPropertyFunction
  位置: 程序包 net.minecraft.client.renderer.item
D:\Minecraft-Mods\AnvilCraft\src\main\java\dev\dubhe\anvilcraft\item\property\FlightTimePropertyFunction.java:11: 错误: 找不到符号
public class FlightTimePropertyFunction implements ItemPropertyFunction {
                                                   ^
  符号: 类 ItemPropertyFunction
D:\Minecraft-Mods\AnvilCraft\src\main\java\dev\dubhe\anvilcraft\loot\conditions\MatchDataComponent.java:6: 错误: 找不到符号
import net.minecraft.core.component.DataComponentPredicate;
                                   ^
  符号:   类 DataComponentPredicate
  位置: 程序包 net.minecraft.core.component
D:\Minecraft-Mods\AnvilCraft\src\main\java\dev\dubhe\anvilcraft\loot\conditions\MatchDataComponent.java:11: 错误: 找不到符号
import net.minecraft.world.level.storage.loot.predicates.LootItemConditionType;
                                                        ^
  符号:   类 LootItemConditionType
  位置: 程序包 net.minecraft.world.level.storage.loot.predicates
D:\Minecraft-Mods\AnvilCraft\src\main\java\dev\dubhe\anvilcraft\loot\conditions\MatchDataComponent.java:15: 错误: 找不到符号
public record MatchDataComponent(Optional<DataComponentPredicate> predicate) implements LootItemCondition {
                                          ^
  符号:   类 DataComponentPredicate
  位置: 类 MatchDataComponent
D:\Minecraft-Mods\AnvilCraft\src\main\java\dev\dubhe\anvilcraft\loot\conditions\MatchDataComponent.java:21: 错误: 找不到符号
    public LootItemConditionType getType() {
           ^
  符号:   类 LootItemConditionType
  位置: 类 MatchDataComponent
D:\Minecraft-Mods\AnvilCraft\src\main\java\dev\dubhe\anvilcraft\loot\conditions\MatchDataComponent.java:41: 错误: 程序包DataComponentPredicate不存在
    public static LootItemCondition.Builder component(DataComponentPredicate.Builder componentBuilder) {
                                                                            ^
D:\Minecraft-Mods\AnvilCraft\src\main\java\dev\dubhe\anvilcraft\mixin\accessor\VillagerAccessor.java:3: 错误: 找不到符号
import net.minecraft.world.entity.npc.Villager;
                                     ^
  符号:   类 Villager
  位置: 程序包 net.minecraft.world.entity.npc
D:\Minecraft-Mods\AnvilCraft\src\main\java\dev\dubhe\anvilcraft\mixin\AvoidEntityGoalMixin.java:13: 错误: 找不到符号
import net.minecraft.world.entity.animal.Cat;
                                        ^
  符号:   类 Cat
  位置: 程序包 net.minecraft.world.entity.animal
D:\Minecraft-Mods\AnvilCraft\src\main\java\dev\dubhe\anvilcraft\mixin\AvoidEntityGoalMixin.java:14: 错误: 找不到符号
import net.minecraft.world.entity.animal.Wolf;
                                        ^
  符号:   类 Wolf
  位置: 程序包 net.minecraft.world.entity.animal
D:\Minecraft-Mods\AnvilCraft\src\main\java\dev\dubhe\anvilcraft\mixin\BeaconMenuMixin.java:14: 错误: 找不到符号
import net.minecraft.world.level.GameRules;
                                ^
  符号:   类 GameRules
  位置: 程序包 net.minecraft.world.level
D:\Minecraft-Mods\AnvilCraft\src\main\java\dev\dubhe\anvilcraft\mixin\BlockMixin.java:28: 错误: 找不到符号
    private static ThreadLocal<Object2ByteLinkedOpenHashMap<Block.BlockStatePairKey>> OCCLUSION_CACHE;
                                                                 ^
  符号:   类 BlockStatePairKey
  位置: 类 Block
D:\Minecraft-Mods\AnvilCraft\src\main\java\dev\dubhe\anvilcraft\mixin\CandleCakeBlockMixin.java:7: 错误: 找不到符号
import net.minecraft.world.ItemInteractionResult;
                          ^
  符号:   类 ItemInteractionResult
  位置: 程序包 net.minecraft.world
D:\Minecraft-Mods\AnvilCraft\src\main\java\dev\dubhe\anvilcraft\mixin\CandleCakeBlockMixin.java:34: 错误: 找不到符号
        CallbackInfoReturnable<ItemInteractionResult> cir
                               ^
  符号:   类 ItemInteractionResult
  位置: 类 CandleCakeBlockMixin
D:\Minecraft-Mods\AnvilCraft\src\main\java\dev\dubhe\anvilcraft\mixin\compat\EmbChunkBuilderMeshingTaskMixin.java:8: 错误: 程序包org.embeddedt.embeddium.api.render.chunk不存在
import org.embeddedt.embeddium.api.render.chunk.BlockRenderContext;
                                               ^
D:\Minecraft-Mods\AnvilCraft\src\main\java\dev\dubhe\anvilcraft\mixin\compat\EmbChunkBuilderMeshingTaskMixin.java:9: 错误: 程序包org.embeddedt.embeddium.impl.render.chunk.compile不存在
import org.embeddedt.embeddium.impl.render.chunk.compile.ChunkBuildBuffers;
                                                        ^
D:\Minecraft-Mods\AnvilCraft\src\main\java\dev\dubhe\anvilcraft\mixin\compat\EmbChunkBuilderMeshingTaskMixin.java:10: 错误: 程序包org.embeddedt.embeddium.impl.render.chunk.compile.pipeline不存在
import org.embeddedt.embeddium.impl.render.chunk.compile.pipeline.BlockRenderer;
                                                                 ^
D:\Minecraft-Mods\AnvilCraft\src\main\java\dev\dubhe\anvilcraft\mixin\compat\EmbChunkBuilderMeshingTaskMixin.java:11: 错误: 程序包org.embeddedt.embeddium.impl.render.chunk.compile.tasks不存在
import org.embeddedt.embeddium.impl.render.chunk.compile.tasks.ChunkBuilderMeshingTask;
                                                              ^
D:\Minecraft-Mods\AnvilCraft\src\main\java\dev\dubhe\anvilcraft\mixin\compat\EmbChunkBuilderMeshingTaskMixin.java:31: 错误: 找不到符号
        BlockRenderer instance,
        ^
  符号:   类 BlockRenderer
  位置: 类 EmbChunkBuilderMeshingTaskMixin
D:\Minecraft-Mods\AnvilCraft\src\main\java\dev\dubhe\anvilcraft\mixin\compat\EmbChunkBuilderMeshingTaskMixin.java:32: 错误: 找不到符号
        BlockRenderContext context,
        ^
  符号:   类 BlockRenderContext
  位置: 类 EmbChunkBuilderMeshingTaskMixin
D:\Minecraft-Mods\AnvilCraft\src\main\java\dev\dubhe\anvilcraft\mixin\compat\EmbChunkBuilderMeshingTaskMixin.java:33: 错误: 找不到符号
        ChunkBuildBuffers consumer,
        ^
  符号:   类 ChunkBuildBuffers
  位置: 类 EmbChunkBuilderMeshingTaskMixin
D:\Minecraft-Mods\AnvilCraft\src\main\java\dev\dubhe\anvilcraft\mixin\compat\SodiumChunkBuilderMeshingTaskMixin.java:6: 错误: 程序包net.caffeinemc.mods.sodium.client.render.chunk.compile.pipeline不存在
import net.caffeinemc.mods.sodium.client.render.chunk.compile.pipeline.BlockRenderer;
                                                                      ^
D:\Minecraft-Mods\AnvilCraft\src\main\java\dev\dubhe\anvilcraft\mixin\compat\SodiumChunkBuilderMeshingTaskMixin.java:7: 错误: 程序包net.caffeinemc.mods.sodium.client.render.chunk.compile.tasks不存在
import net.caffeinemc.mods.sodium.client.render.chunk.compile.tasks.ChunkBuilderMeshingTask;
                                                                   ^
D:\Minecraft-Mods\AnvilCraft\src\main\java\dev\dubhe\anvilcraft\mixin\compat\SodiumChunkBuilderMeshingTaskMixin.java:9: 错误: 找不到符号
import net.minecraft.client.resources.model.BakedModel;
                                           ^
  符号:   类 BakedModel
  位置: 程序包 net.minecraft.client.resources.model
D:\Minecraft-Mods\AnvilCraft\src\main\java\dev\dubhe\anvilcraft\mixin\compat\SodiumChunkBuilderMeshingTaskMixin.java:32: 错误: 找不到符号
        BlockRenderer instance,
        ^
  符号:   类 BlockRenderer
  位置: 类 SodiumChunkBuilderMeshingTaskMixin
D:\Minecraft-Mods\AnvilCraft\src\main\java\dev\dubhe\anvilcraft\mixin\compat\SodiumChunkBuilderMeshingTaskMixin.java:33: 错误: 找不到符号
        BakedModel model,
        ^
  符号:   类 BakedModel
  位置: 类 SodiumChunkBuilderMeshingTaskMixin
D:\Minecraft-Mods\AnvilCraft\src\main\java\dev\dubhe\anvilcraft\mixin\DispenseItemEmptyBucketBehaviorMixin.java:11: 错误: 找不到符号
import net.minecraft.world.entity.animal.Cow;
                                        ^
  符号:   类 Cow
  位置: 程序包 net.minecraft.world.entity.animal
D:\Minecraft-Mods\AnvilCraft\src\main\java\dev\dubhe\anvilcraft\mixin\EnchantmentPredicateMixin.java:5: 错误: 程序包net.minecraft.advancements.critereon不存在
import net.minecraft.advancements.critereon.EnchantmentPredicate;
                                           ^
D:\Minecraft-Mods\AnvilCraft\src\main\java\dev\dubhe\anvilcraft\mixin\EntityMixin.java:28: 错误: 找不到符号
import net.minecraft.world.level.portal.DimensionTransition;
                                       ^
  符号:   类 DimensionTransition
  位置: 程序包 net.minecraft.world.level.portal
D:\Minecraft-Mods\AnvilCraft\src\main\java\dev\dubhe\anvilcraft\mixin\EntityMixin.java:262: 错误: 找不到符号
    private Entity handlePortal(Entity instance, DimensionTransition transition, Operation<Entity> original) {
                                                 ^
  符号:   类 DimensionTransition
  位置: 类 EntityMixin
D:\Minecraft-Mods\AnvilCraft\src\main\java\dev\dubhe\anvilcraft\mixin\FallingBlockEntityMixin.java:22: 错误: 找不到符号
import net.minecraft.world.level.GameRules;
                                ^
  符号:   类 GameRules
  位置: 程序包 net.minecraft.world.level
D:\Minecraft-Mods\AnvilCraft\src\main\java\dev\dubhe\anvilcraft\mixin\GuiGraphicsMixin.java:5: 错误: 找不到符号
import net.minecraft.client.gui.GuiGraphics;
                               ^
  符号:   类 GuiGraphics
  位置: 程序包 net.minecraft.client.gui
D:\Minecraft-Mods\AnvilCraft\src\main\java\dev\dubhe\anvilcraft\mixin\HopperBlockMixin.java:10: 错误: 找不到符号
import net.minecraft.world.level.block.state.properties.DirectionProperty;
                                                       ^
  符号:   类 DirectionProperty
  位置: 程序包 net.minecraft.world.level.block.state.properties
D:\Minecraft-Mods\AnvilCraft\src\main\java\dev\dubhe\anvilcraft\mixin\HopperBlockMixin.java:21: 错误: 找不到符号
    public static DirectionProperty FACING;
                  ^
  符号:   类 DirectionProperty
  位置: 类 HopperBlockMixin
D:\Minecraft-Mods\AnvilCraft\src\main\java\dev\dubhe\anvilcraft\mixin\ItemInHandRendererMixin.java:13: 错误: 找不到符号
import net.minecraft.client.renderer.entity.ItemRenderer;
                                           ^
  符号:   类 ItemRenderer
  位置: 程序包 net.minecraft.client.renderer.entity
D:\Minecraft-Mods\AnvilCraft\src\main\java\dev\dubhe\anvilcraft\mixin\ItemInHandRendererMixin.java:48: 错误: 找不到符号
    private void init(Minecraft minecraft, EntityRenderDispatcher entityRenderDispatcher, ItemRenderer itemRenderer, CallbackInfo ci) {
                                                                                          ^
  符号:   类 ItemRenderer
  位置: 类 ItemInHandRendererMixin
D:\Minecraft-Mods\AnvilCraft\src\main\java\dev\dubhe\anvilcraft\mixin\ItemMixin.java:6: 错误: 找不到符号
import net.minecraft.world.InteractionResultHolder;
                          ^
  符号:   类 InteractionResultHolder
  位置: 程序包 net.minecraft.world
D:\Minecraft-Mods\AnvilCraft\src\main\java\dev\dubhe\anvilcraft\mixin\ItemMixin.java:24: 错误: 找不到符号
    private void use(Level level, Player player, InteractionHand usedHand, CallbackInfoReturnable<InteractionResultHolder<ItemStack>> cir) {
                                                                                                  ^
  符号:   类 InteractionResultHolder
  位置: 类 ItemMixin
D:\Minecraft-Mods\AnvilCraft\src\main\java\dev\dubhe\anvilcraft\mixin\ItemOverridesMixin.java:6: 错误: 找不到符号
import net.minecraft.client.renderer.block.model.ItemOverrides;
                                                ^
  符号:   类 ItemOverrides
  位置: 程序包 net.minecraft.client.renderer.block.model
D:\Minecraft-Mods\AnvilCraft\src\main\java\dev\dubhe\anvilcraft\mixin\ItemOverridesMixin.java:8: 错误: 找不到符号
import net.minecraft.client.resources.model.BakedModel;
                                           ^
  符号:   类 BakedModel
  位置: 程序包 net.minecraft.client.resources.model
D:\Minecraft-Mods\AnvilCraft\src\main\java\dev\dubhe\anvilcraft\mixin\ItemOverridesMixin.java:9: 错误: 找不到符号
import net.minecraft.client.resources.model.Material;
                                           ^
  符号:   类 Material
  位置: 程序包 net.minecraft.client.resources.model
D:\Minecraft-Mods\AnvilCraft\src\main\java\dev\dubhe\anvilcraft\mixin\ItemOverridesMixin.java:11: 错误: 找不到符号
import net.minecraft.client.resources.model.ModelState;
                                           ^
  符号:   类 ModelState
  位置: 程序包 net.minecraft.client.resources.model
D:\Minecraft-Mods\AnvilCraft\src\main\java\dev\dubhe\anvilcraft\mixin\ItemOverridesMixin.java:34: 错误: 找不到符号
        ModelState transform,
        ^
  符号:   类 ModelState
  位置: 类 ItemOverridesMixin
D:\Minecraft-Mods\AnvilCraft\src\main\java\dev\dubhe\anvilcraft\mixin\ItemOverridesMixin.java:35: 错误: 找不到符号
        Function<Material, TextureAtlasSprite> sprites,
                 ^
  符号:   类 Material
  位置: 类 ItemOverridesMixin
D:\Minecraft-Mods\AnvilCraft\src\main\java\dev\dubhe\anvilcraft\mixin\ItemOverridesMixin.java:36: 错误: 找不到符号
        Operation<BakedModel> original
                  ^
  符号:   类 BakedModel
  位置: 类 ItemOverridesMixin
D:\Minecraft-Mods\AnvilCraft\src\main\java\dev\dubhe\anvilcraft\mixin\ItemOverridesMixin.java:31: 错误: 找不到符号
    private BakedModel wrapSpecific(
            ^
  符号:   类 BakedModel
  位置: 类 ItemOverridesMixin
D:\Minecraft-Mods\AnvilCraft\src\main\java\dev\dubhe\anvilcraft\mixin\LevelRendererMixin.java:5: 错误: 找不到符号
import com.mojang.blaze3d.platform.GlStateManager;
                                  ^
  符号:   类 GlStateManager
  位置: 程序包 com.mojang.blaze3d.platform
D:\Minecraft-Mods\AnvilCraft\src\main\java\dev\dubhe\anvilcraft\mixin\LevelRendererMixin.java:6: 错误: 找不到符号
import com.mojang.blaze3d.shaders.ProgramManager;
                                 ^
  符号:   类 ProgramManager
  位置: 程序包 com.mojang.blaze3d.shaders
D:\Minecraft-Mods\AnvilCraft\src\main\java\dev\dubhe\anvilcraft\mixin\LevelRendererMixin.java:9: 错误: 找不到符号
import com.mojang.blaze3d.vertex.BufferUploader;
                                ^
  符号:   类 BufferUploader
  位置: 程序包 com.mojang.blaze3d.vertex
D:\Minecraft-Mods\AnvilCraft\src\main\java\dev\dubhe\anvilcraft\mixin\LevelRendererMixin.java:23: 错误: 找不到符号
import net.minecraft.client.renderer.FogRenderer;
                                    ^
  符号:   类 FogRenderer
  位置: 程序包 net.minecraft.client.renderer
D:\Minecraft-Mods\AnvilCraft\src\main\java\dev\dubhe\anvilcraft\mixin\LevelRendererMixin.java:26: 错误: 找不到符号
import net.minecraft.client.renderer.LightTexture;
                                    ^
  符号:   类 LightTexture
  位置: 程序包 net.minecraft.client.renderer
D:\Minecraft-Mods\AnvilCraft\src\main\java\dev\dubhe\anvilcraft\mixin\LevelRendererMixin.java:28: 错误: 找不到符号
import net.minecraft.client.renderer.ShaderInstance;
                                    ^
  符号:   类 ShaderInstance
  位置: 程序包 net.minecraft.client.renderer
D:\Minecraft-Mods\AnvilCraft\src\main\java\dev\dubhe\anvilcraft\mixin\LevelRendererMixin.java:58: 错误: 找不到符号
        LightTexture lightTexture,
        ^
  符号:   类 LightTexture
  位置: 类 LevelRendererMixin
D:\Minecraft-Mods\AnvilCraft\src\main\java\dev\dubhe\anvilcraft\mixin\LevelRendererMixin.java:82: 错误: 找不到符号
        LightTexture lightTexture,
        ^
  符号:   类 LightTexture
  位置: 类 LevelRendererMixin
D:\Minecraft-Mods\AnvilCraft\src\main\java\dev\dubhe\anvilcraft\mixin\LevelRendererMixin.java:107: 错误: 找不到符号
        LightTexture lightTexture,
        ^
  符号:   类 LightTexture
  位置: 类 LevelRendererMixin
D:\Minecraft-Mods\AnvilCraft\src\main\java\dev\dubhe\anvilcraft\mixin\LivingEntityMixin.java:40: 错误: 找不到符号
import net.neoforged.neoforge.common.EffectCure;
                                    ^
  符号:   类 EffectCure
  位置: 程序包 net.neoforged.neoforge.common
D:\Minecraft-Mods\AnvilCraft\src\main\java\dev\dubhe\anvilcraft\mixin\LivingEntityMixin.java:230: 错误: 找不到符号
        Set<EffectCure> instance,
            ^
  符号:   类 EffectCure
  位置: 类 LivingEntityMixin
D:\Minecraft-Mods\AnvilCraft\src\main\java\dev\dubhe\anvilcraft\mixin\NearestAttackableTargetGoalMixin.java:12: 错误: 找不到符号
import net.minecraft.world.entity.monster.AbstractSkeleton;
                                         ^
  符号:   类 AbstractSkeleton
  位置: 程序包 net.minecraft.world.entity.monster
D:\Minecraft-Mods\AnvilCraft\src\main\java\dev\dubhe\anvilcraft\mixin\piglin\AbstractPiglinMixin.java:7: 错误: 找不到符号
import net.minecraft.world.entity.monster.ZombifiedPiglin;
                                         ^
  符号:   类 ZombifiedPiglin
  位置: 程序包 net.minecraft.world.entity.monster
D:\Minecraft-Mods\AnvilCraft\src\main\java\dev\dubhe\anvilcraft\mixin\piglin\AbstractPiglinMixin.java:29: 错误: 找不到符号
        EntityType<ZombifiedPiglin> type,
                   ^
  符号:   类 ZombifiedPiglin
  位置: 类 AbstractPiglinMixin
D:\Minecraft-Mods\AnvilCraft\src\main\java\dev\dubhe\anvilcraft\mixin\piglin\AbstractPiglinMixin.java:31: 错误: 找不到符号
        Operation<ZombifiedPiglin> original
                  ^
  符号:   类 ZombifiedPiglin
  位置: 类 AbstractPiglinMixin
D:\Minecraft-Mods\AnvilCraft\src\main\java\dev\dubhe\anvilcraft\mixin\PigMixin.java:10: 错误: 找不到符号
import net.minecraft.world.entity.animal.Pig;
                                        ^
  符号:   类 Pig
  位置: 程序包 net.minecraft.world.entity.animal
D:\Minecraft-Mods\AnvilCraft\src\main\java\dev\dubhe\anvilcraft\recipe\generate\JewelCraftingRecipeGeneratingCache.java:10: 错误: 找不到符号
import net.minecraft.world.item.BannerPatternItem;
                               ^
  符号:   类 BannerPatternItem
  位置: 程序包 net.minecraft.world.item
D:\Minecraft-Mods\AnvilCraft\src\main\java\dev\dubhe\anvilcraft\recipe\generate\JewelCraftingRecipeGeneratingCache.java:13: 错误: 程序包net.minecraft.world.item.armortrim不存在
import net.minecraft.world.item.armortrim.TrimPatterns;
                                         ^
D:\Minecraft-Mods\AnvilCraft\src\main\java\dev\dubhe\anvilcraft\mixin\SectionCompilerMixin.java:13: 错误: 找不到符号
import net.minecraft.client.renderer.RenderType;
                                    ^
  符号:   类 RenderType
  位置: 程序包 net.minecraft.client.renderer
D:\Minecraft-Mods\AnvilCraft\src\main\java\dev\dubhe\anvilcraft\mixin\SectionCompilerMixin.java:15: 错误: 找不到符号
import net.minecraft.client.renderer.block.BlockRenderDispatcher;
                                          ^
  符号:   类 BlockRenderDispatcher
  位置: 程序包 net.minecraft.client.renderer.block
D:\Minecraft-Mods\AnvilCraft\src\main\java\dev\dubhe\anvilcraft\mixin\SectionCompilerMixin.java:16: 错误: 找不到符号
import net.minecraft.client.renderer.chunk.RenderChunkRegion;
                                          ^
  符号:   类 RenderChunkRegion
  位置: 程序包 net.minecraft.client.renderer.chunk
D:\Minecraft-Mods\AnvilCraft\src\main\java\dev\dubhe\anvilcraft\mixin\SectionCompilerMixin.java:21: 错误: 找不到符号
import net.minecraft.world.level.BlockAndTintGetter;
                                ^
  符号:   类 BlockAndTintGetter
  位置: 程序包 net.minecraft.world.level
D:\Minecraft-Mods\AnvilCraft\src\main\java\dev\dubhe\anvilcraft\mixin\SectionCompilerMixin.java:25: 错误: 程序包net.neoforged.neoforge.client.model.data不存在
import net.neoforged.neoforge.client.model.data.ModelData;
                                               ^
D:\Minecraft-Mods\AnvilCraft\src\main\java\dev\dubhe\anvilcraft\mixin\SectionCompilerMixin.java:41: 错误: 找不到符号
        Map<RenderType, BufferBuilder> bufferLayers,
            ^
  符号:   类 RenderType
  位置: 类 SectionCompilerMixin
D:\Minecraft-Mods\AnvilCraft\src\main\java\dev\dubhe\anvilcraft\mixin\SectionCompilerMixin.java:43: 错误: 找不到符号
        RenderType renderType
        ^
  符号:   类 RenderType
  位置: 类 SectionCompilerMixin
D:\Minecraft-Mods\AnvilCraft\src\main\java\dev\dubhe\anvilcraft\mixin\SectionCompilerMixin.java:67: 错误: 找不到符号
        BlockRenderDispatcher instance,
        ^
  符号:   类 BlockRenderDispatcher
  位置: 类 SectionCompilerMixin
D:\Minecraft-Mods\AnvilCraft\src\main\java\dev\dubhe\anvilcraft\mixin\SectionCompilerMixin.java:70: 错误: 找不到符号
        BlockAndTintGetter blockAndTintGetter,
        ^
  符号:   类 BlockAndTintGetter
  位置: 类 SectionCompilerMixin
D:\Minecraft-Mods\AnvilCraft\src\main\java\dev\dubhe\anvilcraft\mixin\SectionCompilerMixin.java:75: 错误: 找不到符号
        ModelData modelData,
        ^
  符号:   类 ModelData
  位置: 类 SectionCompilerMixin
D:\Minecraft-Mods\AnvilCraft\src\main\java\dev\dubhe\anvilcraft\mixin\SectionCompilerMixin.java:76: 错误: 找不到符号
        RenderType renderType,
        ^
  符号:   类 RenderType
  位置: 类 SectionCompilerMixin
D:\Minecraft-Mods\AnvilCraft\src\main\java\dev\dubhe\anvilcraft\mixin\SectionCompilerMixin.java:129: 错误: 找不到符号
        RenderChunkRegion region,
        ^
  符号:   类 RenderChunkRegion
  位置: 类 SectionCompilerMixin
D:\Minecraft-Mods\AnvilCraft\src\main\java\dev\dubhe\anvilcraft\mixin\SectionCompilerMixin.java:136: 错误: 找不到符号
        @Local(index = 11) Map<RenderType, BufferBuilder> map
                               ^
  符号:   类 RenderType
  位置: 类 SectionCompilerMixin
D:\Minecraft-Mods\AnvilCraft\src\main\java\dev\dubhe\anvilcraft\mixin\SectionCompilerMixin.java:171: 错误: 找不到符号
        @Local(argsOnly = true) RenderType realRenderType
                                ^
  符号:   类 RenderType
  位置: 类 SectionCompilerMixin
D:\Minecraft-Mods\AnvilCraft\src\main\java\dev\dubhe\anvilcraft\mixin\TntBlockMixin.java:8: 错误: 找不到符号
import net.minecraft.world.ItemInteractionResult;
                          ^
  符号:   类 ItemInteractionResult
  位置: 程序包 net.minecraft.world
D:\Minecraft-Mods\AnvilCraft\src\main\java\dev\dubhe\anvilcraft\mixin\TntBlockMixin.java:43: 错误: 找不到符号
        CallbackInfoReturnable<ItemInteractionResult> cir
                               ^
  符号:   类 ItemInteractionResult
  位置: 类 TntBlockMixin
D:\Minecraft-Mods\AnvilCraft\src\main\java\dev\dubhe\anvilcraft\mixin\VillagerMixin.java:4: 错误: 找不到符号
import net.minecraft.world.entity.npc.AbstractVillager;
                                     ^
  符号:   类 AbstractVillager
  位置: 程序包 net.minecraft.world.entity.npc
D:\Minecraft-Mods\AnvilCraft\src\main\java\dev\dubhe\anvilcraft\mixin\VillagerMixin.java:5: 错误: 找不到符号
import net.minecraft.world.entity.npc.Villager;
                                     ^
  符号:   类 Villager
  位置: 程序包 net.minecraft.world.entity.npc
D:\Minecraft-Mods\AnvilCraft\src\main\java\dev\dubhe\anvilcraft\mixin\VillagerMixin.java:17: 错误: 找不到符号
public abstract class VillagerMixin extends AbstractVillager {
                                            ^
  符号: 类 AbstractVillager
D:\Minecraft-Mods\AnvilCraft\src\main\java\dev\dubhe\anvilcraft\mixin\VillagerMixin.java:18: 错误: 找不到符号
    public VillagerMixin(EntityType<? extends AbstractVillager> entityType, Level level) {
                                              ^
  符号:   类 AbstractVillager
  位置: 类 VillagerMixin
D:\Minecraft-Mods\AnvilCraft\src\main\java\dev\dubhe\anvilcraft\mixin\ZombieVillagerMixin.java:9: 错误: 找不到符号
import net.minecraft.world.entity.monster.Zombie;
                                         ^
  符号:   类 Zombie
  位置: 程序包 net.minecraft.world.entity.monster
D:\Minecraft-Mods\AnvilCraft\src\main\java\dev\dubhe\anvilcraft\mixin\ZombieVillagerMixin.java:10: 错误: 找不到符号
import net.minecraft.world.entity.monster.ZombieVillager;
                                         ^
  符号:   类 ZombieVillager
  位置: 程序包 net.minecraft.world.entity.monster
D:\Minecraft-Mods\AnvilCraft\src\main\java\dev\dubhe\anvilcraft\mixin\ZombieVillagerMixin.java:11: 错误: 找不到符号
import net.minecraft.world.entity.npc.Villager;
                                     ^
  符号:   类 Villager
  位置: 程序包 net.minecraft.world.entity.npc
D:\Minecraft-Mods\AnvilCraft\src\main\java\dev\dubhe\anvilcraft\mixin\ZombieVillagerMixin.java:20: 错误: 找不到符号
public abstract class ZombieVillagerMixin extends Zombie {
                                                  ^
  符号: 类 Zombie
D:\Minecraft-Mods\AnvilCraft\src\main\java\dev\dubhe\anvilcraft\mixin\ZombieVillagerMixin.java:25: 错误: 找不到符号
    public ZombieVillagerMixin(EntityType<? extends ZombieVillager> entityType, Level level) {
                                                    ^
  符号:   类 ZombieVillager
  位置: 类 ZombieVillagerMixin
D:\Minecraft-Mods\AnvilCraft\src\main\java\dev\dubhe\anvilcraft\mixin\ZombieVillagerMixin.java:36: 错误: 找不到符号
    private void discountForAllPlayers(Villager villager, ServerLevel serverLevel, Operation<Void> original) {
                                       ^
  符号:   类 Villager
  位置: 类 ZombieVillagerMixin
D:\Minecraft-Mods\AnvilCraft\src\main\java\dev\dubhe\anvilcraft\recipe\anvil\cache\JewelCraftingRecipeCache.java:6: 错误: 找不到符号
import net.minecraft.Util;
                    ^
  符号:   类 Util
  位置: 程序包 net.minecraft
D:\Minecraft-Mods\AnvilCraft\src\main\java\dev\dubhe\anvilcraft\saved\BetterSavedData.java:16: 错误: 找不到符号
import net.minecraft.world.level.storage.DimensionDataStorage;
                                        ^
  符号:   类 DimensionDataStorage
  位置: 程序包 net.minecraft.world.level.storage
D:\Minecraft-Mods\AnvilCraft\src\main\java\dev\dubhe\anvilcraft\util\AccelerateManager.java:16: 错误: 找不到符号
import net.minecraft.world.item.ArmorItem;
                               ^
  符号:   类 ArmorItem
  位置: 程序包 net.minecraft.world.item
D:\Minecraft-Mods\AnvilCraft\src\main\java\dev\dubhe\anvilcraft\util\BlockHighlightUtil.java:13: 错误: 找不到符号
import net.minecraft.client.renderer.RenderStateShard;
                                    ^
  符号:   类 RenderStateShard
  位置: 程序包 net.minecraft.client.renderer
D:\Minecraft-Mods\AnvilCraft\src\main\java\dev\dubhe\anvilcraft\util\BlockHighlightUtil.java:14: 错误: 找不到符号
import net.minecraft.client.renderer.RenderType;
                                    ^
  符号:   类 RenderType
  位置: 程序包 net.minecraft.client.renderer
D:\Minecraft-Mods\AnvilCraft\src\main\java\dev\dubhe\anvilcraft\util\BlockHighlightUtil.java:31: 错误: 找不到符号
    public static final RenderType NO_DEPTH = RenderType.create(
                        ^
  符号:   类 RenderType
  位置: 类 BlockHighlightUtil
D:\Minecraft-Mods\AnvilCraft\src\main\java\dev\dubhe\anvilcraft\util\ColorUtil.java:5: 错误: 找不到符号
import net.minecraft.util.FastColor;
                         ^
  符号:   类 FastColor
  位置: 程序包 net.minecraft.util
D:\Minecraft-Mods\AnvilCraft\src\main\java\dev\dubhe\anvilcraft\util\DangerUtil.java:7: 错误: 程序包net.neoforged.neoforge.client.model.generators不存在
import net.neoforged.neoforge.client.model.generators.ConfiguredModel;
                                                     ^
D:\Minecraft-Mods\AnvilCraft\src\main\java\dev\dubhe\anvilcraft\util\DangerUtil.java:8: 错误: 程序包net.neoforged.neoforge.client.model.generators不存在
import net.neoforged.neoforge.client.model.generators.ModelFile;
                                                     ^
D:\Minecraft-Mods\AnvilCraft\src\main\java\dev\dubhe\anvilcraft\util\DangerUtil.java:15: 错误: 找不到符号
    public static Supplier<ConfiguredModel[]> genConfiguredModel(String path) {
                           ^
  符号:   类 ConfiguredModel
  位置: 类 DangerUtil
D:\Minecraft-Mods\AnvilCraft\src\main\java\dev\dubhe\anvilcraft\util\DangerUtil.java:19: 错误: 找不到符号
    public static Supplier<ModelFile> genModModelFile(String path) {
                           ^
  符号:   类 ModelFile
  位置: 类 DangerUtil
D:\Minecraft-Mods\AnvilCraft\src\main\java\dev\dubhe\anvilcraft\util\DangerUtil.java:23: 错误: 程序包ModelFile不存在
    public static Supplier<ModelFile.UncheckedModelFile> genUncheckedModelFile(String path) {
                                    ^
D:\Minecraft-Mods\AnvilCraft\src\main\java\dev\dubhe\anvilcraft\util\DangerUtil.java:27: 错误: 程序包ModelFile不存在
    public static Supplier<ModelFile.UncheckedModelFile> genUncheckedModelFile(String namespace, String path) {
                                    ^
D:\Minecraft-Mods\AnvilCraft\src\main\java\dev\dubhe\anvilcraft\util\DataGenUtil.java:5: 错误: 找不到符号
import dev.anvilcraft.lib.v2.registrum.providers.RegistrumBlockstateProvider;
                                                ^
  符号:   类 RegistrumBlockstateProvider
  位置: 程序包 dev.anvilcraft.lib.v2.registrum.providers
D:\Minecraft-Mods\AnvilCraft\src\main\java\dev\dubhe\anvilcraft\util\DataGenUtil.java:17: 错误: 程序包net.minecraft.advancements.critereon不存在
import net.minecraft.advancements.critereon.EnchantmentPredicate;
                                           ^
D:\Minecraft-Mods\AnvilCraft\src\main\java\dev\dubhe\anvilcraft\util\DataGenUtil.java:18: 错误: 程序包net.minecraft.advancements.critereon不存在
import net.minecraft.advancements.critereon.ItemEnchantmentsPredicate;
                                           ^
D:\Minecraft-Mods\AnvilCraft\src\main\java\dev\dubhe\anvilcraft\util\DataGenUtil.java:19: 错误: 程序包net.minecraft.advancements.critereon不存在
import net.minecraft.advancements.critereon.ItemPredicate;
                                           ^
D:\Minecraft-Mods\AnvilCraft\src\main\java\dev\dubhe\anvilcraft\util\DataGenUtil.java:20: 错误: 程序包net.minecraft.advancements.critereon不存在
import net.minecraft.advancements.critereon.ItemSubPredicates;
                                           ^
D:\Minecraft-Mods\AnvilCraft\src\main\java\dev\dubhe\anvilcraft\util\DataGenUtil.java:21: 错误: 程序包net.minecraft.advancements.critereon不存在
import net.minecraft.advancements.critereon.MinMaxBounds;
                                           ^
D:\Minecraft-Mods\AnvilCraft\src\main\java\dev\dubhe\anvilcraft\util\DataGenUtil.java:50: 错误: 程序包net.neoforged.neoforge.client.model.generators不存在
import net.neoforged.neoforge.client.model.generators.ConfiguredModel;
                                                     ^
D:\Minecraft-Mods\AnvilCraft\src\main\java\dev\dubhe\anvilcraft\util\DataGenUtil.java:51: 错误: 程序包net.neoforged.neoforge.client.model.generators不存在
import net.neoforged.neoforge.client.model.generators.ModelFile;
                                                     ^
D:\Minecraft-Mods\AnvilCraft\src\main\java\dev\dubhe\anvilcraft\util\DataGenUtil.java:144: 错误: 找不到符号
    public static <E extends Block> void simple(DataGenContext<Block, E> context, RegistrumBlockstateProvider provider) {
                                                                                  ^
  符号:   类 RegistrumBlockstateProvider
  位置: 类 DataGenUtil
D:\Minecraft-Mods\AnvilCraft\src\main\java\dev\dubhe\anvilcraft\util\dummy\DummyCat.java:5: 错误: 找不到符号
import net.minecraft.world.entity.animal.Cat;
                                        ^
  符号:   类 Cat
  位置: 程序包 net.minecraft.world.entity.animal
D:\Minecraft-Mods\AnvilCraft\src\main\java\dev\dubhe\anvilcraft\util\dummy\DummyCat.java:12: 错误: 找不到符号
public class DummyCat extends Cat {
                              ^
  符号: 类 Cat
D:\Minecraft-Mods\AnvilCraft\src\main\java\dev\dubhe\anvilcraft\util\dummy\DummyWolf.java:5: 错误: 找不到符号
import net.minecraft.world.entity.animal.Wolf;
                                        ^
  符号:   类 Wolf
  位置: 程序包 net.minecraft.world.entity.animal
D:\Minecraft-Mods\AnvilCraft\src\main\java\dev\dubhe\anvilcraft\util\dummy\DummyWolf.java:12: 错误: 找不到符号
public class DummyWolf extends Wolf {
                               ^
  符号: 类 Wolf
D:\Minecraft-Mods\AnvilCraft\src\main\java\dev\dubhe\anvilcraft\util\FullBrightLevel.java:5: 错误: 找不到符号
import net.minecraft.world.level.BlockAndTintGetter;
                                ^
  符号:   类 BlockAndTintGetter
  位置: 程序包 net.minecraft.world.level
D:\Minecraft-Mods\AnvilCraft\src\main\java\dev\dubhe\anvilcraft\util\FullBrightLevel.java:15: 错误: 找不到符号
public class FullBrightLevel implements BlockAndTintGetter {
                                        ^
  符号: 类 BlockAndTintGetter
D:\Minecraft-Mods\AnvilCraft\src\main\java\dev\dubhe\anvilcraft\util\ModClientFluidTypeExtensionImpl.java:3: 错误: 找不到符号
import com.mojang.blaze3d.shaders.FogShape;
                                 ^
  符号:   类 FogShape
  位置: 程序包 com.mojang.blaze3d.shaders
D:\Minecraft-Mods\AnvilCraft\src\main\java\dev\dubhe\anvilcraft\util\ModClientFluidTypeExtensionImpl.java:8: 错误: 找不到符号
import net.minecraft.client.renderer.FogRenderer;
                                    ^
  符号:   类 FogRenderer
  位置: 程序包 net.minecraft.client.renderer
D:\Minecraft-Mods\AnvilCraft\src\main\java\dev\dubhe\anvilcraft\util\ModClientFluidTypeExtensionImpl.java:69: 错误: 程序包FogRenderer不存在
        FogRenderer.FogMode mode,
                   ^
D:\Minecraft-Mods\AnvilCraft\src\main\java\dev\dubhe\anvilcraft\util\ModClientFluidTypeExtensionImpl.java:74: 错误: 找不到符号
        FogShape shape
        ^
  符号:   类 FogShape
  位置: 类 ModClientFluidTypeExtensionImpl
D:\Minecraft-Mods\AnvilCraft\src\main\java\dev\dubhe\anvilcraft\util\ModEnchantmentHelper.java:18: 错误: 找不到符号
import net.minecraft.world.level.storage.loot.parameters.LootContextParamSet;
                                                        ^
  符号:   类 LootContextParamSet
  位置: 程序包 net.minecraft.world.level.storage.loot.parameters
D:\Minecraft-Mods\AnvilCraft\src\main\java\dev\dubhe\anvilcraft\util\ModEnchantmentHelper.java:53: 错误: 找不到符号
        LootContextParamSet paramSet,
        ^
  符号:   类 LootContextParamSet
  位置: 类 ModEnchantmentHelper
D:\Minecraft-Mods\AnvilCraft\src\main\java\dev\dubhe\anvilcraft\util\RecipeUtil.java:70: 错误: 找不到符号
    private static boolean isValuesEqual(Ingredient.Value firstValue, Ingredient.Value secondValue) {
                                                   ^
  符号:   类 Value
  位置: 类 Ingredient
D:\Minecraft-Mods\AnvilCraft\src\main\java\dev\dubhe\anvilcraft\util\RecipeUtil.java:70: 错误: 找不到符号
    private static boolean isValuesEqual(Ingredient.Value firstValue, Ingredient.Value secondValue) {
                                                                                ^
  符号:   类 Value
  位置: 类 Ingredient
D:\Minecraft-Mods\AnvilCraft\src\main\java\dev\dubhe\anvilcraft\mixin\accessor\VillagerAccessor.java:8: 错误: 找不到符号
@Mixin(Villager.class)
       ^
  符号: 类 Villager
D:\Minecraft-Mods\AnvilCraft\src\main\java\dev\dubhe\anvilcraft\mixin\compat\EmbChunkBuilderMeshingTaskMixin.java:15: 错误: 找不到符号
@Mixin(ChunkBuilderMeshingTask.class)
       ^
  符号: 类 ChunkBuilderMeshingTask
D:\Minecraft-Mods\AnvilCraft\src\main\java\dev\dubhe\anvilcraft\mixin\compat\SodiumChunkBuilderMeshingTaskMixin.java:15: 错误: 找不到符号
@Mixin(ChunkBuilderMeshingTask.class)
       ^
  符号: 类 ChunkBuilderMeshingTask
D:\Minecraft-Mods\AnvilCraft\src\main\java\dev\dubhe\anvilcraft\mixin\EnchantmentPredicateMixin.java:9: 错误: 找不到符号
@Mixin(EnchantmentPredicate.class)
       ^
  符号: 类 EnchantmentPredicate
D:\Minecraft-Mods\AnvilCraft\src\main\java\dev\dubhe\anvilcraft\mixin\GuiGraphicsMixin.java:19: 错误: 找不到符号
@Mixin(GuiGraphics.class)
       ^
  符号: 类 GuiGraphics
D:\Minecraft-Mods\AnvilCraft\src\main\java\dev\dubhe\anvilcraft\mixin\ItemOverridesMixin.java:18: 错误: 找不到符号
@Mixin(ItemOverrides.class)
       ^
  符号: 类 ItemOverrides
D:\Minecraft-Mods\AnvilCraft\src\main\java\dev\dubhe\anvilcraft\mixin\PigMixin.java:22: 错误: 找不到符号
@Mixin(Pig.class)
       ^
  符号: 类 Pig
D:\Minecraft-Mods\AnvilCraft\src\main\java\dev\dubhe\anvilcraft\mixin\VillagerMixin.java:16: 错误: 找不到符号
@Mixin(Villager.class)
       ^
  符号: 类 Villager
D:\Minecraft-Mods\AnvilCraft\src\main\java\dev\dubhe\anvilcraft\mixin\ZombieVillagerMixin.java:19: 错误: 找不到符号
@Mixin(ZombieVillager.class)
       ^
  符号: 类 ZombieVillager
D:\Minecraft-Mods\AnvilCraft\src\main\java\dev\dubhe\anvilcraft\advancements\criterion\BlockPredicate.java:36: 错误: 找不到符号
            this.blocks = HolderSet.direct((b) -> b.defaultBlockState().getBlockHolder(), block);
                                                                       ^
  符号:   方法 getBlockHolder()
  位置: 类 BlockState
D:\Minecraft-Mods\AnvilCraft\src\main\java\dev\dubhe\anvilcraft\advancements\criterion\BlockPredicate.java:41: 错误: 找不到符号
            this.blocks = BuiltInRegistries.BLOCK.getOrCreateTag(tag);
                                                 ^
  符号:   方法 getOrCreateTag(TagKey<Block>)
  位置: 类型为DefaultedRegistry<Block>的变量 BLOCK
D:\Minecraft-Mods\AnvilCraft\src\main\java\dev\dubhe\anvilcraft\anvil\BlockDevourerBehavior.java:32: 错误: 找不到符号
            event.getEntity().getBlockState().getBlock()
                             ^
  符号:   方法 getBlockState()
  位置: 类 Entity
D:\Minecraft-Mods\AnvilCraft\src\main\java\dev\dubhe\anvilcraft\anvil\BlockPlacerBehavior.java:14: 错误: 找不到符号
        int distance = Math.min((int) event.getFallDistance() + 2, 5);
                                           ^
  符号:   方法 getFallDistance()
  位置: 类型为OnLand的变量 event
D:\Minecraft-Mods\AnvilCraft\src\main\java\dev\dubhe\anvilcraft\anvil\GunpowderBlockBehavior.java:18: 错误: 找不到符号
        final BlockPos pos = event.getPos();
                                  ^
  符号:   方法 getPos()
  位置: 类型为OnLand的变量 event
D:\Minecraft-Mods\AnvilCraft\src\main\java\dev\dubhe\anvilcraft\anvil\GunpowderBlockBehavior.java:22: 错误: 找不到符号
        int distance = (int) Math.ceil(event.getFallDistance()) + 1;
                                            ^
  符号:   方法 getFallDistance()
  位置: 类型为OnLand的变量 event
D:\Minecraft-Mods\AnvilCraft\src\main\java\dev\dubhe\anvilcraft\anvil\HitCrabTrapBehavior.java:30: 警告: [removal] net.neoforged.neoforge.items 中的 IItemHandler 已过时, 且标记为待删除
        IItemHandler depository = blockEntity.getItemHandler();
        ^
D:\Minecraft-Mods\AnvilCraft\src\main\java\dev\dubhe\anvilcraft\anvil\HitCrabTrapBehavior.java:30: 错误: 找不到符号
        IItemHandler depository = blockEntity.getItemHandler();
                                             ^
  符号:   方法 getItemHandler()
  位置: 类型为CrabTrapBlockEntity的变量 blockEntity
D:\Minecraft-Mods\AnvilCraft\src\main\java\dev\dubhe\anvilcraft\anvil\HitCrabTrapBehavior.java:31: 警告: [removal] IItemHandler 中的 getSlots() 已过时, 且标记为待删除
        for (int i = 0; i < depository.getSlots(); i++) {
                                      ^
D:\Minecraft-Mods\AnvilCraft\src\main\java\dev\dubhe\anvilcraft\anvil\HitCrabTrapBehavior.java:32: 警告: [removal] IItemHandler 中的 getStackInSlot(int) 已过时, 且标记为待删除
            ItemStack stack = depository.getStackInSlot(i);
                                        ^
D:\Minecraft-Mods\AnvilCraft\src\main\java\dev\dubhe\anvilcraft\anvil\HitCrabTrapBehavior.java:36: 警告: [removal] IItemHandler 中的 extractItem(int,int,boolean) 已过时, 且标记为待删除
            depository.extractItem(i, stack.getCount(), false);
                      ^
D:\Minecraft-Mods\AnvilCraft\src\main\java\dev\dubhe\anvilcraft\anvil\HitSpawnerBehavior.java:80: 错误: 不兼容的类型: Optional<Double>无法转换为double
                x = listTag.getDouble(0);
                                     ^
D:\Minecraft-Mods\AnvilCraft\src\main\java\dev\dubhe\anvilcraft\anvil\HitSpawnerBehavior.java:87: 错误: 不兼容的类型: Optional<Double>无法转换为double
                y = listTag.getDouble(1);
                                     ^
D:\Minecraft-Mods\AnvilCraft\src\main\java\dev\dubhe\anvilcraft\anvil\HitSpawnerBehavior.java:92: 错误: 不兼容的类型: Optional<Double>无法转换为double
                z = listTag.getDouble(2);
                                     ^
D:\Minecraft-Mods\AnvilCraft\src\main\java\dev\dubhe\anvilcraft\anvil\HitSpawnerBehavior.java:119: 错误: 找不到符号
                    optional.get(), serverLevel, MobSpawnType.SPAWNER, blockPos, serverLevel.getRandom())
                                                 ^
  符号:   变量 MobSpawnType
  位置: 类 HitSpawnerBehavior
D:\Minecraft-Mods\AnvilCraft\src\main\java\dev\dubhe\anvilcraft\anvil\HitSpawnerBehavior.java:123: 错误: 对于loadEntityRecursive(CompoundTag,ServerLevel,(it)->{ it[...]it; }), 找不到合适的方法
                Entity entity = EntityType.loadEntityRecursive(compoundTag, serverLevel, it -> {
                                          ^
    方法 EntityType.loadEntityRecursive(CompoundTag,Level,EntitySpawnReason,EntityProcessor)不适用
      (实际参数列表和形式参数列表长度不同)
    方法 EntityType.loadEntityRecursive(EntityType<?>,CompoundTag,Level,EntitySpawnReason,EntityProcessor)不适用
      (实际参数列表和形式参数列表长度不同)
    方法 EntityType.loadEntityRecursive(ValueInput,Level,EntitySpawnReason,EntityProcessor)不适用
      (实际参数列表和形式参数列表长度不同)
    方法 EntityType.loadEntityRecursive(EntityType<?>,ValueInput,Level,EntitySpawnReason,EntityProcessor)不适用
      (实际参数列表和形式参数列表长度不同)
D:\Minecraft-Mods\AnvilCraft\src\main\java\dev\dubhe\anvilcraft\anvil\HitSpawnerBehavior.java:145: 错误: 找不到符号
                entity.moveTo(
                      ^
  符号:   方法 moveTo(double,double,double,float,float)
  位置: 类型为Entity的变量 entity
D:\Minecraft-Mods\AnvilCraft\src\main\java\dev\dubhe\anvilcraft\anvil\HitSpawnerBehavior.java:154: 错误: 找不到符号
                        && !mob.checkSpawnRules(serverLevel, MobSpawnType.SPAWNER)
                                                             ^
  符号:   变量 MobSpawnType
  位置: 类 HitSpawnerBehavior
D:\Minecraft-Mods\AnvilCraft\src\main\java\dev\dubhe\anvilcraft\anvil\HitSpawnerBehavior.java:161: 错误: 无法将类 CompoundTag中的方法 contains应用到给定类型;
                        && spawnData.getEntityToSpawn().contains("id", 8)
                                                       ^
  需要: String
  找到:    String,int
  原因: 实际参数列表和形式参数列表长度不同
D:\Minecraft-Mods\AnvilCraft\src\main\java\dev\dubhe\anvilcraft\anvil\HitSpawnerBehavior.java:167: 错误: 找不到符号
                            MobSpawnType.SPAWNER,
                            ^
  符号:   变量 MobSpawnType
  位置: 类 HitSpawnerBehavior
D:\Minecraft-Mods\AnvilCraft\src\main\java\dev\dubhe\anvilcraft\anvil\ImpactPileBehavior.java:16: 错误: 找不到符号
            event.getFallDistance() + 1 >= 20
                 ^
  符号:   方法 getFallDistance()
  位置: 类型为OnLand的变量 event
D:\Minecraft-Mods\AnvilCraft\src\main\java\dev\dubhe\anvilcraft\anvil\ItemStampingBehavior.java:56: 错误: 找不到符号
            .collect(Util.toMap());
                     ^
  符号:   变量 Util
  位置: 类 ItemStampingBehavior
D:\Minecraft-Mods\AnvilCraft\src\main\java\dev\dubhe\anvilcraft\anvil\ItemStampingBehavior.java:59: 错误: 找不到符号
        Optional<RecipeHolder<StampingUniqueItemsRecipe>> recipeOptional = level.getRecipeManager()
                                                                                ^
  符号:   方法 getRecipeManager()
  位置: 类型为Level的变量 level
D:\Minecraft-Mods\AnvilCraft\src\main\java\dev\dubhe\anvilcraft\anvil\ItemStampingBehavior.java:75: 错误: 找不到符号
                for (Ingredient ingredient : recipe.value().getIngredients()) {
                                                           ^
  符号:   方法 getIngredients()
  位置: 类 StampingUniqueItemsRecipe
D:\Minecraft-Mods\AnvilCraft\src\main\java\dev\dubhe\anvilcraft\anvil\ItemStampingBehavior.java:78: 错误: 找不到符号
                            if (stack.hasCraftingRemainingItem()) {
                                     ^
  符号:   方法 hasCraftingRemainingItem()
  位置: 类型为ItemStack的变量 stack
D:\Minecraft-Mods\AnvilCraft\src\main\java\dev\dubhe\anvilcraft\anvil\ItemStampingBehavior.java:79: 错误: 找不到符号
                                ItemStack remain = stack.getCraftingRemainingItem();
                                                        ^
  符号:   方法 getCraftingRemainingItem()
  位置: 类型为ItemStack的变量 stack
D:\Minecraft-Mods\AnvilCraft\src\main\java\dev\dubhe\anvilcraft\anvil\ItemStampingBehavior.java:87: 错误: 找不到符号
                for (ChanceItemStack stack : recipe.value().getResults()) {
                                                           ^
  符号:   方法 getResults()
  位置: 类 StampingUniqueItemsRecipe
D:\Minecraft-Mods\AnvilCraft\src\main\java\dev\dubhe\anvilcraft\anvil\ItemStampingBehavior.java:88: 错误: 找不到符号
                    int amount = stack.stack().getCount() * stack.count().getInt(context);
                                              ^
  符号:   方法 getCount()
  位置: 类 ItemStackTemplate
D:\Minecraft-Mods\AnvilCraft\src\main\java\dev\dubhe\anvilcraft\anvil\ItemStampingBehavior.java:89: 错误: 找不到符号
                    results.mergeInt(stack.stack().getItem(), amount, Integer::sum);
                                                  ^
  符号:   方法 getItem()
  位置: 类 ItemStackTemplate
D:\Minecraft-Mods\AnvilCraft\src\main\java\dev\dubhe\anvilcraft\recipe\anvil\StampingUniqueItemsRecipe.java:35: 错误: StampingUniqueItemsRecipe不是抽象的, 并且未覆盖Recipe中的抽象方法recipeBookCategory()
public class StampingUniqueItemsRecipe implements Recipe<ItemProcessInput> {
       ^
D:\Minecraft-Mods\AnvilCraft\src\main\java\dev\dubhe\anvilcraft\recipe\anvil\StampingUniqueItemsRecipe.java:91: 错误: StampingUniqueItemsRecipe中的getType()无法实现Recipe中的getType()
    public RecipeType<?> getType() {
                         ^
  返回类型RecipeType<?>与RecipeType<? extends Recipe<ItemProcessInput>>不兼容
  其中, T是类型变量:
    T扩展已在接口 Recipe中声明的RecipeInput
D:\Minecraft-Mods\AnvilCraft\src\main\java\dev\dubhe\anvilcraft\recipe\anvil\StampingUniqueItemsRecipe.java:96: 错误: StampingUniqueItemsRecipe中的getSerializer()无法实现Recipe中的getSerializer()
    public RecipeSerializer<?> getSerializer() {
                               ^
  返回类型RecipeSerializer<?>与RecipeSerializer<? extends Recipe<ItemProcessInput>>不兼容
  其中, T是类型变量:
    T扩展已在接口 Recipe中声明的RecipeInput
D:\Minecraft-Mods\AnvilCraft\src\main\java\dev\dubhe\anvilcraft\recipe\anvil\StampingUniqueItemsRecipe.java:57: 错误: 方法不会覆盖或实现超类型的方法
    @Override
    ^
D:\Minecraft-Mods\AnvilCraft\src\main\java\dev\dubhe\anvilcraft\recipe\anvil\StampingUniqueItemsRecipe.java:62: 错误: 方法不会覆盖或实现超类型的方法
    @Override
    ^
D:\Minecraft-Mods\AnvilCraft\src\main\java\dev\dubhe\anvilcraft\recipe\anvil\StampingUniqueItemsRecipe.java:64: 错误: 不兼容的类型: 条件表达式中的类型错误
        return results.isEmpty() ? ItemStack.EMPTY : results.getFirst().stack();
                                                                             ^
    ItemStackTemplate无法转换为ItemStack
D:\Minecraft-Mods\AnvilCraft\src\main\java\dev\dubhe\anvilcraft\recipe\anvil\StampingUniqueItemsRecipe.java:67: 错误: 方法不会覆盖或实现超类型的方法
    @Override
    ^
D:\Minecraft-Mods\AnvilCraft\src\main\java\dev\dubhe\anvilcraft\recipe\anvil\StampingUniqueItemsRecipe.java:69: 错误: 不兼容的类型: 条件表达式中的类型错误
        return results.isEmpty() ? ItemStack.EMPTY : results.getFirst().stack();
                                                                             ^
    ItemStackTemplate无法转换为ItemStack
D:\Minecraft-Mods\AnvilCraft\src\main\java\dev\dubhe\anvilcraft\recipe\anvil\StampingUniqueItemsRecipe.java:90: 错误: 方法不会覆盖或实现超类型的方法
    @Override
    ^
D:\Minecraft-Mods\AnvilCraft\src\main\java\dev\dubhe\anvilcraft\recipe\anvil\StampingUniqueItemsRecipe.java:95: 错误: 方法不会覆盖或实现超类型的方法
    @Override
    ^
D:\Minecraft-Mods\AnvilCraft\src\main\java\dev\dubhe\anvilcraft\recipe\anvil\StampingUniqueItemsRecipe.java:97: 错误: 找不到符号
        return ModRecipeTypes.STAMPING_UNIQUE_ITEMS_SERIALIZER.get();
                             ^
  符号:   变量 STAMPING_UNIQUE_ITEMS_SERIALIZER
  位置: 类 ModRecipeTypes
D:\Minecraft-Mods\AnvilCraft\src\main\java\dev\dubhe\anvilcraft\recipe\anvil\StampingUniqueItemsRecipe.java:107: 错误: 方法引用无效
                    .forGetter(StampingUniqueItemsRecipe::getIngredients),
                               ^
  找不到符号
    符号:   方法 getIngredients()
    位置: 类 StampingUniqueItemsRecipe
D:\Minecraft-Mods\AnvilCraft\src\main\java\dev\dubhe\anvilcraft\recipe\anvil\StampingUniqueItemsRecipe.java:108: 错误: 方法引用无效
                ChanceItemStack.CODEC.listOf().fieldOf("results").forGetter(StampingUniqueItemsRecipe::getResults))
                                                                            ^
  找不到符号
    符号:   方法 getResults()
    位置: 类 StampingUniqueItemsRecipe
D:\Minecraft-Mods\AnvilCraft\src\main\java\dev\dubhe\anvilcraft\recipe\anvil\StampingUniqueItemsRecipe.java:114: 错误: 方法不会覆盖或实现超类型的方法
        @Override
        ^
D:\Minecraft-Mods\AnvilCraft\src\main\java\dev\dubhe\anvilcraft\recipe\anvil\StampingUniqueItemsRecipe.java:119: 错误: 方法不会覆盖或实现超类型的方法
        @Override
        ^
D:\Minecraft-Mods\AnvilCraft\src\main\java\dev\dubhe\anvilcraft\recipe\anvil\StampingUniqueItemsRecipe.java:131: 错误: 找不到符号
            NonNullList<Ingredient> ingredients = NonNullList.withSize(size, Ingredient.EMPTY);
                                                                                       ^
  符号:   变量 EMPTY
  位置: 类 Ingredient
D:\Minecraft-Mods\AnvilCraft\src\main\java\dev\dubhe\anvilcraft\recipe\anvil\StampingUniqueItemsRecipe.java:148: 错误: Builder不是抽象的, 并且未覆盖AbstractRecipeBuilder中的抽象方法getResult()
    public static class Builder extends AbstractRecipeBuilder<StampingUniqueItemsRecipe> {
                  ^
D:\Minecraft-Mods\AnvilCraft\src\main\java\dev\dubhe\anvilcraft\recipe\anvil\StampingUniqueItemsRecipe.java:218: 错误: Builder中的getResult()无法覆盖AbstractRecipeBuilder中的getResult()
        public Item getResult() {
                    ^
  返回类型Item与ItemStackTemplate不兼容
D:\Minecraft-Mods\AnvilCraft\src\main\java\dev\dubhe\anvilcraft\recipe\anvil\StampingUniqueItemsRecipe.java:174: 错误: 对于of(TagKey<Item>), 找不到合适的方法
            return requires(Ingredient.of(tag), count);
                                      ^
    方法 Ingredient.of(ItemLike)不适用
      (参数不匹配; TagKey<Item>无法转换为ItemLike)
    方法 Ingredient.of(ItemLike...)不适用
      (varargs 不匹配; TagKey<Item>无法转换为ItemLike)
    方法 Ingredient.of(Stream<? extends ItemLike>)不适用
      (参数不匹配; TagKey<Item>无法转换为Stream<? extends ItemLike>)
    方法 Ingredient.of(HolderSet<Item>)不适用
      (参数不匹配; TagKey<Item>无法转换为HolderSet<Item>)
D:\Minecraft-Mods\AnvilCraft\src\main\java\dev\dubhe\anvilcraft\recipe\anvil\StampingUniqueItemsRecipe.java:187: 错误: 不兼容的类型: ItemStack无法转换为ItemStackTemplate
            results.add(ChanceItemStack.of(stack));
                                           ^
D:\Minecraft-Mods\AnvilCraft\src\main\java\dev\dubhe\anvilcraft\recipe\anvil\StampingUniqueItemsRecipe.java:204: 错误: 对于of(ItemStack,float), 找不到合适的方法
            return this.result(ChanceItemStack.of(stack, chance));
                                              ^
    方法 ChanceItemStack.of(ItemLike,NumberProvider)不适用
      (参数不匹配; ItemStack无法转换为ItemLike)
    方法 ChanceItemStack.of(ItemLike,int)不适用
      (参数不匹配; ItemStack无法转换为ItemLike)
    方法 ChanceItemStack.of(ItemStackTemplate,NumberProvider)不适用
      (参数不匹配; ItemStack无法转换为ItemStackTemplate)
    方法 ChanceItemStack.of(ItemStackTemplate,int)不适用
      (参数不匹配; ItemStack无法转换为ItemStackTemplate)
    方法 ChanceItemStack.of(ItemStackTemplate,float)不适用
      (参数不匹配; ItemStack无法转换为ItemStackTemplate)
D:\Minecraft-Mods\AnvilCraft\src\main\java\dev\dubhe\anvilcraft\recipe\anvil\StampingUniqueItemsRecipe.java:217: 错误: 方法不会覆盖或实现超类型的方法
        @Override
        ^
D:\Minecraft-Mods\AnvilCraft\src\main\java\dev\dubhe\anvilcraft\recipe\anvil\StampingUniqueItemsRecipe.java:219: 错误: 找不到符号
            return results.getFirst().stack().getItem();
                                             ^
  符号:   方法 getItem()
  位置: 类 ItemStackTemplate
D:\Minecraft-Mods\AnvilCraft\src\main\java\dev\dubhe\anvilcraft\anvil\MassInjectBehavior.java:35: 错误: 找不到符号
        RecipeManager manager = level.getRecipeManager();
                                     ^
  符号:   方法 getRecipeManager()
  位置: 类型为Level的变量 level
D:\Minecraft-Mods\AnvilCraft\src\main\java\dev\dubhe\anvilcraft\anvil\MassInjectBehavior.java:48: 错误: 找不到符号
            totalMassConsumed += (long) count * recipe.getMass();
                                                      ^
  符号:   方法 getMass()
  位置: 类型为MassInjectRecipe的变量 recipe
D:\Minecraft-Mods\AnvilCraft\src\main\java\dev\dubhe\anvilcraft\AnvilCraft.java:181: 错误: 找不到符号
            ModInteractionMap.initInteractionMap();
                             ^
  符号:   方法 initInteractionMap()
  位置: 类 ModInteractionMap
D:\Minecraft-Mods\AnvilCraft\src\main\java\dev\dubhe\anvilcraft\api\amulet\AmuletManager.java:97: 错误: 不兼容的类型: 不存在类型变量T的实例, 以使Optional<? extends RegistryLookup<T>>与Optional<RegistryLookup<AmuletType>>一致
        Optional<HolderLookup.RegistryLookup<AmuletType>> lookupOptional = registries.lookup(ModRegistries.AMULET_TYPE_KEY);
                                                                                            ^
  其中, T是类型变量:
    T扩展已在方法 <T>lookup(ResourceKey<? extends Registry<? extends T>>)中声明的Object
D:\Minecraft-Mods\AnvilCraft\src\main\java\dev\dubhe\anvilcraft\api\amulet\AmuletManager.java:107: 错误: 找不到符号
        ItemStack amulet = type.amulet().get();
                               ^
  符号:   方法 amulet()
  位置: 类型为AmuletType的变量 type
D:\Minecraft-Mods\AnvilCraft\src\main\java\dev\dubhe\anvilcraft\api\amulet\AmuletManager.java:169: 错误: 找不到符号
            type.inventoryTick(player, type.amulet().get(), false);
                                           ^
  符号:   方法 amulet()
  位置: 类型为AmuletType的变量 type
D:\Minecraft-Mods\AnvilCraft\src\main\java\dev\dubhe\anvilcraft\api\amulet\AmuletManager.java:184: 错误: 找不到符号
                type.value().inventoryTick(player, type.value().amulet().get(), false);
                                                               ^
  符号:   方法 amulet()
  位置: 类 AmuletType
D:\Minecraft-Mods\AnvilCraft\src\main\java\dev\dubhe\anvilcraft\api\block\IEmberBlock.java:53: 错误: 找不到符号
                    return TraversalNodeStatus.CONTINUE;
                           ^
  符号:   变量 TraversalNodeStatus
  位置: 接口 IEmberBlock
D:\Minecraft-Mods\AnvilCraft\src\main\java\dev\dubhe\anvilcraft\api\block\IEmberBlock.java:58: 错误: 找不到符号
                        return TraversalNodeStatus.SKIP;
                               ^
  符号:   变量 TraversalNodeStatus
  位置: 接口 IEmberBlock
D:\Minecraft-Mods\AnvilCraft\src\main\java\dev\dubhe\anvilcraft\api\block\IEmberBlock.java:66: 错误: 找不到符号
                                return TraversalNodeStatus.CONTINUE;
                                       ^
  符号:   变量 TraversalNodeStatus
  位置: 接口 IEmberBlock
D:\Minecraft-Mods\AnvilCraft\src\main\java\dev\dubhe\anvilcraft\api\block\IEmberBlock.java:77: 错误: 找不到符号
                                return TraversalNodeStatus.SKIP;
                                       ^
  符号:   变量 TraversalNodeStatus
  位置: 接口 IEmberBlock
D:\Minecraft-Mods\AnvilCraft\src\main\java\dev\dubhe\anvilcraft\api\block\IEmberBlock.java:86: 错误: 找不到符号
                        return TraversalNodeStatus.CONTINUE;
                               ^
  符号:   变量 TraversalNodeStatus
  位置: 接口 IEmberBlock
D:\Minecraft-Mods\AnvilCraft\src\main\java\dev\dubhe\anvilcraft\api\chargecollector\ChargeCollectorManager.java:60: 错误: 找不到符号
            ChargeCollectorBlockEntity chargeCollectorBlockEntity = entry.getBlockEntity();
                                                                         ^
  符号:   方法 getBlockEntity()
  位置: 类型为Entry的变量 entry
D:\Minecraft-Mods\AnvilCraft\src\main\java\dev\dubhe\anvilcraft\api\chargecollector\ChargeCollectorManager.java:98: 错误: 方法引用无效
            .sorted(Comparator.comparing(Entry::getDistance))
                                         ^
  找不到符号
    符号:   方法 getDistance()
    位置: 类 Entry
D:\Minecraft-Mods\AnvilCraft\src\main\java\dev\dubhe\anvilcraft\block\entity\ChargeCollectorBlockEntity.java:161: 错误: 无法将记录 ChunkPos中的构造器 ChunkPos应用到给定类型;
            new ChunkPos(worldPosition),
            ^
  需要: int,int
  找到:    BlockPos
  原因: 实际参数列表和形式参数列表长度不同
D:\Minecraft-Mods\AnvilCraft\src\main\java\dev\dubhe\anvilcraft\api\power\IPowerProducer.java:32: 错误: 找不到符号
            if (s.get().getConsume() > s.get().getGenerate()) {
                       ^
  符号:   方法 getConsume()
  位置: 类 SimplePowerGrid
D:\Minecraft-Mods\AnvilCraft\src\main\java\dev\dubhe\anvilcraft\api\power\IPowerProducer.java:32: 错误: 找不到符号
            if (s.get().getConsume() > s.get().getGenerate()) {
                                              ^
  符号:   方法 getGenerate()
  位置: 类 SimplePowerGrid
D:\Minecraft-Mods\AnvilCraft\src\main\java\dev\dubhe\anvilcraft\api\power\PowerGrid.java:73: 错误: 找不到符号
                this.level.getChunkAt(this.getPos()).getPos(),
                                          ^
  符号: 方法 getPos()
D:\Minecraft-Mods\AnvilCraft\src\main\java\dev\dubhe\anvilcraft\api\power\PowerGrid.java:177: 错误: 找不到符号
            Entity owner = dynamicComponent.getOwner();
                                           ^
  符号:   方法 getOwner()
  位置: 类型为DynamicPowerComponent的变量 dynamicComponent
D:\Minecraft-Mods\AnvilCraft\src\main\java\dev\dubhe\anvilcraft\api\energy\EnergyHelper.java:14: 警告: [removal] net.neoforged.neoforge.energy 中的 IEnergyStorage 已过时, 且标记为待删除
        IEnergyStorage energyStorage = level.getCapability(Capabilities.EnergyStorage.BLOCK, pos, direction);
        ^
D:\Minecraft-Mods\AnvilCraft\src\main\java\dev\dubhe\anvilcraft\api\energy\EnergyHelper.java:14: 错误: 找不到符号
        IEnergyStorage energyStorage = level.getCapability(Capabilities.EnergyStorage.BLOCK, pos, direction);
                                                                       ^
  符号:   变量 EnergyStorage
  位置: 类 Capabilities
D:\Minecraft-Mods\AnvilCraft\src\main\java\dev\dubhe\anvilcraft\api\energy\EnergyHelper.java:16: 警告: [removal] IEnergyStorage 中的 receiveEnergy(int,boolean) 已过时, 且标记为待删除
        energyStorage.receiveEnergy(amount, false);
                     ^
D:\Minecraft-Mods\AnvilCraft\src\main\java\dev\dubhe\anvilcraft\api\entity\fakeplayer\AnvilCraftDestroyerFakePlayer.java:37: 错误: 找不到符号
        return destroyer.getPlayer();
                        ^
  符号:   方法 getPlayer()
  位置: 类型为Destroyer的变量 destroyer
D:\Minecraft-Mods\AnvilCraft\src\main\java\dev\dubhe\anvilcraft\api\entity\fakeplayer\AnvilCraftDestroyerFakePlayer.java:52: 错误: 找不到符号
                destroyer.getPlayer().setItemInHand(InteractionHand.MAIN_HAND, ItemStack.EMPTY);
                         ^
  符号:   方法 getPlayer()
  位置: 类型为Destroyer的变量 destroyer
D:\Minecraft-Mods\AnvilCraft\src\main\java\dev\dubhe\anvilcraft\api\entity\fakeplayer\AnvilCraftKillerFakePlayer.java:43: 错误: 找不到符号
        return killer.getPlayer();
                     ^
  符号:   方法 getPlayer()
  位置: 类型为Killer的变量 killer
D:\Minecraft-Mods\AnvilCraft\src\main\java\dev\dubhe\anvilcraft\api\entity\fakeplayer\AnvilCraftKillerFakePlayer.java:75: 错误: 找不到符号
                killer.getPlayer().setItemInHand(InteractionHand.MAIN_HAND, ItemStack.EMPTY);
                      ^
  符号:   方法 getPlayer()
  位置: 类型为Killer的变量 killer
D:\Minecraft-Mods\AnvilCraft\src\main\java\dev\dubhe\anvilcraft\entity\FallingGiantAnvilEntity.java:103: 错误: 找不到符号
                        if (this.dropItem && this.level().getGameRules().getBoolean(GameRules.RULE_DOENTITYDROPS)) {
                                                                                    ^
  符号:   变量 GameRules
  位置: 类 FallingGiantAnvilEntity
D:\Minecraft-Mods\AnvilCraft\src\main\java\dev\dubhe\anvilcraft\entity\FallingGiantAnvilEntity.java:103: 错误: 找不到符号
                        if (this.dropItem && this.level().getGameRules().getBoolean(GameRules.RULE_DOENTITYDROPS)) {
                                                         ^
  符号:   方法 getGameRules()
  位置: 类 Level
D:\Minecraft-Mods\AnvilCraft\src\main\java\dev\dubhe\anvilcraft\entity\FallingGiantAnvilEntity.java:104: 错误: 对于spawnAtLocation(Block), 找不到合适的方法
                            this.spawnAtLocation(block);
                                ^
    方法 Entity.spawnAtLocation(ServerLevel,ItemLike)不适用
      (实际参数列表和形式参数列表长度不同)
    方法 Entity.spawnAtLocation(ServerLevel,ItemStack)不适用
      (实际参数列表和形式参数列表长度不同)
    方法 Entity.spawnAtLocation(ServerLevel,ItemStack,Vec3)不适用
      (实际参数列表和形式参数列表长度不同)
    方法 Entity.spawnAtLocation(ServerLevel,ItemStack,float)不适用
      (实际参数列表和形式参数列表长度不同)
D:\Minecraft-Mods\AnvilCraft\src\main\java\dev\dubhe\anvilcraft\entity\FallingGiantAnvilEntity.java:143: 错误: 找不到符号
                                    .broadcast(
                                    ^
  符号:   方法 broadcast(FallingGiantAnvilEntity,ClientboundBlockUpdatePacket)
  位置: 类型为ChunkMap的变量 chunkMap
D:\Minecraft-Mods\AnvilCraft\src\main\java\dev\dubhe\anvilcraft\entity\FallingGiantAnvilEntity.java:158: 错误: 找不到符号
                                && this.level().getGameRules().getBoolean(GameRules.RULE_DOENTITYDROPS)) {
                                                                          ^
  符号:   变量 GameRules
  位置: 类 FallingGiantAnvilEntity
D:\Minecraft-Mods\AnvilCraft\src\main\java\dev\dubhe\anvilcraft\entity\FallingGiantAnvilEntity.java:158: 错误: 找不到符号
                                && this.level().getGameRules().getBoolean(GameRules.RULE_DOENTITYDROPS)) {
                                               ^
  符号:   方法 getGameRules()
  位置: 类 Level
D:\Minecraft-Mods\AnvilCraft\src\main\java\dev\dubhe\anvilcraft\entity\FallingGiantAnvilEntity.java:161: 错误: 对于spawnAtLocation(Block), 找不到合适的方法
                                this.spawnAtLocation(block);
                                    ^
    方法 Entity.spawnAtLocation(ServerLevel,ItemLike)不适用
      (实际参数列表和形式参数列表长度不同)
    方法 Entity.spawnAtLocation(ServerLevel,ItemStack)不适用
      (实际参数列表和形式参数列表长度不同)
    方法 Entity.spawnAtLocation(ServerLevel,ItemStack,Vec3)不适用
      (实际参数列表和形式参数列表长度不同)
    方法 Entity.spawnAtLocation(ServerLevel,ItemStack,float)不适用
      (实际参数列表和形式参数列表长度不同)
D:\Minecraft-Mods\AnvilCraft\src\main\java\dev\dubhe\anvilcraft\entity\FallingGiantAnvilEntity.java:165: 错误: 找不到符号
                            if (this.dropItem && this.level().getGameRules().getBoolean(GameRules.RULE_DOENTITYDROPS)) {
                                                                                        ^
  符号:   变量 GameRules
  位置: 类 FallingGiantAnvilEntity
D:\Minecraft-Mods\AnvilCraft\src\main\java\dev\dubhe\anvilcraft\entity\FallingGiantAnvilEntity.java:165: 错误: 找不到符号
                            if (this.dropItem && this.level().getGameRules().getBoolean(GameRules.RULE_DOENTITYDROPS)) {
                                                             ^
  符号:   方法 getGameRules()
  位置: 类 Level
D:\Minecraft-Mods\AnvilCraft\src\main\java\dev\dubhe\anvilcraft\entity\FallingGiantAnvilEntity.java:167: 错误: 对于spawnAtLocation(Block), 找不到合适的方法
                                this.spawnAtLocation(block);
                                    ^
    方法 Entity.spawnAtLocation(ServerLevel,ItemLike)不适用
      (实际参数列表和形式参数列表长度不同)
    方法 Entity.spawnAtLocation(ServerLevel,ItemStack)不适用
      (实际参数列表和形式参数列表长度不同)
    方法 Entity.spawnAtLocation(ServerLevel,ItemStack,Vec3)不适用
      (实际参数列表和形式参数列表长度不同)
    方法 Entity.spawnAtLocation(ServerLevel,ItemStack,float)不适用
      (实际参数列表和形式参数列表长度不同)
D:\Minecraft-Mods\AnvilCraft\src\main\java\dev\dubhe\anvilcraft\entity\FallingGiantAnvilEntity.java:178: 错误: FallingGiantAnvilEntity中的makeBoundingBox()无法覆盖Entity中的makeBoundingBox()
    protected AABB makeBoundingBox() {
                   ^
  被覆盖的方法为final
D:\Minecraft-Mods\AnvilCraft\src\main\java\dev\dubhe\anvilcraft\api\portal\PortalType.java:22: 错误: 方法引用无效
            .forGetter(PortalType::getId)
                       ^
  找不到符号
    符号:   方法 getId()
    位置: 类 PortalType
D:\Minecraft-Mods\AnvilCraft\src\main\java\dev\dubhe\anvilcraft\api\portal\PortalType.java:26: 错误: 方法引用无效
        PortalType::getId,
        ^
  找不到符号
    符号:   方法 getId()
    位置: 类 PortalType
D:\Minecraft-Mods\AnvilCraft\src\main\java\dev\dubhe\anvilcraft\api\portal\PortalType.java:34: 错误: 不兼容的类型: Optional<Reference<Block>>无法转换为Block
        Block block = BuiltInRegistries.BLOCK.get(id);
                                                 ^
D:\Minecraft-Mods\AnvilCraft\src\main\java\dev\dubhe\anvilcraft\api\portal\PortalType.java:54: 错误: 找不到符号
        return Objects.equals(this.getId(), type.getId());
                                  ^
  符号: 方法 getId()
D:\Minecraft-Mods\AnvilCraft\src\main\java\dev\dubhe\anvilcraft\api\portal\PortalType.java:54: 错误: 找不到符号
        return Objects.equals(this.getId(), type.getId());
                                                ^
  符号:   方法 getId()
  位置: 类型为PortalType的变量 type
D:\Minecraft-Mods\AnvilCraft\src\main\java\dev\dubhe\anvilcraft\api\portal\PortalType.java:59: 错误: 找不到符号
        return Objects.hashCode(this.getId());
                                    ^
  符号: 方法 getId()
D:\Minecraft-Mods\AnvilCraft\src\main\java\dev\dubhe\anvilcraft\block\entity\TeslaTowerBlockEntity.java:58: 错误: TeslaTowerBlockEntity不是抽象的, 并且未覆盖IPowerComponent中的抽象方法getGrid()
public class TeslaTowerBlockEntity extends BlockEntity
       ^
D:\Minecraft-Mods\AnvilCraft\src\main\java\dev\dubhe\anvilcraft\block\entity\TeslaTowerBlockEntity.java:331: 错误: 找不到符号
        output.store("Filters", ListTag.CODEC, filters);
                                       ^
  符号:   变量 CODEC
  位置: 类 ListTag
D:\Minecraft-Mods\AnvilCraft\src\main\java\dev\dubhe\anvilcraft\block\entity\TeslaTowerBlockEntity.java:337: 错误: 找不到符号
        input.read("Filters", ListTag.CODEC).ifPresent(list -> {
                                     ^
  符号:   变量 CODEC
  位置: 类 ListTag
D:\Minecraft-Mods\AnvilCraft\src\main\java\dev\dubhe\anvilcraft\api\fluidtank\InfinityFluidTank.java:39: 错误: 找不到符号
        if (this.isInfinity()) return Integer.MAX_VALUE;
                ^
  符号: 方法 isInfinity()
D:\Minecraft-Mods\AnvilCraft\src\main\java\dev\dubhe\anvilcraft\api\heat\collector\HeatCollectorManager.java:108: 错误: 找不到符号
                Optional.ofNullable(ctx.getPlayer()).ifPresent(player -> player.displayClientMessage(
                                                                               ^
  符号:   方法 displayClientMessage(MutableComponent,boolean)
  位置: 类型为Player的变量 player
D:\Minecraft-Mods\AnvilCraft\src\main\java\dev\dubhe\anvilcraft\api\heat\collector\HeatCollectorManager.java:159: 错误: 找不到符号
                collector.setResult(HeatCollectorBlockEntity.WorkResult.TOO_CLOSE);
                         ^
  符号:   方法 setResult(WorkResult)
  位置: 类型为HeatCollectorBlockEntity的变量 collector
D:\Minecraft-Mods\AnvilCraft\src\main\java\dev\dubhe\anvilcraft\api\heat\collector\HeatCollectorManager.java:182: 错误: 找不到符号
        collector.setResult(HeatCollectorBlockEntity.WorkResult.SUCCESS);
                 ^
  符号:   方法 setResult(WorkResult)
  位置: 类型为HeatCollectorBlockEntity的变量 collector
D:\Minecraft-Mods\AnvilCraft\src\main\java\dev\dubhe\anvilcraft\api\heat\collector\HeatSourceEntry.java:68: 错误: 找不到符号
                return this.getCharge();
                           ^
  符号: 方法 getCharge()
D:\Minecraft-Mods\AnvilCraft\src\main\java\dev\dubhe\anvilcraft\api\heat\collector\HeatSourceEntry.java:91: 错误: 找不到符号
            return state.is(input) ? getCharge() : 0;
                                     ^
  符号:   方法 getCharge()
  位置: 类 Simple
D:\Minecraft-Mods\AnvilCraft\src\main\java\dev\dubhe\anvilcraft\api\heat\collector\HeatSourceEntry.java:110: 错误: 找不到符号
            return state.is(input) ? getCharge() : 0;
                                     ^
  符号:   方法 getCharge()
  位置: 类 Always
D:\Minecraft-Mods\AnvilCraft\src\main\java\dev\dubhe\anvilcraft\block\entity\HeatCollectorBlockEntity.java:23: 错误: HeatCollectorBlockEntity不是抽象的, 并且未覆盖IPowerComponent中的抽象方法getGrid()
public class HeatCollectorBlockEntity extends BlockEntity implements IPowerProducer, IHasAffectRange {
       ^
D:\Minecraft-Mods\AnvilCraft\src\main\java\dev\dubhe\anvilcraft\api\heat\HeatableBlockEntry.java:56: 错误: 找不到符号
            return state.is(this.getDefaultBlock());
                                ^
  符号: 方法 getDefaultBlock()
D:\Minecraft-Mods\AnvilCraft\src\main\java\dev\dubhe\anvilcraft\api\heat\HeaterManager.java:157: 错误: 不兼容的类型: BlockPos无法转换为Orientation
                            this.level.neighborChanged(neighbourState, neighbourPos, deltaBlock, pos, false);
                                                                                                 ^
D:\Minecraft-Mods\AnvilCraft\src\main\java\dev\dubhe\anvilcraft\api\heat\HeaterManager.java:175: 错误: 找不到符号
        if (heatable.getDuration() <= 0) {
                    ^
  符号:   方法 getDuration()
  位置: 类型为HeatableBlockEntity的变量 heatable
D:\Minecraft-Mods\AnvilCraft\src\main\java\dev\dubhe\anvilcraft\api\heat\HeaterManager.java:195: 错误: 不兼容的类型: BlockPos无法转换为Orientation
                            this.level.neighborChanged(neighbourState, neighbourPos, prevState.getBlock(), pos, false);
                                                                                                           ^
D:\Minecraft-Mods\AnvilCraft\src\main\java\dev\dubhe\anvilcraft\api\heat\HeatRecorder.java:172: 错误: 找不到符号
            if (entry.getTier().equals(tier)) return Optional.of(entry);
                     ^
  符号:   方法 getTier()
  位置: 类型为HeatableBlockEntry的变量 entry
D:\Minecraft-Mods\AnvilCraft\src\main\java\dev\dubhe\anvilcraft\api\heat\HeatRecorder.java:200: 错误: 找不到符号
                if (entry.getTier().equals(tier)) {
                         ^
  符号:   方法 getTier()
  位置: 类型为HeatableBlockEntry的变量 entry
D:\Minecraft-Mods\AnvilCraft\src\main\java\dev\dubhe\anvilcraft\api\heat\HeatRecorder.java:230: 错误: 方法引用无效
        return getEntry(level, pos, state).map(HeatableBlockEntry::getTier);
                                               ^
  找不到符号
    符号:   方法 getTier()
    位置: 类 HeatableBlockEntry
D:\Minecraft-Mods\AnvilCraft\src\main\java\dev\dubhe\anvilcraft\api\heat\HeatRecorder.java:234: 错误: 方法引用无效
        return getEntry(level, pos, prevState, tier).map(HeatableBlockEntry::getDefaultBlock);
                                                         ^
  找不到符号
    符号:   方法 getDefaultBlock()
    位置: 类 HeatableBlockEntry
D:\Minecraft-Mods\AnvilCraft\src\main\java\dev\dubhe\anvilcraft\api\heat\HeatRecorder.java:238: 错误: 方法引用无效
        return getEntry(id, tier).map(HeatableBlockEntry::getDefaultBlock);
                                      ^
  找不到符号
    符号:   方法 getDefaultBlock()
    位置: 类 HeatableBlockEntry
D:\Minecraft-Mods\AnvilCraft\src\main\java\dev\dubhe\anvilcraft\api\heat\HeatRecorder.java:251: 错误: 方法引用无效
        return getPrevTierEntry(level, pos, state).map(HeatableBlockEntry::getTier);
                                                       ^
  找不到符号
    符号:   方法 getTier()
    位置: 类 HeatableBlockEntry
D:\Minecraft-Mods\AnvilCraft\src\main\java\dev\dubhe\anvilcraft\api\heat\HeatRecorder.java:255: 错误: 方法引用无效
        return getPrevTierEntry(level, pos, state).map(HeatableBlockEntry::getDefaultBlock);
                                                       ^
  找不到符号
    符号:   方法 getDefaultBlock()
    位置: 类 HeatableBlockEntry
D:\Minecraft-Mods\AnvilCraft\src\main\java\dev\dubhe\anvilcraft\api\heat\HeatRecorder.java:268: 错误: 方法引用无效
        return getNextTierEntry(level, pos, state).map(HeatableBlockEntry::getTier);
                                                       ^
  找不到符号
    符号:   方法 getTier()
    位置: 类 HeatableBlockEntry
D:\Minecraft-Mods\AnvilCraft\src\main\java\dev\dubhe\anvilcraft\api\heat\HeatRecorder.java:272: 错误: 方法引用无效
        return getNextTierEntry(level, pos, state).map(HeatableBlockEntry::getDefaultBlock);
                                                       ^
  找不到符号
    符号:   方法 getDefaultBlock()
    位置: 类 HeatableBlockEntry
D:\Minecraft-Mods\AnvilCraft\src\main\java\dev\dubhe\anvilcraft\block\entity\heatable\HeatableBlockEntity.java:48: 错误: 无法将记录 ChunkPos中的构造器 ChunkPos应用到给定类型;
            PacketDistributor.sendToPlayersTrackingChunk(serverLevel, new ChunkPos(this.getBlockPos()),
                                                                      ^
  需要: int,int
  找到:    BlockPos
  原因: 实际参数列表和形式参数列表长度不同
D:\Minecraft-Mods\AnvilCraft\src\main\java\dev\dubhe\anvilcraft\block\entity\heatable\HeatableBlockEntity.java:81: 错误: 方法引用无效
            pos, Util.castSafely(level.getBlockEntity(pos), HeatableBlockEntity.class).map(HeatableBlockEntity::getDuration).orElse(0)
                                                                                           ^
  找不到符号
    符号:   方法 getDuration()
    位置: 类 HeatableBlockEntity
D:\Minecraft-Mods\AnvilCraft\src\main\java\dev\dubhe\anvilcraft\recipe\anvil\collision\BlockTransform.java:85: 错误: 无法将类 BlockEntity中的方法 loadCustomOnly应用到给定类型;
                .ifPresent(be -> be.loadCustomOnly(output.getValue(), level.registryAccess()));
                                   ^
  需要: ValueInput
  找到:    CompoundTag,RegistryAccess
  原因: 实际参数列表和形式参数列表长度不同
D:\Minecraft-Mods\AnvilCraft\src\main\java\dev\dubhe\anvilcraft\api\itemhandler\FilteredItemStackHandler.java:26: 错误: 方法引用无效
        Codec.BOOL.fieldOf("filterEnabled").forGetter(FilteredItemStackHandler::isFilterEnabled),
                                                      ^
  找不到符号
    符号:   方法 isFilterEnabled()
    位置: 类 FilteredItemStackHandler
D:\Minecraft-Mods\AnvilCraft\src\main\java\dev\dubhe\anvilcraft\api\itemhandler\FilteredItemStackHandler.java:33: 错误: 方法引用无效
        Codec.BOOL.listOf().fieldOf("disabled").forGetter(FilteredItemStackHandler::getDisabled),
                                                          ^
  找不到符号
    符号:   方法 getDisabled()
    位置: 类 FilteredItemStackHandler
D:\Minecraft-Mods\AnvilCraft\src\main\java\dev\dubhe\anvilcraft\api\itemhandler\FilteredItemStackHandler.java:34: 错误: 方法引用无效
        Codec.INT.listOf().fieldOf("slotLimits").forGetter(FilteredItemStackHandler::getSlotLimits)
                                                           ^
  找不到符号
    符号:   方法 getSlotLimits()
    位置: 类 FilteredItemStackHandler
D:\Minecraft-Mods\AnvilCraft\src\main\java\dev\dubhe\anvilcraft\api\power\SimplePowerGrid.java:80: 错误: 程序包FastColor不存在
        this.color = FastColor.ARGB32.color((int) (0.4 * 255), colors[0], colors[1], colors[2]);
                              ^
D:\Minecraft-Mods\AnvilCraft\src\main\java\dev\dubhe\anvilcraft\api\power\SimplePowerGrid.java:91: 错误: 找不到符号
        this.level = grid.getLevel().dimension().identifier().toString();
                         ^
  符号:   方法 getLevel()
  位置: 类型为PowerGrid的变量 grid
D:\Minecraft-Mods\AnvilCraft\src\main\java\dev\dubhe\anvilcraft\api\power\SimplePowerGrid.java:92: 错误: 找不到符号
        this.pos = grid.getPos();
                       ^
  符号:   方法 getPos()
  位置: 类型为PowerGrid的变量 grid
D:\Minecraft-Mods\AnvilCraft\src\main\java\dev\dubhe\anvilcraft\api\power\SimplePowerGrid.java:162: 错误: 找不到符号
        this.consume = grid.getConsume();
                           ^
  符号:   方法 getConsume()
  位置: 类型为PowerGrid的变量 grid
D:\Minecraft-Mods\AnvilCraft\src\main\java\dev\dubhe\anvilcraft\api\power\SimplePowerGrid.java:163: 错误: 找不到符号
        this.generate = grid.getGenerate();
                            ^
  符号:   方法 getGenerate()
  位置: 类型为PowerGrid的变量 grid
D:\Minecraft-Mods\AnvilCraft\src\main\java\dev\dubhe\anvilcraft\api\power\SimplePowerGrid.java:213: 错误: 找不到符号
        return this.getConsume() > this.getGenerate();
                   ^
  符号: 方法 getConsume()
D:\Minecraft-Mods\AnvilCraft\src\main\java\dev\dubhe\anvilcraft\api\power\SimplePowerGrid.java:213: 错误: 找不到符号
        return this.getConsume() > this.getGenerate();
                                       ^
  符号: 方法 getGenerate()
D:\Minecraft-Mods\AnvilCraft\src\main\java\dev\dubhe\anvilcraft\api\recipe\slot\RecipeInputSlot.java:15: 错误: RecipeInputSlot不是抽象的, 并且未覆盖StringRepresentable中的抽象方法getSerializedName()
public class RecipeInputSlot implements StringRepresentable {
       ^
D:\Minecraft-Mods\AnvilCraft\src\main\java\dev\dubhe\anvilcraft\api\recipe\slot\RecipeInputSlot.java:19: 错误: 方法引用无效
            .forGetter(RecipeInputSlot::getSerializedName)
                       ^
  找不到符号
    符号:   方法 getSerializedName()
    位置: 类 RecipeInputSlot
D:\Minecraft-Mods\AnvilCraft\src\main\java\dev\dubhe\anvilcraft\api\recipe\slot\RecipeInputSlot.java:23: 错误: 方法引用无效
        RecipeInputSlot::getSerializedName,
        ^
  找不到符号
    符号:   方法 getSerializedName()
    位置: 类 RecipeInputSlot
D:\Minecraft-Mods\AnvilCraft\src\main\java\dev\dubhe\anvilcraft\api\recipe\data\ItemEnchantmentsData.java:95: 错误: 方法引用无效
                .forGetter(ItemEnchantmentsData::getInput),
                           ^
  找不到符号
    符号:   方法 getInput()
    位置: 类 ItemEnchantmentsData
D:\Minecraft-Mods\AnvilCraft\src\main\java\dev\dubhe\anvilcraft\api\recipe\data\ItemEnchantmentsData.java:102: 错误: 方法引用无效
            ItemEnchantmentsData::getInput,
            ^
  找不到符号
    符号:   方法 getInput()
    位置: 类 ItemEnchantmentsData
D:\Minecraft-Mods\AnvilCraft\src\main\java\dev\dubhe\anvilcraft\api\recipe\data\MultiphaseData.java:114: 错误: 找不到符号
                        .withItemName(ctx.getResult().getItem().getDescription().copy().append(Multiphase.makeSuffix(i)))
                                         ^
  符号:   方法 getResult()
  位置: 类型为ResultContext的变量 ctx
D:\Minecraft-Mods\AnvilCraft\src\main\java\dev\dubhe\anvilcraft\api\recipe\data\MultiphaseData.java:141: 错误: 找不到符号
                        .withItemName(ctx.getResult().getItem().getDescription().copy().append(Multiphase.makeSuffix(i)))
                                         ^
  符号:   方法 getResult()
  位置: 类型为ResultContext的变量 ctx
D:\Minecraft-Mods\AnvilCraft\src\main\java\dev\dubhe\anvilcraft\api\recipe\data\MultiphaseData.java:173: 错误: 找不到符号
                        .withItemName(ctx.getResult().getItem().getDescription().copy().append(Multiphase.makeSuffix(i)))
                                         ^
  符号:   方法 getResult()
  位置: 类型为ResultContext的变量 ctx
D:\Minecraft-Mods\AnvilCraft\src\main\java\dev\dubhe\anvilcraft\saved\multiphase\Multiphase.java:145: 错误: 找不到符号
                phase = Phase.create(i).withItemName(original.getDescription().copy().append(makeSuffix(i)));
                                                             ^
  符号:   方法 getDescription()
  位置: 类型为Item的变量 original
D:\Minecraft-Mods\AnvilCraft\src\main\java\dev\dubhe\anvilcraft\saved\multiphase\Multiphase.java:156: 错误: 找不到符号
                    phase = phase.withItemName(original.getDescription().copy().append(makeSuffix(i)));
                                                       ^
  符号:   方法 getDescription()
  位置: 类型为Item的变量 original
D:\Minecraft-Mods\AnvilCraft\src\main\java\dev\dubhe\anvilcraft\saved\multiphase\Multiphase.java:242: 错误: 找不到符号
            ComponentSerialization.FLAT_CODEC
                                  ^
  符号:   变量 FLAT_CODEC
  位置: 类 ComponentSerialization
D:\Minecraft-Mods\AnvilCraft\src\main\java\dev\dubhe\anvilcraft\saved\multiphase\Multiphase.java:245: 错误: 找不到符号
            ComponentSerialization.FLAT_CODEC
                                  ^
  符号:   变量 FLAT_CODEC
  位置: 类 ComponentSerialization
D:\Minecraft-Mods\AnvilCraft\src\main\java\dev\dubhe\anvilcraft\saved\multiphase\Multiphase.java:248: 错误: 找不到符号
            ComponentSerialization.FLAT_CODEC
                                  ^
  符号:   变量 FLAT_CODEC
  位置: 类 ComponentSerialization
D:\Minecraft-Mods\AnvilCraft\src\main\java\dev\dubhe\anvilcraft\api\recipe\data\NormalDataComponent.java:57: 错误: 方法引用无效
                .forGetter(NormalDataComponent::getInput),
                           ^
  找不到符号
    符号:   方法 getInput()
    位置: 类 NormalDataComponent
D:\Minecraft-Mods\AnvilCraft\src\main\java\dev\dubhe\anvilcraft\api\recipe\data\NormalDataComponent.java:64: 错误: 方法引用无效
            NormalDataComponent::getInput,
            ^
  找不到符号
    符号:   方法 getInput()
    位置: 类 NormalDataComponent
D:\Minecraft-Mods\AnvilCraft\src\main\java\dev\dubhe\anvilcraft\api\recipe\number\BinomialDistributionGenerator.java:36: 错误: 找不到符号
        RandomSource random = ctx.getRandom();
                                 ^
  符号:   方法 getRandom()
  位置: 类型为ResultContext的变量 ctx
D:\Minecraft-Mods\AnvilCraft\src\main\java\dev\dubhe\anvilcraft\api\recipe\number\EnchantmentLevelProvider.java:47: 错误: 找不到符号
        return this.amount.calculate(ctx.getInput(this.slot).getEnchantmentLevel(ctx.getRegistries().holderOrThrow(this.enchantment)));
                                                                                    ^
  符号:   方法 getRegistries()
  位置: 类型为ResultContext的变量 ctx
D:\Minecraft-Mods\AnvilCraft\src\main\java\dev\dubhe\anvilcraft\api\recipe\number\UniformGenerator.java:34: 错误: 找不到符号
        return Mth.nextInt(ctx.getRandom(), this.min.getInt(ctx), this.max.getInt(ctx));
                              ^
  符号:   方法 getRandom()
  位置: 类型为ResultContext的变量 ctx
D:\Minecraft-Mods\AnvilCraft\src\main\java\dev\dubhe\anvilcraft\api\recipe\number\UniformGenerator.java:39: 错误: 找不到符号
        return Mth.nextFloat(ctx.getRandom(), this.min.getFloat(ctx), this.max.getFloat(ctx));
                                ^
  符号:   方法 getRandom()
  位置: 类型为ResultContext的变量 ctx
D:\Minecraft-Mods\AnvilCraft\src\main\java\dev\dubhe\anvilcraft\api\recipe\result\modifier\ChangeDataType.java:55: 错误: 找不到符号
        return new Builder<T>().input(input).orig(orig).dest(dest);
                               ^
  符号:   方法 input(RecipeInputSlot)
  位置: 类 Builder<T>
  其中, T是类型变量:
    T扩展已在方法 <T>changeDataType(RecipeInputSlot,DataComponentType<T>,ICustomDataComponent<T>)中声明的Object
D:\Minecraft-Mods\AnvilCraft\src\main\java\dev\dubhe\anvilcraft\api\recipe\result\modifier\ChangeDataType.java:62: 错误: 找不到符号
        ctx.getResult().set(this.orig, null);
           ^
  符号:   方法 getResult()
  位置: 类型为ResultContext的变量 ctx
D:\Minecraft-Mods\AnvilCraft\src\main\java\dev\dubhe\anvilcraft\api\recipe\result\modifier\ChangeDataType.java:63: 错误: 找不到符号
        ctx.getResult().set(
           ^
  符号:   方法 getResult()
  位置: 类型为ResultContext的变量 ctx
D:\Minecraft-Mods\AnvilCraft\src\main\java\dev\dubhe\anvilcraft\api\recipe\result\modifier\ChangeDataType.java:65: 错误: 找不到符号
            this.dest.merge(ctx.getResult().get(this.dest.getDataComponentType()), value)
                               ^
  符号:   方法 getResult()
  位置: 类型为ResultContext的变量 ctx
D:\Minecraft-Mods\AnvilCraft\src\main\java\dev\dubhe\anvilcraft\api\recipe\result\modifier\CopyData.java:52: 错误: 找不到符号
        type.applyToStack(ctx.getResult(), type.make(ctx));
                             ^
  符号:   方法 getResult()
  位置: 类型为ResultContext的变量 ctx
D:\Minecraft-Mods\AnvilCraft\src\main\java\dev\dubhe\anvilcraft\api\recipe\result\modifier\MergeData.java:56: 错误: 找不到符号
        T oldData = ctx.getResult().get(type.getDataComponentType());
                       ^
  符号:   方法 getResult()
  位置: 类型为ResultContext的变量 ctx
D:\Minecraft-Mods\AnvilCraft\src\main\java\dev\dubhe\anvilcraft\api\recipe\result\modifier\MergeData.java:62: 错误: 找不到符号
        type.applyToStack(ctx.getResult(), newData);
                             ^
  符号:   方法 getResult()
  位置: 类型为ResultContext的变量 ctx
D:\Minecraft-Mods\AnvilCraft\src\main\java\dev\dubhe\anvilcraft\api\recipe\result\modifier\RemoveAttribute.java:46: 错误: 找不到符号
        for (var entry : ctx.getResult().getAttributeModifiers().modifiers()) {
                            ^
  符号:   方法 getResult()
  位置: 类型为ResultContext的变量 ctx
D:\Minecraft-Mods\AnvilCraft\src\main\java\dev\dubhe\anvilcraft\api\recipe\result\modifier\RemoveAttribute.java:49: 错误: 找不到符号
        ctx.getResult().set(DataComponents.ATTRIBUTE_MODIFIERS, builder.build());
           ^
  符号:   方法 getResult()
  位置: 类型为ResultContext的变量 ctx
D:\Minecraft-Mods\AnvilCraft\src\main\java\dev\dubhe\anvilcraft\api\recipe\result\modifier\RemoveData.java:44: 错误: 找不到符号
            ctx.getResult().set(type, null);
               ^
  符号:   方法 getResult()
  位置: 类型为ResultContext的变量 ctx
D:\Minecraft-Mods\AnvilCraft\src\main\java\dev\dubhe\anvilcraft\api\recipe\result\RecipeResult.java:102: 错误: 找不到符号
        return ctx.getResult();
                  ^
  符号:   方法 getResult()
  位置: 类型为ResultContext的变量 ctx
D:\Minecraft-Mods\AnvilCraft\src\main\java\dev\dubhe\anvilcraft\api\rendering\CacheableBERenderingPipeline.java:53: 错误: 无法将记录 ChunkPos中的构造器 ChunkPos应用到给定类型;
        ChunkPos chunkPos = new ChunkPos(be.getBlockPos());
                            ^
  需要: int,int
  找到:    BlockPos
  原因: 实际参数列表和形式参数列表长度不同
D:\Minecraft-Mods\AnvilCraft\src\main\java\dev\dubhe\anvilcraft\api\rendering\CacheableBERenderingPipeline.java:58: 错误: 无法将记录 ChunkPos中的构造器 ChunkPos应用到给定类型;
        ChunkPos chunkPos = new ChunkPos(be.getBlockPos());
                            ^
  需要: int,int
  找到:    BlockPos
  原因: 实际参数列表和形式参数列表长度不同
D:\Minecraft-Mods\AnvilCraft\src\main\java\dev\dubhe\anvilcraft\api\rendering\RenderRegion.java:34: 错误: 找不到符号
        RenderType.SOLID,
        ^
  符号:   变量 RenderType
  位置: 类 RenderRegion
D:\Minecraft-Mods\AnvilCraft\src\main\java\dev\dubhe\anvilcraft\api\rendering\RenderRegion.java:36: 错误: 找不到符号
        RenderType.TRANSLUCENT,
        ^
  符号:   变量 RenderType
  位置: 类 RenderRegion
D:\Minecraft-Mods\AnvilCraft\src\main\java\dev\dubhe\anvilcraft\api\rendering\RenderRegion.java:91: 错误: 找不到符号
        VertexBuffer vb = new VertexBuffer(VertexBuffer.Usage.STATIC);
        ^
  符号:   类 VertexBuffer
  位置: 类 RenderRegion
D:\Minecraft-Mods\AnvilCraft\src\main\java\dev\dubhe\anvilcraft\api\rendering\RenderRegion.java:91: 错误: 找不到符号
        VertexBuffer vb = new VertexBuffer(VertexBuffer.Usage.STATIC);
                              ^
  符号:   类 VertexBuffer
  位置: 类 RenderRegion
D:\Minecraft-Mods\AnvilCraft\src\main\java\dev\dubhe\anvilcraft\api\rendering\RenderRegion.java:91: 错误: 程序包VertexBuffer不存在
        VertexBuffer vb = new VertexBuffer(VertexBuffer.Usage.STATIC);
                                                       ^
D:\Minecraft-Mods\AnvilCraft\src\main\java\dev\dubhe\anvilcraft\api\rendering\RenderRegion.java:103: 错误: 找不到符号
        RenderSystem.enableBlend();
                    ^
  符号:   方法 enableBlend()
  位置: 类 RenderSystem
D:\Minecraft-Mods\AnvilCraft\src\main\java\dev\dubhe\anvilcraft\api\rendering\RenderRegion.java:105: 错误: 找不到符号
        Vec3 cameraPosition = minecraft.gameRenderer.getMainCamera().getPosition();
                                                                    ^
  符号:   方法 getPosition()
  位置: 类 Camera
D:\Minecraft-Mods\AnvilCraft\src\main\java\dev\dubhe\anvilcraft\api\rendering\RenderRegion.java:107: 错误: x 在 ChunkPos 中是 private 访问控制
        if (cameraPosition.distanceTo(new Vec3(chunkPos.x * 16, cameraPosition.y, chunkPos.z * 16)) > renderDistance) {
                                                       ^
D:\Minecraft-Mods\AnvilCraft\src\main\java\dev\dubhe\anvilcraft\api\rendering\RenderRegion.java:107: 错误: z 在 ChunkPos 中是 private 访问控制
        if (cameraPosition.distanceTo(new Vec3(chunkPos.x * 16, cameraPosition.y, chunkPos.z * 16)) > renderDistance) {
                                                                                          ^
D:\Minecraft-Mods\AnvilCraft\src\main\java\dev\dubhe\anvilcraft\api\rendering\RenderRegion.java:110: 错误: 找不到符号
        List<RenderType> allRenderTypes = new ArrayList<>(renderTypes);
             ^
  符号:   类 RenderType
  位置: 类 RenderRegion
D:\Minecraft-Mods\AnvilCraft\src\main\java\dev\dubhe\anvilcraft\api\rendering\RenderRegion.java:112: 错误: 找不到符号
            RenderType type = FORCED_ORDER[i];
            ^
  符号:   类 RenderType
  位置: 类 RenderRegion
D:\Minecraft-Mods\AnvilCraft\src\main\java\dev\dubhe\anvilcraft\api\rendering\RenderRegion.java:118: 错误: 找不到符号
        for (RenderType renderType : allRenderTypes) {
             ^
  符号:   类 RenderType
  位置: 类 RenderRegion
D:\Minecraft-Mods\AnvilCraft\src\main\java\dev\dubhe\anvilcraft\api\rendering\RenderRegion.java:119: 错误: 找不到符号
            VertexBuffer vb = buffers.get(renderType);
            ^
  符号:   类 VertexBuffer
  位置: 类 RenderRegion
D:\Minecraft-Mods\AnvilCraft\src\main\java\dev\dubhe\anvilcraft\api\rendering\RenderRegion.java:127: 错误: 找不到符号
        buffers.values().forEach(VertexBuffer::close);
                                 ^
  符号:   变量 VertexBuffer
  位置: 类 RenderRegion
D:\Minecraft-Mods\AnvilCraft\src\main\java\dev\dubhe\anvilcraft\api\rendering\RenderRegion.java:141: 错误: 找不到符号
        ShaderInstance shader = RenderSystem.getShader();
        ^
  符号:   类 ShaderInstance
  位置: 类 RenderRegion
D:\Minecraft-Mods\AnvilCraft\src\main\java\dev\dubhe\anvilcraft\api\rendering\RenderRegion.java:141: 错误: 找不到符号
        ShaderInstance shader = RenderSystem.getShader();
                                            ^
  符号:   方法 getShader()
  位置: 类 RenderSystem
D:\Minecraft-Mods\AnvilCraft\src\main\java\dev\dubhe\anvilcraft\api\rendering\RenderRegion.java:144: 错误: 找不到符号
        Uniform uniform = shader.CHUNK_OFFSET;
        ^
  符号:   类 Uniform
  位置: 类 RenderRegion
D:\Minecraft-Mods\AnvilCraft\src\main\java\dev\dubhe\anvilcraft\api\rendering\RenderRegion.java:155: 错误: 找不到符号
        VertexBuffer.unbind();
        ^
  符号:   变量 VertexBuffer
  位置: 类 RenderRegion
D:\Minecraft-Mods\AnvilCraft\src\main\java\dev\dubhe\anvilcraft\api\rendering\CompileResult.java:49: 错误: 找不到符号
            indexBuffer.bind(indexCount);
                       ^
  符号:   方法 bind(int)
  位置: 类型为AutoStorageIndexBuffer的变量 indexBuffer
D:\Minecraft-Mods\AnvilCraft\src\main\java\dev\dubhe\anvilcraft\api\rendering\CompileResult.java:52: 错误: 找不到符号
        VertexBuffer.unbind();
        ^
  符号:   变量 VertexBuffer
  位置: 类 CompileResult
D:\Minecraft-Mods\AnvilCraft\src\main\java\dev\dubhe\anvilcraft\api\rendering\FullyBufferedBufferSource.java:53: 错误: 找不到符号
        for (RenderType renderType : bufferBuilders.keySet()) {
             ^
  符号:   类 RenderType
  位置: 类 FullyBufferedBufferSource
D:\Minecraft-Mods\AnvilCraft\src\main\java\dev\dubhe\anvilcraft\api\sliding\SlidingBlockSection.java:158: 错误: 无法将类 BlockEntity中的方法 loadCustomOnly应用到给定类型;
                .ifPresent(entity1 -> entity1.loadCustomOnly(info.entityData(), level.registryAccess()));
                                             ^
  需要: ValueInput
  找到:    CompoundTag,RegistryAccess
  原因: 实际参数列表和形式参数列表长度不同
D:\Minecraft-Mods\AnvilCraft\src\main\java\dev\dubhe\anvilcraft\api\sliding\SlidingBlockSection.java:159: 错误: 不兼容的类型: BlockPos无法转换为Orientation
            level.neighborChanged(pos, state.getBlock(), pos);
                                                         ^
D:\Minecraft-Mods\AnvilCraft\src\main\java\dev\dubhe\anvilcraft\api\sliding\SlidingBlockSection.java:164: 错误: 找不到符号
                .broadcast(entity, new ClientboundBlockUpdatePacket(pos, level.getBlockState(pos)));
                ^
  符号:   方法 broadcast(Entity,ClientboundBlockUpdatePacket)
  位置: 类型为ChunkMap的变量 chunkMap
D:\Minecraft-Mods\AnvilCraft\src\main\java\dev\dubhe\anvilcraft\api\SpawningManager.java:172: 错误: 找不到符号
        MobSpawnType spawnType = event.getSpawnType();
        ^
  符号:   类 MobSpawnType
  位置: 类 SpawningManager
D:\Minecraft-Mods\AnvilCraft\src\main\java\dev\dubhe\anvilcraft\api\SpawningManager.java:174: 错误: 找不到符号
            !spawnType.equals(MobSpawnType.NATURAL)
                              ^
  符号:   变量 MobSpawnType
  位置: 类 SpawningManager
D:\Minecraft-Mods\AnvilCraft\src\main\java\dev\dubhe\anvilcraft\api\SpawningManager.java:175: 错误: 找不到符号
            && !spawnType.equals(MobSpawnType.CHUNK_GENERATION)
                                 ^
  符号:   变量 MobSpawnType
  位置: 类 SpawningManager
D:\Minecraft-Mods\AnvilCraft\src\main\java\dev\dubhe\anvilcraft\api\SpawningManager.java:176: 错误: 找不到符号
            && !spawnType.equals(MobSpawnType.PATROL)
                                 ^
  符号:   变量 MobSpawnType
  位置: 类 SpawningManager
D:\Minecraft-Mods\AnvilCraft\src\main\java\dev\dubhe\anvilcraft\api\taslatower\HasCustomNameFilter.java:7: 错误: HasCustomNameFilter不是抽象的, 并且未覆盖TeslaFilter中的抽象方法getId()
public class HasCustomNameFilter extends TeslaFilter {
       ^
D:\Minecraft-Mods\AnvilCraft\src\main\java\dev\dubhe\anvilcraft\api\taslatower\IsBabyFriendlyFilter.java:8: 错误: IsBabyFriendlyFilter不是抽象的, 并且未覆盖TeslaFilter中的抽象方法getId()
public class IsBabyFriendlyFilter extends TeslaFilter {
       ^
D:\Minecraft-Mods\AnvilCraft\src\main\java\dev\dubhe\anvilcraft\api\taslatower\IsEntityIdFilter.java:7: 错误: IsEntityIdFilter不是抽象的, 并且未覆盖TeslaFilter中的抽象方法getId()
public class IsEntityIdFilter extends TeslaFilter {
       ^
D:\Minecraft-Mods\AnvilCraft\src\main\java\dev\dubhe\anvilcraft\api\taslatower\IsFriendlyFilter.java:7: 错误: IsFriendlyFilter不是抽象的, 并且未覆盖TeslaFilter中的抽象方法getId()
public class IsFriendlyFilter extends TeslaFilter {
       ^
D:\Minecraft-Mods\AnvilCraft\src\main\java\dev\dubhe\anvilcraft\api\taslatower\IsOnVehicleFilter.java:7: 错误: IsOnVehicleFilter不是抽象的, 并且未覆盖TeslaFilter中的抽象方法getId()
public class IsOnVehicleFilter extends TeslaFilter {
       ^
D:\Minecraft-Mods\AnvilCraft\src\main\java\dev\dubhe\anvilcraft\api\taslatower\IsPetFilter.java:8: 错误: IsPetFilter不是抽象的, 并且未覆盖TeslaFilter中的抽象方法getId()
public class IsPetFilter extends TeslaFilter {
       ^
D:\Minecraft-Mods\AnvilCraft\src\main\java\dev\dubhe\anvilcraft\api\taslatower\IsPlayerFilter.java:8: 错误: IsPlayerFilter不是抽象的, 并且未覆盖TeslaFilter中的抽象方法getId()
public class IsPlayerFilter extends TeslaFilter {
       ^
D:\Minecraft-Mods\AnvilCraft\src\main\java\dev\dubhe\anvilcraft\api\taslatower\IsPlayerIdFilter.java:8: 错误: IsPlayerIdFilter不是抽象的, 并且未覆盖TeslaFilter中的抽象方法getId()
public class IsPlayerIdFilter extends TeslaFilter {
       ^
D:\Minecraft-Mods\AnvilCraft\src\main\java\dev\dubhe\anvilcraft\api\thought\Thinkable.java:15: 错误: 找不到符号
        if (!Environment.get().getDist().isClient()) {
             ^
  符号:   变量 Environment
  位置: 接口 Thinkable
D:\Minecraft-Mods\AnvilCraft\src\main\java\dev\dubhe\anvilcraft\api\thought\Thinkable.java:18: 错误: 找不到符号
        long lastThoughtTime = ThoughtManager.getLastThoughtTime();
                                             ^
  符号:   方法 getLastThoughtTime()
  位置: 类 ThoughtManager
D:\Minecraft-Mods\AnvilCraft\src\main\java\dev\dubhe\anvilcraft\api\thought\Thinkable.java:32: 错误: 找不到符号
        final double maxSeconds = ThoughtManager.getMAX_SECONDS();
                                                ^
  符号:   方法 getMAX_SECONDS()
  位置: 类 ThoughtManager
D:\Minecraft-Mods\AnvilCraft\src\main\java\dev\dubhe\anvilcraft\api\thought\ThoughtManager.java:28: 警告: [removal] AbstractContainerScreen 中的 getSlotUnderMouse() 已过时, 且标记为待删除
        Slot slot = screen.getSlotUnderMouse();
                          ^
D:\Minecraft-Mods\AnvilCraft\src\main\java\dev\dubhe\anvilcraft\api\thought\ThoughtManager.java:41: 警告: [removal] AbstractContainerScreen 中的 getSlotUnderMouse() 已过时, 且标记为待删除
        Slot slot = screen.getSlotUnderMouse();
                          ^
D:\Minecraft-Mods\AnvilCraft\src\main\java\dev\dubhe\anvilcraft\api\tooltip\TooltipRenderHelper.java:101: 错误: 无法将接口 ClientTooltipComponent中的方法 getHeight应用到给定类型;
            height += component.getHeight();
                               ^
  需要: Font
  找到:    没有参数
  原因: 实际参数列表和形式参数列表长度不同
D:\Minecraft-Mods\AnvilCraft\src\main\java\dev\dubhe\anvilcraft\api\tooltip\TooltipRenderHelper.java:124: 错误: 无法将接口 ClientTooltipComponent中的方法 getHeight应用到给定类型;
            q += component.getHeight() + (i == 0 ? 2 : 0);
                          ^
  需要: Font
  找到:    没有参数
  原因: 实际参数列表和形式参数列表长度不同
D:\Minecraft-Mods\AnvilCraft\src\main\java\dev\dubhe\anvilcraft\api\tooltip\TooltipRenderHelper.java:130: 错误: 无法将接口 ClientTooltipComponent中的方法 getHeight应用到给定类型;
            q += component.getHeight() + (i == 0 ? 2 : 0);
                          ^
  需要: Font
  找到:    没有参数
  原因: 实际参数列表和形式参数列表长度不同
D:\Minecraft-Mods\AnvilCraft\src\main\java\dev\dubhe\anvilcraft\api\tooltip\impl\ChargerTooltipProvider.java:35: 错误: 找不到符号
            overloaded = charger.getBlockState().getValues().getOrDefault(IPowerComponent.OVERLOAD, true).equals(Boolean.TRUE);
                                                            ^
  符号:   方法 getOrDefault(BooleanProperty,boolean)
  位置: 接口 Stream<Value<?>>
D:\Minecraft-Mods\AnvilCraft\src\main\java\dev\dubhe\anvilcraft\api\tooltip\impl\ChargerTooltipProvider.java:43: 错误: 找不到符号
        overloaded |= grid.getConsume() > grid.getGenerate();
                          ^
  符号:   方法 getConsume()
  位置: 类型为SimplePowerGrid的变量 grid
D:\Minecraft-Mods\AnvilCraft\src\main\java\dev\dubhe\anvilcraft\api\tooltip\impl\ChargerTooltipProvider.java:43: 错误: 找不到符号
        overloaded |= grid.getConsume() > grid.getGenerate();
                                              ^
  符号:   方法 getGenerate()
  位置: 类型为SimplePowerGrid的变量 grid
D:\Minecraft-Mods\AnvilCraft\src\main\java\dev\dubhe\anvilcraft\api\tooltip\impl\ChargerTooltipProvider.java:62: 错误: 找不到符号
        lines.add(Component.translatable("tooltip.anvilcraft.grid_information.total_consumed", grid.getConsume())
                                                                                                   ^
  符号:   方法 getConsume()
  位置: 类型为SimplePowerGrid的变量 grid
D:\Minecraft-Mods\AnvilCraft\src\main\java\dev\dubhe\anvilcraft\api\tooltip\impl\ChargerTooltipProvider.java:64: 错误: 找不到符号
        lines.add(Component.translatable("tooltip.anvilcraft.grid_information.total_generated", grid.getGenerate())
                                                                                                    ^
  符号:   方法 getGenerate()
  位置: 类型为SimplePowerGrid的变量 grid
D:\Minecraft-Mods\AnvilCraft\src\main\java\dev\dubhe\anvilcraft\api\tooltip\impl\PowerComponentTooltipProvider.java:56: 错误: 找不到符号
                overloaded = e.getBlockState().getValues().getOrDefault(IPowerComponent.OVERLOAD, true).equals(Boolean.TRUE);
                                                          ^
  符号:   方法 getOrDefault(BooleanProperty,boolean)
  位置: 接口 Stream<Value<?>>
D:\Minecraft-Mods\AnvilCraft\src\main\java\dev\dubhe\anvilcraft\api\tooltip\impl\PowerComponentTooltipProvider.java:68: 错误: 找不到符号
        overloaded |= grid.getConsume() > grid.getGenerate();
                          ^
  符号:   方法 getConsume()
  位置: 类型为SimplePowerGrid的变量 grid
D:\Minecraft-Mods\AnvilCraft\src\main\java\dev\dubhe\anvilcraft\api\tooltip\impl\PowerComponentTooltipProvider.java:68: 错误: 找不到符号
        overloaded |= grid.getConsume() > grid.getGenerate();
                                              ^
  符号:   方法 getGenerate()
  位置: 类型为SimplePowerGrid的变量 grid
D:\Minecraft-Mods\AnvilCraft\src\main\java\dev\dubhe\anvilcraft\api\tooltip\impl\PowerComponentTooltipProvider.java:101: 错误: 找不到符号
                    UnitUtil.electricityUnit(grid.getConsume(), original)
                                                 ^
  符号:   方法 getConsume()
  位置: 类型为SimplePowerGrid的变量 grid
D:\Minecraft-Mods\AnvilCraft\src\main\java\dev\dubhe\anvilcraft\api\tooltip\impl\PowerComponentTooltipProvider.java:106: 错误: 找不到符号
                    UnitUtil.electricityUnit(grid.getGenerate(), original)
                                                 ^
  符号:   方法 getGenerate()
  位置: 类型为SimplePowerGrid的变量 grid
D:\Minecraft-Mods\AnvilCraft\src\main\java\dev\dubhe\anvilcraft\api\tooltip\impl\DeflectionRingTooltipProvider.java:42: 错误: 找不到符号
                        ((int) (deflectionRingBlockEntity.getLastEntitySpeed() * 100) / 100.0)
                                                         ^
  符号:   方法 getLastEntitySpeed()
  位置: 类型为DeflectionRingBlockEntity的变量 deflectionRingBlockEntity
D:\Minecraft-Mods\AnvilCraft\src\main\java\dev\dubhe\anvilcraft\api\tooltip\impl\HeatableBlockTooltipProvider.java:33: 错误: 方法引用无效
            .map(HeatableBlockEntity::getDuration)
                 ^
  找不到符号
    符号:   方法 getDuration()
    位置: 类 HeatableBlockEntity
D:\Minecraft-Mods\AnvilCraft\src\main\java\dev\dubhe\anvilcraft\api\tooltip\impl\HeatCollectorTooltipProvider.java:45: 错误: 找不到符号
                Component.translatable(heatCollector.getResult().getTranslateKey())
                                                    ^
  符号:   方法 getResult()
  位置: 类型为HeatCollectorBlockEntity的变量 heatCollector
D:\Minecraft-Mods\AnvilCraft\src\main\java\dev\dubhe\anvilcraft\api\tooltip\impl\HeatCollectorTooltipProvider.java:51: 错误: 找不到符号
            overloaded = e.getBlockState().getValues().getOrDefault(IPowerComponent.OVERLOAD, true).equals(Boolean.TRUE);
                                                      ^
  符号:   方法 getOrDefault(BooleanProperty,boolean)
  位置: 接口 Stream<Value<?>>
D:\Minecraft-Mods\AnvilCraft\src\main\java\dev\dubhe\anvilcraft\api\tooltip\impl\HeatCollectorTooltipProvider.java:60: 错误: 找不到符号
        overloaded |= grid.getConsume() > grid.getGenerate();
                          ^
  符号:   方法 getConsume()
  位置: 类型为SimplePowerGrid的变量 grid
D:\Minecraft-Mods\AnvilCraft\src\main\java\dev\dubhe\anvilcraft\api\tooltip\impl\HeatCollectorTooltipProvider.java:60: 错误: 找不到符号
        overloaded |= grid.getConsume() > grid.getGenerate();
                                              ^
  符号:   方法 getGenerate()
  位置: 类型为SimplePowerGrid的变量 grid
D:\Minecraft-Mods\AnvilCraft\src\main\java\dev\dubhe\anvilcraft\api\tooltip\impl\HeatCollectorTooltipProvider.java:91: 错误: 找不到符号
                    UnitUtil.electricityUnit(grid.getConsume(), original)
                                                 ^
  符号:   方法 getConsume()
  位置: 类型为SimplePowerGrid的变量 grid
D:\Minecraft-Mods\AnvilCraft\src\main\java\dev\dubhe\anvilcraft\api\tooltip\impl\HeatCollectorTooltipProvider.java:96: 错误: 找不到符号
                    UnitUtil.electricityUnit(grid.getGenerate(), original)
                                                 ^
  符号:   方法 getGenerate()
  位置: 类型为SimplePowerGrid的变量 grid
D:\Minecraft-Mods\AnvilCraft\src\main\java\dev\dubhe\anvilcraft\api\tooltip\impl\HeliostatsTooltipProvider.java:18: 错误: 找不到符号
            && !heliostatsBlockEntity.getWorkResult().isWorking();
                                     ^
  符号:   方法 getWorkResult()
  位置: 类型为HeliostatsBlockEntity的变量 heliostatsBlockEntity
D:\Minecraft-Mods\AnvilCraft\src\main\java\dev\dubhe\anvilcraft\api\tooltip\impl\HeliostatsTooltipProvider.java:26: 错误: 找不到符号
        lines.add(Component.translatable(heliostatsBlockEntity.getWorkResult().getTranslateKey()));
                                                              ^
  符号:   方法 getWorkResult()
  位置: 类型为HeliostatsBlockEntity的变量 heliostatsBlockEntity
D:\Minecraft-Mods\AnvilCraft\src\main\java\dev\dubhe\anvilcraft\api\tooltip\impl\PropelPistonTooltipProvider.java:42: 错误: 找不到符号
            int storedEnergy = propelPistonBlockEntity.getStoredEnergy();
                                                      ^
  符号:   方法 getStoredEnergy()
  位置: 类型为PropelPistonBlockEntity的变量 propelPistonBlockEntity
D:\Minecraft-Mods\AnvilCraft\src\main\java\dev\dubhe\anvilcraft\api\tooltip\ItemTooltipManager.java:256: 错误: 找不到符号
                UnitUtil.energyUnit(stack.getOrDefault(ModComponents.STORED_ENERGY, 0), Screen.hasShiftDown())
                                                                                              ^
  符号:   方法 hasShiftDown()
  位置: 类 Screen
D:\Minecraft-Mods\AnvilCraft\src\main\java\dev\dubhe\anvilcraft\api\tooltip\ItemTooltipManager.java:261: 错误: 对于propertyTooltip(String,List<Component>,int,String), 找不到合适的方法
                propertyTooltip(
                ^
    方法 ItemTooltipManager.propertyTooltip(String,List<Component>,ChatFormatting,Object...)不适用
      (参数不匹配; int无法转换为ChatFormatting)
    方法 ItemTooltipManager.propertyTooltip(DataComponentType<?>,List<Component>,int,Object...)不适用
      (参数不匹配; String无法转换为DataComponentType<?>)
D:\Minecraft-Mods\AnvilCraft\src\main\java\dev\dubhe\anvilcraft\api\tooltip\ItemTooltipManager.java:268: 错误: 对于propertyTooltip(String,List<Component>,int,Component), 找不到合适的方法
            propertyTooltip(
            ^
    方法 ItemTooltipManager.propertyTooltip(String,List<Component>,ChatFormatting,Object...)不适用
      (参数不匹配; int无法转换为ChatFormatting)
    方法 ItemTooltipManager.propertyTooltip(DataComponentType<?>,List<Component>,int,Object...)不适用
      (参数不匹配; String无法转换为DataComponentType<?>)
D:\Minecraft-Mods\AnvilCraft\src\main\java\dev\dubhe\anvilcraft\api\tooltip\ItemTooltipManager.java:276: 错误: 找不到符号
            if (Screen.hasShiftDown()) {
                      ^
  符号:   方法 hasShiftDown()
  位置: 类 Screen
D:\Minecraft-Mods\AnvilCraft\src\main\java\dev\dubhe\anvilcraft\api\tooltip\ItemTooltipManager.java:277: 错误: 对于propertyTooltip(String,List<Component>,int,Component), 找不到合适的方法
                propertyTooltip("providence.shifting", tooltip, 0xFFCB62, ComponentUtils.formatList(
                ^
    方法 ItemTooltipManager.propertyTooltip(String,List<Component>,ChatFormatting,Object...)不适用
      (参数不匹配; int无法转换为ChatFormatting)
    方法 ItemTooltipManager.propertyTooltip(DataComponentType<?>,List<Component>,int,Object...)不适用
      (参数不匹配; String无法转换为DataComponentType<?>)
D:\Minecraft-Mods\AnvilCraft\src\main\java\dev\dubhe\anvilcraft\api\tooltip\ItemTooltipManager.java:286: 错误: 对于propertyTooltip(String,List<Component>,int,Component), 找不到合适的方法
                propertyTooltip(
                ^
    方法 ItemTooltipManager.propertyTooltip(String,List<Component>,ChatFormatting,Object...)不适用
      (参数不匹配; int无法转换为ChatFormatting)
    方法 ItemTooltipManager.propertyTooltip(DataComponentType<?>,List<Component>,int,Object...)不适用
      (参数不匹配; String无法转换为DataComponentType<?>)
D:\Minecraft-Mods\AnvilCraft\src\main\java\dev\dubhe\anvilcraft\api\tooltip\ItemTooltipManager.java:307: 错误: 找不到符号
            if (Screen.hasShiftDown()) {
                      ^
  符号:   方法 hasShiftDown()
  位置: 类 Screen
D:\Minecraft-Mods\AnvilCraft\src\main\java\dev\dubhe\anvilcraft\api\totem\handler\AmuletBoxHandler.java:22: 错误: 找不到符号
        Map<Item, TotemHandler> totemMap = TotemManager.INSTANCE.getTotemMap();
                                                                ^
  符号:   方法 getTotemMap()
  位置: 类型为TotemManager的变量 INSTANCE
D:\Minecraft-Mods\AnvilCraft\src\main\java\dev\dubhe\anvilcraft\api\totem\handler\TotemOfRageHandler.java:26: 错误: 找不到符号
            entity.addEffect(new MobEffectInstance(MobEffects.DAMAGE_BOOST, 1200, 4));
                                                             ^
  符号:   变量 DAMAGE_BOOST
  位置: 类 MobEffects
D:\Minecraft-Mods\AnvilCraft\src\main\java\dev\dubhe\anvilcraft\api\totem\handler\TotemOfRageHandler.java:27: 错误: 找不到符号
            entity.addEffect(new MobEffectInstance(MobEffects.MOVEMENT_SPEED, 1200, 2));
                                                             ^
  符号:   变量 MOVEMENT_SPEED
  位置: 类 MobEffects
D:\Minecraft-Mods\AnvilCraft\src\main\java\dev\dubhe\anvilcraft\api\totem\handler\TotemOfRageHandler.java:28: 错误: 找不到符号
            entity.addEffect(new MobEffectInstance(MobEffects.DIG_SPEED, 1200, 2));
                                                             ^
  符号:   变量 DIG_SPEED
  位置: 类 MobEffects
D:\Minecraft-Mods\AnvilCraft\src\main\java\dev\dubhe\anvilcraft\api\totem\handler\TotemOfRecoveryHandler.java:46: 错误: 找不到符号
                ResourceKey<Level> respawnDimension = player.getRespawnDimension();
                                                            ^
  符号:   方法 getRespawnDimension()
  位置: 类型为ServerPlayer的变量 player
D:\Minecraft-Mods\AnvilCraft\src\main\java\dev\dubhe\anvilcraft\api\totem\handler\TotemOfRecoveryHandler.java:47: 错误: 找不到符号
                BlockPos respawnPos = player.getRespawnPosition() == null
                                            ^
  符号:   方法 getRespawnPosition()
  位置: 类型为ServerPlayer的变量 player
D:\Minecraft-Mods\AnvilCraft\src\main\java\dev\dubhe\anvilcraft\api\totem\handler\TotemOfRecoveryHandler.java:48: 错误: 找不到符号
                                      ? player.level().getSharedSpawnPos()
                                                      ^
  符号:   方法 getSharedSpawnPos()
  位置: 类 ServerLevel
D:\Minecraft-Mods\AnvilCraft\src\main\java\dev\dubhe\anvilcraft\api\totem\handler\TotemOfRecoveryHandler.java:49: 错误: 找不到符号
                                      : player.getRespawnPosition();
                                              ^
  符号:   方法 getRespawnPosition()
  位置: 类型为ServerPlayer的变量 player
D:\Minecraft-Mods\AnvilCraft\src\main\java\dev\dubhe\anvilcraft\api\totem\handler\TotemOfRecoveryHandler.java:53: 错误: 找不到符号
            entity.removeEffectsCuredBy(EffectCures.PROTECTED_BY_TOTEM);
                                        ^
  符号:   变量 EffectCures
  位置: 类 TotemOfRecoveryHandler
D:\Minecraft-Mods\AnvilCraft\src\main\java\dev\dubhe\anvilcraft\api\totem\handler\TotemOfUndyingHandler.java:26: 错误: 找不到符号
            entity.removeEffectsCuredBy(EffectCures.PROTECTED_BY_TOTEM);
                                        ^
  符号:   变量 EffectCures
  位置: 类 TotemOfUndyingHandler
D:\Minecraft-Mods\AnvilCraft\src\main\java\dev\dubhe\anvilcraft\api\world\load\LevelLoadManager.java:65: 错误: 找不到符号
            .filter(it -> !it.isRemoved())
                             ^
  符号:   方法 isRemoved()
  位置: 类型为LoadChuckData的变量 it
D:\Minecraft-Mods\AnvilCraft\src\main\java\dev\dubhe\anvilcraft\api\world\load\LevelLoadManager.java:68: 错误: 方法引用无效
            .filter(LoadChuckData::isRemoved)
                    ^
  找不到符号
    符号:   方法 isRemoved(T)
    位置: 类 LoadChuckData
  其中, T是类型变量:
    T扩展已在接口 Stream中声明的Object
D:\Minecraft-Mods\AnvilCraft\src\main\java\dev\dubhe\anvilcraft\api\world\load\LevelLoadManager.java:71: 错误: 方法引用无效
            .removeIf(LoadChuckData::isRemoved);
                      ^
  找不到符号
    符号:   方法 isRemoved(E)
    位置: 类 LoadChuckData
  其中, E是类型变量:
    E扩展已在接口 Collection中声明的Object
D:\Minecraft-Mods\AnvilCraft\src\main\java\dev\dubhe\anvilcraft\api\world\load\LoadChuckData.java:51: 错误: 无法将记录 ChunkPos中的构造器 ChunkPos应用到给定类型;
        ChunkPos centerChunkPos = new ChunkPos(centerPos);
                                  ^
  需要: int,int
  找到:    BlockPos
  原因: 实际参数列表和形式参数列表长度不同
D:\Minecraft-Mods\AnvilCraft\src\main\java\dev\dubhe\anvilcraft\api\world\load\LoadChuckData.java:52: 错误: x 在 ChunkPos 中是 private 访问控制
        for (int x = centerChunkPos.x - level; x <= centerChunkPos.x + level; x++) {
                                   ^
D:\Minecraft-Mods\AnvilCraft\src\main\java\dev\dubhe\anvilcraft\api\world\load\LoadChuckData.java:52: 错误: x 在 ChunkPos 中是 private 访问控制
        for (int x = centerChunkPos.x - level; x <= centerChunkPos.x + level; x++) {
                                                                  ^
D:\Minecraft-Mods\AnvilCraft\src\main\java\dev\dubhe\anvilcraft\api\world\load\LoadChuckData.java:53: 错误: z 在 ChunkPos 中是 private 访问控制
            for (int z = centerChunkPos.z - level; z <= centerChunkPos.z + level; z++) {
                                       ^
D:\Minecraft-Mods\AnvilCraft\src\main\java\dev\dubhe\anvilcraft\api\world\load\LoadChuckData.java:53: 错误: z 在 ChunkPos 中是 private 访问控制
            for (int z = centerChunkPos.z - level; z <= centerChunkPos.z + level; z++) {
                                                                      ^
D:\Minecraft-Mods\AnvilCraft\src\main\java\dev\dubhe\anvilcraft\api\world\load\LoadChuckData.java:69: 错误: x 在 ChunkPos 中是 private 访问控制
                level.setChunkForced(chunkPos.x, chunkPos.z, true);
                                             ^
D:\Minecraft-Mods\AnvilCraft\src\main\java\dev\dubhe\anvilcraft\api\world\load\LoadChuckData.java:69: 错误: z 在 ChunkPos 中是 private 访问控制
                level.setChunkForced(chunkPos.x, chunkPos.z, true);
                                                         ^
D:\Minecraft-Mods\AnvilCraft\src\main\java\dev\dubhe\anvilcraft\api\world\load\LoadChuckData.java:87: 错误: x 在 ChunkPos 中是 private 访问控制
                level.setChunkForced(chunkPos.x, chunkPos.z, false);
                                             ^
D:\Minecraft-Mods\AnvilCraft\src\main\java\dev\dubhe\anvilcraft\api\world\load\LoadChuckData.java:87: 错误: z 在 ChunkPos 中是 private 访问控制
                level.setChunkForced(chunkPos.x, chunkPos.z, false);
                                                         ^
D:\Minecraft-Mods\AnvilCraft\src\main\java\dev\dubhe\anvilcraft\api\world\load\RandomChuckTickLoadManager.java:30: 错误: 找不到符号
            for (ChunkPos chunkPos : loadChuckData.getChunkPosList()) {
                                                  ^
  符号:   方法 getChunkPosList()
  位置: 类型为LoadChuckData的变量 loadChuckData
D:\Minecraft-Mods\AnvilCraft\src\main\java\dev\dubhe\anvilcraft\api\world\load\RandomChuckTickLoadManager.java:31: 错误: 找不到符号
                ServerLevel serverLevel = loadChuckData.getServerLevel();
                                                       ^
  符号:   方法 getServerLevel()
  位置: 类型为LoadChuckData的变量 loadChuckData
D:\Minecraft-Mods\AnvilCraft\src\main\java\dev\dubhe\anvilcraft\api\world\load\RandomChuckTickLoadManager.java:36: 错误: 找不到符号
                        serverLevel.getServer().getGameRules().getInt(GameRules.RULE_RANDOMTICKING)
                                                                      ^
  符号:   变量 GameRules
  位置: 类 RandomChuckTickLoadManager
D:\Minecraft-Mods\AnvilCraft\src\main\java\dev\dubhe\anvilcraft\block\multipart\AbstractMultiPartBlock.java:56: 错误: 方法不会覆盖或实现超类型的方法
    @Override
    ^
D:\Minecraft-Mods\AnvilCraft\src\main\java\dev\dubhe\anvilcraft\block\multipart\AbstractMultiPartBlock.java:65: 错误: 无法将类 BlockBehaviour中的方法 updateShape应用到给定类型;
            return super.updateShape(state, direction, neighborState, level, pos, neighborPos);
                        ^
  需要: BlockState,LevelReader,ScheduledTickAccess,BlockPos,Direction,BlockPos,BlockState,RandomSource
  找到:    BlockState,Direction,BlockState,LevelAccessor,BlockPos,BlockPos
  原因: 实际参数列表和形式参数列表长度不同
D:\Minecraft-Mods\AnvilCraft\src\main\java\dev\dubhe\anvilcraft\block\multipart\AbstractMultiPartBlock.java:77: 错误: 无法将类 BlockBehaviour中的方法 updateShape应用到给定类型;
        return super.updateShape(state, direction, neighborState, level, pos, neighborPos);
                    ^
  需要: BlockState,LevelReader,ScheduledTickAccess,BlockPos,Direction,BlockPos,BlockState,RandomSource
  找到:    BlockState,Direction,BlockState,LevelAccessor,BlockPos,BlockPos
  原因: 实际参数列表和形式参数列表长度不同
D:\Minecraft-Mods\AnvilCraft\src\main\java\dev\dubhe\anvilcraft\block\multipart\FlexibleMultiPartBlock.java:143: 错误: 找不到符号
        return Util.interactionResultConverter().apply(this.use(state, level, pos, player, hand, hitResult));
                   ^
  符号:   方法 interactionResultConverter()
  位置: 类 Util
D:\Minecraft-Mods\AnvilCraft\src\main\java\dev\dubhe\anvilcraft\block\state\DirectionCube3x3PartHalf.java:12: 错误: DirectionCube3x3PartHalf不是抽象的, 并且未覆盖ISimpleMultiPartBlockState中的抽象方法getOffsetZ()
public enum DirectionCube3x3PartHalf
       ^
D:\Minecraft-Mods\AnvilCraft\src\main\java\dev\dubhe\anvilcraft\block\ActiveSilencerBlock.java:118: 错误: 找不到符号
            PacketDistributor.sendToPlayer(sp, new MutedSoundSyncPacket(new ArrayList<>(asbe.getMutedSound())));
                                                                                            ^
  符号:   方法 getMutedSound()
  位置: 类型为ActiveSilencerBlockEntity的变量 asbe
D:\Minecraft-Mods\AnvilCraft\src\main\java\dev\dubhe\anvilcraft\block\entity\AdvancedComparatorBlockEntity.java:70: 错误: 无法将类 AdvancedComparatorBlockEntity中的方法 saveAdditional应用到给定类型;
        this.saveAdditional(compoundTag, registries);
            ^
  需要: ValueOutput
  找到:    CompoundTag,Provider
  原因: 实际参数列表和形式参数列表长度不同
D:\Minecraft-Mods\AnvilCraft\src\main\java\dev\dubhe\anvilcraft\block\entity\AdvancedComparatorBlockEntity.java:74: 错误: 方法不会覆盖或实现超类型的方法
    @Override
    ^
D:\Minecraft-Mods\AnvilCraft\src\main\java\dev\dubhe\anvilcraft\block\entity\AdvancedComparatorBlockEntity.java:144: 错误: 找不到符号
        if (this.isRedstoneControl()) {
                ^
  符号: 方法 isRedstoneControl()
D:\Minecraft-Mods\AnvilCraft\src\main\java\dev\dubhe\anvilcraft\block\AdvancedComparatorBlock.java:159: 错误: 找不到符号
        Mode mode = comparator.getCompareMode();
                              ^
  符号:   方法 getCompareMode()
  位置: 类型为AdvancedComparatorBlockEntity的变量 comparator
D:\Minecraft-Mods\AnvilCraft\src\main\java\dev\dubhe\anvilcraft\block\AdvancedComparatorBlock.java:160: 错误: 找不到符号
        int highLimit = comparator.getHighLimit();
                                  ^
  符号:   方法 getHighLimit()
  位置: 类型为AdvancedComparatorBlockEntity的变量 comparator
D:\Minecraft-Mods\AnvilCraft\src\main\java\dev\dubhe\anvilcraft\block\AdvancedComparatorBlock.java:161: 错误: 找不到符号
        int lowLimit = comparator.getLowLimit();
                                 ^
  符号:   方法 getLowLimit()
  位置: 类型为AdvancedComparatorBlockEntity的变量 comparator
D:\Minecraft-Mods\AnvilCraft\src\main\java\dev\dubhe\anvilcraft\block\AdvancedComparatorBlock.java:162: 错误: 找不到符号
        int inputtingSignal = comparator.getInputtingSignal();
                                        ^
  符号:   方法 getInputtingSignal()
  位置: 类型为AdvancedComparatorBlockEntity的变量 comparator
D:\Minecraft-Mods\AnvilCraft\src\main\java\dev\dubhe\anvilcraft\block\AdvancedComparatorBlock.java:163: 错误: 找不到符号
        if (mode == Mode.WINDOW && highLimit == lowLimit && inputtingSignal == highLimit) comparator.setState(State.OUTPUT_HIGH);
                                                                                                    ^
  符号:   方法 setState(State)
  位置: 类型为AdvancedComparatorBlockEntity的变量 comparator
D:\Minecraft-Mods\AnvilCraft\src\main\java\dev\dubhe\anvilcraft\block\AdvancedComparatorBlock.java:164: 错误: 找不到符号
        switch (comparator.getState()) {
                          ^
  符号:   方法 getState()
  位置: 类型为AdvancedComparatorBlockEntity的变量 comparator
D:\Minecraft-Mods\AnvilCraft\src\main\java\dev\dubhe\anvilcraft\block\AdvancedComparatorBlock.java:167: 错误: 找不到符号
                    if (inputtingSignal >= highLimit) comparator.setState(State.OUTPUT_HIGH);
                                                                ^
  符号:   方法 setState(State)
  位置: 类型为AdvancedComparatorBlockEntity的变量 comparator
D:\Minecraft-Mods\AnvilCraft\src\main\java\dev\dubhe\anvilcraft\block\AdvancedComparatorBlock.java:169: 错误: 找不到符号
                    if (inputtingSignal >= lowLimit && inputtingSignal <= highLimit) comparator.setState(State.OUTPUT_HIGH);
                                                                                               ^
  符号:   方法 setState(State)
  位置: 类型为AdvancedComparatorBlockEntity的变量 comparator
D:\Minecraft-Mods\AnvilCraft\src\main\java\dev\dubhe\anvilcraft\block\AdvancedComparatorBlock.java:174: 错误: 找不到符号
                    if (inputtingSignal < lowLimit) comparator.setState(State.OUTPUT_LOW);
                                                              ^
  符号:   方法 setState(State)
  位置: 类型为AdvancedComparatorBlockEntity的变量 comparator
D:\Minecraft-Mods\AnvilCraft\src\main\java\dev\dubhe\anvilcraft\block\AdvancedComparatorBlock.java:176: 错误: 找不到符号
                    if (inputtingSignal < lowLimit || inputtingSignal > highLimit) comparator.setState(State.OUTPUT_LOW);
                                                                                             ^
  符号:   方法 setState(State)
  位置: 类型为AdvancedComparatorBlockEntity的变量 comparator
D:\Minecraft-Mods\AnvilCraft\src\main\java\dev\dubhe\anvilcraft\block\AdvancedComparatorBlock.java:179: 错误: 找不到符号
            default -> throw new IllegalStateException("Unexpected value: " + comparator.getState());
                                                                                        ^
  符号:   方法 getState()
  位置: 类型为AdvancedComparatorBlockEntity的变量 comparator
D:\Minecraft-Mods\AnvilCraft\src\main\java\dev\dubhe\anvilcraft\block\AdvancedComparatorBlock.java:247: 错误: 找不到符号
        int inputtingSignal = Mth.clamp(blockEntity.getInputtingSignal(), 0, 15);
                                                   ^
  符号:   方法 getInputtingSignal()
  位置: 类型为AdvancedComparatorBlockEntity的变量 blockEntity
D:\Minecraft-Mods\AnvilCraft\src\main\java\dev\dubhe\anvilcraft\block\AdvancedComparatorBlock.java:248: 错误: 找不到符号
        Mode mode = blockEntity.getCompareMode();
                               ^
  符号:   方法 getCompareMode()
  位置: 类型为AdvancedComparatorBlockEntity的变量 blockEntity
D:\Minecraft-Mods\AnvilCraft\src\main\java\dev\dubhe\anvilcraft\block\AdvancedComparatorBlock.java:310: 错误: 方法不会覆盖或实现超类型的方法
    @Override
    ^
D:\Minecraft-Mods\AnvilCraft\src\main\java\dev\dubhe\anvilcraft\block\AdvancedComparatorBlock.java:317: 错误: 方法不会覆盖或实现超类型的方法
    @Override
    ^
D:\Minecraft-Mods\AnvilCraft\src\main\java\dev\dubhe\anvilcraft\block\batch\BaseBatchCraftingBlock.java:117: 错误: 方法不会覆盖或实现超类型的方法
    @Override
    ^
D:\Minecraft-Mods\AnvilCraft\src\main\java\dev\dubhe\anvilcraft\block\batch\BaseBatchCraftingBlock.java:123: 错误: 找不到符号
            for (int slot = 0; slot < handler.getSlots(); slot++) {
                                             ^
  符号:   方法 getSlots()
  位置: 类型为ResourceHandler<ItemResource>的变量 handler
D:\Minecraft-Mods\AnvilCraft\src\main\java\dev\dubhe\anvilcraft\block\batch\BaseBatchCraftingBlock.java:124: 错误: 找不到符号
                Containers.dropItemStack(level, vec3.x, vec3.y, vec3.z, handler.getStackInSlot(slot));
                                                                               ^
  符号:   方法 getStackInSlot(int)
  位置: 类型为ResourceHandler<ItemResource>的变量 handler
D:\Minecraft-Mods\AnvilCraft\src\main\java\dev\dubhe\anvilcraft\block\batch\BaseBatchCraftingBlock.java:126: 错误: 无法将类 ItemHandlerUtil中的方法 dropAllToPos应用到给定类型;
            ItemHandlerUtil.dropAllToPos();
                           ^
  需要: ResourceHandler<ItemResource>,Level,Vec3
  找到:    没有参数
  原因: 实际参数列表和形式参数列表长度不同
D:\Minecraft-Mods\AnvilCraft\src\main\java\dev\dubhe\anvilcraft\block\batch\BaseBatchCraftingBlock.java:129: 错误: 找不到符号
        super.onRemove(state, level, pos, newState, movedByPiston);
             ^
  符号: 方法 onRemove(BlockState,Level,BlockPos,BlockState,boolean)
D:\Minecraft-Mods\AnvilCraft\src\main\java\dev\dubhe\anvilcraft\block\batch\BaseBatchCraftingBlock.java:178: 错误: 方法不会覆盖或实现超类型的方法
    @Override
    ^
D:\Minecraft-Mods\AnvilCraft\src\main\java\dev\dubhe\anvilcraft\block\batch\BatchCrafterBlock.java:61: 错误: 找不到符号
                    i, entity.getFilteredItemStackHandler().getDisabled().get(i)
                                                           ^
  符号:   方法 getDisabled()
  位置: 类 FilteredItemStackHandler
D:\Minecraft-Mods\AnvilCraft\src\main\java\dev\dubhe\anvilcraft\block\batch\BatchCutterBlock.java:61: 错误: 找不到符号
                    i, entity.getFilteredItemStackHandler().getDisabled().get(i)
                                                           ^
  符号:   方法 getDisabled()
  位置: 类 FilteredItemStackHandler
D:\Minecraft-Mods\AnvilCraft\src\main\java\dev\dubhe\anvilcraft\block\cauldron\CementCauldronBlock.java:18: 错误: 方法引用无效
        propertiesCodec(), Color.CODEC.fieldOf("color").forGetter(CementCauldronBlock::getColor)
                                                                  ^
  找不到符号
    符号:   方法 getColor()
    位置: 类 CementCauldronBlock
D:\Minecraft-Mods\AnvilCraft\src\main\java\dev\dubhe\anvilcraft\block\state\DirectionCube232PartHalf.java:12: 错误: DirectionCube232PartHalf不是抽象的, 并且未覆盖ISimpleMultiPartBlockState中的抽象方法getOffsetZ()
public enum DirectionCube232PartHalf
       ^
D:\Minecraft-Mods\AnvilCraft\src\main\java\dev\dubhe\anvilcraft\block\multipart\SimpleMultiPartBlock.java:104: 错误: 找不到符号
        return Util.interactionResultConverter().apply(this.use(state, level, pos, player, hand, hitResult));
                   ^
  符号:   方法 interactionResultConverter()
  位置: 类 Util
D:\Minecraft-Mods\AnvilCraft\src\main\java\dev\dubhe\anvilcraft\block\cfa\CelestialForgingAnvilBlock.java:209: 错误: 找不到符号
            .ifPresent(be -> be.setAmplify(true));
                               ^
  符号:   方法 setAmplify(boolean)
  位置: 类型为CelestialForgingAnvilBlockEntity的变量 be
D:\Minecraft-Mods\AnvilCraft\src\main\java\dev\dubhe\anvilcraft\block\cfa\CelestialForgingAnvilBlock.java:215: 错误: 找不到符号
            .ifPresent(be -> be.setAmplify(false));
                               ^
  符号:   方法 setAmplify(boolean)
  位置: 类型为CelestialForgingAnvilBlockEntity的变量 be
D:\Minecraft-Mods\AnvilCraft\src\main\java\dev\dubhe\anvilcraft\block\state\Cube323PartHalf.java:11: 错误: Cube323PartHalf不是抽象的, 并且未覆盖ISimpleMultiPartBlockState中的抽象方法getOffsetZ()
public enum Cube323PartHalf implements ISimpleMultiPartBlockState<Cube323PartHalf> {
       ^
D:\Minecraft-Mods\AnvilCraft\src\main\java\dev\dubhe\anvilcraft\block\ChargeCollectorBlock.java:90: 错误: 方法不会覆盖或实现超类型的方法
    @Override
    ^
D:\Minecraft-Mods\AnvilCraft\src\main\java\dev\dubhe\anvilcraft\block\ChargeCollectorBlock.java:92: 错误: 找不到符号
        super.onRemove(state, level, pos, newState, movedByPiston);
             ^
  符号: 方法 onRemove(BlockState,Level,BlockPos,BlockState,boolean)
D:\Minecraft-Mods\AnvilCraft\src\main\java\dev\dubhe\anvilcraft\block\ChargerBlock.java:75: 错误: 方法不会覆盖或实现超类型的方法
    @Override
    ^
D:\Minecraft-Mods\AnvilCraft\src\main\java\dev\dubhe\anvilcraft\block\ChargerBlock.java:106: 错误: 方法不会覆盖或实现超类型的方法
    @Override
    ^
D:\Minecraft-Mods\AnvilCraft\src\main\java\dev\dubhe\anvilcraft\block\ChargerBlock.java:118: 错误: 找不到符号
            for (int slot = 0; slot < depository.getSlots(); slot++) {
                                                ^
  符号:   方法 getSlots()
  位置: 类型为FilteredItemStackHandler的变量 depository
D:\Minecraft-Mods\AnvilCraft\src\main\java\dev\dubhe\anvilcraft\block\ChargerBlock.java:119: 错误: 找不到符号
                Containers.dropItemStack(level, vec3.x, vec3.y, vec3.z, depository.getStackInSlot(slot));
                                                                                  ^
  符号:   方法 getStackInSlot(int)
  位置: 类型为FilteredItemStackHandler的变量 depository
D:\Minecraft-Mods\AnvilCraft\src\main\java\dev\dubhe\anvilcraft\block\ChargerBlock.java:123: 错误: 找不到符号
        super.onRemove(state, level, pos, newState, movedByPiston);
             ^
  符号: 方法 onRemove(BlockState,Level,BlockPos,BlockState,boolean)
D:\Minecraft-Mods\AnvilCraft\src\main\java\dev\dubhe\anvilcraft\block\ChargerBlock.java:154: 错误: 方法不会覆盖或实现超类型的方法
    @Override
    ^
D:\Minecraft-Mods\AnvilCraft\src\main\java\dev\dubhe\anvilcraft\block\ChargerBlock.java:179: 错误: 找不到符号
                        ItemStack itemInSlot = charger.getFilteredItemStackHandler().getStackInSlot(slot);
                                                                                    ^
  符号:   方法 getStackInSlot(int)
  位置: 类 FilteredItemStackHandler
D:\Minecraft-Mods\AnvilCraft\src\main\java\dev\dubhe\anvilcraft\block\ChargerBlock.java:181: 错误: 找不到符号
                            ItemStack extracted = charger.getFilteredItemStackHandler().extractItem(slot, itemInSlot.getCount(), false);
                                                                                       ^
  符号:   方法 extractItem(int,int,boolean)
  位置: 类 FilteredItemStackHandler
D:\Minecraft-Mods\AnvilCraft\src\main\java\dev\dubhe\anvilcraft\block\ChargerBlock.java:191: 错误: 找不到符号
                            return InteractionResult.SUCCESS;
                                   ^
  符号:   变量 InteractionResult
  位置: 类 ChargerBlock
D:\Minecraft-Mods\AnvilCraft\src\main\java\dev\dubhe\anvilcraft\block\ChargerBlock.java:195: 错误: 找不到符号
                    ItemStack result = charger.getFilteredItemStackHandler().insertItem(0, stack, true);
                                                                            ^
  符号:   方法 insertItem(int,ItemStack,boolean)
  位置: 类 FilteredItemStackHandler
D:\Minecraft-Mods\AnvilCraft\src\main\java\dev\dubhe\anvilcraft\block\ChargerBlock.java:199: 错误: 找不到符号
                        charger.getFilteredItemStackHandler().insertItem(0, toInsert, false);
                                                             ^
  符号:   方法 insertItem(int,ItemStack,boolean)
  位置: 类 FilteredItemStackHandler
D:\Minecraft-Mods\AnvilCraft\src\main\java\dev\dubhe\anvilcraft\block\ChargerBlock.java:200: 错误: 找不到符号
                        return InteractionResult.SUCCESS;
                               ^
  符号:   变量 InteractionResult
  位置: 类 ChargerBlock
D:\Minecraft-Mods\AnvilCraft\src\main\java\dev\dubhe\anvilcraft\block\ChuteBlock.java:150: 错误: 找不到符号
            player.displayClientMessage(Component.translatable("message.anvilcraft.chute.cannot_place"), true);
                  ^
  符号:   方法 displayClientMessage(MutableComponent,boolean)
  位置: 类型为Player的变量 player
D:\Minecraft-Mods\AnvilCraft\src\main\java\dev\dubhe\anvilcraft\block\ChuteBlock.java:180: 错误: 找不到符号
        BlockState neighborState = level.getBlockState(neighborPos);
                                                       ^
  符号:   变量 neighborPos
  位置: 类 ChuteBlock
D:\Minecraft-Mods\AnvilCraft\src\main\java\dev\dubhe\anvilcraft\block\ChuteBlock.java:182: 错误: 找不到符号
        if (isChuteBlock(neighborBlock) || isChuteBlock(neighborBlock1)) {
                         ^
  符号:   变量 neighborBlock
  位置: 类 ChuteBlock
D:\Minecraft-Mods\AnvilCraft\src\main\java\dev\dubhe\anvilcraft\block\ChuteBlock.java:264: 错误: 找不到符号
                            entity.getItemHandler().getDisabled().get(i)
                                  ^
  符号:   方法 getItemHandler()
  位置: 类型为ChuteBlockEntity的变量 entity
D:\Minecraft-Mods\AnvilCraft\src\main\java\dev\dubhe\anvilcraft\block\ChuteBlock.java:280: 错误: 方法不会覆盖或实现超类型的方法
    @Override
    ^
D:\Minecraft-Mods\AnvilCraft\src\main\java\dev\dubhe\anvilcraft\block\ChuteBlock.java:284: 警告: [removal] net.neoforged.neoforge.items 中的 IItemHandler 已过时, 且标记为待删除
                IItemHandler oldHandler = oldEntity.getItemHandler();
                ^
D:\Minecraft-Mods\AnvilCraft\src\main\java\dev\dubhe\anvilcraft\block\ChuteBlock.java:284: 错误: 找不到符号
                IItemHandler oldHandler = oldEntity.getItemHandler();
                                                   ^
  符号:   方法 getItemHandler()
  位置: 类型为ChuteBlockEntity的变量 oldEntity
D:\Minecraft-Mods\AnvilCraft\src\main\java\dev\dubhe\anvilcraft\block\ChuteBlock.java:288: 警告: [removal] net.neoforged.neoforge.items 中的 IItemHandler 已过时, 且标记为待删除
                    IItemHandler newHandler = null;
                    ^
D:\Minecraft-Mods\AnvilCraft\src\main\java\dev\dubhe\anvilcraft\block\ChuteBlock.java:290: 错误: 找不到符号
                        newHandler = newEntity.getItemHandler();
                                              ^
  符号:   方法 getItemHandler()
  位置: 类型为SimpleChuteBlockEntity的变量 newEntity
D:\Minecraft-Mods\AnvilCraft\src\main\java\dev\dubhe\anvilcraft\block\ChuteBlock.java:292: 错误: 不兼容的类型: IItemHandler无法转换为ResourceHandler<ItemResource>
                    ItemHandlerUtil.exportToTarget(oldHandler, 64, stack -> true, newHandler);
                                                   ^
D:\Minecraft-Mods\AnvilCraft\src\main\java\dev\dubhe\anvilcraft\block\ChuteBlock.java:295: 警告: [removal] IItemHandler 中的 getSlots() 已过时, 且标记为待删除
                for (int slot = 0; slot < oldHandler.getSlots(); slot++) {
                                                    ^
D:\Minecraft-Mods\AnvilCraft\src\main\java\dev\dubhe\anvilcraft\block\ChuteBlock.java:296: 警告: [removal] IItemHandler 中的 getStackInSlot(int) 已过时, 且标记为待删除
                    Containers.dropItemStack(level, vec3.x, vec3.y, vec3.z, oldHandler.getStackInSlot(slot));
                                                                                      ^
D:\Minecraft-Mods\AnvilCraft\src\main\java\dev\dubhe\anvilcraft\block\ChuteBlock.java:314: 错误: 方法不会覆盖或实现超类型的方法
    @Override
    ^
D:\Minecraft-Mods\AnvilCraft\src\main\java\dev\dubhe\anvilcraft\block\ConfinementChamberBlock.java:75: 错误: 找不到符号
            if (!level.isClientSide() && player.isCreative() && !confinementChamberBlockEntity.getItemHandler().getStackInSlot(0).isEmpty()) {
                                                                                              ^
  符号:   方法 getItemHandler()
  位置: 类型为ConfinementChamberBlockEntity的变量 confinementChamberBlockEntity
D:\Minecraft-Mods\AnvilCraft\src\main\java\dev\dubhe\anvilcraft\block\ConfinementChamberBlock.java:117: 错误: 找不到符号
                return InteractionResult.SUCCESS;
                       ^
  符号:   变量 InteractionResult
  位置: 类 ConfinementChamberBlock
D:\Minecraft-Mods\AnvilCraft\src\main\java\dev\dubhe\anvilcraft\block\ControllableSandBlock.java:41: 错误: 方法不会覆盖或实现超类型的方法
    @Override
    ^
D:\Minecraft-Mods\AnvilCraft\src\main\java\dev\dubhe\anvilcraft\block\CrabTrapBlock.java:138: 警告: [removal] net.neoforged.neoforge.items 中的 IItemHandler 已过时, 且标记为待删除
                IItemHandler itemHandler = blockEntity.getItemHandler();
                ^
D:\Minecraft-Mods\AnvilCraft\src\main\java\dev\dubhe\anvilcraft\block\CrabTrapBlock.java:138: 错误: 找不到符号
                IItemHandler itemHandler = blockEntity.getItemHandler();
                                                      ^
  符号:   方法 getItemHandler()
  位置: 类型为CrabTrapBlockEntity的变量 blockEntity
D:\Minecraft-Mods\AnvilCraft\src\main\java\dev\dubhe\anvilcraft\block\CrabTrapBlock.java:139: 警告: [removal] IItemHandler 中的 getSlots() 已过时, 且标记为待删除
                for (int i = 0; i < itemHandler.getSlots(); i++) {
                                               ^
D:\Minecraft-Mods\AnvilCraft\src\main\java\dev\dubhe\anvilcraft\block\CrabTrapBlock.java:140: 警告: [removal] IItemHandler 中的 getStackInSlot(int) 已过时, 且标记为待删除
                    ItemStack stack = itemHandler.getStackInSlot(i);
                                                 ^
D:\Minecraft-Mods\AnvilCraft\src\main\java\dev\dubhe\anvilcraft\block\CrabTrapBlock.java:146: 警告: [removal] IItemHandler 中的 extractItem(int,int,boolean) 已过时, 且标记为待删除
                    itemHandler.extractItem(i, stack.getCount(), false);
                               ^
D:\Minecraft-Mods\AnvilCraft\src\main\java\dev\dubhe\anvilcraft\block\CrabTrapBlock.java:165: 错误: 方法不会覆盖或实现超类型的方法
    @Override
    ^
D:\Minecraft-Mods\AnvilCraft\src\main\java\dev\dubhe\anvilcraft\block\CrabTrapBlock.java:176: 警告: [removal] net.neoforged.neoforge.items 中的 IItemHandler 已过时, 且标记为待删除
            IItemHandler itemHandler = entity.getItemHandler();
            ^
D:\Minecraft-Mods\AnvilCraft\src\main\java\dev\dubhe\anvilcraft\block\CrabTrapBlock.java:176: 错误: 找不到符号
            IItemHandler itemHandler = entity.getItemHandler();
                                             ^
  符号:   方法 getItemHandler()
  位置: 类型为CrabTrapBlockEntity的变量 entity
D:\Minecraft-Mods\AnvilCraft\src\main\java\dev\dubhe\anvilcraft\block\CrabTrapBlock.java:177: 警告: [removal] IItemHandler 中的 getSlots() 已过时, 且标记为待删除
            for (int slot = 0; slot < itemHandler.getSlots(); slot++) {
                                                 ^
D:\Minecraft-Mods\AnvilCraft\src\main\java\dev\dubhe\anvilcraft\block\CrabTrapBlock.java:178: 警告: [removal] IItemHandler 中的 getStackInSlot(int) 已过时, 且标记为待删除
                Containers.dropItemStack(level, vec3.x, vec3.y, vec3.z, itemHandler.getStackInSlot(slot));
                                                                                   ^
D:\Minecraft-Mods\AnvilCraft\src\main\java\dev\dubhe\anvilcraft\block\CrabTrapBlock.java:182: 错误: 找不到符号
        super.onRemove(state, level, pos, newState, movedByPiston);
             ^
  符号: 方法 onRemove(BlockState,Level,BlockPos,BlockState,boolean)
D:\Minecraft-Mods\AnvilCraft\src\main\java\dev\dubhe\anvilcraft\block\CrabTrapBlock.java:202: 警告: [removal] net.neoforged.neoforge.items 中的 ItemHandlerHelper 已过时, 且标记为待删除
                    ItemHandlerHelper.insertItem(blockEntity.getItemHandler(), item, false);
                    ^
D:\Minecraft-Mods\AnvilCraft\src\main\java\dev\dubhe\anvilcraft\block\CrabTrapBlock.java:202: 错误: 找不到符号
                    ItemHandlerHelper.insertItem(blockEntity.getItemHandler(), item, false);
                                                            ^
  符号:   方法 getItemHandler()
  位置: 类型为CrabTrapBlockEntity的变量 blockEntity
D:\Minecraft-Mods\AnvilCraft\src\main\java\dev\dubhe\anvilcraft\block\CrabTrapBlock.java:202: 警告: [removal] ItemHandlerHelper 中的 insertItem(IItemHandler,ItemStack,boolean) 已过时, 且标记为待删除
                    ItemHandlerHelper.insertItem(blockEntity.getItemHandler(), item, false);
                                     ^
D:\Minecraft-Mods\AnvilCraft\src\main\java\dev\dubhe\anvilcraft\block\CreativeGeneratorBlock.java:58: 错误: 找不到符号
            PacketDistributor.sendToPlayer(serverPlayer, new SliderInitPacket(entity.getPower()));
                                                                                    ^
  符号:   方法 getPower()
  位置: 类型为CreativeGeneratorBlockEntity的变量 entity
D:\Minecraft-Mods\AnvilCraft\src\main\java\dev\dubhe\anvilcraft\block\CrushingTableBlock.java:88: 错误: 方法不会覆盖或实现超类型的方法
    @Override
    ^
D:\Minecraft-Mods\AnvilCraft\src\main\java\dev\dubhe\anvilcraft\block\CrushingTableBlock.java:100: 错误: 无法将类 BlockBehaviour中的方法 updateShape应用到给定类型;
        return super.updateShape(blockState, direction, blockState2, levelAccessor, blockPos, blockPos2);
                    ^
  需要: BlockState,LevelReader,ScheduledTickAccess,BlockPos,Direction,BlockPos,BlockState,RandomSource
  找到:    BlockState,Direction,BlockState,LevelAccessor,BlockPos,BlockPos
  原因: 实际参数列表和形式参数列表长度不同
D:\Minecraft-Mods\AnvilCraft\src\main\java\dev\dubhe\anvilcraft\block\DeflectionRingBlock.java:91: 错误: 方法不会覆盖或实现超类型的方法
    @Override
    ^
D:\Minecraft-Mods\AnvilCraft\src\main\java\dev\dubhe\anvilcraft\block\DeflectionRingBlock.java:161: 错误: 方法不会覆盖或实现超类型的方法
    @Override
    ^
D:\Minecraft-Mods\AnvilCraft\src\main\java\dev\dubhe\anvilcraft\block\DeflectionRingBlock.java:166: 错误: 找不到符号
        if (blockEntity.getLastEntitySpeed() <= 0) return 0;
                       ^
  符号:   方法 getLastEntitySpeed()
  位置: 类型为DeflectionRingBlockEntity的变量 blockEntity
D:\Minecraft-Mods\AnvilCraft\src\main\java\dev\dubhe\anvilcraft\block\DeflectionRingBlock.java:167: 错误: 找不到符号
        return Math.max(0, (int) (Math.log(blockEntity.getLastEntitySpeed()) / Math.log(2) * 2) - 1);
                                                      ^
  符号:   方法 getLastEntitySpeed()
  位置: 类型为DeflectionRingBlockEntity的变量 blockEntity
D:\Minecraft-Mods\AnvilCraft\src\main\java\dev\dubhe\anvilcraft\block\EmberAnvilBlock.java:36: 错误: EmberAnvilBlock不是抽象的, 并且未覆盖IEmberBlock中的抽象方法setCheckBlockState(BlockState)
public class EmberAnvilBlock extends BetterAnvilBlock implements IHammerRemovable, IEmberBlock {
       ^
D:\Minecraft-Mods\AnvilCraft\src\main\java\dev\dubhe\anvilcraft\block\EmberGrindstoneBlock.java:28: 错误: EmberGrindstoneBlock不是抽象的, 并且未覆盖IEmberBlock中的抽象方法setCheckBlockState(BlockState)
public class EmberGrindstoneBlock extends BetterGrindstoneBlock implements IHammerRemovable, IEmberBlock {
       ^
D:\Minecraft-Mods\AnvilCraft\src\main\java\dev\dubhe\anvilcraft\block\EmberMetalBlock.java:12: 错误: EmberMetalBlock不是抽象的, 并且未覆盖IEmberBlock中的抽象方法setCheckBlockState(BlockState)
public class EmberMetalBlock extends Block implements IEmberBlock {
       ^
D:\Minecraft-Mods\AnvilCraft\src\main\java\dev\dubhe\anvilcraft\block\EmberMetalPillarBlock.java:14: 错误: EmberMetalPillarBlock不是抽象的, 并且未覆盖IEmberBlock中的抽象方法setCheckBlockState(BlockState)
public class EmberMetalPillarBlock extends RotatedPillarBlock implements IEmberBlock {
       ^
D:\Minecraft-Mods\AnvilCraft\src\main\java\dev\dubhe\anvilcraft\block\EmberMetalSlabBlock.java:16: 错误: EmberMetalSlabBlock不是抽象的, 并且未覆盖IEmberBlock中的抽象方法setCheckBlockState(BlockState)
public class EmberMetalSlabBlock extends SlabBlock implements IEmberBlock {
       ^
D:\Minecraft-Mods\AnvilCraft\src\main\java\dev\dubhe\anvilcraft\block\EmberMetalStairBlock.java:15: 错误: EmberMetalStairBlock不是抽象的, 并且未覆盖IEmberBlock中的抽象方法setCheckBlockState(BlockState)
public class EmberMetalStairBlock extends StairBlock implements IEmberBlock {
       ^
D:\Minecraft-Mods\AnvilCraft\src\main\java\dev\dubhe\anvilcraft\block\EmberSmithingTableBlock.java:32: 错误: EmberSmithingTableBlock不是抽象的, 并且未覆盖IEmberBlock中的抽象方法setCheckBlockState(BlockState)
public class EmberSmithingTableBlock extends SmithingTableBlock implements IHammerRemovable, IEmberBlock {
       ^
D:\Minecraft-Mods\AnvilCraft\src\main\java\dev\dubhe\anvilcraft\block\EmberSmithingTableBlock.java:51: 错误: 找不到符号
        return Util.interactionResultConverter().apply(this.use(state, level, pos, player, hand, hitResult));
                   ^
  符号:   方法 interactionResultConverter()
  位置: 类 Util
D:\Minecraft-Mods\AnvilCraft\src\main\java\dev\dubhe\anvilcraft\block\EndDustBlock.java:41: 错误: 方法不会覆盖或实现超类型的方法
    @Override
    ^
D:\Minecraft-Mods\AnvilCraft\src\main\java\dev\dubhe\anvilcraft\block\entity\AccelerationRingBlockEntity.java:42: 错误: AccelerationRingBlockEntity不是抽象的, 并且未覆盖IPowerComponent中的抽象方法getGrid()
public class AccelerationRingBlockEntity extends BlockEntity implements IPowerConsumer {
       ^
D:\Minecraft-Mods\AnvilCraft\src\main\java\dev\dubhe\anvilcraft\block\entity\AccelerationRingBlockEntity.java:294: 错误: 不兼容的类型: 方法引用无效
        fallingGiantAnvilEntity.ifPresent(Entity::kill);
                                          ^
    不兼容的类型: FallingGiantAnvilEntity无法转换为ServerLevel
D:\Minecraft-Mods\AnvilCraft\src\main\java\dev\dubhe\anvilcraft\block\entity\ActivatorSlidingRailBlockEntity.java:20: 错误: 找不到符号
    private TriState shouldPower = TriState.DEFAULT;
                                   ^
  符号:   变量 TriState
  位置: 类 ActivatorSlidingRailBlockEntity
D:\Minecraft-Mods\AnvilCraft\src\main\java\dev\dubhe\anvilcraft\block\entity\ActivatorSlidingRailBlockEntity.java:50: 错误: 找不到符号
        this.shouldPower = TriState.values()[input.getIntOr("ShouldPower", 0)];
                           ^
  符号:   变量 TriState
  位置: 类 ActivatorSlidingRailBlockEntity
D:\Minecraft-Mods\AnvilCraft\src\main\java\dev\dubhe\anvilcraft\block\entity\ActivatorSlidingRailBlockEntity.java:54: 错误: 找不到符号
        return this.shouldPower != TriState.FALSE;
                                   ^
  符号:   变量 TriState
  位置: 类 ActivatorSlidingRailBlockEntity
D:\Minecraft-Mods\AnvilCraft\src\main\java\dev\dubhe\anvilcraft\block\entity\ActivatorSlidingRailBlockEntity.java:58: 错误: 找不到符号
        this.shouldPower = TriState.FALSE;
                           ^
  符号:   变量 TriState
  位置: 类 ActivatorSlidingRailBlockEntity
D:\Minecraft-Mods\AnvilCraft\src\main\java\dev\dubhe\anvilcraft\block\entity\ActivatorSlidingRailBlockEntity.java:62: 错误: 找不到符号
        this.shouldPower = TriState.TRUE;
                           ^
  符号:   变量 TriState
  位置: 类 ActivatorSlidingRailBlockEntity
D:\Minecraft-Mods\AnvilCraft\src\main\java\dev\dubhe\anvilcraft\block\entity\ActivatorSlidingRailBlockEntity.java:66: 错误: 找不到符号
        this.shouldPower = TriState.DEFAULT;
                           ^
  符号:   变量 TriState
  位置: 类 ActivatorSlidingRailBlockEntity
D:\Minecraft-Mods\AnvilCraft\src\main\java\dev\dubhe\anvilcraft\block\entity\ActiveSilencerBlockEntity.java:70: 错误: 找不到符号
        tag.put("MutedSound", t);
        ^
  符号:   变量 tag
  位置: 类 ActiveSilencerBlockEntity
D:\Minecraft-Mods\AnvilCraft\src\main\java\dev\dubhe\anvilcraft\block\entity\ActiveSilencerBlockEntity.java:76: 错误: 找不到符号
        mutedSound.addAll(CODEC.decode(NbtOps.INSTANCE, tag.get("MutedSound"))
                                                        ^
  符号:   变量 tag
  位置: 类 ActiveSilencerBlockEntity
D:\Minecraft-Mods\AnvilCraft\src\main\java\dev\dubhe\anvilcraft\block\entity\BaseChuteBlockEntity.java:42: 错误: 方法不会覆盖或实现超类型的方法
        @Override
        ^
D:\Minecraft-Mods\AnvilCraft\src\main\java\dev\dubhe\anvilcraft\block\entity\BaseChuteBlockEntity.java:104: 错误: 找不到符号
        output.store("Inventory", CompoundTag.CODEC, itemHandler.serializeNBT(provider));
                                                                              ^
  符号:   变量 provider
  位置: 类 BaseChuteBlockEntity
D:\Minecraft-Mods\AnvilCraft\src\main\java\dev\dubhe\anvilcraft\block\entity\BaseChuteBlockEntity.java:111: 错误: 找不到符号
        itemHandler.deserializeNBT(provider, input.read("Inventory", CompoundTag.CODEC).orElse(new CompoundTag()));
                                   ^
  符号:   变量 provider
  位置: 类 BaseChuteBlockEntity
D:\Minecraft-Mods\AnvilCraft\src\main\java\dev\dubhe\anvilcraft\block\entity\BaseChuteBlockEntity.java:126: 警告: [removal] net.neoforged.neoforge.items 中的 IItemHandler 已过时, 且标记为待删除
                List<IItemHandler> targetList = ItemHandlerUtil.getTargetItemHandlerList(
                     ^
D:\Minecraft-Mods\AnvilCraft\src\main\java\dev\dubhe\anvilcraft\block\entity\BaseChuteBlockEntity.java:126: 错误: 不兼容的类型: List<ResourceHandler<ItemResource>>无法转换为List<IItemHandler>
                List<IItemHandler> targetList = ItemHandlerUtil.getTargetItemHandlerList(
                                                                                        ^
D:\Minecraft-Mods\AnvilCraft\src\main\java\dev\dubhe\anvilcraft\block\entity\BaseChuteBlockEntity.java:132: 警告: [removal] net.neoforged.neoforge.items 中的 IItemHandler 已过时, 且标记为待删除
                    for (IItemHandler target : targetList) {
                         ^
D:\Minecraft-Mods\AnvilCraft\src\main\java\dev\dubhe\anvilcraft\block\entity\BaseChuteBlockEntity.java:135: 错误: 不兼容的类型: IItemHandler无法转换为ResourceHandler<ItemResource>
                        boolean success = ItemHandlerUtil.exportToTarget(getItemHandler(), 64, stack -> true, target);
                                                                                                              ^
D:\Minecraft-Mods\AnvilCraft\src\main\java\dev\dubhe\anvilcraft\block\entity\BaseChuteBlockEntity.java:152: 错误: 找不到符号
                        for (int i = 0; i < this.itemHandler.getSlots(); i++) {
                                                            ^
  符号:   方法 getSlots()
  位置: 类型为FilteredItemStackHandler的变量 itemHandler
D:\Minecraft-Mods\AnvilCraft\src\main\java\dev\dubhe\anvilcraft\block\entity\BaseChuteBlockEntity.java:153: 错误: 找不到符号
                            ItemStack stack = this.itemHandler.getStackInSlot(i);
                                                              ^
  符号:   方法 getStackInSlot(int)
  位置: 类型为FilteredItemStackHandler的变量 itemHandler
D:\Minecraft-Mods\AnvilCraft\src\main\java\dev\dubhe\anvilcraft\block\entity\BaseChuteBlockEntity.java:182: 错误: 找不到符号
                                    this.itemHandler.setStackInSlot(i, stack);
                                                    ^
  符号:   方法 setStackInSlot(int,ItemStack)
  位置: 类型为FilteredItemStackHandler的变量 itemHandler
D:\Minecraft-Mods\AnvilCraft\src\main\java\dev\dubhe\anvilcraft\block\entity\BaseChuteBlockEntity.java:193: 警告: [removal] net.neoforged.neoforge.items 中的 IItemHandler 已过时, 且标记为待删除
                    IItemHandler source = ItemHandlerUtil.getSourceItemHandler(
                    ^
D:\Minecraft-Mods\AnvilCraft\src\main\java\dev\dubhe\anvilcraft\block\entity\BaseChuteBlockEntity.java:193: 错误: 不兼容的类型: ResourceHandler<ItemResource>无法转换为IItemHandler
                    IItemHandler source = ItemHandlerUtil.getSourceItemHandler(
                                                                              ^
D:\Minecraft-Mods\AnvilCraft\src\main\java\dev\dubhe\anvilcraft\block\entity\BaseChuteBlockEntity.java:199: 错误: 不兼容的类型: IItemHandler无法转换为ResourceHandler<ItemResource>
                        resetCD |= ItemHandlerUtil.importFromTarget(getItemHandler(), 64, stack -> true, source);
                                                                                                         ^
D:\Minecraft-Mods\AnvilCraft\src\main\java\dev\dubhe\anvilcraft\block\entity\BaseChuteBlockEntity.java:209: 警告: [removal] net.neoforged.neoforge.items 中的 ItemHandlerHelper 已过时, 且标记为待删除
                                ItemHandlerHelper.insertItem(this.itemHandler, itemStack, true);
                                ^
D:\Minecraft-Mods\AnvilCraft\src\main\java\dev\dubhe\anvilcraft\block\entity\BaseChuteBlockEntity.java:209: 错误: 不兼容的类型: FilteredItemStackHandler无法转换为IItemHandler
                                ItemHandlerHelper.insertItem(this.itemHandler, itemStack, true);
                                                                 ^
D:\Minecraft-Mods\AnvilCraft\src\main\java\dev\dubhe\anvilcraft\block\entity\BaseChuteBlockEntity.java:211: 警告: [removal] net.neoforged.neoforge.items 中的 ItemHandlerHelper 已过时, 且标记为待删除
                            ItemHandlerHelper.insertItem(this.itemHandler, itemEntity.getItem(), false);
                            ^
D:\Minecraft-Mods\AnvilCraft\src\main\java\dev\dubhe\anvilcraft\block\entity\BaseChuteBlockEntity.java:211: 错误: 不兼容的类型: FilteredItemStackHandler无法转换为IItemHandler
                            ItemHandlerHelper.insertItem(this.itemHandler, itemEntity.getItem(), false);
                                                             ^
D:\Minecraft-Mods\AnvilCraft\src\main\java\dev\dubhe\anvilcraft\block\entity\BaseChuteBlockEntity.java:238: 错误: 找不到符号
            if (chute.getTickedGameTime() >= this.tickedGameTime) k++;
                     ^
  符号:   方法 getTickedGameTime()
  位置: 类型为BaseChuteBlockEntity的变量 chute
D:\Minecraft-Mods\AnvilCraft\src\main\java\dev\dubhe\anvilcraft\block\entity\BaseChuteBlockEntity.java:239: 错误: 找不到符号
            chute.setCooldown(AnvilCraft.CONFIG.chuteMaxCooldown - k);
                 ^
  符号:   方法 setCooldown(int)
  位置: 类型为BaseChuteBlockEntity的变量 chute
D:\Minecraft-Mods\AnvilCraft\src\main\java\dev\dubhe\anvilcraft\block\entity\BaseChuteBlockEntity.java:243: 错误: 找不到符号
            if (chute.getTickedGameTime() >= this.tickedGameTime) k++;
                     ^
  符号:   方法 getTickedGameTime()
  位置: 类型为SimpleChuteBlockEntity的变量 chute
D:\Minecraft-Mods\AnvilCraft\src\main\java\dev\dubhe\anvilcraft\block\entity\BaseChuteBlockEntity.java:244: 错误: 找不到符号
            chute.setCooldown(AnvilCraft.CONFIG.chuteMaxCooldown - k);
                 ^
  符号:   方法 setCooldown(int)
  位置: 类型为SimpleChuteBlockEntity的变量 chute
D:\Minecraft-Mods\AnvilCraft\src\main\java\dev\dubhe\anvilcraft\block\entity\BaseChuteBlockEntity.java:255: 错误: 找不到符号
        for (int index = 0; index < itemHandler.getSlots(); index++) {
                                               ^
  符号:   方法 getSlots()
  位置: 类型为FilteredItemStackHandler的变量 itemHandler
D:\Minecraft-Mods\AnvilCraft\src\main\java\dev\dubhe\anvilcraft\block\entity\BaseChuteBlockEntity.java:256: 错误: 找不到符号
            ItemStack itemStack = itemHandler.getStackInSlot(index);
                                             ^
  符号:   方法 getStackInSlot(int)
  位置: 类型为FilteredItemStackHandler的变量 itemHandler
D:\Minecraft-Mods\AnvilCraft\src\main\java\dev\dubhe\anvilcraft\block\entity\BaseChuteBlockEntity.java:258: 错误: 找不到符号
            if (itemHandler.isSlotDisabled(index) && !itemHandler.isFilterEnabled()) {
                                                                 ^
  符号:   方法 isFilterEnabled()
  位置: 类型为FilteredItemStackHandler的变量 itemHandler
D:\Minecraft-Mods\AnvilCraft\src\main\java\dev\dubhe\anvilcraft\block\entity\BaseChuteBlockEntity.java:277: 错误: 无法将类 FilteredItemStackHandler中的方法 serializeFiltering应用到给定类型;
        output.store("Filtering", CompoundTag.CODEC, itemHandler.serializeFiltering());
                                                                ^
  需要: ValueOutput
  找到:    没有参数
  原因: 实际参数列表和形式参数列表长度不同
D:\Minecraft-Mods\AnvilCraft\src\main\java\dev\dubhe\anvilcraft\block\entity\BaseChuteBlockEntity.java:282: 错误: 不兼容的类型: CompoundTag无法转换为ValueInput
        itemHandler.deserializeFiltering(input.read("Filtering", CompoundTag.CODEC).orElse(new CompoundTag()));
                                                                                          ^
D:\Minecraft-Mods\AnvilCraft\src\main\java\dev\dubhe\anvilcraft\block\entity\BaseChuteBlockEntity.java:290: 错误: 找不到符号
        for (int i = 0; i < itemHandler.getSlots(); i++) {
                                       ^
  符号:   方法 getSlots()
  位置: 类型为FilteredItemStackHandler的变量 itemHandler
D:\Minecraft-Mods\AnvilCraft\src\main\java\dev\dubhe\anvilcraft\block\entity\BaseChuteBlockEntity.java:291: 错误: 找不到符号
            if (!itemHandler.getStackInSlot(i).isEmpty()) return false;
                            ^
  符号:   方法 getStackInSlot(int)
  位置: 类型为FilteredItemStackHandler的变量 itemHandler
D:\Minecraft-Mods\AnvilCraft\src\main\java\dev\dubhe\anvilcraft\block\entity\BaseChuteBlockEntity.java:297: 错误: 找不到符号
        for (int i = 0; i < itemHandler.getSlots(); i++) {
                                       ^
  符号:   方法 getSlots()
  位置: 类型为FilteredItemStackHandler的变量 itemHandler
D:\Minecraft-Mods\AnvilCraft\src\main\java\dev\dubhe\anvilcraft\block\entity\BaseChuteBlockEntity.java:298: 错误: 找不到符号
            ItemStack itemstack = itemHandler.getStackInSlot(i);
                                             ^
  符号:   方法 getStackInSlot(int)
  位置: 类型为FilteredItemStackHandler的变量 itemHandler
D:\Minecraft-Mods\AnvilCraft\src\main\java\dev\dubhe\anvilcraft\block\entity\BaseChuteBlockEntity.java:310: 错误: 无法将类 BaseChuteBlockEntity中的方法 saveAdditional应用到给定类型;
        this.saveAdditional(tag, provider);
            ^
  需要: ValueOutput
  找到:    CompoundTag,Provider
  原因: 实际参数列表和形式参数列表长度不同
D:\Minecraft-Mods\AnvilCraft\src\main\java\dev\dubhe\anvilcraft\block\entity\BaseChuteBlockEntity.java:327: 错误: 方法不会覆盖或实现超类型的方法
    @Override
    ^
D:\Minecraft-Mods\AnvilCraft\src\main\java\dev\dubhe\anvilcraft\block\entity\BaseChuteBlockEntity.java:333: 错误: 无法将类 BaseChuteBlockEntity中的方法 loadAdditional应用到给定类型;
        this.loadAdditional(tag, lookupProvider);
            ^
  需要: ValueInput
  找到:    CompoundTag,Provider
  原因: 实际参数列表和形式参数列表长度不同
D:\Minecraft-Mods\AnvilCraft\src\main\java\dev\dubhe\anvilcraft\block\entity\IFilterBlockEntity.java:26: 错误: 找不到符号
        return this.getFilteredItemStackHandler().isFilterEnabled();
                                                 ^
  符号:   方法 isFilterEnabled()
  位置: 类 FilteredItemStackHandler
D:\Minecraft-Mods\AnvilCraft\src\main\java\dev\dubhe\anvilcraft\block\entity\IFilterBlockEntity.java:63: 错误: 找不到符号
        return this.getFilteredItemStackHandler().getFilteredItems();
                                                 ^
  符号:   方法 getFilteredItems()
  位置: 类 FilteredItemStackHandler
D:\Minecraft-Mods\AnvilCraft\src\main\java\dev\dubhe\anvilcraft\block\entity\BaseLaserBlockEntity.java:123: 错误: 找不到符号
            new LaserEmitPacket(getLaserLevel(), getBlockPos(), irradiateBlockPos)
                                ^
  符号:   方法 getLaserLevel()
  位置: 类 BaseLaserBlockEntity
D:\Minecraft-Mods\AnvilCraft\src\main\java\dev\dubhe\anvilcraft\block\entity\BaseLaserBlockEntity.java:133: 错误: 找不到符号
                    new LaserEmitPacket(getLaserLevel(), getBlockPos(), irradiateBlockPos)
                                        ^
  符号:   方法 getLaserLevel()
  位置: 类 BaseLaserBlockEntity
D:\Minecraft-Mods\AnvilCraft\src\main\java\dev\dubhe\anvilcraft\block\entity\BaseLaserBlockEntity.java:139: 错误: 无法将类 BaseLaserBlockEntity中的方法 getIrradiateBlockPos应用到给定类型;
            && getIrradiateBlockPos() != null
               ^
  需要: int,Direction,BlockPos
  找到:    没有参数
  原因: 实际参数列表和形式参数列表长度不同
D:\Minecraft-Mods\AnvilCraft\src\main\java\dev\dubhe\anvilcraft\block\entity\BaseLaserBlockEntity.java:140: 错误: 无法将类 BaseLaserBlockEntity中的方法 getIrradiateBlockPos应用到给定类型;
            && serverLevel.getBlockState(getIrradiateBlockPos()).is(ModBlockTags.HEATABLE_BLOCKS)
                                         ^
  需要: int,Direction,BlockPos
  找到:    没有参数
  原因: 实际参数列表和形式参数列表长度不同
D:\Minecraft-Mods\AnvilCraft\src\main\java\dev\dubhe\anvilcraft\block\entity\BaseLaserBlockEntity.java:223: 警告: [removal] net.neoforged.neoforge.items 中的 IItemHandler 已过时, 且标记为待删除
        IItemHandler cap = getLevel()
        ^
D:\Minecraft-Mods\AnvilCraft\src\main\java\dev\dubhe\anvilcraft\block\entity\BaseLaserBlockEntity.java:225: 错误: 找不到符号
                Capabilities.ItemHandler.BLOCK,
                            ^
  符号:   变量 ItemHandler
  位置: 类 Capabilities
D:\Minecraft-Mods\AnvilCraft\src\main\java\dev\dubhe\anvilcraft\block\entity\BaseLaserBlockEntity.java:232: 警告: [removal] net.neoforged.neoforge.items 中的 ItemHandlerHelper 已过时, 且标记为待删除
                ItemStack outItemStack = ItemHandlerHelper.insertItem(cap, itemStack, true);
                                         ^
D:\Minecraft-Mods\AnvilCraft\src\main\java\dev\dubhe\anvilcraft\block\entity\BaseLaserBlockEntity.java:232: 警告: [removal] ItemHandlerHelper 中的 insertItem(IItemHandler,ItemStack,boolean) 已过时, 且标记为待删除
                ItemStack outItemStack = ItemHandlerHelper.insertItem(cap, itemStack, true);
                                                          ^
D:\Minecraft-Mods\AnvilCraft\src\main\java\dev\dubhe\anvilcraft\block\entity\BaseLaserBlockEntity.java:234: 警告: [removal] net.neoforged.neoforge.items 中的 ItemHandlerHelper 已过时, 且标记为待删除
                    ItemHandlerHelper.insertItem(cap, itemStack, false);
                    ^
D:\Minecraft-Mods\AnvilCraft\src\main\java\dev\dubhe\anvilcraft\block\entity\BaseLaserBlockEntity.java:234: 警告: [removal] ItemHandlerHelper 中的 insertItem(IItemHandler,ItemStack,boolean) 已过时, 且标记为待删除
                    ItemHandlerHelper.insertItem(cap, itemStack, false);
                                     ^
D:\Minecraft-Mods\AnvilCraft\src\main\java\dev\dubhe\anvilcraft\block\entity\BaseLaserBlockEntity.java:316: 错误: 找不到符号
            CacheableBERenderingPipeline.getInstance().update(this);
                                        ^
  符号:   方法 getInstance()
  位置: 类 CacheableBERenderingPipeline
D:\Minecraft-Mods\AnvilCraft\src\main\java\dev\dubhe\anvilcraft\block\entity\BaseLaserBlockEntity.java:345: 错误: 找不到符号
            CacheableBERenderingPipeline.getInstance().update(this);
                                        ^
  符号:   方法 getInstance()
  位置: 类 CacheableBERenderingPipeline
D:\Minecraft-Mods\AnvilCraft\src\main\java\dev\dubhe\anvilcraft\block\entity\BaseLaserBlockEntity.java:359: 错误: 找不到符号
        CacheableBERenderingPipeline.getInstance().update(this);
                                    ^
  符号:   方法 getInstance()
  位置: 类 CacheableBERenderingPipeline
D:\Minecraft-Mods\AnvilCraft\src\main\java\dev\dubhe\anvilcraft\block\entity\batch\BaseBatchCraftingBlockEntity.java:91: 错误: 找不到符号
        if (!this.handler.isFilterEnabled()) return false;
                         ^
  符号:   方法 isFilterEnabled()
  位置: 类型为PollableFilteredItemStackHandler的变量 handler
D:\Minecraft-Mods\AnvilCraft\src\main\java\dev\dubhe\anvilcraft\block\entity\batch\BatchCrafterBlockEntity.java:46: 错误: BatchCrafterBlockEntity不是抽象的, 并且未覆盖IPowerComponent中的抽象方法getGrid()
public class BatchCrafterBlockEntity extends BaseBatchCraftingBlockEntity {
       ^
D:\Minecraft-Mods\AnvilCraft\src\main\java\dev\dubhe\anvilcraft\block\entity\batch\BatchCrafterBlockEntity.java:86: 错误: 找不到符号
            this.getDisplayingStack(),
                ^
  符号: 方法 getDisplayingStack()
D:\Minecraft-Mods\AnvilCraft\src\main\java\dev\dubhe\anvilcraft\block\entity\batch\BatchCrafterBlockEntity.java:105: 错误: 找不到符号
            holderOp = crafterCache.getRecipe();
                                   ^
  符号:   方法 getRecipe()
  位置: 类型为BatchCrafterCache的变量 crafterCache
D:\Minecraft-Mods\AnvilCraft\src\main\java\dev\dubhe\anvilcraft\block\entity\batch\BatchCrafterBlockEntity.java:106: 错误: 找不到符号
            craftRemaining = crafterCache.getRemaining();
                                         ^
  符号:   方法 getRemaining()
  位置: 类型为BatchCrafterCache的变量 crafterCache
D:\Minecraft-Mods\AnvilCraft\src\main\java\dev\dubhe\anvilcraft\block\entity\batch\BatchCutterBlockEntity.java:43: 错误: BatchCutterBlockEntity不是抽象的, 并且未覆盖IPowerComponent中的抽象方法getGrid()
public class BatchCutterBlockEntity extends BaseBatchCraftingBlockEntity {
       ^
D:\Minecraft-Mods\AnvilCraft\src\main\java\dev\dubhe\anvilcraft\block\entity\batch\BatchCutterBlockEntity.java:95: 错误: 找不到符号
            this.getDisplayingStack(),
                ^
  符号: 方法 getDisplayingStack()
D:\Minecraft-Mods\AnvilCraft\src\main\java\dev\dubhe\anvilcraft\block\entity\batch\BatchCutterBlockEntity.java:107: 错误: 找不到符号
        List<RecipeHolder<StonecutterRecipe>> recipes = cache.getRecipes();
                                                             ^
  符号:   方法 getRecipes()
  位置: 类型为BatchCutterCache的变量 cache
D:\Minecraft-Mods\AnvilCraft\src\main\java\dev\dubhe\anvilcraft\block\entity\batch\BatchCutterBlockEntity.java:184: 错误: 找不到符号
        List<RecipeHolder<StonecutterRecipe>> recipes = this.findCache(Util.cast(this.level)).getRecipes();
                                                                                             ^
  符号:   方法 getRecipes()
  位置: 类 BatchCutterCache
D:\Minecraft-Mods\AnvilCraft\src\main\java\dev\dubhe\anvilcraft\block\entity\CelestialForgingAnvilBlockEntity.java:52: 错误: 找不到符号
        output.putBoolean("amplified", this.isAmplify);
        ^
  符号:   变量 output
  位置: 类 CelestialForgingAnvilBlockEntity
D:\Minecraft-Mods\AnvilCraft\src\main\java\dev\dubhe\anvilcraft\block\entity\ChargerBlockEntity.java:39: 错误: ChargerBlockEntity不是抽象的, 并且未覆盖IPowerComponent中的抽象方法getGrid()
public class ChargerBlockEntity extends BlockEntity
       ^
D:\Minecraft-Mods\AnvilCraft\src\main\java\dev\dubhe\anvilcraft\block\entity\ChargerBlockEntity.java:54: 错误: 方法不会覆盖或实现超类型的方法
        @Override
        ^
D:\Minecraft-Mods\AnvilCraft\src\main\java\dev\dubhe\anvilcraft\block\entity\ChargerBlockEntity.java:56: 错误: 找不到符号
            if (slot == 0 && itemHandler.getStackInSlot(0).isEmpty()) {
                                        ^
  符号:   方法 getStackInSlot(int)
  位置: 类型为FilteredItemStackHandler的变量 itemHandler
D:\Minecraft-Mods\AnvilCraft\src\main\java\dev\dubhe\anvilcraft\block\entity\ChargerBlockEntity.java:60: 错误: 找不到符号
                    return super.insertItem(slot, stack.copyWithCount(1), simulate);
                                ^
  符号: 方法 insertItem(int,ItemStack,boolean)
D:\Minecraft-Mods\AnvilCraft\src\main\java\dev\dubhe\anvilcraft\block\entity\ChargerBlockEntity.java:62: 错误: 找不到符号
                    ItemStack left = super.insertItem(slot, stack.copyWithCount(1), simulate);
                                          ^
  符号: 方法 insertItem(int,ItemStack,boolean)
D:\Minecraft-Mods\AnvilCraft\src\main\java\dev\dubhe\anvilcraft\block\entity\ChargerBlockEntity.java:70: 错误: 方法不会覆盖或实现超类型的方法
        @Override
        ^
D:\Minecraft-Mods\AnvilCraft\src\main\java\dev\dubhe\anvilcraft\block\entity\ChargerBlockEntity.java:75: 错误: 方法不会覆盖或实现超类型的方法
        @Override
        ^
D:\Minecraft-Mods\AnvilCraft\src\main\java\dev\dubhe\anvilcraft\block\entity\ChargerBlockEntity.java:77: 错误: 找不到符号
            return slot == 2 ? super.extractItem(2, amount, simulate) : ItemStack.EMPTY;
                                    ^
  符号: 方法 extractItem(int,int,boolean)
D:\Minecraft-Mods\AnvilCraft\src\main\java\dev\dubhe\anvilcraft\block\entity\ChargerBlockEntity.java:80: 错误: 方法不会覆盖或实现超类型的方法
        @Override
        ^
D:\Minecraft-Mods\AnvilCraft\src\main\java\dev\dubhe\anvilcraft\block\entity\ChargerBlockEntity.java:82: 错误: 无法将类 StacksResourceHandler<S,T>中的方法 onContentsChanged应用到给定类型;
            super.onContentsChanged(slot);
                 ^
  需要: int,ItemStack
  找到:    int
  原因: 实际参数列表和形式参数列表长度不同
  其中, S,T是类型变量:
    S扩展已在类 StacksResourceHandler中声明的Object
    T扩展已在类 StacksResourceHandler中声明的Resource
D:\Minecraft-Mods\AnvilCraft\src\main\java\dev\dubhe\anvilcraft\block\entity\ChargerBlockEntity.java:106: 错误: 找不到符号
            Optional<RecipeHolder<ChargerChargingRecipe>> x = level.getRecipeManager()
                                                                   ^
  符号:   方法 getRecipeManager()
  位置: 类型为Level的变量 level
D:\Minecraft-Mods\AnvilCraft\src\main\java\dev\dubhe\anvilcraft\block\entity\ChargerBlockEntity.java:120: 错误: 找不到符号
            Optional<RecipeHolder<ChargerChargingRecipe>> x = level.getRecipeManager()
                                                                   ^
  符号:   方法 getRecipeManager()
  位置: 类型为Level的变量 level
D:\Minecraft-Mods\AnvilCraft\src\main\java\dev\dubhe\anvilcraft\block\entity\ChargerBlockEntity.java:138: 错误: 找不到符号
        ItemStack stack = itemHandler.getStackInSlot(0).copy();
                                     ^
  符号:   方法 getStackInSlot(int)
  位置: 类型为FilteredItemStackHandler的变量 itemHandler
D:\Minecraft-Mods\AnvilCraft\src\main\java\dev\dubhe\anvilcraft\block\entity\ChargerBlockEntity.java:140: 错误: 找不到符号
        if (!itemHandler.getStackInSlot(1).isEmpty()) return;
                        ^
  符号:   方法 getStackInSlot(int)
  位置: 类型为FilteredItemStackHandler的变量 itemHandler
D:\Minecraft-Mods\AnvilCraft\src\main\java\dev\dubhe\anvilcraft\block\entity\ChargerBlockEntity.java:143: 错误: 找不到符号
        itemHandler.setStackInSlot(0, ItemStack.EMPTY);
                   ^
  符号:   方法 setStackInSlot(int,ItemStack)
  位置: 类型为FilteredItemStackHandler的变量 itemHandler
D:\Minecraft-Mods\AnvilCraft\src\main\java\dev\dubhe\anvilcraft\block\entity\ChargerBlockEntity.java:145: 错误: 找不到符号
            itemHandler.setStackInSlot(1, stack);
                       ^
  符号:   方法 setStackInSlot(int,ItemStack)
  位置: 类型为FilteredItemStackHandler的变量 itemHandler
D:\Minecraft-Mods\AnvilCraft\src\main\java\dev\dubhe\anvilcraft\block\entity\ChargerBlockEntity.java:147: 错误: 找不到符号
            ItemStack transformed = recipe.getResult().copy();
                                          ^
  符号:   方法 getResult()
  位置: 类型为ChargerChargingRecipe的变量 recipe
D:\Minecraft-Mods\AnvilCraft\src\main\java\dev\dubhe\anvilcraft\block\entity\ChargerBlockEntity.java:148: 错误: 找不到符号
            itemHandler.setStackInSlot(1, transformed);
                       ^
  符号:   方法 setStackInSlot(int,ItemStack)
  位置: 类型为FilteredItemStackHandler的变量 itemHandler
D:\Minecraft-Mods\AnvilCraft\src\main\java\dev\dubhe\anvilcraft\block\entity\ChargerBlockEntity.java:160: 错误: 找不到符号
        ItemStack stack = itemHandler.getStackInSlot(1).copy();
                                     ^
  符号:   方法 getStackInSlot(int)
  位置: 类型为FilteredItemStackHandler的变量 itemHandler
D:\Minecraft-Mods\AnvilCraft\src\main\java\dev\dubhe\anvilcraft\block\entity\ChargerBlockEntity.java:162: 错误: 找不到符号
        if (!itemHandler.getStackInSlot(2).isEmpty()) {
                        ^
  符号:   方法 getStackInSlot(int)
  位置: 类型为FilteredItemStackHandler的变量 itemHandler
D:\Minecraft-Mods\AnvilCraft\src\main\java\dev\dubhe\anvilcraft\block\entity\ChargerBlockEntity.java:169: 错误: 找不到符号
            ItemStack transformed = recipe.getResult().copy();
                                          ^
  符号:   方法 getResult()
  位置: 类型为ChargerChargingRecipe的变量 recipe
D:\Minecraft-Mods\AnvilCraft\src\main\java\dev\dubhe\anvilcraft\block\entity\ChargerBlockEntity.java:170: 错误: 找不到符号
            itemHandler.setStackInSlot(2, transformed);
                       ^
  符号:   方法 setStackInSlot(int,ItemStack)
  位置: 类型为FilteredItemStackHandler的变量 itemHandler
D:\Minecraft-Mods\AnvilCraft\src\main\java\dev\dubhe\anvilcraft\block\entity\ChargerBlockEntity.java:172: 错误: 找不到符号
            itemHandler.setStackInSlot(2, stack);
                       ^
  符号:   方法 setStackInSlot(int,ItemStack)
  位置: 类型为FilteredItemStackHandler的变量 itemHandler
D:\Minecraft-Mods\AnvilCraft\src\main\java\dev\dubhe\anvilcraft\block\entity\ChargerBlockEntity.java:174: 错误: 找不到符号
        itemHandler.setStackInSlot(1, ItemStack.EMPTY);
                   ^
  符号:   方法 setStackInSlot(int,ItemStack)
  位置: 类型为FilteredItemStackHandler的变量 itemHandler
D:\Minecraft-Mods\AnvilCraft\src\main\java\dev\dubhe\anvilcraft\block\entity\ChargerBlockEntity.java:192: 错误: 找不到符号
            if (!itemHandler.getStackInSlot(i).isEmpty()) {
                            ^
  符号:   方法 getStackInSlot(int)
  位置: 类型为FilteredItemStackHandler的变量 itemHandler
D:\Minecraft-Mods\AnvilCraft\src\main\java\dev\dubhe\anvilcraft\block\entity\ChargerBlockEntity.java:193: 错误: 找不到符号
                return itemHandler.getStackInSlot(i);
                                  ^
  符号:   方法 getStackInSlot(int)
  位置: 类型为FilteredItemStackHandler的变量 itemHandler
D:\Minecraft-Mods\AnvilCraft\src\main\java\dev\dubhe\anvilcraft\block\entity\ChargerBlockEntity.java:218: 错误: 找不到符号
        output.store("Depository", CompoundTag.CODEC, itemHandler.serializeNBT(provider));
                                                                               ^
  符号:   变量 provider
  位置: 类 ChargerBlockEntity
D:\Minecraft-Mods\AnvilCraft\src\main\java\dev\dubhe\anvilcraft\block\entity\ChargerBlockEntity.java:226: 错误: 找不到符号
        itemHandler.deserializeNBT(provider, input.read("Depository", CompoundTag.CODEC).orElse(new CompoundTag()));
                                   ^
  符号:   变量 provider
  位置: 类 ChargerBlockEntity
D:\Minecraft-Mods\AnvilCraft\src\main\java\dev\dubhe\anvilcraft\block\entity\ChargerBlockEntity.java:252: 错误: 找不到符号
        if (itemHandler.getStackInSlot(0).isEmpty() && itemHandler.getStackInSlot(1).isEmpty()) return 0;
                       ^
  符号:   方法 getStackInSlot(int)
  位置: 类型为FilteredItemStackHandler的变量 itemHandler
D:\Minecraft-Mods\AnvilCraft\src\main\java\dev\dubhe\anvilcraft\block\entity\ChargerBlockEntity.java:252: 错误: 找不到符号
        if (itemHandler.getStackInSlot(0).isEmpty() && itemHandler.getStackInSlot(1).isEmpty()) return 0;
                                                                  ^
  符号:   方法 getStackInSlot(int)
  位置: 类型为FilteredItemStackHandler的变量 itemHandler
D:\Minecraft-Mods\AnvilCraft\src\main\java\dev\dubhe\anvilcraft\block\entity\ChargerBlockEntity.java:279: 错误: 找不到符号
        ItemStack stack0 = itemHandler.getStackInSlot(0).copy();
                                      ^
  符号:   方法 getStackInSlot(int)
  位置: 类型为FilteredItemStackHandler的变量 itemHandler
D:\Minecraft-Mods\AnvilCraft\src\main\java\dev\dubhe\anvilcraft\block\entity\ChargerBlockEntity.java:280: 错误: 找不到符号
        ItemStack stack1 = itemHandler.getStackInSlot(1).copy();
                                      ^
  符号:   方法 getStackInSlot(int)
  位置: 类型为FilteredItemStackHandler的变量 itemHandler
D:\Minecraft-Mods\AnvilCraft\src\main\java\dev\dubhe\anvilcraft\block\entity\ChargerBlockEntity.java:281: 错误: 找不到符号
        ItemStack stack2 = itemHandler.getStackInSlot(2).copy();
                                      ^
  符号:   方法 getStackInSlot(int)
  位置: 类型为FilteredItemStackHandler的变量 itemHandler
D:\Minecraft-Mods\AnvilCraft\src\main\java\dev\dubhe\anvilcraft\block\entity\ChargerBlockEntity.java:285: 错误: 找不到符号
        itemHandler.setStackInSlot(0, ItemStack.EMPTY);
                   ^
  符号:   方法 setStackInSlot(int,ItemStack)
  位置: 类型为FilteredItemStackHandler的变量 itemHandler
D:\Minecraft-Mods\AnvilCraft\src\main\java\dev\dubhe\anvilcraft\block\entity\ChargerBlockEntity.java:286: 错误: 找不到符号
        itemHandler.setStackInSlot(1, ItemStack.EMPTY);
                   ^
  符号:   方法 setStackInSlot(int,ItemStack)
  位置: 类型为FilteredItemStackHandler的变量 itemHandler
D:\Minecraft-Mods\AnvilCraft\src\main\java\dev\dubhe\anvilcraft\block\entity\ChargerBlockEntity.java:287: 错误: 找不到符号
        itemHandler.setStackInSlot(2, ItemStack.EMPTY);
                   ^
  符号:   方法 setStackInSlot(int,ItemStack)
  位置: 类型为FilteredItemStackHandler的变量 itemHandler
D:\Minecraft-Mods\AnvilCraft\src\main\java\dev\dubhe\anvilcraft\recipe\ChargerChargingRecipe.java:33: 错误: ChargerChargingRecipe不是抽象的, 并且未覆盖Recipe中的抽象方法recipeBookCategory()
public class ChargerChargingRecipe implements Recipe<SingleRecipeInput> {
       ^
D:\Minecraft-Mods\AnvilCraft\src\main\java\dev\dubhe\anvilcraft\recipe\ChargerChargingRecipe.java:52: 错误: ChargerChargingRecipe中的getType()无法实现Recipe中的getType()
    public RecipeType<?> getType() {
                         ^
  返回类型RecipeType<?>与RecipeType<? extends Recipe<SingleRecipeInput>>不兼容
  其中, T是类型变量:
    T扩展已在接口 Recipe中声明的RecipeInput
D:\Minecraft-Mods\AnvilCraft\src\main\java\dev\dubhe\anvilcraft\recipe\ChargerChargingRecipe.java:57: 错误: ChargerChargingRecipe中的getSerializer()无法实现Recipe中的getSerializer()
    public RecipeSerializer<?> getSerializer() {
                               ^
  返回类型RecipeSerializer<?>与RecipeSerializer<? extends Recipe<SingleRecipeInput>>不兼容
  其中, T是类型变量:
    T扩展已在接口 Recipe中声明的RecipeInput
D:\Minecraft-Mods\AnvilCraft\src\main\java\dev\dubhe\anvilcraft\recipe\ChargerChargingRecipe.java:51: 错误: 方法不会覆盖或实现超类型的方法
    @Override
    ^
D:\Minecraft-Mods\AnvilCraft\src\main\java\dev\dubhe\anvilcraft\recipe\ChargerChargingRecipe.java:56: 错误: 方法不会覆盖或实现超类型的方法
    @Override
    ^
D:\Minecraft-Mods\AnvilCraft\src\main\java\dev\dubhe\anvilcraft\recipe\ChargerChargingRecipe.java:58: 错误: 找不到符号
        return ModRecipeTypes.CHARGER_CHARGING_SERIALIZER.get();
                             ^
  符号:   变量 CHARGER_CHARGING_SERIALIZER
  位置: 类 ModRecipeTypes
D:\Minecraft-Mods\AnvilCraft\src\main\java\dev\dubhe\anvilcraft\recipe\ChargerChargingRecipe.java:61: 错误: 方法不会覆盖或实现超类型的方法
    @Override
    ^
D:\Minecraft-Mods\AnvilCraft\src\main\java\dev\dubhe\anvilcraft\recipe\ChargerChargingRecipe.java:66: 错误: 方法不会覆盖或实现超类型的方法
    @Override
    ^
D:\Minecraft-Mods\AnvilCraft\src\main\java\dev\dubhe\anvilcraft\recipe\ChargerChargingRecipe.java:71: 错误: 方法不会覆盖或实现超类型的方法
    @Override
    ^
D:\Minecraft-Mods\AnvilCraft\src\main\java\dev\dubhe\anvilcraft\recipe\ChargerChargingRecipe.java:93: 错误: 找不到符号
            Ingredient.CODEC_NONEMPTY.fieldOf("ingredient").forGetter(ChargerChargingRecipe::getIngredient),
                      ^
  符号:   变量 CODEC_NONEMPTY
  位置: 类 Ingredient
D:\Minecraft-Mods\AnvilCraft\src\main\java\dev\dubhe\anvilcraft\recipe\ChargerChargingRecipe.java:93: 错误: 方法引用无效
            Ingredient.CODEC_NONEMPTY.fieldOf("ingredient").forGetter(ChargerChargingRecipe::getIngredient),
                                                                      ^
  找不到符号
    符号:   方法 getIngredient()
    位置: 类 ChargerChargingRecipe
D:\Minecraft-Mods\AnvilCraft\src\main\java\dev\dubhe\anvilcraft\recipe\ChargerChargingRecipe.java:94: 错误: 方法引用无效
            ItemStack.CODEC.fieldOf("result").forGetter(ChargerChargingRecipe::getResult),
                                                        ^
  找不到符号
    符号:   方法 getResult()
    位置: 类 ChargerChargingRecipe
D:\Minecraft-Mods\AnvilCraft\src\main\java\dev\dubhe\anvilcraft\recipe\ChargerChargingRecipe.java:95: 错误: 方法引用无效
            Codec.INT.fieldOf("power").forGetter(ChargerChargingRecipe::getPower),
                                                 ^
  找不到符号
    符号:   方法 getPower()
    位置: 类 ChargerChargingRecipe
D:\Minecraft-Mods\AnvilCraft\src\main\java\dev\dubhe\anvilcraft\recipe\ChargerChargingRecipe.java:96: 错误: 方法引用无效
            Codec.INT.fieldOf("time").forGetter(ChargerChargingRecipe::getTime)
                                                ^
  找不到符号
    符号:   方法 getTime()
    位置: 类 ChargerChargingRecipe
D:\Minecraft-Mods\AnvilCraft\src\main\java\dev\dubhe\anvilcraft\recipe\ChargerChargingRecipe.java:103: 错误: 方法不会覆盖或实现超类型的方法
        @Override
        ^
D:\Minecraft-Mods\AnvilCraft\src\main\java\dev\dubhe\anvilcraft\recipe\ChargerChargingRecipe.java:108: 错误: 方法不会覆盖或实现超类型的方法
        @Override
        ^
D:\Minecraft-Mods\AnvilCraft\src\main\java\dev\dubhe\anvilcraft\recipe\ChargerChargingRecipe.java:131: 错误: Builder不是抽象的, 并且未覆盖AbstractRecipeBuilder中的抽象方法getResult()
    public static class Builder extends AbstractRecipeBuilder<ChargerChargingRecipe> {
                  ^
D:\Minecraft-Mods\AnvilCraft\src\main\java\dev\dubhe\anvilcraft\recipe\ChargerChargingRecipe.java:189: 错误: Builder中的getResult()无法覆盖AbstractRecipeBuilder中的getResult()
        public Item getResult() {
                    ^
  返回类型Item与ItemStackTemplate不兼容
D:\Minecraft-Mods\AnvilCraft\src\main\java\dev\dubhe\anvilcraft\recipe\ChargerChargingRecipe.java:143: 错误: 对于of(TagKey<Item>), 找不到合适的方法
            ingredient = Ingredient.of(tag);
                                   ^
    方法 Ingredient.of(ItemLike)不适用
      (参数不匹配; TagKey<Item>无法转换为ItemLike)
    方法 Ingredient.of(ItemLike...)不适用
      (varargs 不匹配; TagKey<Item>无法转换为ItemLike)
    方法 Ingredient.of(Stream<? extends ItemLike>)不适用
      (参数不匹配; TagKey<Item>无法转换为Stream<? extends ItemLike>)
    方法 Ingredient.of(HolderSet<Item>)不适用
      (参数不匹配; TagKey<Item>无法转换为HolderSet<Item>)
D:\Minecraft-Mods\AnvilCraft\src\main\java\dev\dubhe\anvilcraft\recipe\ChargerChargingRecipe.java:188: 错误: 方法不会覆盖或实现超类型的方法
        @Override
        ^
D:\Minecraft-Mods\AnvilCraft\src\main\java\dev\dubhe\anvilcraft\block\entity\ChuteBlockEntity.java:20: 错误: ChuteBlockEntity不是抽象的, 并且未覆盖IItemHandlerHolder中的抽象方法getItemHandler()
public class ChuteBlockEntity extends BaseChuteBlockEntity {
       ^
D:\Minecraft-Mods\AnvilCraft\src\main\java\dev\dubhe\anvilcraft\block\entity\ConfinementChamberBlockEntity.java:21: 错误: ConfinementChamberBlockEntity不是抽象的, 并且未覆盖IItemHandlerHolder中的抽象方法getItemHandler()
public class ConfinementChamberBlockEntity extends BlockEntity implements IItemHandlerHolder, IHasDisplayItem {
       ^
D:\Minecraft-Mods\AnvilCraft\src\main\java\dev\dubhe\anvilcraft\block\entity\CrabTrapBlockEntity.java:16: 错误: CrabTrapBlockEntity不是抽象的, 并且未覆盖IItemHandlerHolder中的抽象方法getItemHandler()
public class CrabTrapBlockEntity extends BlockEntity implements IItemHandlerHolder {
       ^
D:\Minecraft-Mods\AnvilCraft\src\main\java\dev\dubhe\anvilcraft\block\entity\CrabTrapBlockEntity.java:21: 警告: [removal] net.neoforged.neoforge.items 中的 ItemStackHandler 已过时, 且标记为待删除
    private final ItemStackHandler itemHandler = new ItemStackHandler(9);
                  ^
D:\Minecraft-Mods\AnvilCraft\src\main\java\dev\dubhe\anvilcraft\block\entity\CrabTrapBlockEntity.java:21: 警告: [removal] net.neoforged.neoforge.items 中的 ItemStackHandler 已过时, 且标记为待删除
    private final ItemStackHandler itemHandler = new ItemStackHandler(9);
                                                     ^
D:\Minecraft-Mods\AnvilCraft\src\main\java\dev\dubhe\anvilcraft\block\entity\CrabTrapBlockEntity.java:26: 错误: 找不到符号
        output.store("Inventory", CompoundTag.CODEC, itemHandler.serializeNBT(provider));
                                                                              ^
  符号:   变量 provider
  位置: 类 CrabTrapBlockEntity
D:\Minecraft-Mods\AnvilCraft\src\main\java\dev\dubhe\anvilcraft\block\entity\CrabTrapBlockEntity.java:32: 错误: 找不到符号
        itemHandler.deserializeNBT(provider, input.read("Inventory", CompoundTag.CODEC).orElse(new CompoundTag()));
                                   ^
  符号:   变量 provider
  位置: 类 CrabTrapBlockEntity
D:\Minecraft-Mods\AnvilCraft\src\main\java\dev\dubhe\anvilcraft\block\entity\CreativeGeneratorBlockEntity.java:31: 错误: CreativeGeneratorBlockEntity不是抽象的, 并且未覆盖IPowerComponent中的抽象方法getGrid()
public class CreativeGeneratorBlockEntity extends BlockEntity implements IPowerProducer, IPowerConsumer, MenuProvider {
       ^
D:\Minecraft-Mods\AnvilCraft\src\main\java\dev\dubhe\anvilcraft\block\entity\DeflectionRingBlockEntity.java:50: 错误: DeflectionRingBlockEntity不是抽象的, 并且未覆盖IPowerComponent中的抽象方法getGrid()
public class DeflectionRingBlockEntity extends BlockEntity implements IPowerConsumer {
       ^
D:\Minecraft-Mods\AnvilCraft\src\main\java\dev\dubhe\anvilcraft\block\entity\DeflectionRingBlockEntity.java:117: 错误: 无法将记录 ChunkPos中的构造器 ChunkPos应用到给定类型;
            new ChunkPos(getBlockPos()),
            ^
  需要: int,int
  找到:    BlockPos
  原因: 实际参数列表和形式参数列表长度不同
D:\Minecraft-Mods\AnvilCraft\src\main\java\dev\dubhe\anvilcraft\block\entity\DeflectionRingBlockEntity.java:135: 错误: 找不到符号
        if (tag.contains("lastEntitySpeed")) {
            ^
  符号:   变量 tag
  位置: 类 DeflectionRingBlockEntity
D:\Minecraft-Mods\AnvilCraft\src\main\java\dev\dubhe\anvilcraft\block\entity\DeflectionRingBlockEntity.java:380: 错误: 不兼容的类型: 方法引用无效
        fallingGiantAnvilEntity.ifPresent(Entity::kill);
                                          ^
    不兼容的类型: FallingGiantAnvilEntity无法转换为ServerLevel
D:\Minecraft-Mods\AnvilCraft\src\main\java\dev\dubhe\anvilcraft\block\entity\FishTankBlockEntity.java:46: 错误: FishTankBlockEntity不是抽象的, 并且未覆盖IItemHandlerHolder中的抽象方法getItemHandler()
public class FishTankBlockEntity extends BlockEntity implements IItemHandlerHolder, ItemResourceHandlerCache, IFluidHandlerHolder {
       ^
D:\Minecraft-Mods\AnvilCraft\src\main\java\dev\dubhe\anvilcraft\block\entity\FishTankBlockEntity.java:130: 错误: 找不到符号
        ItemHandlerUtil.dropAllToPos(this.getItemHandler(), this.level, pos.getCenter());
                                         ^
  符号: 方法 getItemHandler()
D:\Minecraft-Mods\AnvilCraft\src\main\java\dev\dubhe\anvilcraft\block\entity\FluidTankBlockEntity.java:23: 错误: FluidTankBlockEntity不是抽象的, 并且未覆盖IFluidHandlerHolder中的抽象方法getFluidHandler()
public class FluidTankBlockEntity extends BlockEntity implements IFluidHandlerHolder {
       ^
D:\Minecraft-Mods\AnvilCraft\src\main\java\dev\dubhe\anvilcraft\block\entity\FluidTankBlockEntity.java:88: 错误: FluidTankBlockEntity中的getFluidHandler()无法实现IFluidHandlerHolder中的getFluidHandler()
    public IFluidHandler getFluidHandler() {
                         ^
  返回类型IFluidHandler与ResourceHandler<FluidResource>不兼容
D:\Minecraft-Mods\AnvilCraft\src\main\java\dev\dubhe\anvilcraft\block\entity\FluidTankBlockEntity.java:26: 警告: [removal] net.neoforged.neoforge.fluids.capability.templates 中的 FluidTank 已过时, 且标记为待删除
    protected final FluidTank tank = new FluidTank(CAPACITY);
                    ^
D:\Minecraft-Mods\AnvilCraft\src\main\java\dev\dubhe\anvilcraft\block\entity\FluidTankBlockEntity.java:26: 警告: [removal] net.neoforged.neoforge.fluids.capability.templates 中的 FluidTank 已过时, 且标记为待删除
    protected final FluidTank tank = new FluidTank(CAPACITY);
                                         ^
D:\Minecraft-Mods\AnvilCraft\src\main\java\dev\dubhe\anvilcraft\block\entity\FluidTankBlockEntity.java:47: 错误: 找不到符号
        CompoundTag tankNbt = tank.writeToNBT(provider, new CompoundTag());
                                              ^
  符号:   变量 provider
  位置: 类 FluidTankBlockEntity
D:\Minecraft-Mods\AnvilCraft\src\main\java\dev\dubhe\anvilcraft\block\entity\FluidTankBlockEntity.java:62: 错误: 找不到符号
        tank.readFromNBT(provider, input.read("tank", CompoundTag.CODEC).orElse(new CompoundTag()));
                         ^
  符号:   变量 provider
  位置: 类 FluidTankBlockEntity
D:\Minecraft-Mods\AnvilCraft\src\main\java\dev\dubhe\anvilcraft\block\entity\FluidTankBlockEntity.java:68: 错误: 找不到符号
        output.putBoolean("bigger", this.isBigger);
        ^
  符号:   变量 output
  位置: 类 FluidTankBlockEntity
D:\Minecraft-Mods\AnvilCraft\src\main\java\dev\dubhe\anvilcraft\block\entity\FluidTankBlockEntity.java:70: 错误: 找不到符号
        tank.writeToNBT(registries, fluidTag);
            ^
  符号:   方法 writeToNBT(Provider,CompoundTag)
  位置: 类型为FluidTank的变量 tank
D:\Minecraft-Mods\AnvilCraft\src\main\java\dev\dubhe\anvilcraft\block\entity\FluidTankBlockEntity.java:71: 错误: 找不到符号
        output.store("tank", CompoundTag.CODEC, fluidTag);
        ^
  符号:   变量 output
  位置: 类 FluidTankBlockEntity
D:\Minecraft-Mods\AnvilCraft\src\main\java\dev\dubhe\anvilcraft\block\entity\FluidTankBlockEntity.java:81: 警告: [removal] net.neoforged.neoforge.fluids 中的 FluidUtil 已过时, 且标记为待删除
        return FluidUtil.interactWithFluidHandler(player, hand, tank);
               ^
D:\Minecraft-Mods\AnvilCraft\src\main\java\dev\dubhe\anvilcraft\block\entity\FluidTankBlockEntity.java:81: 警告: [removal] FluidUtil 中的 interactWithFluidHandler(Player,InteractionHand,IFluidHandler) 已过时, 且标记为待删除
        return FluidUtil.interactWithFluidHandler(player, hand, tank);
                        ^
D:\Minecraft-Mods\AnvilCraft\src\main\java\dev\dubhe\anvilcraft\block\entity\FluidTankBlockEntity.java:84: 警告: [removal] net.neoforged.neoforge.fluids 中的 IFluidTank 已过时, 且标记为待删除
    public IFluidTank getTank() {
           ^
D:\Minecraft-Mods\AnvilCraft\src\main\java\dev\dubhe\anvilcraft\block\entity\FluidTankBlockEntity.java:88: 警告: [removal] net.neoforged.neoforge.fluids.capability 中的 IFluidHandler 已过时, 且标记为待删除
    public IFluidHandler getFluidHandler() {
           ^
D:\Minecraft-Mods\AnvilCraft\src\main\java\dev\dubhe\anvilcraft\item\property\component\SavedEntity.java:48: 错误: 找不到符号
        try (ProblemReporter.ScopedCollector reporter = new ProblemReporter.ScopedCollector(entity.problemPath(), log)) {
                                                                                                                  ^
  符号:   变量 log
  位置: 类 SavedEntity
D:\Minecraft-Mods\AnvilCraft\src\main\java\dev\dubhe\anvilcraft\item\property\component\SavedEntity.java:56: 错误: 找不到符号
        try (ProblemReporter.ScopedCollector reporter = new ProblemReporter.ScopedCollector(entity.problemPath(), log)) {
                                                                                                                  ^
  符号:   变量 log
  位置: 类 SavedEntity
D:\Minecraft-Mods\AnvilCraft\src\main\java\dev\dubhe\anvilcraft\block\entity\HeaterBlockEntity.java:19: 错误: HeaterBlockEntity不是抽象的, 并且未覆盖IPowerComponent中的抽象方法getGrid()
public class HeaterBlockEntity extends BlockEntity implements IPowerConsumer {
       ^
D:\Minecraft-Mods\AnvilCraft\src\main\java\dev\dubhe\anvilcraft\block\entity\HeliostatsBlockEntity.java:136: 错误: 找不到符号
        double sunAngle = level.getSunAngle(1);
                               ^
  符号:   方法 getSunAngle(int)
  位置: 类型为Level的变量 level
D:\Minecraft-Mods\AnvilCraft\src\main\java\dev\dubhe\anvilcraft\block\entity\HeliostatsBlockEntity.java:152: 错误: 方法不会覆盖或实现超类型的方法
    @Override
    ^
D:\Minecraft-Mods\AnvilCraft\src\main\java\dev\dubhe\anvilcraft\block\entity\HeliostatsBlockEntity.java:160: 错误: 方法不会覆盖或实现超类型的方法
    @Override
    ^
D:\Minecraft-Mods\AnvilCraft\src\main\java\dev\dubhe\anvilcraft\block\entity\HeliostatsBlockEntity.java:176: 错误: 找不到符号
            PacketDistributor.sendToServer(new HeliostatsIrradiationPacket(getBlockPos(), irritatePos));
                             ^
  符号:   方法 sendToServer(HeliostatsIrradiationPacket)
  位置: 类 PacketDistributor
D:\Minecraft-Mods\AnvilCraft\src\main\java\dev\dubhe\anvilcraft\block\entity\InductionLightBlockEntity.java:25: 错误: InductionLightBlockEntity不是抽象的, 并且未覆盖IPowerComponent中的抽象方法getGrid()
public class InductionLightBlockEntity extends BlockEntity implements IPowerConsumer, IHasAffectRange {
       ^
D:\Minecraft-Mods\AnvilCraft\src\main\java\dev\dubhe\anvilcraft\block\entity\ItemCollectorBlockEntity.java:49: 错误: ItemCollectorBlockEntity不是抽象的, 并且未覆盖IPowerComponent中的抽象方法getGrid()
public class ItemCollectorBlockEntity extends BlockEntity
       ^
D:\Minecraft-Mods\AnvilCraft\src\main\java\dev\dubhe\anvilcraft\block\entity\ItemCollectorBlockEntity.java:84: 错误: 方法不会覆盖或实现超类型的方法
        @Override
        ^
D:\Minecraft-Mods\AnvilCraft\src\main\java\dev\dubhe\anvilcraft\block\entity\ItemCollectorBlockEntity.java:144: 错误: 找不到符号
        this.itemHandler.deserializeNBT(provider, input.read("Inventory", CompoundTag.CODEC).orElse(new CompoundTag()));
                                        ^
  符号:   变量 provider
  位置: 类 ItemCollectorBlockEntity
D:\Minecraft-Mods\AnvilCraft\src\main\java\dev\dubhe\anvilcraft\block\entity\ItemCollectorBlockEntity.java:153: 错误: 找不到符号
        output.store("Inventory", CompoundTag.CODEC, this.itemHandler.serializeNBT(provider));
                                                                                   ^
  符号:   变量 provider
  位置: 类 ItemCollectorBlockEntity
D:\Minecraft-Mods\AnvilCraft\src\main\java\dev\dubhe\anvilcraft\block\entity\ItemCollectorBlockEntity.java:175: 错误: 找不到符号
        output.store("Inventory", CompoundTag.CODEC, this.itemHandler.serializeNBT(provider));
        ^
  符号:   变量 output
  位置: 类 ItemCollectorBlockEntity
D:\Minecraft-Mods\AnvilCraft\src\main\java\dev\dubhe\anvilcraft\block\entity\ItemCollectorBlockEntity.java:175: 错误: 找不到符号
        output.store("Inventory", CompoundTag.CODEC, this.itemHandler.serializeNBT(provider));
                                                                     ^
  符号:   方法 serializeNBT(Provider)
  位置: 类型为FilteredItemStackHandler的变量 itemHandler
D:\Minecraft-Mods\AnvilCraft\src\main\java\dev\dubhe\anvilcraft\block\entity\ItemCollectorBlockEntity.java:176: 错误: 找不到符号
        output.putInt("Cooldown", this.cooldown.index());
        ^
  符号:   变量 output
  位置: 类 ItemCollectorBlockEntity
D:\Minecraft-Mods\AnvilCraft\src\main\java\dev\dubhe\anvilcraft\block\entity\ItemCollectorBlockEntity.java:177: 错误: 找不到符号
        output.putInt("RangeRadius", this.rangeRadius.index());
        ^
  符号:   变量 output
  位置: 类 ItemCollectorBlockEntity
D:\Minecraft-Mods\AnvilCraft\src\main\java\dev\dubhe\anvilcraft\block\entity\ItemCollectorBlockEntity.java:247: 错误: 找不到符号
                itemStack = itemHandler.insertItem(slotIndex++, itemStack, false);
                                       ^
  符号:   方法 insertItem(int,ItemStack,boolean)
  位置: 类型为FilteredItemStackHandler的变量 itemHandler
D:\Minecraft-Mods\AnvilCraft\src\main\java\dev\dubhe\anvilcraft\block\entity\ItemCollectorBlockEntity.java:271: 错误: 找不到符号
        for (int j = 0; j < this.itemHandler.getSlots(); ++j) {
                                            ^
  符号:   方法 getSlots()
  位置: 类型为FilteredItemStackHandler的变量 itemHandler
D:\Minecraft-Mods\AnvilCraft\src\main\java\dev\dubhe\anvilcraft\block\entity\ItemCollectorBlockEntity.java:272: 错误: 找不到符号
            ItemStack itemStack = this.itemHandler.getStackInSlot(j);
                                                  ^
  符号:   方法 getStackInSlot(int)
  位置: 类型为FilteredItemStackHandler的变量 itemHandler
D:\Minecraft-Mods\AnvilCraft\src\main\java\dev\dubhe\anvilcraft\block\entity\ItemCollectorBlockEntity.java:283: 错误: 找不到符号
        output.store("Inventory", CompoundTag.CODEC, this.itemHandler.serializeNBT(provider));
                                                                     ^
  符号:   方法 serializeNBT(RegistryAccess)
  位置: 类型为FilteredItemStackHandler的变量 itemHandler
D:\Minecraft-Mods\AnvilCraft\src\main\java\dev\dubhe\anvilcraft\block\entity\ItemCollectorBlockEntity.java:293: 错误: 找不到符号
        this.itemHandler.deserializeNBT(provider, input.read("Inventory", CompoundTag.CODEC).orElse(new CompoundTag()));
                        ^
  符号:   方法 deserializeNBT(RegistryAccess,CompoundTag)
  位置: 类型为FilteredItemStackHandler的变量 itemHandler
D:\Minecraft-Mods\AnvilCraft\src\main\java\dev\dubhe\anvilcraft\util\WatchableCyclingValue.java:82: 错误: 找不到符号
        PacketDistributor.sendToServer(new CyclingValueSyncPacket(index, name));
                         ^
  符号:   方法 sendToServer(CyclingValueSyncPacket)
  位置: 类 PacketDistributor
D:\Minecraft-Mods\AnvilCraft\src\main\java\dev\dubhe\anvilcraft\block\ItemDetectorBlock.java:100: 错误: 方法不会覆盖或实现超类型的方法
    @Override
    ^
D:\Minecraft-Mods\AnvilCraft\src\main\java\dev\dubhe\anvilcraft\block\ItemDetectorBlock.java:102: 错误: 找不到符号
        super.onRemove(state, level, pos, newState, isMoving);
             ^
  符号: 方法 onRemove(BlockState,Level,BlockPos,BlockState,boolean)
D:\Minecraft-Mods\AnvilCraft\src\main\java\dev\dubhe\anvilcraft\block\ItemDetectorBlock.java:140: 错误: 不兼容的类型: BlockPos无法转换为Orientation
        level.neighborChanged(blockpos, this, pos);
                                              ^
D:\Minecraft-Mods\AnvilCraft\src\main\java\dev\dubhe\anvilcraft\block\ItemDetectorBlock.java:141: 错误: 无法将类 Level中的方法 updateNeighborsAtExceptFromFacing应用到给定类型;
        level.updateNeighborsAtExceptFromFacing(blockpos, this, direction);
             ^
  需要: BlockPos,Block,Direction,Orientation
  找到:    BlockPos,ItemDetectorBlock,Direction
  原因: 实际参数列表和形式参数列表长度不同
D:\Minecraft-Mods\AnvilCraft\src\main\java\dev\dubhe\anvilcraft\block\ItemDetectorBlock.java:163: 错误: 找不到符号
        return blockState.getValue(FACING) == side ? idbe.getOutputSignal() : 0;
                                                         ^
  符号:   方法 getOutputSignal()
  位置: 类型为ItemDetectorBlockEntity的变量 idbe
D:\Minecraft-Mods\AnvilCraft\src\main\java\dev\dubhe\anvilcraft\block\entity\ItemDetectorBlockEntity.java:126: 错误: 无法取消引用int
        if (input.getIntOr("FilterMode", 0).isPresent()) this.filterMode = Mode.valueOf(input.getStringOr("FilterMode", ""));
                                           ^
D:\Minecraft-Mods\AnvilCraft\src\main\java\dev\dubhe\anvilcraft\block\entity\ItemDetectorBlockEntity.java:127: 错误: 无法取消引用int
        if (input.getIntOr("Filter", 0).isPresent()) filter.deserializeNBT(registries, input.read("Filter", CompoundTag.CODEC).orElse(new CompoundTag()));
                                       ^
D:\Minecraft-Mods\AnvilCraft\src\main\java\dev\dubhe\anvilcraft\block\entity\ItemDetectorBlockEntity.java:127: 错误: 找不到符号
        if (input.getIntOr("Filter", 0).isPresent()) filter.deserializeNBT(registries, input.read("Filter", CompoundTag.CODEC).orElse(new CompoundTag()));
                                                                           ^
  符号:   变量 registries
  位置: 类 ItemDetectorBlockEntity
D:\Minecraft-Mods\AnvilCraft\src\main\java\dev\dubhe\anvilcraft\block\entity\ItemDetectorBlockEntity.java:128: 错误: 无法取消引用int
        if (input.getIntOr("OutputSignal", 0).isPresent()) this.outputSignal = input.getIntOr("OutputSignal", 0);
                                             ^
D:\Minecraft-Mods\AnvilCraft\src\main\java\dev\dubhe\anvilcraft\block\entity\ItemDetectorBlockEntity.java:137: 错误: 找不到符号
        output.store("Filter", CompoundTag.CODEC, this.filter.serializeNBT(registries));
                                                                           ^
  符号:   变量 registries
  位置: 类 ItemDetectorBlockEntity
D:\Minecraft-Mods\AnvilCraft\src\main\java\dev\dubhe\anvilcraft\block\entity\ItemDetectorBlockEntity.java:145: 错误: 找不到符号
        output.putInt("Range", this.range);
        ^
  符号:   变量 output
  位置: 类 ItemDetectorBlockEntity
D:\Minecraft-Mods\AnvilCraft\src\main\java\dev\dubhe\anvilcraft\block\entity\ItemDetectorBlockEntity.java:214: 警告: [removal] net.neoforged.neoforge.items 中的 IItemHandler 已过时, 且标记为待删除
        IItemHandler handler = level.getCapability(Capabilities.ItemHandler.BLOCK, pos, null);
        ^
D:\Minecraft-Mods\AnvilCraft\src\main\java\dev\dubhe\anvilcraft\block\entity\ItemDetectorBlockEntity.java:214: 错误: 找不到符号
        IItemHandler handler = level.getCapability(Capabilities.ItemHandler.BLOCK, pos, null);
                                                               ^
  符号:   变量 ItemHandler
  位置: 类 Capabilities
D:\Minecraft-Mods\AnvilCraft\src\main\java\dev\dubhe\anvilcraft\block\entity\ItemDetectorBlockEntity.java:217: 警告: [removal] IItemHandler 中的 getSlots() 已过时, 且标记为待删除
        for (int i = 0; i < handler.getSlots(); i++) {
                                   ^
D:\Minecraft-Mods\AnvilCraft\src\main\java\dev\dubhe\anvilcraft\block\entity\ItemDetectorBlockEntity.java:218: 警告: [removal] IItemHandler 中的 getStackInSlot(int) 已过时, 且标记为待删除
            ItemStack stack = handler.getStackInSlot(i);
                                     ^
D:\Minecraft-Mods\AnvilCraft\src\main\java\dev\dubhe\anvilcraft\block\entity\ItemDetectorBlockEntity.java:288: 错误: 找不到符号
        return this.filter.getFilterList();
                          ^
  符号:   方法 getFilterList()
  位置: 类型为FilterOnlyContainer的变量 filter
D:\Minecraft-Mods\AnvilCraft\src\main\java\dev\dubhe\anvilcraft\inventory\container\FilterOnlyContainer.java:84: 错误: 找不到符号
                nbtTagList.add(filterList.get(i).save(provider, itemTag));
                                                ^
  符号:   方法 save(Provider,CompoundTag)
  位置: 类 ItemStack
D:\Minecraft-Mods\AnvilCraft\src\main\java\dev\dubhe\anvilcraft\inventory\container\FilterOnlyContainer.java:94: 错误: 无法将类 CompoundTag中的方法 contains应用到给定类型;
        this.size = nbt.contains("Size", Tag.TAG_INT) ? nbt.getIntOr("Size", 0) : filterList.size();
                       ^
  需要: String
  找到:    String,byte
  原因: 实际参数列表和形式参数列表长度不同
D:\Minecraft-Mods\AnvilCraft\src\main\java\dev\dubhe\anvilcraft\inventory\container\FilterOnlyContainer.java:98: 错误: 不兼容的类型: Optional<CompoundTag>无法转换为CompoundTag
            CompoundTag itemTags = tagList.getCompound(i);
                                                      ^
D:\Minecraft-Mods\AnvilCraft\src\main\java\dev\dubhe\anvilcraft\inventory\container\FilterOnlyContainer.java:101: 错误: 找不到符号
                ItemStack.parse(provider, itemTags).ifPresent(stack -> filterList.set(slot, stack));
                         ^
  符号:   方法 parse(Provider,CompoundTag)
  位置: 类 ItemStack
D:\Minecraft-Mods\AnvilCraft\src\main\java\dev\dubhe\anvilcraft\block\entity\LargeFluidTankBlockEntity.java:51: 错误: 找不到符号
        this.tank.setInfinity(true);
                 ^
  符号:   方法 setInfinity(boolean)
  位置: 类型为InfinityFluidTank的变量 tank
D:\Minecraft-Mods\AnvilCraft\src\main\java\dev\dubhe\anvilcraft\block\entity\LargeFluidTankBlockEntity.java:61: 错误: 找不到符号
        this.tank.setInfinity(false);
                 ^
  符号:   方法 setInfinity(boolean)
  位置: 类型为InfinityFluidTank的变量 tank
D:\Minecraft-Mods\AnvilCraft\src\main\java\dev\dubhe\anvilcraft\block\entity\LaserReceiverBlockEntity.java:17: 错误: LaserReceiverBlockEntity不是抽象的, 并且未覆盖IPowerComponent中的抽象方法getGrid()
public class LaserReceiverBlockEntity extends BaseLaserBlockEntity implements IPowerProducer {
       ^
D:\Minecraft-Mods\AnvilCraft\src\main\java\dev\dubhe\anvilcraft\block\entity\LaserReceiverBlockEntity.java:75: 错误: 不兼容的类型: 推断类型不符合上限
        return Set.of(getBlockState().getValue(LaserReceiverBlock.FACING));
                     ^
    推断: T
    上限: Comparable<T>,Direction[]
  其中, T是类型变量:
    T扩展Direction[],Comparable<T>
D:\Minecraft-Mods\AnvilCraft\src\main\java\dev\dubhe\anvilcraft\block\entity\LoadMonitorBlockEntity.java:19: 错误: LoadMonitorBlockEntity不是抽象的, 并且未覆盖IPowerComponent中的抽象方法getGrid()
public class LoadMonitorBlockEntity extends BlockEntity implements IPowerConsumer {
       ^
D:\Minecraft-Mods\AnvilCraft\src\main\java\dev\dubhe\anvilcraft\block\entity\LoadMonitorBlockEntity.java:33: 错误: 找不到符号
        output.putInt("Cooldown", cooldown);
        ^
  符号:   变量 output
  位置: 类 LoadMonitorBlockEntity
D:\Minecraft-Mods\AnvilCraft\src\main\java\dev\dubhe\anvilcraft\block\entity\LoadMonitorBlockEntity.java:39: 错误: 找不到符号
        cooldown = input.getIntOr("Cooldown", 0);
                   ^
  符号:   变量 input
  位置: 类 LoadMonitorBlockEntity
D:\Minecraft-Mods\AnvilCraft\src\main\java\dev\dubhe\anvilcraft\block\entity\LoadMonitorBlockEntity.java:55: 错误: 找不到符号
        if (getGrid().getConsume() == 0) return 0;
                     ^
  符号:   方法 getConsume()
  位置: 类 PowerGrid
D:\Minecraft-Mods\AnvilCraft\src\main\java\dev\dubhe\anvilcraft\block\entity\LoadMonitorBlockEntity.java:57: 错误: 找不到符号
        if (getGrid().getConsume() > getGrid().getGenerate()) return 0;
                     ^
  符号:   方法 getConsume()
  位置: 类 PowerGrid
D:\Minecraft-Mods\AnvilCraft\src\main\java\dev\dubhe\anvilcraft\block\entity\LoadMonitorBlockEntity.java:57: 错误: 找不到符号
        if (getGrid().getConsume() > getGrid().getGenerate()) return 0;
                                              ^
  符号:   方法 getGenerate()
  位置: 类 PowerGrid
D:\Minecraft-Mods\AnvilCraft\src\main\java\dev\dubhe\anvilcraft\block\entity\LoadMonitorBlockEntity.java:58: 错误: 找不到符号
        return (int) Math.ceil(((double) getGrid().getConsume() / getGrid().getGenerate()) * 15);
                                                  ^
  符号:   方法 getConsume()
  位置: 类 PowerGrid
D:\Minecraft-Mods\AnvilCraft\src\main\java\dev\dubhe\anvilcraft\block\entity\LoadMonitorBlockEntity.java:58: 错误: 找不到符号
        return (int) Math.ceil(((double) getGrid().getConsume() / getGrid().getGenerate()) * 15);
                                                                           ^
  符号:   方法 getGenerate()
  位置: 类 PowerGrid
D:\Minecraft-Mods\AnvilCraft\src\main\java\dev\dubhe\anvilcraft\block\entity\LoadMonitorBlockEntity.java:68: 错误: 找不到符号
            if (getGrid().getConsume() > getGrid().getGenerate()) return;
                         ^
  符号:   方法 getConsume()
  位置: 类 PowerGrid
D:\Minecraft-Mods\AnvilCraft\src\main\java\dev\dubhe\anvilcraft\block\entity\LoadMonitorBlockEntity.java:68: 错误: 找不到符号
            if (getGrid().getConsume() > getGrid().getGenerate()) return;
                                                  ^
  符号:   方法 getGenerate()
  位置: 类 PowerGrid
D:\Minecraft-Mods\AnvilCraft\src\main\java\dev\dubhe\anvilcraft\block\entity\LoadMonitorBlockEntity.java:69: 错误: 找不到符号
            int load = getGrid().getConsume() != 0
                                ^
  符号:   方法 getConsume()
  位置: 类 PowerGrid
D:\Minecraft-Mods\AnvilCraft\src\main\java\dev\dubhe\anvilcraft\block\entity\LoadMonitorBlockEntity.java:71: 错误: 找不到符号
                (double) getGrid().getConsume() / getGrid().getGenerate() * 10)
                                  ^
  符号:   方法 getConsume()
  位置: 类 PowerGrid
D:\Minecraft-Mods\AnvilCraft\src\main\java\dev\dubhe\anvilcraft\block\entity\LoadMonitorBlockEntity.java:71: 错误: 找不到符号
                (double) getGrid().getConsume() / getGrid().getGenerate() * 10)
                                                           ^
  符号:   方法 getGenerate()
  位置: 类 PowerGrid
D:\Minecraft-Mods\AnvilCraft\src\main\java\dev\dubhe\anvilcraft\block\entity\MagneticChuteBlockEntity.java:20: 错误: MagneticChuteBlockEntity不是抽象的, 并且未覆盖IItemHandlerHolder中的抽象方法getItemHandler()
public class MagneticChuteBlockEntity extends BaseChuteBlockEntity {
       ^
D:\Minecraft-Mods\AnvilCraft\src\main\java\dev\dubhe\anvilcraft\block\entity\MineralFountainBlockEntity.java:49: 错误: 找不到符号
        super.loadAdditional(input);
                             ^
  符号:   变量 input
  位置: 类 MineralFountainBlockEntity
D:\Minecraft-Mods\AnvilCraft\src\main\java\dev\dubhe\anvilcraft\block\entity\MineralFountainBlockEntity.java:77: 错误: 找不到符号
            this.level.getRecipeManager()
                      ^
  符号:   方法 getRecipeManager()
  位置: 类型为Level的变量 level
D:\Minecraft-Mods\AnvilCraft\src\main\java\dev\dubhe\anvilcraft\block\entity\MineralFountainBlockEntity.java:81: 错误: 找不到符号
                        .getRecipeManager()
                        ^
  符号:   方法 getRecipeManager()
  位置: 类型为Level的变量 level
D:\Minecraft-Mods\AnvilCraft\src\main\java\dev\dubhe\anvilcraft\block\entity\nesting\BaseNestingShulkerBoxBlockEntity.java:37: 错误: BaseNestingShulkerBoxBlockEntity中的getItemHandler()无法实现IItemHandlerHolder中的getItemHandler()
    public IItemHandler getItemHandler() {
                        ^
  返回类型IItemHandler与ResourceHandler<ItemResource>不兼容
D:\Minecraft-Mods\AnvilCraft\src\main\java\dev\dubhe\anvilcraft\block\entity\nesting\BaseNestingShulkerBoxBlockEntity.java:37: 警告: [removal] net.neoforged.neoforge.items 中的 IItemHandler 已过时, 且标记为待删除
    public IItemHandler getItemHandler() {
           ^
D:\Minecraft-Mods\AnvilCraft\src\main\java\dev\dubhe\anvilcraft\block\entity\nesting\BaseNestingShulkerBoxBlockEntity.java:36: 错误: 方法不会覆盖或实现超类型的方法
    @Override
    ^
D:\Minecraft-Mods\AnvilCraft\src\main\java\dev\dubhe\anvilcraft\block\entity\nesting\BaseNestingShulkerBoxBlockEntity.java:38: 错误: 不兼容的类型: OverLimitItemHandler无法转换为IItemHandler
        return this.items;
                   ^
D:\Minecraft-Mods\AnvilCraft\src\main\java\dev\dubhe\anvilcraft\block\entity\nesting\BaseNestingShulkerBoxBlockEntity.java:44: 错误: 找不到符号
        this.items.deserializeNBT(registries, tag);
                                  ^
  符号:   变量 registries
  位置: 类 BaseNestingShulkerBoxBlockEntity
D:\Minecraft-Mods\AnvilCraft\src\main\java\dev\dubhe\anvilcraft\block\entity\nesting\BaseNestingShulkerBoxBlockEntity.java:44: 错误: 找不到符号
        this.items.deserializeNBT(registries, tag);
                                              ^
  符号:   变量 tag
  位置: 类 BaseNestingShulkerBoxBlockEntity
D:\Minecraft-Mods\AnvilCraft\src\main\java\dev\dubhe\anvilcraft\block\entity\nesting\BaseNestingShulkerBoxBlockEntity.java:45: 错误: 找不到符号
        if (tag.contains("CustomName", Tag.OBJECT_HEADER)) {
            ^
  符号:   变量 tag
  位置: 类 BaseNestingShulkerBoxBlockEntity
D:\Minecraft-Mods\AnvilCraft\src\main\java\dev\dubhe\anvilcraft\block\entity\nesting\BaseNestingShulkerBoxBlockEntity.java:46: 错误: 找不到符号
            this.name = parseCustomNameSafe(input.getStringOr("CustomName", ""), registries);
                                                                                 ^
  符号:   变量 registries
  位置: 类 BaseNestingShulkerBoxBlockEntity
D:\Minecraft-Mods\AnvilCraft\src\main\java\dev\dubhe\anvilcraft\block\entity\nesting\BaseNestingShulkerBoxBlockEntity.java:53: 错误: 找不到符号
        tag.merge(this.items.serializeNBT(registries));
        ^
  符号:   变量 tag
  位置: 类 BaseNestingShulkerBoxBlockEntity
D:\Minecraft-Mods\AnvilCraft\src\main\java\dev\dubhe\anvilcraft\block\entity\nesting\BaseNestingShulkerBoxBlockEntity.java:53: 错误: 找不到符号
        tag.merge(this.items.serializeNBT(registries));
                                          ^
  符号:   变量 registries
  位置: 类 BaseNestingShulkerBoxBlockEntity
D:\Minecraft-Mods\AnvilCraft\src\main\java\dev\dubhe\anvilcraft\block\entity\nesting\BaseNestingShulkerBoxBlockEntity.java:55: 错误: 找不到符号
            output.putString("CustomName", Component.Serializer.toJson(this.name, registries));
                                                                                  ^
  符号:   变量 registries
  位置: 类 BaseNestingShulkerBoxBlockEntity
D:\Minecraft-Mods\AnvilCraft\src\main\java\dev\dubhe\anvilcraft\block\entity\nesting\BaseNestingShulkerBoxBlockEntity.java:55: 错误: 找不到符号
            output.putString("CustomName", Component.Serializer.toJson(this.name, registries));
                                                    ^
  符号:   变量 Serializer
  位置: 接口 Component
D:\Minecraft-Mods\AnvilCraft\src\main\java\dev\dubhe\anvilcraft\block\entity\nesting\NestingShulkerBoxBlockEntity.java:9: 错误: NestingShulkerBoxBlockEntity不是抽象的, 并且未覆盖IItemHandlerHolder中的抽象方法getItemHandler()
public class NestingShulkerBoxBlockEntity extends BaseNestingShulkerBoxBlockEntity {
       ^
D:\Minecraft-Mods\AnvilCraft\src\main\java\dev\dubhe\anvilcraft\block\entity\nesting\OverNestingShulkerBoxBlockEntity.java:9: 错误: OverNestingShulkerBoxBlockEntity不是抽象的, 并且未覆盖IItemHandlerHolder中的抽象方法getItemHandler()
public class OverNestingShulkerBoxBlockEntity extends BaseNestingShulkerBoxBlockEntity {
       ^
D:\Minecraft-Mods\AnvilCraft\src\main\java\dev\dubhe\anvilcraft\block\entity\nesting\SupercriticalNestingShulkerBoxBlockEntity.java:9: 错误: SupercriticalNestingShulkerBoxBlockEntity不是抽象的, 并且未覆盖IItemHandlerHolder中的抽象方法getItemHandler()
public class SupercriticalNestingShulkerBoxBlockEntity extends BaseNestingShulkerBoxBlockEntity {
       ^
D:\Minecraft-Mods\AnvilCraft\src\main\java\dev\dubhe\anvilcraft\block\entity\PropelPistonBlockEntity.java:57: 错误: 无法将记录 ChunkPos中的构造器 ChunkPos应用到给定类型;
            new ChunkPos(getBlockPos()),
            ^
  需要: int,int
  找到:    BlockPos
  原因: 实际参数列表和形式参数列表长度不同
D:\Minecraft-Mods\AnvilCraft\src\main\java\dev\dubhe\anvilcraft\block\entity\PropelPistonBlockEntity.java:63: 错误: 找不到符号
        updateStoredEnergy(getStoredEnergy() + energy);
                           ^
  符号:   方法 getStoredEnergy()
  位置: 类 PropelPistonBlockEntity
D:\Minecraft-Mods\AnvilCraft\src\main\java\dev\dubhe\anvilcraft\block\entity\PropelPistonBlockEntity.java:86: 错误: 找不到符号
        if (getStoredEnergy() > 0) {
            ^
  符号:   方法 getStoredEnergy()
  位置: 类 PropelPistonBlockEntity
D:\Minecraft-Mods\AnvilCraft\src\main\java\dev\dubhe\anvilcraft\block\entity\PulseGeneratorBlockEntity.java:59: 错误: 方法不会覆盖或实现超类型的方法
    @Override
    ^
D:\Minecraft-Mods\AnvilCraft\src\main\java\dev\dubhe\anvilcraft\block\entity\PulseGeneratorBlockEntity.java:211: 错误: 找不到符号
            case WAITING -> level.scheduleTick(pos, state.getBlock(), this.getWaitingTime());
                                                                          ^
  符号: 方法 getWaitingTime()
D:\Minecraft-Mods\AnvilCraft\src\main\java\dev\dubhe\anvilcraft\block\entity\PulseGeneratorBlockEntity.java:212: 错误: 找不到符号
            case OUTPUTTING -> level.scheduleTick(pos, state.getBlock(), this.getSignalDuration());
                                                                             ^
  符号: 方法 getSignalDuration()
D:\Minecraft-Mods\AnvilCraft\src\main\java\dev\dubhe\anvilcraft\block\entity\RemoteTransmissionPoleBlockEntity.java:19: 错误: RemoteTransmissionPoleBlockEntity不是抽象的, 并且未覆盖IPowerComponent中的抽象方法getGrid()
public class RemoteTransmissionPoleBlockEntity extends AbstractTransmissionPoleBlockEntity {
       ^
D:\Minecraft-Mods\AnvilCraft\src\main\java\dev\dubhe\anvilcraft\block\entity\RubyLaserBlockEntity.java:17: 错误: RubyLaserBlockEntity不是抽象的, 并且未覆盖IPowerComponent中的抽象方法getGrid()
public class RubyLaserBlockEntity extends BaseLaserBlockEntity implements IPowerConsumer {
       ^
D:\Minecraft-Mods\AnvilCraft\src\main\java\dev\dubhe\anvilcraft\block\entity\RubyPrismBlockEntity.java:53: 错误: 方法不会覆盖或实现超类型的方法
    @Override
    ^
D:\Minecraft-Mods\AnvilCraft\src\main\java\dev\dubhe\anvilcraft\block\entity\RubyPrismBlockEntity.java:56: 错误: 找不到符号
            return super.getLaserLevel();
                        ^
  符号: 方法 getLaserLevel()
D:\Minecraft-Mods\AnvilCraft\src\main\java\dev\dubhe\anvilcraft\block\entity\SimpleChuteBlockEntity.java:31: 错误: SimpleChuteBlockEntity不是抽象的, 并且未覆盖IItemHandlerHolder中的抽象方法getItemHandler()
public class SimpleChuteBlockEntity extends BlockEntity implements IItemHandlerHolder {
       ^
D:\Minecraft-Mods\AnvilCraft\src\main\java\dev\dubhe\anvilcraft\block\entity\SimpleChuteBlockEntity.java:32: 警告: [removal] net.neoforged.neoforge.items 中的 ItemStackHandler 已过时, 且标记为待删除
    private final ItemStackHandler itemHandler = new ItemStackHandler(1) {
                  ^
D:\Minecraft-Mods\AnvilCraft\src\main\java\dev\dubhe\anvilcraft\block\entity\SimpleChuteBlockEntity.java:32: 警告: [removal] net.neoforged.neoforge.items 中的 ItemStackHandler 已过时, 且标记为待删除
    private final ItemStackHandler itemHandler = new ItemStackHandler(1) {
                                                     ^
D:\Minecraft-Mods\AnvilCraft\src\main\java\dev\dubhe\anvilcraft\block\entity\SimpleChuteBlockEntity.java:50: 错误: 找不到符号
        output.store("Inventory", CompoundTag.CODEC, itemHandler.serializeNBT(provider));
                                                                              ^
  符号:   变量 provider
  位置: 类 SimpleChuteBlockEntity
D:\Minecraft-Mods\AnvilCraft\src\main\java\dev\dubhe\anvilcraft\block\entity\SimpleChuteBlockEntity.java:57: 错误: 找不到符号
        itemHandler.deserializeNBT(provider, input.read("Inventory", CompoundTag.CODEC).orElse(new CompoundTag()));
                                   ^
  符号:   变量 provider
  位置: 类 SimpleChuteBlockEntity
D:\Minecraft-Mods\AnvilCraft\src\main\java\dev\dubhe\anvilcraft\block\entity\SimpleChuteBlockEntity.java:77: 警告: [removal] net.neoforged.neoforge.items 中的 IItemHandler 已过时, 且标记为待删除
            List<IItemHandler> targetList = getTargetItemHandlerList(
                 ^
D:\Minecraft-Mods\AnvilCraft\src\main\java\dev\dubhe\anvilcraft\block\entity\SimpleChuteBlockEntity.java:77: 错误: 不兼容的类型: List<ResourceHandler<ItemResource>>无法转换为List<IItemHandler>
            List<IItemHandler> targetList = getTargetItemHandlerList(
                                                                    ^
D:\Minecraft-Mods\AnvilCraft\src\main\java\dev\dubhe\anvilcraft\block\entity\SimpleChuteBlockEntity.java:83: 警告: [removal] net.neoforged.neoforge.items 中的 IItemHandler 已过时, 且标记为待删除
                for (IItemHandler target : targetList) {
                     ^
D:\Minecraft-Mods\AnvilCraft\src\main\java\dev\dubhe\anvilcraft\block\entity\SimpleChuteBlockEntity.java:84: 错误: 找不到符号
                    boolean success = ItemHandlerUtil.exportToTarget(getItemHandler(), 64, stack -> true, target);
                                                                     ^
  符号:   方法 getItemHandler()
  位置: 类 SimpleChuteBlockEntity
D:\Minecraft-Mods\AnvilCraft\src\main\java\dev\dubhe\anvilcraft\block\entity\SimpleChuteBlockEntity.java:150: 错误: 找不到符号
            if (chute.getTickedGameTime() >= this.tickedGameTime) k++;
                     ^
  符号:   方法 getTickedGameTime()
  位置: 类型为BaseChuteBlockEntity的变量 chute
D:\Minecraft-Mods\AnvilCraft\src\main\java\dev\dubhe\anvilcraft\block\entity\SimpleChuteBlockEntity.java:151: 错误: 找不到符号
            chute.setCooldown(AnvilCraft.CONFIG.chuteMaxCooldown - k);
                 ^
  符号:   方法 setCooldown(int)
  位置: 类型为BaseChuteBlockEntity的变量 chute
D:\Minecraft-Mods\AnvilCraft\src\main\java\dev\dubhe\anvilcraft\block\entity\SimpleChuteBlockEntity.java:155: 错误: 找不到符号
            if (chute.getTickedGameTime() >= this.tickedGameTime) k++;
                     ^
  符号:   方法 getTickedGameTime()
  位置: 类型为SimpleChuteBlockEntity的变量 chute
D:\Minecraft-Mods\AnvilCraft\src\main\java\dev\dubhe\anvilcraft\block\entity\SimpleChuteBlockEntity.java:156: 错误: 找不到符号
            chute.setCooldown(AnvilCraft.CONFIG.chuteMaxCooldown - k);
                 ^
  符号:   方法 setCooldown(int)
  位置: 类型为SimpleChuteBlockEntity的变量 chute
D:\Minecraft-Mods\AnvilCraft\src\main\java\dev\dubhe\anvilcraft\block\entity\SpaceOvercompressorBlockEntity.java:45: 警告: [removal] net.neoforged.neoforge.items 中的 ItemStackHandler 已过时, 且标记为待删除
    private final ItemStackHandler itemHandler = new ItemStackHandler(9);
                  ^
D:\Minecraft-Mods\AnvilCraft\src\main\java\dev\dubhe\anvilcraft\block\entity\SpaceOvercompressorBlockEntity.java:45: 警告: [removal] net.neoforged.neoforge.items 中的 ItemStackHandler 已过时, 且标记为待删除
    private final ItemStackHandler itemHandler = new ItemStackHandler(9);
                                                     ^
D:\Minecraft-Mods\AnvilCraft\src\main\java\dev\dubhe\anvilcraft\block\entity\SpaceOvercompressorBlockEntity.java:50: 错误: 找不到符号
        tag.putLong("storedMass", this.storedMass);
        ^
  符号:   变量 tag
  位置: 类 SpaceOvercompressorBlockEntity
D:\Minecraft-Mods\AnvilCraft\src\main\java\dev\dubhe\anvilcraft\block\entity\SpaceOvercompressorBlockEntity.java:56: 错误: 找不到符号
        this.storedMass = tag.getLongOr("storedMass", 0L);
                          ^
  符号:   变量 tag
  位置: 类 SpaceOvercompressorBlockEntity
D:\Minecraft-Mods\AnvilCraft\src\main\java\dev\dubhe\anvilcraft\block\entity\TransmissionPoleBlockEntity.java:18: 错误: TransmissionPoleBlockEntity不是抽象的, 并且未覆盖IPowerComponent中的抽象方法getGrid()
public class TransmissionPoleBlockEntity extends AbstractTransmissionPoleBlockEntity {
       ^
D:\Minecraft-Mods\AnvilCraft\src\main\java\dev\dubhe\anvilcraft\block\entity\VoidEnergyCollectorBlockEntity.java:94: 错误: 找不到符号
        super.loadAdditional(input);
                             ^
  符号:   变量 input
  位置: 类 VoidEnergyCollectorBlockEntity
D:\Minecraft-Mods\AnvilCraft\src\main\java\dev\dubhe\anvilcraft\block\MagnetBlock.java:66: 错误: 方法不会覆盖或实现超类型的方法
    @Override
    ^
D:\Minecraft-Mods\AnvilCraft\src\main\java\dev\dubhe\anvilcraft\block\MagnetBlock.java:130: 错误: 方法不会覆盖或实现超类型的方法
    @Override
    ^
D:\Minecraft-Mods\AnvilCraft\src\main\java\dev\dubhe\anvilcraft\block\MagnetBlock.java:138: 错误: 找不到符号
        super.onRemove(state, level, magnetPos, newState, movedByPiston);
             ^
  符号: 方法 onRemove(BlockState,Level,BlockPos,BlockState,boolean)
D:\Minecraft-Mods\AnvilCraft\src\main\java\dev\dubhe\anvilcraft\block\FishTankBlock.java:185: 错误: 找不到符号
        if (!FishTankBlockEntity.shouldIgnite(FluidUtil.getStack(tank.getFluidHandler(), 0))) return false;
                                                                     ^
  符号:   方法 getFluidHandler()
  位置: 类型为FishTankBlockEntity的变量 tank
D:\Minecraft-Mods\AnvilCraft\src\main\java\dev\dubhe\anvilcraft\block\FishTankBlock.java:186: 错误: 找不到符号
        if (tank.isIgnited()) return false;
                ^
  符号:   方法 isIgnited()
  位置: 类型为FishTankBlockEntity的变量 tank
D:\Minecraft-Mods\AnvilCraft\src\main\java\dev\dubhe\anvilcraft\block\FishTankBlock.java:230: 错误: 找不到符号
        return Util.<FishTankBlockEntity>cast(cache.getBlockEntity(pos)).isIgnited();
                                                                        ^
  符号:   方法 isIgnited()
  位置: 类 FishTankBlockEntity
D:\Minecraft-Mods\AnvilCraft\src\main\java\dev\dubhe\anvilcraft\block\FishTankBlock.java:240: 错误: 找不到符号
        return Util.<FishTankBlockEntity>cast(cache.getBlockEntity(pos)).getFluidHandler().getResource(0).getFluid();
                                                                        ^
  符号:   方法 getFluidHandler()
  位置: 类 FishTankBlockEntity
D:\Minecraft-Mods\AnvilCraft\src\main\java\dev\dubhe\anvilcraft\block\FishTankBlock.java:245: 错误: 找不到符号
        FluidStacksResourceHandler handler = Util.<FishTankBlockEntity>cast(cache.getBlockEntity(pos)).getFluidHandler();
                                                                                                      ^
  符号:   方法 getFluidHandler()
  位置: 类 FishTankBlockEntity
D:\Minecraft-Mods\AnvilCraft\src\main\java\dev\dubhe\anvilcraft\block\FlintBlock.java:80: 错误: 方法不会覆盖或实现超类型的方法
    @Override
    ^
D:\Minecraft-Mods\AnvilCraft\src\main\java\dev\dubhe\anvilcraft\block\FlintBlock.java:82: 错误: 找不到符号
        super.onRemove(state, level, pos, newState, movedByPiston);
             ^
  符号: 方法 onRemove(BlockState,Level,BlockPos,BlockState,boolean)
D:\Minecraft-Mods\AnvilCraft\src\main\java\dev\dubhe\anvilcraft\block\FluidTankBlock.java:58: 错误: 找不到符号
        InteractionResult result = super.useItemOn(stack, state, level, pos, player, hand, hitResult).result();
                                                                                                     ^
  符号:   方法 result()
  位置: 接口 InteractionResult
D:\Minecraft-Mods\AnvilCraft\src\main\java\dev\dubhe\anvilcraft\block\FluidTankBlock.java:62: 错误: 找不到符号
                    return ItemInteractionResult.sidedSuccess(level.isClientSide());
                           ^
  符号:   变量 ItemInteractionResult
  位置: 类 FluidTankBlock
D:\Minecraft-Mods\AnvilCraft\src\main\java\dev\dubhe\anvilcraft\block\FluidTankBlock.java:77: 错误: 找不到符号
        return ModMultiblockDefinitions.FLUID_TANK.location();
                                                  ^
  符号:   方法 location()
  位置: 类型为ResourceKey<MultiblockDefinition>的变量 FLUID_TANK
D:\Minecraft-Mods\AnvilCraft\src\main\java\dev\dubhe\anvilcraft\block\GiantAnvilBlock.java:283: 错误: random 在 Level 中是 protected 访问控制
        level.playSound(null, belowPos, SoundEvents.ANVIL_LAND, SoundSource.BLOCKS, 0.55F, level.random.nextFloat() * 0.1F + 0.55F);
                                                                                                ^
D:\Minecraft-Mods\AnvilCraft\src\main\java\dev\dubhe\anvilcraft\block\GiantAnvilBlock.java:341: 错误: 不兼容的类型: BlockState无法转换为BlockPos
                level.getBlockState(fromPos),
                                   ^
D:\Minecraft-Mods\AnvilCraft\src\main\java\dev\dubhe\anvilcraft\block\state\Cube3x3PartHalf.java:11: 错误: Cube3x3PartHalf不是抽象的, 并且未覆盖ISimpleMultiPartBlockState中的抽象方法getOffsetZ()
public enum Cube3x3PartHalf implements ISimpleMultiPartBlockState<Cube3x3PartHalf> {
       ^
D:\Minecraft-Mods\AnvilCraft\src\main\java\dev\dubhe\anvilcraft\block\GunpowderBlock.java:134: 错误: GunpowderBlock中的onCaughtFire(BlockState,Level,BlockPos,@org.jspecify.annotations.Nullable Direction,@org.jspecify.annotations.Nullable LivingEntity)无法实现IBlockExtension中的onCaughtFire(BlockState,Level,BlockPos,@org.jspecify.annotations.Nullable Direction,@org.jspecify.annotations.Nullable LivingEntity)
    public void onCaughtFire(BlockState state, Level level, BlockPos pos, @Nullable Direction direction, @Nullable LivingEntity igniter) {
                ^
  返回类型void与boolean不兼容
D:\Minecraft-Mods\AnvilCraft\src\main\java\dev\dubhe\anvilcraft\block\GunpowderBlock.java:89: 错误: 找不到符号
                stack.hurtAndBreak(1, player, LivingEntity.getSlotForHand(hand));
                                                          ^
  符号:   方法 getSlotForHand(InteractionHand)
  位置: 类 LivingEntity
D:\Minecraft-Mods\AnvilCraft\src\main\java\dev\dubhe\anvilcraft\block\GunpowderBlock.java:94: 错误: 找不到符号
            return ItemInteractionResult.sidedSuccess(level.isClientSide());
                   ^
  符号:   变量 ItemInteractionResult
  位置: 类 GunpowderBlock
D:\Minecraft-Mods\AnvilCraft\src\main\java\dev\dubhe\anvilcraft\block\GunpowderBlock.java:99: 错误: 方法不会覆盖或实现超类型的方法
    @Override
    ^
D:\Minecraft-Mods\AnvilCraft\src\main\java\dev\dubhe\anvilcraft\block\GunpowderBlock.java:116: 错误: 无法将类 BlockBehaviour中的方法 updateShape应用到给定类型;
        return super.updateShape(state, direction, neighborState, level, pos, neighborPos);
                    ^
  需要: BlockState,LevelReader,ScheduledTickAccess,BlockPos,Direction,BlockPos,BlockState,RandomSource
  找到:    BlockState,Direction,BlockState,LevelAccessor,BlockPos,BlockPos
  原因: 实际参数列表和形式参数列表长度不同
D:\Minecraft-Mods\AnvilCraft\src\main\java\dev\dubhe\anvilcraft\block\GunpowderBlock.java:133: 错误: 方法不会覆盖或实现超类型的方法
    @Override
    ^
D:\Minecraft-Mods\AnvilCraft\src\main\java\dev\dubhe\anvilcraft\block\GunpowderBlock.java:144: 错误: 不兼容的类型: Level无法转换为ServerLevel
        if (projectile.isOnFire() && projectile.mayInteract(level, pos)) {
                                                            ^
D:\Minecraft-Mods\AnvilCraft\src\main\java\dev\dubhe\anvilcraft\block\GunpowderBlock.java:149: 错误: 方法不会覆盖或实现超类型的方法
    @Override
    ^
D:\Minecraft-Mods\AnvilCraft\src\main\java\dev\dubhe\anvilcraft\block\HeatCollectorBlock.java:96: 错误: 方法不会覆盖或实现超类型的方法
    @Override
    ^
D:\Minecraft-Mods\AnvilCraft\src\main\java\dev\dubhe\anvilcraft\block\HeatCollectorBlock.java:98: 错误: 找不到符号
        super.onRemove(state, level, pos, newState, movedByPiston);
             ^
  符号: 方法 onRemove(BlockState,Level,BlockPos,BlockState,boolean)
D:\Minecraft-Mods\AnvilCraft\src\main\java\dev\dubhe\anvilcraft\block\HeavyIronDoorBlock.java:71: 错误: 找不到符号
        return ItemInteractionResult.FAIL;
               ^
  符号:   变量 ItemInteractionResult
  位置: 类 HeavyIronDoorBlock
D:\Minecraft-Mods\AnvilCraft\src\main\java\dev\dubhe\anvilcraft\block\HeavyIronDoorBlock.java:79: 错误: 方法不会覆盖或实现超类型的方法
    @Override
    ^
D:\Minecraft-Mods\AnvilCraft\src\main\java\dev\dubhe\anvilcraft\block\HeavyIronTrapdoorBlock.java:54: 错误: 找不到符号
        return ItemInteractionResult.FAIL;
               ^
  符号:   变量 ItemInteractionResult
  位置: 类 HeavyIronTrapdoorBlock
D:\Minecraft-Mods\AnvilCraft\src\main\java\dev\dubhe\anvilcraft\block\HeavyIronTrapdoorBlock.java:57: 错误: 方法不会覆盖或实现超类型的方法
    @Override
    ^
D:\Minecraft-Mods\AnvilCraft\src\main\java\dev\dubhe\anvilcraft\block\HollowMagnetBlock.java:94: 错误: 方法不会覆盖或实现超类型的方法
    @Override
    ^
D:\Minecraft-Mods\AnvilCraft\src\main\java\dev\dubhe\anvilcraft\block\HollowMagnetBlock.java:106: 错误: 无法将类 BlockBehaviour中的方法 updateShape应用到给定类型;
        return super.updateShape(blockState, direction, blockState2, levelAccessor, blockPos, blockPos2);
                    ^
  需要: BlockState,LevelReader,ScheduledTickAccess,BlockPos,Direction,BlockPos,BlockState,RandomSource
  找到:    BlockState,Direction,BlockState,LevelAccessor,BlockPos,BlockPos
  原因: 实际参数列表和形式参数列表长度不同
D:\Minecraft-Mods\AnvilCraft\src\main\java\dev\dubhe\anvilcraft\block\HollowMagnetBlock.java:124: 错误: 找不到符号
        if (entity instanceof ItemEntity itemEntity && !itemEntity.getTags().contains(TAG)) {
                                                                  ^
  符号:   方法 getTags()
  位置: 类型为ItemEntity的变量 itemEntity
D:\Minecraft-Mods\AnvilCraft\src\main\java\dev\dubhe\anvilcraft\block\HollowMagnetBlock.java:129: 错误: random 在 Level 中是 protected 访问控制
                    if (level.random.nextDouble() <= 0.005) {
                             ^
D:\Minecraft-Mods\AnvilCraft\src\main\java\dev\dubhe\anvilcraft\block\InductionLightBlock.java:173: 错误: 找不到符号
                item -> player.onEquippedItemBroken(item, LivingEntity.getSlotForHand(hand))
                                                                      ^
  符号:   方法 getSlotForHand(InteractionHand)
  位置: 类 LivingEntity
D:\Minecraft-Mods\AnvilCraft\src\main\java\dev\dubhe\anvilcraft\block\InductionLightBlock.java:175: 错误: 找不到符号
            return InteractionResult.CONSUME_PARTIAL;
                                    ^
  符号:   变量 CONSUME_PARTIAL
  位置: 接口 InteractionResult
D:\Minecraft-Mods\AnvilCraft\src\main\java\dev\dubhe\anvilcraft\block\InductionLightBlock.java:196: 错误: 方法不会覆盖或实现超类型的方法
    @Override
    ^
D:\Minecraft-Mods\AnvilCraft\src\main\java\dev\dubhe\anvilcraft\item\abnormal\ILevitation.java:16: 错误: 找不到符号
            player.addEffect(IAbnormal.makeEffectInstance(MobEffects.JUMP, 0));
                                                                    ^
  符号:   变量 JUMP
  位置: 类 MobEffects
D:\Minecraft-Mods\AnvilCraft\src\main\java\dev\dubhe\anvilcraft\item\abnormal\ILevitation.java:19: 错误: 找不到符号
            player.addEffect(IAbnormal.makeEffectInstance(MobEffects.JUMP, 1));
                                                                    ^
  符号:   变量 JUMP
  位置: 类 MobEffects
D:\Minecraft-Mods\AnvilCraft\src\main\java\dev\dubhe\anvilcraft\block\state\OpenedCube3x3PartHalf.java:12: 错误: OpenedCube3x3PartHalf不是抽象的, 并且未覆盖ISimpleMultiPartBlockState中的抽象方法getOffsetZ()
public enum OpenedCube3x3PartHalf implements IFlexibleMultiPartBlockState<OpenedCube3x3PartHalf, Boolean>,
       ^
D:\Minecraft-Mods\AnvilCraft\src\main\java\dev\dubhe\anvilcraft\block\ShulkerContainerBlock.java:167: 错误: 不兼容的类型: BlockState无法转换为BlockPos
                level.getBlockState(fromPos),
                                   ^
D:\Minecraft-Mods\AnvilCraft\src\main\java\dev\dubhe\anvilcraft\item\abnormal\ISuperHeavy.java:21: 错误: 找不到符号
        player.addEffect(IAbnormal.makeEffectInstance(MobEffects.MOVEMENT_SLOWDOWN, amplifier));
                                                                ^
  符号:   变量 MOVEMENT_SLOWDOWN
  位置: 类 MobEffects
D:\Minecraft-Mods\AnvilCraft\src\main\java\dev\dubhe\anvilcraft\block\ItemCollectorBlock.java:78: 错误: 方法不会覆盖或实现超类型的方法
    @Override
    ^
D:\Minecraft-Mods\AnvilCraft\src\main\java\dev\dubhe\anvilcraft\block\ItemCollectorBlock.java:99: 错误: 找不到符号
            FilteredItemStackHandler depository = entity.getItemHandler();
                                                        ^
  符号:   方法 getItemHandler()
  位置: 类型为ItemCollectorBlockEntity的变量 entity
D:\Minecraft-Mods\AnvilCraft\src\main\java\dev\dubhe\anvilcraft\block\ItemCollectorBlock.java:100: 错误: 找不到符号
            for (int slot = 0; slot < depository.getSlots(); slot++) {
                                                ^
  符号:   方法 getSlots()
  位置: 类型为FilteredItemStackHandler的变量 depository
D:\Minecraft-Mods\AnvilCraft\src\main\java\dev\dubhe\anvilcraft\block\ItemCollectorBlock.java:101: 错误: 找不到符号
                Containers.dropItemStack(level, vec3.x, vec3.y, vec3.z, depository.getStackInSlot(slot));
                                                                                  ^
  符号:   方法 getStackInSlot(int)
  位置: 类型为FilteredItemStackHandler的变量 depository
D:\Minecraft-Mods\AnvilCraft\src\main\java\dev\dubhe\anvilcraft\block\ItemCollectorBlock.java:106: 错误: 找不到符号
        super.onRemove(state, level, pos, newState, movedByPiston);
             ^
  符号: 方法 onRemove(BlockState,Level,BlockPos,BlockState,boolean)
D:\Minecraft-Mods\AnvilCraft\src\main\java\dev\dubhe\anvilcraft\block\ItemCollectorBlock.java:161: 错误: 找不到符号
                            i, eb.getItemHandler().getDisabled().get(i)));
                                 ^
  符号:   方法 getItemHandler()
  位置: 类型为ItemCollectorBlockEntity的变量 eb
D:\Minecraft-Mods\AnvilCraft\src\main\java\dev\dubhe\anvilcraft\block\ItemCollectorBlock.java:169: 错误: 方法不会覆盖或实现超类型的方法
    @Override
    ^
D:\Minecraft-Mods\AnvilCraft\src\main\java\dev\dubhe\anvilcraft\block\ItemCollectorBlock.java:195: 错误: 方法不会覆盖或实现超类型的方法
    @Override
    ^
D:\Minecraft-Mods\AnvilCraft\src\main\java\dev\dubhe\anvilcraft\block\JewelCraftingTable.java:86: 错误: 找不到符号
        return InteractionResult.sidedSuccess(level.isClientSide());
                                ^
  符号:   方法 sidedSuccess(boolean)
  位置: 接口 InteractionResult
D:\Minecraft-Mods\AnvilCraft\src\main\java\dev\dubhe\anvilcraft\block\LargeCakeBlock.java:242: 错误: 无法将类 PiglinAi中的方法 angerNearbyPiglins应用到给定类型;
            PiglinAi.angerNearbyPiglins(player, false);
                    ^
  需要: ServerLevel,Player,boolean
  找到:    Player,boolean
  原因: 实际参数列表和形式参数列表长度不同
D:\Minecraft-Mods\AnvilCraft\src\main\java\dev\dubhe\anvilcraft\block\PropelPiston.java:101: 错误: 找不到符号
            int storedEnergy = propelPistonBlockEntity.getStoredEnergy();
                                                      ^
  符号:   方法 getStoredEnergy()
  位置: 类型为PropelPistonBlockEntity的变量 propelPistonBlockEntity
D:\Minecraft-Mods\AnvilCraft\src\main\java\dev\dubhe\anvilcraft\block\PropelPiston.java:179: 错误: 方法不会覆盖或实现超类型的方法
    @Override
    ^
D:\Minecraft-Mods\AnvilCraft\src\main\java\dev\dubhe\anvilcraft\block\PropelPiston.java:184: 错误: 找不到符号
            tag.putInt("storedEnergyData", propelPistonBlockEntity.getStoredEnergy());
                                                                  ^
  符号:   方法 getStoredEnergy()
  位置: 类型为PropelPistonBlockEntity的变量 propelPistonBlockEntity
D:\Minecraft-Mods\AnvilCraft\src\main\java\dev\dubhe\anvilcraft\block\PropelPiston.java:190: 错误: 方法不会覆盖或实现超类型的方法
    @Override
    ^
D:\Minecraft-Mods\AnvilCraft\src\main\java\dev\dubhe\anvilcraft\block\PropelPiston.java:211: 错误: random 在 Level 中是 protected 访问控制
            level.playSound(null, pos, SoundEvents.PISTON_EXTEND, SoundSource.BLOCKS, 0.5F, level.random.nextFloat() * 0.25F + 0.6F);
                                                                                                 ^
D:\Minecraft-Mods\AnvilCraft\src\main\java\dev\dubhe\anvilcraft\block\PropelPiston.java:275: 错误: 找不到符号
                    nbt = block.clearData(level, blockPos3.relative(facing.getOpposite()));
                               ^
  符号:   方法 clearData(Level,BlockPos)
  位置: 类型为IMoveableEntityBlock的变量 block
D:\Minecraft-Mods\AnvilCraft\src\main\java\dev\dubhe\anvilcraft\block\LargeFluidTankBlock.java:97: 错误: 找不到符号
        InteractionResult result = super.useItemOn(stack, state, level, pos, player, hand, hitResult).result();
                                                                                                     ^
  符号:   方法 result()
  位置: 接口 InteractionResult
D:\Minecraft-Mods\AnvilCraft\src\main\java\dev\dubhe\anvilcraft\block\LargeFluidTankBlock.java:103: 错误: 找不到符号
                    return ItemInteractionResult.sidedSuccess(level.isClientSide());
                           ^
  符号:   变量 ItemInteractionResult
  位置: 类 LargeFluidTankBlock
D:\Minecraft-Mods\AnvilCraft\src\main\java\dev\dubhe\anvilcraft\block\LargeFluidTankBlock.java:127: 错误: 找不到符号
        return ModMultiblockDefinitions.LARGE_FLUID_TANK.location();
                                                        ^
  符号:   方法 location()
  位置: 类型为ResourceKey<MultiblockDefinition>的变量 LARGE_FLUID_TANK
D:\Minecraft-Mods\AnvilCraft\src\main\java\dev\dubhe\anvilcraft\block\LaserReceiverBlock.java:121: 错误: 找不到符号
                int laserLevel = laserReceiverBlockEntity.getLaserLevel();
                                                         ^
  符号:   方法 getLaserLevel()
  位置: 类型为LaserReceiverBlockEntity的变量 laserReceiverBlockEntity
D:\Minecraft-Mods\AnvilCraft\src\main\java\dev\dubhe\anvilcraft\block\LevitationPowderBlock.java:15: 错误: LevitationPowderBlock不是抽象的, 并且未覆盖FallingBlock中的抽象方法getDustColor(BlockState,BlockGetter,BlockPos)
public class LevitationPowderBlock extends FallingBlock {
       ^
D:\Minecraft-Mods\AnvilCraft\src\main\java\dev\dubhe\anvilcraft\block\LevitationPowderBlock.java:43: 错误: 方法不会覆盖或实现超类型的方法
    @Override
    ^
D:\Minecraft-Mods\AnvilCraft\src\main\java\dev\dubhe\anvilcraft\block\LoadMonitorBlock.java:70: 错误: 方法不会覆盖或实现超类型的方法
    @Override
    ^
D:\Minecraft-Mods\AnvilCraft\src\main\java\dev\dubhe\anvilcraft\block\MagneticChuteBlock.java:112: 错误: 方法不会覆盖或实现超类型的方法
    @Override
    ^
D:\Minecraft-Mods\AnvilCraft\src\main\java\dev\dubhe\anvilcraft\block\MagneticChuteBlock.java:117: 错误: 不兼容的类型: ResourceHandler<ItemResource>无法转换为FilteredItemStackHandler
                FilteredItemStackHandler depository = entity.getItemHandler();
                                                                           ^
D:\Minecraft-Mods\AnvilCraft\src\main\java\dev\dubhe\anvilcraft\block\MagneticChuteBlock.java:118: 错误: 找不到符号
                for (int slot = 0; slot < depository.getSlots(); slot++) {
                                                    ^
  符号:   方法 getSlots()
  位置: 类型为FilteredItemStackHandler的变量 depository
D:\Minecraft-Mods\AnvilCraft\src\main\java\dev\dubhe\anvilcraft\block\MagneticChuteBlock.java:119: 错误: 找不到符号
                    Containers.dropItemStack(level, vec3.x, vec3.y, vec3.z, depository.getStackInSlot(slot));
                                                                                      ^
  符号:   方法 getStackInSlot(int)
  位置: 类型为FilteredItemStackHandler的变量 depository
D:\Minecraft-Mods\AnvilCraft\src\main\java\dev\dubhe\anvilcraft\block\MagneticChuteBlock.java:124: 错误: 找不到符号
        super.onRemove(state, level, pos, newState, movedByPiston);
             ^
  符号: 方法 onRemove(BlockState,Level,BlockPos,BlockState,boolean)
D:\Minecraft-Mods\AnvilCraft\src\main\java\dev\dubhe\anvilcraft\block\MagneticChuteBlock.java:132: 错误: 方法不会覆盖或实现超类型的方法
    @Override
    ^
D:\Minecraft-Mods\AnvilCraft\src\main\java\dev\dubhe\anvilcraft\block\MagneticChuteBlock.java:154: 错误: 找不到符号
            if (player != null) player.displayClientMessage(Component.translatable("message.anvilcraft.chute.cannot_place"), true);
                                      ^
  符号:   方法 displayClientMessage(MutableComponent,boolean)
  位置: 类型为Player的变量 player
D:\Minecraft-Mods\AnvilCraft\src\main\java\dev\dubhe\anvilcraft\block\MagneticChuteBlock.java:177: 错误: 方法不会覆盖或实现超类型的方法
    @Override
    ^
D:\Minecraft-Mods\AnvilCraft\src\main\java\dev\dubhe\anvilcraft\block\MagneticChuteBlock.java:227: 错误: 找不到符号
                            i, entity.getItemHandler().getDisabled().get(i)));
                                     ^
  符号:   方法 getItemHandler()
  位置: 类型为MagneticChuteBlockEntity的变量 entity
D:\Minecraft-Mods\AnvilCraft\src\main\java\dev\dubhe\anvilcraft\block\MengerSpongeBlock.java:76: 错误: 不兼容的类型: lambda 表达式中的返回类型错误
                    return true;
                           ^
    boolean无法转换为TraversalNodeStatus
D:\Minecraft-Mods\AnvilCraft\src\main\java\dev\dubhe\anvilcraft\block\MengerSpongeBlock.java:112: 错误: 方法不会覆盖或实现超类型的方法
    @Override
    ^
D:\Minecraft-Mods\AnvilCraft\src\main\java\dev\dubhe\anvilcraft\block\MineralFountainBlock.java:58: 错误: 方法不会覆盖或实现超类型的方法
    @Override
    ^
D:\Minecraft-Mods\AnvilCraft\src\main\java\dev\dubhe\anvilcraft\block\MineralFountainBlock.java:68: 错误: 无法将类 BlockBehaviour中的方法 updateShape应用到给定类型;
        return super.updateShape(state, direction, neighborState, level, pos, neighborPos);
                    ^
  需要: BlockState,LevelReader,ScheduledTickAccess,BlockPos,Direction,BlockPos,BlockState,RandomSource
  找到:    BlockState,Direction,BlockState,LevelAccessor,BlockPos,BlockPos
  原因: 实际参数列表和形式参数列表长度不同
D:\Minecraft-Mods\AnvilCraft\src\main\java\dev\dubhe\anvilcraft\block\NeoforgeBlock.java:116: 错误: 找不到符号
            MobSpawnType.SPAWN_EGG,
            ^
  符号:   变量 MobSpawnType
  位置: 类 NeoforgeBlock
D:\Minecraft-Mods\AnvilCraft\src\main\java\dev\dubhe\anvilcraft\block\nesting\NestingShulkerBoxBlock.java:89: 错误: 找不到符号
            if (!level.isClientSide() && player.isCreative() && !nesting.getItems().isEmpty()) {
                                                                        ^
  符号:   方法 getItems()
  位置: 类型为NestingShulkerBoxBlockEntity的变量 nesting
D:\Minecraft-Mods\AnvilCraft\src\main\java\dev\dubhe\anvilcraft\block\nesting\NestingShulkerBoxBlock.java:114: 警告: [removal] IItemHandler 中的 getSlots() 已过时, 且标记为待删除
                    for (int i = 0; i < box.getItemHandler().getSlots(); i++) {
                                                            ^
D:\Minecraft-Mods\AnvilCraft\src\main\java\dev\dubhe\anvilcraft\block\nesting\NestingShulkerBoxBlock.java:115: 警告: [removal] IItemHandler 中的 getStackInSlot(int) 已过时, 且标记为待删除
                        consumer.accept(box.getItemHandler().getStackInSlot(i));
                                                            ^
D:\Minecraft-Mods\AnvilCraft\src\main\java\dev\dubhe\anvilcraft\block\nesting\NestingShulkerBoxBlock.java:124: 错误: 方法不会覆盖或实现超类型的方法
    @Override
    ^
D:\Minecraft-Mods\AnvilCraft\src\main\java\dev\dubhe\anvilcraft\block\nesting\NestingShulkerBoxBlock.java:128: 错误: 找不到符号
        super.onRemove(state, level, pos, newState, isMoving);
             ^
  符号: 方法 onRemove(BlockState,Level,BlockPos,BlockState,boolean)
D:\Minecraft-Mods\AnvilCraft\src\main\java\dev\dubhe\anvilcraft\block\nesting\NestingShulkerBoxBlock.java:134: 错误: 方法不会覆盖或实现超类型的方法
    @Override
    ^
D:\Minecraft-Mods\AnvilCraft\src\main\java\dev\dubhe\anvilcraft\block\nesting\NestingShulkerBoxBlock.java:136: 错误: 找不到符号
        super.appendHoverText(stack, context, tooltips, flag);
             ^
  符号: 方法 appendHoverText(ItemStack,TooltipContext,List<Component>,TooltipFlag)
D:\Minecraft-Mods\AnvilCraft\src\main\java\dev\dubhe\anvilcraft\block\nesting\NestingShulkerBoxBlock.java:168: 错误: 方法不会覆盖或实现超类型的方法
    @Override
    ^
D:\Minecraft-Mods\AnvilCraft\src\main\java\dev\dubhe\anvilcraft\block\nesting\NestingShulkerBoxBlock.java:171: 警告: [removal] net.neoforged.neoforge.items 中的 IItemHandler 已过时, 且标记为待删除
        IItemHandler handler = be.getItemHandler();
        ^
D:\Minecraft-Mods\AnvilCraft\src\main\java\dev\dubhe\anvilcraft\block\nesting\NestingShulkerBoxBlock.java:174: 警告: [removal] IItemHandler 中的 getSlots() 已过时, 且标记为待删除
        for (int i = 0; i < handler.getSlots(); i++) {
                                   ^
D:\Minecraft-Mods\AnvilCraft\src\main\java\dev\dubhe\anvilcraft\block\nesting\NestingShulkerBoxBlock.java:175: 警告: [removal] IItemHandler 中的 getStackInSlot(int) 已过时, 且标记为待删除
            ItemStack stack = handler.getStackInSlot(i);
                                     ^
D:\Minecraft-Mods\AnvilCraft\src\main\java\dev\dubhe\anvilcraft\block\nesting\NestingShulkerBoxBlock.java:177: 警告: [removal] IItemHandler 中的 getSlotLimit(int) 已过时, 且标记为待删除
            f += (float) stack.getCount() / (float) handler.getSlotLimit(i);
                                                           ^
D:\Minecraft-Mods\AnvilCraft\src\main\java\dev\dubhe\anvilcraft\block\nesting\NestingShulkerBoxBlock.java:180: 警告: [removal] IItemHandler 中的 getSlots() 已过时, 且标记为待删除
        f /= (float) handler.getSlots();
                            ^
D:\Minecraft-Mods\AnvilCraft\src\main\java\dev\dubhe\anvilcraft\block\nesting\NestingShulkerBoxBlock.java:184: 错误: 方法不会覆盖或实现超类型的方法
    @Override
    ^
D:\Minecraft-Mods\AnvilCraft\src\main\java\dev\dubhe\anvilcraft\block\nesting\NestingShulkerBoxBlock.java:186: 错误: 不兼容的类型: BlockState无法转换为LevelReader
        ItemStack stack = super.getCloneItemStack(state, target, level, pos, player);
                                                  ^
D:\Minecraft-Mods\AnvilCraft\src\main\java\dev\dubhe\anvilcraft\block\nesting\NestingShulkerBoxBlock.java:188: 错误: 找不到符号
            .ifPresent(be -> be.saveToItem(stack, level.registryAccess()));
                               ^
  符号:   方法 saveToItem(ItemStack,RegistryAccess)
  位置: 类型为NestingShulkerBoxBlockEntity的变量 be
D:\Minecraft-Mods\AnvilCraft\src\main\java\dev\dubhe\anvilcraft\block\nesting\OverNestingShulkerBoxBlock.java:116: 错误: 找不到符号
            if (!level.isClientSide() && player.isCreative() && !nesting.getItems().isEmpty()) {
                                                                        ^
  符号:   方法 getItems()
  位置: 类型为OverNestingShulkerBoxBlockEntity的变量 nesting
D:\Minecraft-Mods\AnvilCraft\src\main\java\dev\dubhe\anvilcraft\block\nesting\OverNestingShulkerBoxBlock.java:141: 警告: [removal] IItemHandler 中的 getSlots() 已过时, 且标记为待删除
                    for (int i = 0; i < box.getItemHandler().getSlots(); i++) {
                                                            ^
D:\Minecraft-Mods\AnvilCraft\src\main\java\dev\dubhe\anvilcraft\block\nesting\OverNestingShulkerBoxBlock.java:142: 警告: [removal] IItemHandler 中的 getStackInSlot(int) 已过时, 且标记为待删除
                        consumer.accept(box.getItemHandler().getStackInSlot(i));
                                                            ^
D:\Minecraft-Mods\AnvilCraft\src\main\java\dev\dubhe\anvilcraft\block\nesting\OverNestingShulkerBoxBlock.java:151: 错误: 方法不会覆盖或实现超类型的方法
    @Override
    ^
D:\Minecraft-Mods\AnvilCraft\src\main\java\dev\dubhe\anvilcraft\block\nesting\OverNestingShulkerBoxBlock.java:155: 错误: 找不到符号
        super.onRemove(state, level, pos, newState, isMoving);
             ^
  符号: 方法 onRemove(BlockState,Level,BlockPos,BlockState,boolean)
D:\Minecraft-Mods\AnvilCraft\src\main\java\dev\dubhe\anvilcraft\block\nesting\OverNestingShulkerBoxBlock.java:161: 错误: 方法不会覆盖或实现超类型的方法
    @Override
    ^
D:\Minecraft-Mods\AnvilCraft\src\main\java\dev\dubhe\anvilcraft\block\nesting\OverNestingShulkerBoxBlock.java:163: 错误: 找不到符号
        super.appendHoverText(stack, context, tooltips, flag);
             ^
  符号: 方法 appendHoverText(ItemStack,TooltipContext,List<Component>,TooltipFlag)
D:\Minecraft-Mods\AnvilCraft\src\main\java\dev\dubhe\anvilcraft\block\nesting\OverNestingShulkerBoxBlock.java:195: 错误: 方法不会覆盖或实现超类型的方法
    @Override
    ^
D:\Minecraft-Mods\AnvilCraft\src\main\java\dev\dubhe\anvilcraft\block\nesting\OverNestingShulkerBoxBlock.java:198: 警告: [removal] net.neoforged.neoforge.items 中的 IItemHandler 已过时, 且标记为待删除
        IItemHandler handler = be.getItemHandler();
        ^
D:\Minecraft-Mods\AnvilCraft\src\main\java\dev\dubhe\anvilcraft\block\nesting\OverNestingShulkerBoxBlock.java:201: 警告: [removal] IItemHandler 中的 getSlots() 已过时, 且标记为待删除
        for (int i = 0; i < handler.getSlots(); i++) {
                                   ^
D:\Minecraft-Mods\AnvilCraft\src\main\java\dev\dubhe\anvilcraft\block\nesting\OverNestingShulkerBoxBlock.java:202: 警告: [removal] IItemHandler 中的 getStackInSlot(int) 已过时, 且标记为待删除
            ItemStack stack = handler.getStackInSlot(i);
                                     ^
D:\Minecraft-Mods\AnvilCraft\src\main\java\dev\dubhe\anvilcraft\block\nesting\OverNestingShulkerBoxBlock.java:204: 警告: [removal] IItemHandler 中的 getSlotLimit(int) 已过时, 且标记为待删除
            f += (float) stack.getCount() / (float) handler.getSlotLimit(i);
                                                           ^
D:\Minecraft-Mods\AnvilCraft\src\main\java\dev\dubhe\anvilcraft\block\nesting\OverNestingShulkerBoxBlock.java:207: 警告: [removal] IItemHandler 中的 getSlots() 已过时, 且标记为待删除
        f /= (float) handler.getSlots();
                            ^
D:\Minecraft-Mods\AnvilCraft\src\main\java\dev\dubhe\anvilcraft\block\nesting\OverNestingShulkerBoxBlock.java:211: 错误: 方法不会覆盖或实现超类型的方法
    @Override
    ^
D:\Minecraft-Mods\AnvilCraft\src\main\java\dev\dubhe\anvilcraft\block\nesting\OverNestingShulkerBoxBlock.java:213: 错误: 不兼容的类型: BlockState无法转换为LevelReader
        ItemStack stack = super.getCloneItemStack(state, target, level, pos, player);
                                                  ^
D:\Minecraft-Mods\AnvilCraft\src\main\java\dev\dubhe\anvilcraft\block\nesting\OverNestingShulkerBoxBlock.java:215: 错误: 找不到符号
            .ifPresent(be -> be.saveToItem(stack, level.registryAccess()));
                               ^
  符号:   方法 saveToItem(ItemStack,RegistryAccess)
  位置: 类型为OverNestingShulkerBoxBlockEntity的变量 be
D:\Minecraft-Mods\AnvilCraft\src\main\java\dev\dubhe\anvilcraft\block\nesting\SupercriticalNestingShulkerBoxBlock.java:127: 错误: 找不到符号
            if (!level.isClientSide() && player.isCreative() && !nesting.getItems().isEmpty()) {
                                                                        ^
  符号:   方法 getItems()
  位置: 类型为SupercriticalNestingShulkerBoxBlockEntity的变量 nesting
D:\Minecraft-Mods\AnvilCraft\src\main\java\dev\dubhe\anvilcraft\block\nesting\SupercriticalNestingShulkerBoxBlock.java:152: 警告: [removal] IItemHandler 中的 getSlots() 已过时, 且标记为待删除
                    for (int i = 0; i < box.getItemHandler().getSlots(); i++) {
                                                            ^
D:\Minecraft-Mods\AnvilCraft\src\main\java\dev\dubhe\anvilcraft\block\nesting\SupercriticalNestingShulkerBoxBlock.java:153: 警告: [removal] IItemHandler 中的 getStackInSlot(int) 已过时, 且标记为待删除
                        consumer.accept(box.getItemHandler().getStackInSlot(i));
                                                            ^
D:\Minecraft-Mods\AnvilCraft\src\main\java\dev\dubhe\anvilcraft\block\nesting\SupercriticalNestingShulkerBoxBlock.java:162: 错误: 方法不会覆盖或实现超类型的方法
    @Override
    ^
D:\Minecraft-Mods\AnvilCraft\src\main\java\dev\dubhe\anvilcraft\block\nesting\SupercriticalNestingShulkerBoxBlock.java:166: 错误: 找不到符号
        super.onRemove(state, level, pos, newState, isMoving);
             ^
  符号: 方法 onRemove(BlockState,Level,BlockPos,BlockState,boolean)
D:\Minecraft-Mods\AnvilCraft\src\main\java\dev\dubhe\anvilcraft\block\nesting\SupercriticalNestingShulkerBoxBlock.java:172: 错误: 方法不会覆盖或实现超类型的方法
    @Override
    ^
D:\Minecraft-Mods\AnvilCraft\src\main\java\dev\dubhe\anvilcraft\block\nesting\SupercriticalNestingShulkerBoxBlock.java:174: 错误: 找不到符号
        super.appendHoverText(stack, context, tooltips, flag);
             ^
  符号: 方法 appendHoverText(ItemStack,TooltipContext,List<Component>,TooltipFlag)
D:\Minecraft-Mods\AnvilCraft\src\main\java\dev\dubhe\anvilcraft\block\nesting\SupercriticalNestingShulkerBoxBlock.java:206: 错误: 方法不会覆盖或实现超类型的方法
    @Override
    ^
D:\Minecraft-Mods\AnvilCraft\src\main\java\dev\dubhe\anvilcraft\block\nesting\SupercriticalNestingShulkerBoxBlock.java:209: 警告: [removal] net.neoforged.neoforge.items 中的 IItemHandler 已过时, 且标记为待删除
        IItemHandler handler = be.getItemHandler();
        ^
D:\Minecraft-Mods\AnvilCraft\src\main\java\dev\dubhe\anvilcraft\block\nesting\SupercriticalNestingShulkerBoxBlock.java:212: 警告: [removal] IItemHandler 中的 getSlots() 已过时, 且标记为待删除
        for (int i = 0; i < handler.getSlots(); i++) {
                                   ^
D:\Minecraft-Mods\AnvilCraft\src\main\java\dev\dubhe\anvilcraft\block\nesting\SupercriticalNestingShulkerBoxBlock.java:213: 警告: [removal] IItemHandler 中的 getStackInSlot(int) 已过时, 且标记为待删除
            ItemStack stack = handler.getStackInSlot(i);
                                     ^
D:\Minecraft-Mods\AnvilCraft\src\main\java\dev\dubhe\anvilcraft\block\nesting\SupercriticalNestingShulkerBoxBlock.java:215: 警告: [removal] IItemHandler 中的 getSlotLimit(int) 已过时, 且标记为待删除
            f += (float) stack.getCount() / (float) handler.getSlotLimit(i);
                                                           ^
D:\Minecraft-Mods\AnvilCraft\src\main\java\dev\dubhe\anvilcraft\block\nesting\SupercriticalNestingShulkerBoxBlock.java:218: 警告: [removal] IItemHandler 中的 getSlots() 已过时, 且标记为待删除
        f /= (float) handler.getSlots();
                            ^
D:\Minecraft-Mods\AnvilCraft\src\main\java\dev\dubhe\anvilcraft\block\nesting\SupercriticalNestingShulkerBoxBlock.java:222: 错误: 方法不会覆盖或实现超类型的方法
    @Override
    ^
D:\Minecraft-Mods\AnvilCraft\src\main\java\dev\dubhe\anvilcraft\block\nesting\SupercriticalNestingShulkerBoxBlock.java:224: 错误: 不兼容的类型: BlockState无法转换为LevelReader
        ItemStack stack = super.getCloneItemStack(state, target, level, pos, player);
                                                  ^
D:\Minecraft-Mods\AnvilCraft\src\main\java\dev\dubhe\anvilcraft\block\nesting\SupercriticalNestingShulkerBoxBlock.java:226: 错误: 找不到符号
            .ifPresent(be -> be.saveToItem(stack, level.registryAccess()));
                               ^
  符号:   方法 saveToItem(ItemStack,RegistryAccess)
  位置: 类型为SupercriticalNestingShulkerBoxBlockEntity的变量 be
D:\Minecraft-Mods\AnvilCraft\src\main\java\dev\dubhe\anvilcraft\block\NeutronIrradiatorBlock.java:37: 错误: 方法不会覆盖或实现超类型的方法
    @Override
    ^
D:\Minecraft-Mods\AnvilCraft\src\main\java\dev\dubhe\anvilcraft\block\state\Vertical3PartHalf.java:6: 错误: Vertical3PartHalf不是抽象的, 并且未覆盖ISimpleMultiPartBlockState中的抽象方法getOffsetZ()
public enum Vertical3PartHalf implements ISimpleMultiPartBlockState<Vertical3PartHalf> {
       ^
D:\Minecraft-Mods\AnvilCraft\src\main\java\dev\dubhe\anvilcraft\block\plate\HealthPercentPressurePlateBlock.java:68: 错误: 找不到符号
            } else if (entity instanceof EnderDragonPart part) {
                                         ^
  符号:   类 EnderDragonPart
  位置: 类 HealthPercentPressurePlateBlock
D:\Minecraft-Mods\AnvilCraft\src\main\java\dev\dubhe\anvilcraft\block\plate\PlayerInventoryPressurePlateBlock.java:40: 错误: items 在 Inventory 中是 private 访问控制
            for (ItemStack stack : inventory.items) {
                                            ^
D:\Minecraft-Mods\AnvilCraft\src\main\java\dev\dubhe\anvilcraft\block\PulseGeneratorBlock.java:94: 错误: 方法不会覆盖或实现超类型的方法
    @Override
    ^
D:\Minecraft-Mods\AnvilCraft\src\main\java\dev\dubhe\anvilcraft\block\PulseGeneratorBlock.java:116: 错误: 方法不会覆盖或实现超类型的方法
    @Override
    ^
D:\Minecraft-Mods\AnvilCraft\src\main\java\dev\dubhe\anvilcraft\block\PulseGeneratorBlock.java:122: 错误: 找不到符号
            super.onRemove(state, level, pos, newState, false);
                 ^
  符号: 方法 onRemove(BlockState,Level,BlockPos,BlockState,boolean)
D:\Minecraft-Mods\AnvilCraft\src\main\java\dev\dubhe\anvilcraft\block\PulseGeneratorBlock.java:127: 错误: 不兼容的类型: BlockPos无法转换为Orientation
        level.neighborChanged(front, this, pos);
                                           ^
D:\Minecraft-Mods\AnvilCraft\src\main\java\dev\dubhe\anvilcraft\block\PulseGeneratorBlock.java:128: 错误: 无法将类 Level中的方法 updateNeighborsAtExceptFromFacing应用到给定类型;
        level.updateNeighborsAtExceptFromFacing(front, this, facing);
             ^
  需要: BlockPos,Block,Direction,Orientation
  找到:    BlockPos,PulseGeneratorBlock,Direction
  原因: 实际参数列表和形式参数列表长度不同
D:\Minecraft-Mods\AnvilCraft\src\main\java\dev\dubhe\anvilcraft\block\PulseGeneratorBlock.java:136: 错误: 找不到符号
        boolean lastInputting = generator.isInputtingSignal();
                                         ^
  符号:   方法 isInputtingSignal()
  位置: 类型为PulseGeneratorBlockEntity的变量 generator
D:\Minecraft-Mods\AnvilCraft\src\main\java\dev\dubhe\anvilcraft\block\PulseGeneratorBlock.java:138: 错误: 找不到符号
        generator.setInputtingSignal(nowInputting);
                 ^
  符号:   方法 setInputtingSignal(boolean)
  位置: 类型为PulseGeneratorBlockEntity的变量 generator
D:\Minecraft-Mods\AnvilCraft\src\main\java\dev\dubhe\anvilcraft\block\PulseGeneratorBlock.java:139: 错误: 找不到符号
        boolean canStart = switch (generator.getStartMode()) {
                                            ^
  符号:   方法 getStartMode()
  位置: 类型为PulseGeneratorBlockEntity的变量 generator
D:\Minecraft-Mods\AnvilCraft\src\main\java\dev\dubhe\anvilcraft\block\PulseGeneratorBlock.java:142: 错误: 找不到符号
            case LOOP -> !generator.isLocked();
                                   ^
  符号:   方法 isLocked()
  位置: 类型为PulseGeneratorBlockEntity的变量 generator
D:\Minecraft-Mods\AnvilCraft\src\main\java\dev\dubhe\anvilcraft\block\PulseGeneratorBlock.java:150: 错误: 找不到符号
        if (generator.getStartMode() == PulseGeneratorBlockEntity.Mode.LOOP) {
                     ^
  符号:   方法 getStartMode()
  位置: 类型为PulseGeneratorBlockEntity的变量 generator
D:\Minecraft-Mods\AnvilCraft\src\main\java\dev\dubhe\anvilcraft\block\PulseGeneratorBlock.java:151: 错误: 找不到符号
            if (generator.isLocked() && !generator.isInputtingSignal()) {
                         ^
  符号:   方法 isLocked()
  位置: 类型为PulseGeneratorBlockEntity的变量 generator
D:\Minecraft-Mods\AnvilCraft\src\main\java\dev\dubhe\anvilcraft\block\PulseGeneratorBlock.java:151: 错误: 找不到符号
            if (generator.isLocked() && !generator.isInputtingSignal()) {
                                                  ^
  符号:   方法 isInputtingSignal()
  位置: 类型为PulseGeneratorBlockEntity的变量 generator
D:\Minecraft-Mods\AnvilCraft\src\main\java\dev\dubhe\anvilcraft\block\PulseGeneratorBlock.java:153: 错误: 找不到符号
                generator.setLocked(false);
                         ^
  符号:   方法 setLocked(boolean)
  位置: 类型为PulseGeneratorBlockEntity的变量 generator
D:\Minecraft-Mods\AnvilCraft\src\main\java\dev\dubhe\anvilcraft\block\PulseGeneratorBlock.java:155: 错误: 找不到符号
                generator.setLocked(generator.isInputtingSignal());
                                             ^
  符号:   方法 isInputtingSignal()
  位置: 类型为PulseGeneratorBlockEntity的变量 generator
D:\Minecraft-Mods\AnvilCraft\src\main\java\dev\dubhe\anvilcraft\block\PulseGeneratorBlock.java:158: 错误: 找不到符号
        if (generator.isLocked()) {
                     ^
  符号:   方法 isLocked()
  位置: 类型为PulseGeneratorBlockEntity的变量 generator
D:\Minecraft-Mods\AnvilCraft\src\main\java\dev\dubhe\anvilcraft\block\PulseGeneratorBlock.java:169: 错误: 找不到符号
        if (!generator.isLocked()) {
                      ^
  符号:   方法 isLocked()
  位置: 类型为PulseGeneratorBlockEntity的变量 generator
D:\Minecraft-Mods\AnvilCraft\src\main\java\dev\dubhe\anvilcraft\block\PulseGeneratorBlock.java:170: 错误: 找不到符号
            switch (generator.getState()) {
                             ^
  符号:   方法 getState()
  位置: 类型为PulseGeneratorBlockEntity的变量 generator
D:\Minecraft-Mods\AnvilCraft\src\main\java\dev\dubhe\anvilcraft\block\PulseGeneratorBlock.java:182: 错误: 找不到符号
        if (generator.getWaitingTime() == 1
                     ^
  符号:   方法 getWaitingTime()
  位置: 类型为PulseGeneratorBlockEntity的变量 generator
D:\Minecraft-Mods\AnvilCraft\src\main\java\dev\dubhe\anvilcraft\block\PulseGeneratorBlock.java:183: 错误: 找不到符号
            && generator.getSignalDuration() == 0) {
                        ^
  符号:   方法 getSignalDuration()
  位置: 类型为PulseGeneratorBlockEntity的变量 generator
D:\Minecraft-Mods\AnvilCraft\src\main\java\dev\dubhe\anvilcraft\block\PulseGeneratorBlock.java:189: 错误: 找不到符号
        if (generator.getWaitingTime() != 0) {
                     ^
  符号:   方法 getWaitingTime()
  位置: 类型为PulseGeneratorBlockEntity的变量 generator
D:\Minecraft-Mods\AnvilCraft\src\main\java\dev\dubhe\anvilcraft\block\PulseGeneratorBlock.java:190: 错误: 找不到符号
            level.scheduleTick(pos, this, generator.getWaitingTime(), TickPriority.LOW);
                                                   ^
  符号:   方法 getWaitingTime()
  位置: 类型为PulseGeneratorBlockEntity的变量 generator
D:\Minecraft-Mods\AnvilCraft\src\main\java\dev\dubhe\anvilcraft\block\PulseGeneratorBlock.java:198: 错误: 找不到符号
        if (generator.getSignalDuration() != 0) {
                     ^
  符号:   方法 getSignalDuration()
  位置: 类型为PulseGeneratorBlockEntity的变量 generator
D:\Minecraft-Mods\AnvilCraft\src\main\java\dev\dubhe\anvilcraft\block\PulseGeneratorBlock.java:199: 错误: 找不到符号
            level.scheduleTick(pos, this, generator.getSignalDuration(), TickPriority.LOW);
                                                   ^
  符号:   方法 getSignalDuration()
  位置: 类型为PulseGeneratorBlockEntity的变量 generator
D:\Minecraft-Mods\AnvilCraft\src\main\java\dev\dubhe\anvilcraft\block\PulseGeneratorBlock.java:211: 错误: 找不到符号
        if (generator.getStartMode() == PulseGeneratorBlockEntity.Mode.LOOP) {
                     ^
  符号:   方法 getStartMode()
  位置: 类型为PulseGeneratorBlockEntity的变量 generator
D:\Minecraft-Mods\AnvilCraft\src\main\java\dev\dubhe\anvilcraft\block\PulseGeneratorBlock.java:232: 错误: 不兼容的类型: BlockPos无法转换为Orientation
        level.neighborChanged(neighbourPos, state.getBlock(), pos);
                                                              ^
D:\Minecraft-Mods\AnvilCraft\src\main\java\dev\dubhe\anvilcraft\block\PulseGeneratorBlock.java:233: 错误: 无法将类 Level中的方法 updateNeighborsAtExceptFromFacing应用到给定类型;
        level.updateNeighborsAtExceptFromFacing(neighbourPos, state.getBlock(), direction.getOpposite());
             ^
  需要: BlockPos,Block,Direction,Orientation
  找到:    BlockPos,Block,Direction
  原因: 实际参数列表和形式参数列表长度不同
D:\Minecraft-Mods\AnvilCraft\src\main\java\dev\dubhe\anvilcraft\block\PulseGeneratorBlock.java:234: 错误: 找不到符号
        if (generator.getSignalDuration() == 0) {
                     ^
  符号:   方法 getSignalDuration()
  位置: 类型为PulseGeneratorBlockEntity的变量 generator
D:\Minecraft-Mods\AnvilCraft\src\main\java\dev\dubhe\anvilcraft\block\PulseGeneratorBlock.java:303: 错误: 找不到符号
                return Util.interactionResultConverter()
                           ^
  符号:   方法 interactionResultConverter()
  位置: 类 Util
D:\Minecraft-Mods\AnvilCraft\src\main\java\dev\dubhe\anvilcraft\block\PulseGeneratorBlock.java:325: 错误: 方法不会覆盖或实现超类型的方法
    @Override
    ^
D:\Minecraft-Mods\AnvilCraft\src\main\java\dev\dubhe\anvilcraft\block\PulseGeneratorBlock.java:333: 错误: 方法不会覆盖或实现超类型的方法
    @Override
    ^
D:\Minecraft-Mods\AnvilCraft\src\main\java\dev\dubhe\anvilcraft\block\ReinforcedConcreteBlock.java:44: 错误: 方法不会覆盖或实现超类型的方法
    @Override
    ^
D:\Minecraft-Mods\AnvilCraft\src\main\java\dev\dubhe\anvilcraft\block\RemoteTransmissionPoleBlock.java:136: 错误: 方法不会覆盖或实现超类型的方法
    @Override
    ^
D:\Minecraft-Mods\AnvilCraft\src\main\java\dev\dubhe\anvilcraft\block\state\Vertical4PartHalf.java:6: 错误: Vertical4PartHalf不是抽象的, 并且未覆盖ISimpleMultiPartBlockState中的抽象方法getOffsetZ()
public enum Vertical4PartHalf implements ISimpleMultiPartBlockState<Vertical4PartHalf> {
       ^
D:\Minecraft-Mods\AnvilCraft\src\main\java\dev\dubhe\anvilcraft\block\ResinBlock.java:28: 错误: 找不到符号
            super.updateEntityAfterFallOn(level, entity);
                 ^
  符号: 方法 updateEntityAfterFallOn(BlockGetter,Entity)
D:\Minecraft-Mods\AnvilCraft\src\main\java\dev\dubhe\anvilcraft\block\RottenFleshBlock.java:17: 错误: 方法不会覆盖或实现超类型的方法
    @Override
    ^
D:\Minecraft-Mods\AnvilCraft\src\main\java\dev\dubhe\anvilcraft\block\RottenFleshBlock.java:21: 错误: 找不到符号
            livingEntity.addEffect(new MobEffectInstance(MobEffects.CONFUSION, 30 * 20));
                                                                   ^
  符号:   变量 CONFUSION
  位置: 类 MobEffects
D:\Minecraft-Mods\AnvilCraft\src\main\java\dev\dubhe\anvilcraft\block\RoyalGrindstoneBlock.java:32: 错误: 找不到符号
            return InteractionResult.sidedSuccess(level.isClientSide());
                                    ^
  符号:   方法 sidedSuccess(boolean)
  位置: 接口 InteractionResult
D:\Minecraft-Mods\AnvilCraft\src\main\java\dev\dubhe\anvilcraft\block\SimpleChuteBlock.java:108: 错误: 找不到符号
        BlockState neighborState = level.getBlockState(neighborPos);
                                                       ^
  符号:   变量 neighborPos
  位置: 类 SimpleChuteBlock
D:\Minecraft-Mods\AnvilCraft\src\main\java\dev\dubhe\anvilcraft\block\SimpleChuteBlock.java:110: 错误: 找不到符号
        if (ChuteBlock.isChuteBlock(neighborBlock) || ChuteBlock.isChuteBlock(neighborBlock1)) {
                                    ^
  符号:   变量 neighborBlock
  位置: 类 SimpleChuteBlock
D:\Minecraft-Mods\AnvilCraft\src\main\java\dev\dubhe\anvilcraft\block\SimpleChuteBlock.java:124: 错误: 方法不会覆盖或实现超类型的方法
    @Override
    ^
D:\Minecraft-Mods\AnvilCraft\src\main\java\dev\dubhe\anvilcraft\block\SimpleChuteBlock.java:136: 错误: 无法将类 BlockBehaviour中的方法 updateShape应用到给定类型;
        return super.updateShape(state, facing, facingState, level, currentPos, facingPos);
                    ^
  需要: BlockState,LevelReader,ScheduledTickAccess,BlockPos,Direction,BlockPos,BlockState,RandomSource
  找到:    BlockState,Direction,BlockState,LevelAccessor,BlockPos,BlockPos
  原因: 实际参数列表和形式参数列表长度不同
D:\Minecraft-Mods\AnvilCraft\src\main\java\dev\dubhe\anvilcraft\block\SimpleChuteBlock.java:139: 错误: 方法不会覆盖或实现超类型的方法
    @Override
    ^
D:\Minecraft-Mods\AnvilCraft\src\main\java\dev\dubhe\anvilcraft\block\SimpleChuteBlock.java:167: 错误: 方法不会覆盖或实现超类型的方法
    @Override
    ^
D:\Minecraft-Mods\AnvilCraft\src\main\java\dev\dubhe\anvilcraft\block\SimpleChuteBlock.java:171: 警告: [removal] net.neoforged.neoforge.items 中的 IItemHandler 已过时, 且标记为待删除
                IItemHandler oldHandler = oldEntity.getItemHandler();
                ^
D:\Minecraft-Mods\AnvilCraft\src\main\java\dev\dubhe\anvilcraft\block\SimpleChuteBlock.java:171: 错误: 找不到符号
                IItemHandler oldHandler = oldEntity.getItemHandler();
                                                   ^
  符号:   方法 getItemHandler()
  位置: 类型为SimpleChuteBlockEntity的变量 oldEntity
D:\Minecraft-Mods\AnvilCraft\src\main\java\dev\dubhe\anvilcraft\block\SimpleChuteBlock.java:175: 警告: [removal] net.neoforged.neoforge.items 中的 IItemHandler 已过时, 且标记为待删除
                    IItemHandler newHandler = null;
                    ^
D:\Minecraft-Mods\AnvilCraft\src\main\java\dev\dubhe\anvilcraft\block\SimpleChuteBlock.java:177: 错误: 找不到符号
                        newHandler = newEntity.getItemHandler();
                                              ^
  符号:   方法 getItemHandler()
  位置: 类型为ChuteBlockEntity的变量 newEntity
D:\Minecraft-Mods\AnvilCraft\src\main\java\dev\dubhe\anvilcraft\block\SimpleChuteBlock.java:179: 错误: 不兼容的类型: IItemHandler无法转换为ResourceHandler<ItemResource>
                    ItemHandlerUtil.exportToTarget(oldHandler, 64, stack -> true, newHandler);
                                                   ^
D:\Minecraft-Mods\AnvilCraft\src\main\java\dev\dubhe\anvilcraft\block\SimpleChuteBlock.java:182: 警告: [removal] IItemHandler 中的 getSlots() 已过时, 且标记为待删除
                for (int slot = 0; slot < oldHandler.getSlots(); slot++) {
                                                    ^
D:\Minecraft-Mods\AnvilCraft\src\main\java\dev\dubhe\anvilcraft\block\SimpleChuteBlock.java:183: 警告: [removal] IItemHandler 中的 getStackInSlot(int) 已过时, 且标记为待删除
                    Containers.dropItemStack(level, vec3.x, vec3.y, vec3.z, oldHandler.getStackInSlot(slot));
                                                                                      ^
D:\Minecraft-Mods\AnvilCraft\src\main\java\dev\dubhe\anvilcraft\block\SimpleChuteBlock.java:234: 错误: 方法不会覆盖或实现超类型的方法
    @Override
    ^
D:\Minecraft-Mods\AnvilCraft\src\main\java\dev\dubhe\anvilcraft\block\sliding\BaseSlidingRailBlock.java:59: 错误: 方法不会覆盖或实现超类型的方法
    @Override
    ^
D:\Minecraft-Mods\AnvilCraft\src\main\java\dev\dubhe\anvilcraft\block\sliding\ActivatorSlidingRailBlock.java:161: 错误: 不兼容的类型: BlockPos无法转换为Orientation
                level.neighborChanged(pos1, other, pos);
                                                   ^
D:\Minecraft-Mods\AnvilCraft\src\main\java\dev\dubhe\anvilcraft\block\sliding\ActivatorSlidingRailBlock.java:207: 错误: 方法引用无效
        TriState shouldPower = beOp.map(ActivatorSlidingRailBlockEntity::getShouldPower).orElse(TriState.DEFAULT);
                                        ^
  找不到符号
    符号:   方法 getShouldPower()
    位置: 类 ActivatorSlidingRailBlockEntity
D:\Minecraft-Mods\AnvilCraft\src\main\java\dev\dubhe\anvilcraft\block\sliding\ActivatorSlidingRailBlock.java:286: 错误: 找不到符号
        level.setBlockAndUpdate(pos, state.setValue(FACING, entity.getMoveDirection()));
                                                                  ^
  符号:   方法 getMoveDirection()
  位置: 类型为SlidingBlockEntity的变量 entity
D:\Minecraft-Mods\AnvilCraft\src\main\java\dev\dubhe\anvilcraft\block\sliding\ActivatorSlidingRailBlock.java:298: 错误: 不兼容的类型: BlockPos无法转换为Orientation
        level.neighborChanged(aboveState, abovePos, this, pos, false);
                                                          ^
D:\Minecraft-Mods\AnvilCraft\src\main\java\dev\dubhe\anvilcraft\block\sliding\ActivatorSlidingRailBlock.java:303: 错误: 不兼容的类型: BlockPos无法转换为Orientation
            level.neighborChanged(neighborState, neighborPos, aboveState.getBlock(), abovePos, false);
                                                                                     ^
D:\Minecraft-Mods\AnvilCraft\src\main\java\dev\dubhe\anvilcraft\block\sliding\ISlidingRail.java:119: 错误: 找不到符号
        List<BlockPos> toPushPoses = resolver.getToPush();
                                             ^
  符号:   方法 getToPush()
  位置: 类型为SlidingBlockStructureResolver的变量 resolver
D:\Minecraft-Mods\AnvilCraft\src\main\java\dev\dubhe\anvilcraft\block\sliding\ISlidingRail.java:132: 错误: 找不到符号
        List<BlockPos> toDestroys = resolver.getToDestroy();
                                            ^
  符号:   方法 getToDestroy()
  位置: 类型为SlidingBlockStructureResolver的变量 resolver
D:\Minecraft-Mods\AnvilCraft\src\main\java\dev\dubhe\anvilcraft\entity\SlidingBlockEntity.java:39: 错误: SlidingBlockEntity不是抽象的, 并且未覆盖Entity中的抽象方法hurtServer(ServerLevel,DamageSource,float)
public class SlidingBlockEntity extends Entity {
       ^
D:\Minecraft-Mods\AnvilCraft\src\main\java\dev\dubhe\anvilcraft\entity\SlidingBlockEntity.java:86: 错误: 无法将记录 ChunkPos中的构造器 ChunkPos应用到给定类型;
                it, new ChunkPos(pos),
                    ^
  需要: int,int
  找到:    BlockPos
  原因: 实际参数列表和形式参数列表长度不同
D:\Minecraft-Mods\AnvilCraft\src\main\java\dev\dubhe\anvilcraft\entity\SlidingBlockEntity.java:144: 错误: 无法将记录 ChunkPos中的构造器 ChunkPos应用到给定类型;
            (ServerLevel) this.level(), new ChunkPos(this.blockPosition()),
                                        ^
  需要: int,int
  找到:    BlockPos
  原因: 实际参数列表和形式参数列表长度不同
D:\Minecraft-Mods\AnvilCraft\src\main\java\dev\dubhe\anvilcraft\entity\SlidingBlockEntity.java:178: 错误: 方法不会覆盖或实现超类型的方法
    @Override
    ^
D:\Minecraft-Mods\AnvilCraft\src\main\java\dev\dubhe\anvilcraft\entity\SlidingBlockEntity.java:206: 错误: 方法不会覆盖或实现超类型的方法
    @Override
    ^
D:\Minecraft-Mods\AnvilCraft\src\main\java\dev\dubhe\anvilcraft\entity\SlidingBlockEntity.java:216: 错误: 方法不会覆盖或实现超类型的方法
    @Override
    ^
D:\Minecraft-Mods\AnvilCraft\src\main\java\dev\dubhe\anvilcraft\block\sliding\DetectorSlidingRailBlock.java:123: 错误: 方法不会覆盖或实现超类型的方法
    @Override
    ^
D:\Minecraft-Mods\AnvilCraft\src\main\java\dev\dubhe\anvilcraft\block\sliding\DetectorSlidingRailBlock.java:126: 错误: 方法引用无效
            .map(DetectorSlidingRailBlockEntity::getPower)
                 ^
  找不到符号
    符号:   方法 getPower()
    位置: 类 DetectorSlidingRailBlockEntity
D:\Minecraft-Mods\AnvilCraft\src\main\java\dev\dubhe\anvilcraft\block\sliding\DetectorSlidingRailBlock.java:162: 错误: 方法不会覆盖或实现超类型的方法
    @Override
    ^
D:\Minecraft-Mods\AnvilCraft\src\main\java\dev\dubhe\anvilcraft\block\sliding\PoweredSlidingRailBlock.java:166: 错误: 不兼容的类型: BlockPos无法转换为Orientation
                level.neighborChanged(pos1, other, pos);
                                                   ^
D:\Minecraft-Mods\AnvilCraft\src\main\java\dev\dubhe\anvilcraft\block\sliding\SlidingRailBlock.java:65: 错误: 找不到符号
            (isOtherRailInAxis(level, pos, Axis.X, -1) == TriState.TRUE
                                                          ^
  符号:   变量 TriState
  位置: 类 SlidingRailBlock
D:\Minecraft-Mods\AnvilCraft\src\main\java\dev\dubhe\anvilcraft\block\sliding\SlidingRailBlock.java:66: 错误: 找不到符号
             || isOtherRailInAxis(level, pos, Axis.X, 1) == TriState.TRUE)
                                                            ^
  符号:   变量 TriState
  位置: 类 SlidingRailBlock
D:\Minecraft-Mods\AnvilCraft\src\main\java\dev\dubhe\anvilcraft\block\sliding\SlidingRailBlock.java:67: 错误: 找不到符号
            && (isOtherRailInAxis(level, pos, Axis.Z, -1) == TriState.TRUE
                                                             ^
  符号:   变量 TriState
  位置: 类 SlidingRailBlock
D:\Minecraft-Mods\AnvilCraft\src\main\java\dev\dubhe\anvilcraft\block\sliding\SlidingRailBlock.java:68: 错误: 找不到符号
                || isOtherRailInAxis(level, pos, Axis.Z, 1) == TriState.TRUE)
                                                               ^
  符号:   变量 TriState
  位置: 类 SlidingRailBlock
D:\Minecraft-Mods\AnvilCraft\src\main\java\dev\dubhe\anvilcraft\block\sliding\SlidingRailBlock.java:101: 错误: 找不到符号
        if (isOtherRailInAxis(level, pos, Axis.X, -1) == TriState.TRUE
                                                         ^
  符号:   变量 TriState
  位置: 类 SlidingRailBlock
D:\Minecraft-Mods\AnvilCraft\src\main\java\dev\dubhe\anvilcraft\block\sliding\SlidingRailBlock.java:102: 错误: 找不到符号
            || isOtherRailInAxis(level, pos, Axis.X, 1) == TriState.TRUE
                                                           ^
  符号:   变量 TriState
  位置: 类 SlidingRailBlock
D:\Minecraft-Mods\AnvilCraft\src\main\java\dev\dubhe\anvilcraft\block\sliding\SlidingRailBlock.java:105: 错误: 找不到符号
                && (isOtherRailInAxis(level, pos, Axis.Z, -1) == TriState.TRUE
                                                                 ^
  符号:   变量 TriState
  位置: 类 SlidingRailBlock
D:\Minecraft-Mods\AnvilCraft\src\main\java\dev\dubhe\anvilcraft\block\sliding\SlidingRailBlock.java:106: 错误: 找不到符号
                    || isOtherRailInAxis(level, pos, Axis.Z, 1) == TriState.TRUE)
                                                                   ^
  符号:   变量 TriState
  位置: 类 SlidingRailBlock
D:\Minecraft-Mods\AnvilCraft\src\main\java\dev\dubhe\anvilcraft\block\sliding\SlidingRailBlock.java:111: 错误: 找不到符号
                && isOtherRailInAxis(level, pos, Axis.Z, -1) != TriState.TRUE
                                                                ^
  符号:   变量 TriState
  位置: 类 SlidingRailBlock
D:\Minecraft-Mods\AnvilCraft\src\main\java\dev\dubhe\anvilcraft\block\sliding\SlidingRailBlock.java:112: 错误: 找不到符号
                && isOtherRailInAxis(level, pos, Axis.Z, 1) != TriState.TRUE
                                                               ^
  符号:   变量 TriState
  位置: 类 SlidingRailBlock
D:\Minecraft-Mods\AnvilCraft\src\main\java\dev\dubhe\anvilcraft\block\sliding\SlidingRailBlock.java:117: 错误: 找不到符号
            isOtherRailInAxis(level, pos, Axis.Z, -1) == TriState.TRUE
                                                         ^
  符号:   变量 TriState
  位置: 类 SlidingRailBlock
D:\Minecraft-Mods\AnvilCraft\src\main\java\dev\dubhe\anvilcraft\block\sliding\SlidingRailBlock.java:118: 错误: 找不到符号
            || isOtherRailInAxis(level, pos, Axis.Z, 1) == TriState.TRUE
                                                           ^
  符号:   变量 TriState
  位置: 类 SlidingRailBlock
D:\Minecraft-Mods\AnvilCraft\src\main\java\dev\dubhe\anvilcraft\block\sliding\SlidingRailBlock.java:121: 错误: 找不到符号
                && isOtherRailInAxis(level, pos, Axis.X, -1) != TriState.TRUE
                                                                ^
  符号:   变量 TriState
  位置: 类 SlidingRailBlock
D:\Minecraft-Mods\AnvilCraft\src\main\java\dev\dubhe\anvilcraft\block\sliding\SlidingRailBlock.java:122: 错误: 找不到符号
                && isOtherRailInAxis(level, pos, Axis.X, 1) != TriState.TRUE
                                                               ^
  符号:   变量 TriState
  位置: 类 SlidingRailBlock
D:\Minecraft-Mods\AnvilCraft\src\main\java\dev\dubhe\anvilcraft\block\sliding\SlidingRailBlock.java:142: 错误: 找不到符号
            return TriState.DEFAULT;
                   ^
  符号:   变量 TriState
  位置: 类 SlidingRailBlock
D:\Minecraft-Mods\AnvilCraft\src\main\java\dev\dubhe\anvilcraft\block\sliding\SlidingRailBlock.java:144: 错误: 找不到符号
        return axis == otherAxis || otherAxis == Axis.Y ? TriState.TRUE : TriState.FALSE;
                                                          ^
  符号:   变量 TriState
  位置: 类 SlidingRailBlock
D:\Minecraft-Mods\AnvilCraft\src\main\java\dev\dubhe\anvilcraft\block\sliding\SlidingRailBlock.java:144: 错误: 找不到符号
        return axis == otherAxis || otherAxis == Axis.Y ? TriState.TRUE : TriState.FALSE;
                                                                          ^
  符号:   变量 TriState
  位置: 类 SlidingRailBlock
D:\Minecraft-Mods\AnvilCraft\src\main\java\dev\dubhe\anvilcraft\block\sliding\SlidingRailStopBlock.java:92: 错误: 找不到符号
        Direction moveTo = entity.getMoveDirection();
                                 ^
  符号:   方法 getMoveDirection()
  位置: 类型为SlidingBlockEntity的变量 entity
D:\Minecraft-Mods\AnvilCraft\src\main\java\dev\dubhe\anvilcraft\block\sliding\SlidingRailStopBlock.java:147: 错误: 找不到符号
        List<BlockPos> toPushPoses = new ArrayList<>(resolver.getToPush());
                                                             ^
  符号:   方法 getToPush()
  位置: 类型为SlidingBlockStructureResolver的变量 resolver
D:\Minecraft-Mods\AnvilCraft\src\main\java\dev\dubhe\anvilcraft\block\sliding\SlidingRailStopBlock.java:164: 错误: 找不到符号
        List<BlockPos> toDestroys = resolver.getToDestroy();
                                            ^
  符号:   方法 getToDestroy()
  位置: 类型为SlidingBlockStructureResolver的变量 resolver
D:\Minecraft-Mods\AnvilCraft\src\main\java\dev\dubhe\anvilcraft\block\SpaceOvercompressorBlock.java:37: 错误: 方法不会覆盖或实现超类型的方法
    @Override
    ^
D:\Minecraft-Mods\AnvilCraft\src\main\java\dev\dubhe\anvilcraft\block\SpaceOvercompressorBlock.java:42: 错误: 找不到符号
            tag.putLong("storedMass", s.getStoredMass());
                                       ^
  符号:   方法 getStoredMass()
  位置: 类型为SpaceOvercompressorBlockEntity的变量 s
D:\Minecraft-Mods\AnvilCraft\src\main\java\dev\dubhe\anvilcraft\block\SpaceOvercompressorBlock.java:47: 错误: 方法不会覆盖或实现超类型的方法
    @Override
    ^
D:\Minecraft-Mods\AnvilCraft\src\main\java\dev\dubhe\anvilcraft\block\SpaceOvercompressorBlock.java:52: 错误: 找不到符号
            s.injectMass(mass - s.getStoredMass());
                                 ^
  符号:   方法 getStoredMass()
  位置: 类型为SpaceOvercompressorBlockEntity的变量 s
D:\Minecraft-Mods\AnvilCraft\src\main\java\dev\dubhe\anvilcraft\block\SpectralAnvilBlock.java:138: 错误: 方法不会覆盖或实现超类型的方法
    @Override
    ^
D:\Minecraft-Mods\AnvilCraft\src\main\java\dev\dubhe\anvilcraft\block\StampingPlatformBlock.java:97: 错误: 方法不会覆盖或实现超类型的方法
    @Override
    ^
D:\Minecraft-Mods\AnvilCraft\src\main\java\dev\dubhe\anvilcraft\block\StampingPlatformBlock.java:110: 错误: 无法将类 BlockBehaviour中的方法 updateShape应用到给定类型;
        return super.updateShape(blockState, direction, blockState2, levelAccessor, blockPos, blockPos2);
                    ^
  需要: BlockState,LevelReader,ScheduledTickAccess,BlockPos,Direction,BlockPos,BlockState,RandomSource
  找到:    BlockState,Direction,BlockState,LevelAccessor,BlockPos,BlockPos
  原因: 实际参数列表和形式参数列表长度不同
D:\Minecraft-Mods\AnvilCraft\src\main\java\dev\dubhe\anvilcraft\block\StepEffectBlock.java:32: 错误: 找不到符号
        player.addEffect(new MobEffectInstance(MobEffects.MOVEMENT_SPEED, EFFECT_DURATION, 9, true, true));
                                                         ^
  符号:   变量 MOVEMENT_SPEED
  位置: 类 MobEffects
D:\Minecraft-Mods\AnvilCraft\src\main\java\dev\dubhe\anvilcraft\block\StepEffectBlock.java:38: 错误: 找不到符号
        player.addEffect(new MobEffectInstance(MobEffects.MOVEMENT_SPEED, EFFECT_DURATION, 4, true, true));
                                                         ^
  符号:   变量 MOVEMENT_SPEED
  位置: 类 MobEffects
D:\Minecraft-Mods\AnvilCraft\src\main\java\dev\dubhe\anvilcraft\block\StepEffectBlock.java:39: 错误: 找不到符号
        player.addEffect(new MobEffectInstance(MobEffects.DIG_SPEED, EFFECT_DURATION, 3, true, true));
                                                         ^
  符号:   变量 DIG_SPEED
  位置: 类 MobEffects
D:\Minecraft-Mods\AnvilCraft\src\main\java\dev\dubhe\anvilcraft\block\StepEffectBlock.java:45: 错误: 找不到符号
        player.addEffect(new MobEffectInstance(MobEffects.MOVEMENT_SPEED, EFFECT_DURATION, 4, true, true));
                                                         ^
  符号:   变量 MOVEMENT_SPEED
  位置: 类 MobEffects
D:\Minecraft-Mods\AnvilCraft\src\main\java\dev\dubhe\anvilcraft\block\StepEffectBlock.java:46: 错误: 找不到符号
        player.addEffect(new MobEffectInstance(MobEffects.JUMP, EFFECT_DURATION, 5, true, true));
                                                         ^
  符号:   变量 JUMP
  位置: 类 MobEffects
D:\Minecraft-Mods\AnvilCraft\src\main\java\dev\dubhe\anvilcraft\block\SugarBlock.java:42: 错误: 程序包StatePropertiesPredicate不存在
                        .setProperties(StatePropertiesPredicate.Builder.properties()
                                                               ^
D:\Minecraft-Mods\AnvilCraft\src\main\java\dev\dubhe\anvilcraft\block\SugarBlock.java:46: 错误: 程序包StatePropertiesPredicate不存在
                            .setProperties(StatePropertiesPredicate.Builder.properties()
                                                                   ^
D:\Minecraft-Mods\AnvilCraft\src\main\java\dev\dubhe\anvilcraft\block\SugarBlock.java:50: 错误: 程序包StatePropertiesPredicate不存在
                            .setProperties(StatePropertiesPredicate.Builder.properties()
                                                                   ^
D:\Minecraft-Mods\AnvilCraft\src\main\java\dev\dubhe\anvilcraft\block\SugarBlock.java:55: 错误: 程序包StatePropertiesPredicate不存在
                            .setProperties(StatePropertiesPredicate.Builder.properties()
                                                                   ^
D:\Minecraft-Mods\AnvilCraft\src\main\java\dev\dubhe\anvilcraft\block\TeslaTowerBlock.java:151: 错误: 方法不会覆盖或实现超类型的方法
    @Override
    ^
D:\Minecraft-Mods\AnvilCraft\src\main\java\dev\dubhe\anvilcraft\block\TeslaTowerBlock.java:227: 错误: 找不到符号
                return Util.interactionResultConverter()
                           ^
  符号:   方法 interactionResultConverter()
  位置: 类 Util
D:\Minecraft-Mods\AnvilCraft\src\main\java\dev\dubhe\anvilcraft\block\TransmissionPoleBlock.java:124: 错误: 方法不会覆盖或实现超类型的方法
    @Override
    ^
D:\Minecraft-Mods\AnvilCraft\src\main\java\dev\dubhe\anvilcraft\block\TransparentCraftingTableBlock.java:56: 错误: 找不到符号
            return ItemInteractionResult.SKIP_DEFAULT_BLOCK_INTERACTION;
                   ^
  符号:   变量 ItemInteractionResult
  位置: 类 TransparentCraftingTableBlock
D:\Minecraft-Mods\AnvilCraft\src\main\java\dev\dubhe\anvilcraft\block\TransparentCraftingTableBlock.java:66: 错误: 找不到符号
        return InteractionResult.sidedSuccess(level.isClientSide());
                                ^
  符号:   方法 sidedSuccess(boolean)
  位置: 接口 InteractionResult
D:\Minecraft-Mods\AnvilCraft\src\main\java\dev\dubhe\anvilcraft\block\TransparentCraftingTableBlock.java:93: 错误: 方法不会覆盖或实现超类型的方法
    @Override
    ^
D:\Minecraft-Mods\AnvilCraft\src\main\java\dev\dubhe\anvilcraft\block\TransparentCraftingTableBlock.java:105: 错误: 方法不会覆盖或实现超类型的方法
    @Override
    ^
D:\Minecraft-Mods\AnvilCraft\src\main\java\dev\dubhe\anvilcraft\block\VoidEnergyCollectorBlock.java:85: 错误: 方法不会覆盖或实现超类型的方法
    @Override
    ^
D:\Minecraft-Mods\AnvilCraft\src\main\java\dev\dubhe\anvilcraft\block\VoidEnergyCollectorBlock.java:87: 错误: 找不到符号
        super.onRemove(state, level, pos, newState, movedByPiston);
             ^
  符号: 方法 onRemove(BlockState,Level,BlockPos,BlockState,boolean)
D:\Minecraft-Mods\AnvilCraft\src\main\java\dev\dubhe\anvilcraft\block\VoidEnergyCollectorBlock.java:96: 错误: 找不到符号
            Optional.ofNullable(context.getPlayer()).ifPresent(player -> player.displayClientMessage(
                                                                               ^
  符号:   方法 displayClientMessage(MutableComponent,boolean)
  位置: 类型为Player的变量 player
D:\Minecraft-Mods\AnvilCraft\src\main\java\dev\dubhe\anvilcraft\block\VoidMatterBlock.java:21: 错误: 找不到符号
        return level.registryAccess().registryOrThrow(Registries.BLOCK)
                                     ^
  符号:   方法 registryOrThrow(ResourceKey<Registry<Block>>)
  位置: 接口 RegistryAccess
D:\Minecraft-Mods\AnvilCraft\src\main\java\dev\dubhe\anvilcraft\block\WhiteHoleBlock.java:28: 错误: 方法不会覆盖或实现超类型的方法
    @Override
    ^
D:\Minecraft-Mods\AnvilCraft\src\main\java\dev\dubhe\anvilcraft\client\AnvilCraftClient.java:61: 错误: 找不到符号
        AnvilCraft.getINTEGRATION_MANAGER().loadAllClientIntegrations();
                  ^
  符号:   方法 getINTEGRATION_MANAGER()
  位置: 类 AnvilCraft
D:\Minecraft-Mods\AnvilCraft\src\main\java\dev\dubhe\anvilcraft\client\AnvilCraftClient.java:88: 错误: 找不到符号
                return ModModelLayers.getIonocraftBackpackModel();
                                     ^
  符号:   方法 getIonocraftBackpackModel()
  位置: 类 ModModelLayers
D:\Minecraft-Mods\AnvilCraft\src\main\java\dev\dubhe\anvilcraft\client\support\PillSelectorSupport.java:48: 错误: 找不到符号
        RenderSystem.disableDepthTest();
                    ^
  符号:   方法 disableDepthTest()
  位置: 类 RenderSystem
D:\Minecraft-Mods\AnvilCraft\src\main\java\dev\dubhe\anvilcraft\client\support\PillSelectorSupport.java:93: 错误: 找不到符号
        int index = mutable.getIndex() + 1;
                           ^
  符号:   方法 getIndex()
  位置: 类型为Mutable的变量 mutable
D:\Minecraft-Mods\AnvilCraft\src\main\java\dev\dubhe\anvilcraft\client\support\PillSelectorSupport.java:101: 错误: 找不到符号
        int index = mutable.getIndex() - 1;
                           ^
  符号:   方法 getIndex()
  位置: 类型为Mutable的变量 mutable
D:\Minecraft-Mods\AnvilCraft\src\main\java\dev\dubhe\anvilcraft\client\event\ClientBlockEventListener.java:65: 错误: 找不到符号
                PacketDistributor.sendToServer(new HammerUsePacket(event.getPos(), hand, hitVec));
                                 ^
  符号:   方法 sendToServer(HammerUsePacket)
  位置: 类 PacketDistributor
D:\Minecraft-Mods\AnvilCraft\src\main\java\dev\dubhe\anvilcraft\client\event\ClientBlockEventListener.java:85: 错误: 找不到符号
            PacketDistributor.sendToServer(new HammerUsePacket(event.getPos(), hand, hitVec));
                             ^
  符号:   方法 sendToServer(HammerUsePacket)
  位置: 类 PacketDistributor
D:\Minecraft-Mods\AnvilCraft\src\main\java\dev\dubhe\anvilcraft\client\event\ClientEventListener.java:38: 错误: 找不到符号
        if (event.getStage() != RenderLevelStageEvent.Stage.AFTER_ENTITIES) return;
                 ^
  符号:   方法 getStage()
  位置: 类型为RenderLevelStageEvent的变量 event
D:\Minecraft-Mods\AnvilCraft\src\main\java\dev\dubhe\anvilcraft\client\event\ClientEventListener.java:38: 错误: 找不到符号
        if (event.getStage() != RenderLevelStageEvent.Stage.AFTER_ENTITIES) return;
                                                     ^
  符号:   变量 Stage
  位置: 类 RenderLevelStageEvent
D:\Minecraft-Mods\AnvilCraft\src\main\java\dev\dubhe\anvilcraft\client\event\ClientEventListener.java:46: 错误: 找不到符号
            event.getCamera()
                 ^
  符号:   方法 getCamera()
  位置: 类型为RenderLevelStageEvent的变量 event
D:\Minecraft-Mods\AnvilCraft\src\main\java\dev\dubhe\anvilcraft\client\event\ClientEventListener.java:97: 错误: 找不到符号
        long lastThoughtTime = ThoughtManager.getLastThoughtTime();
                                             ^
  符号:   方法 getLastThoughtTime()
  位置: 类 ThoughtManager
D:\Minecraft-Mods\AnvilCraft\src\main\java\dev\dubhe\anvilcraft\client\event\ClientEventListener.java:104: 错误: 找不到符号
        if (deltaTime > ThoughtManager.getMAX_SECONDS() * 20) {
                                      ^
  符号:   方法 getMAX_SECONDS()
  位置: 类 ThoughtManager
D:\Minecraft-Mods\AnvilCraft\src\main\java\dev\dubhe\anvilcraft\client\event\ClientEventListener.java:125: 警告: [removal] AbstractContainerScreen 中的 getSlotUnderMouse() 已过时, 且标记为待删除
        Slot slot = screen.getSlotUnderMouse();
                          ^
D:\Minecraft-Mods\AnvilCraft\src\main\java\dev\dubhe\anvilcraft\client\event\ClientEventListener.java:138: 错误: 找不到符号
        GuiGraphics guiGraphics = event.getGraphics();
        ^
  符号:   类 GuiGraphics
  位置: 类 ClientEventListener
D:\Minecraft-Mods\AnvilCraft\src\main\java\dev\dubhe\anvilcraft\client\event\HammerEffectRenderEventListener.java:34: 错误: 找不到符号
    public static final ModelIdentifier MODEL = ModelIdentifier.standalone(AnvilCraft.of("block/axis"));
                                                ^
  符号:   变量 ModelIdentifier
  位置: 类 HammerEffectRenderEventListener
D:\Minecraft-Mods\AnvilCraft\src\main\java\dev\dubhe\anvilcraft\client\event\HammerEffectRenderEventListener.java:50: 错误: 找不到符号
        if (event.getStage() != RenderLevelStageEvent.Stage.AFTER_BLOCK_ENTITIES) return;
                 ^
  符号:   方法 getStage()
  位置: 类型为RenderLevelStageEvent的变量 event
D:\Minecraft-Mods\AnvilCraft\src\main\java\dev\dubhe\anvilcraft\client\event\HammerEffectRenderEventListener.java:50: 错误: 找不到符号
        if (event.getStage() != RenderLevelStageEvent.Stage.AFTER_BLOCK_ENTITIES) return;
                                                     ^
  符号:   变量 Stage
  位置: 类 RenderLevelStageEvent
D:\Minecraft-Mods\AnvilCraft\src\main\java\dev\dubhe\anvilcraft\client\event\HammerEffectRenderEventListener.java:56: 错误: 找不到符号
        RenderType renderType = hasHammerEffect.renderType();
        ^
  符号:   类 RenderType
  位置: 类 HammerEffectRenderEventListener
D:\Minecraft-Mods\AnvilCraft\src\main\java\dev\dubhe\anvilcraft\client\event\HammerEffectRenderEventListener.java:59: 错误: 找不到符号
        Camera camera = event.getCamera();
                             ^
  符号:   方法 getCamera()
  位置: 类型为RenderLevelStageEvent的变量 event
D:\Minecraft-Mods\AnvilCraft\src\main\java\dev\dubhe\anvilcraft\client\event\HammerEffectRenderEventListener.java:60: 错误: 找不到符号
        Vec3 cameraPos = camera.getPosition();
                               ^
  符号:   方法 getPosition()
  位置: 类型为Camera的变量 camera
D:\Minecraft-Mods\AnvilCraft\src\main\java\dev\dubhe\anvilcraft\client\event\HammerEffectRenderEventListener.java:67: 错误: 找不到符号
        BakedModel model = mc.getBlockRenderer().getBlockModel(state);
        ^
  符号:   类 BakedModel
  位置: 类 HammerEffectRenderEventListener
D:\Minecraft-Mods\AnvilCraft\src\main\java\dev\dubhe\anvilcraft\client\event\HammerEffectRenderEventListener.java:67: 错误: 找不到符号
        BakedModel model = mc.getBlockRenderer().getBlockModel(state);
                             ^
  符号:   方法 getBlockRenderer()
  位置: 类型为Minecraft的变量 mc
D:\Minecraft-Mods\AnvilCraft\src\main\java\dev\dubhe\anvilcraft\client\event\HammerEffectRenderEventListener.java:68: 错误: 找不到符号
        ModelBlockRenderer renderer = mc.getBlockRenderer().getModelRenderer();
                                        ^
  符号:   方法 getBlockRenderer()
  位置: 类型为Minecraft的变量 mc
D:\Minecraft-Mods\AnvilCraft\src\main\java\dev\dubhe\anvilcraft\client\event\HammerEffectRenderEventListener.java:79: 错误: 找不到符号
            LightTexture.FULL_BLOCK,
            ^
  符号:   变量 LightTexture
  位置: 类 HammerEffectRenderEventListener
D:\Minecraft-Mods\AnvilCraft\src\main\java\dev\dubhe\anvilcraft\client\event\HammerEffectRenderEventListener.java:91: 错误: 找不到符号
            LightTexture.FULL_BRIGHT,
            ^
  符号:   变量 LightTexture
  位置: 类 HammerEffectRenderEventListener
D:\Minecraft-Mods\AnvilCraft\src\main\java\dev\dubhe\anvilcraft\client\event\LargeBlockPlacePreviewEventListener.java:88: 错误: 找不到符号
        VertexConsumer vertexConsumer = bufferSource.getBuffer(RenderType.lines());
                                                               ^
  符号:   变量 RenderType
  位置: 类 LargeBlockPlacePreviewEventListener
D:\Minecraft-Mods\AnvilCraft\src\main\java\dev\dubhe\anvilcraft\client\event\LargeBlockPlacePreviewEventListener.java:90: 错误: selected 在 Inventory 中是 private 访问控制
        ItemStack item = inventory.getItem(inventory.selected);
                                                    ^
D:\Minecraft-Mods\AnvilCraft\src\main\java\dev\dubhe\anvilcraft\client\event\LargeBlockPlacePreviewEventListener.java:175: 错误: 找不到符号
        Vec3 position = camera.getPosition();
                              ^
  符号:   方法 getPosition()
  位置: 类型为Camera的变量 camera
D:\Minecraft-Mods\AnvilCraft\src\main\java\dev\dubhe\anvilcraft\client\event\LargeBlockPlacePreviewEventListener.java:177: 错误: 找不到符号
            RenderSystem.disableDepthTest();
                        ^
  符号:   方法 disableDepthTest()
  位置: 类 RenderSystem
D:\Minecraft-Mods\AnvilCraft\src\main\java\dev\dubhe\anvilcraft\client\event\LargeBlockPlacePreviewEventListener.java:178: 错误: 找不到符号
            RenderSystem.depthMask(false);
                        ^
  符号:   方法 depthMask(boolean)
  位置: 类 RenderSystem
D:\Minecraft-Mods\AnvilCraft\src\main\java\dev\dubhe\anvilcraft\client\event\LargeBlockPlacePreviewEventListener.java:191: 错误: 找不到符号
            RenderSystem.depthMask(true);
                        ^
  符号:   方法 depthMask(boolean)
  位置: 类 RenderSystem
D:\Minecraft-Mods\AnvilCraft\src\main\java\dev\dubhe\anvilcraft\client\event\LargeBlockPlacePreviewEventListener.java:192: 错误: 找不到符号
            RenderSystem.enableDepthTest();
                        ^
  符号:   方法 enableDepthTest()
  位置: 类 RenderSystem
D:\Minecraft-Mods\AnvilCraft\src\main\java\dev\dubhe\anvilcraft\client\event\LargeBlockPlacePreviewEventListener.java:203: 错误: 不兼容的类型: Block无法转换为FlexibleMultiPartBlock<?,?,?>
            FlexibleMultiPartBlock<?, ?, ?> flexBlock = flexibleMultiPartBlockItem.getBlock();
                                                                                           ^
D:\Minecraft-Mods\AnvilCraft\src\main\java\dev\dubhe\anvilcraft\client\event\RegisterAdditionalEventListener.java:26: 错误: 无法将类 RegisterStandalone中的方法 register应用到给定类型;
        event.register(
             ^
  需要: StandaloneModelKey<T>,UnbakedStandaloneModel<T>
  找到:    SimpleUnbakedStandaloneModel<BlockStateModel>
  原因: 无法推断类型变量 T
    (实际参数列表和形式参数列表长度不同)
  其中, T是类型变量:
    T扩展已在方法 <T>register(StandaloneModelKey<T>,UnbakedStandaloneModel<T>)中声明的Object
D:\Minecraft-Mods\AnvilCraft\src\main\java\dev\dubhe\anvilcraft\client\event\RegisterAdditionalEventListener.java:26: 错误: 不兼容的类型: 无法推断类型变量 T
        event.register(
                      ^
    (参数不匹配; SimpleUnbakedStandaloneModel<BlockStateModel>无法转换为StandaloneModelKey<T>)
  其中, T是类型变量:
    T扩展已在方法 <T>register(StandaloneModelKey<T>,UnbakedStandaloneModel<T>)中声明的Object
D:\Minecraft-Mods\AnvilCraft\src\main\java\dev\dubhe\anvilcraft\client\event\RegisterAdditionalEventListener.java:29: 错误: 无法将类 RegisterStandalone中的方法 register应用到给定类型;
        event.register(
             ^
  需要: StandaloneModelKey<T>,UnbakedStandaloneModel<T>
  找到:    SimpleUnbakedStandaloneModel<BlockStateModel>
  原因: 无法推断类型变量 T
    (实际参数列表和形式参数列表长度不同)
  其中, T是类型变量:
    T扩展已在方法 <T>register(StandaloneModelKey<T>,UnbakedStandaloneModel<T>)中声明的Object
D:\Minecraft-Mods\AnvilCraft\src\main\java\dev\dubhe\anvilcraft\client\event\RegisterAdditionalEventListener.java:29: 错误: 不兼容的类型: 无法推断类型变量 T
        event.register(
                      ^
    (参数不匹配; SimpleUnbakedStandaloneModel<BlockStateModel>无法转换为StandaloneModelKey<T>)
  其中, T是类型变量:
    T扩展已在方法 <T>register(StandaloneModelKey<T>,UnbakedStandaloneModel<T>)中声明的Object
D:\Minecraft-Mods\AnvilCraft\src\main\java\dev\dubhe\anvilcraft\client\event\RegisterAdditionalEventListener.java:56: 错误: 无法将类 RegisterStandalone中的方法 register应用到给定类型;
        event.register(
             ^
  需要: StandaloneModelKey<T>,UnbakedStandaloneModel<T>
  找到:    SimpleUnbakedStandaloneModel<BlockStateModel>
  原因: 无法推断类型变量 T
    (实际参数列表和形式参数列表长度不同)
  其中, T是类型变量:
    T扩展已在方法 <T>register(StandaloneModelKey<T>,UnbakedStandaloneModel<T>)中声明的Object
D:\Minecraft-Mods\AnvilCraft\src\main\java\dev\dubhe\anvilcraft\client\event\RegisterAdditionalEventListener.java:56: 错误: 不兼容的类型: 无法推断类型变量 T
        event.register(
                      ^
    (参数不匹配; SimpleUnbakedStandaloneModel<BlockStateModel>无法转换为StandaloneModelKey<T>)
  其中, T是类型变量:
    T扩展已在方法 <T>register(StandaloneModelKey<T>,UnbakedStandaloneModel<T>)中声明的Object
D:\Minecraft-Mods\AnvilCraft\src\main\java\dev\dubhe\anvilcraft\client\event\RegisterAdditionalEventListener.java:59: 错误: 无法将类 RegisterStandalone中的方法 register应用到给定类型;
        event.register(
             ^
  需要: StandaloneModelKey<T>,UnbakedStandaloneModel<T>
  找到:    SimpleUnbakedStandaloneModel<BlockStateModel>
  原因: 无法推断类型变量 T
    (实际参数列表和形式参数列表长度不同)
  其中, T是类型变量:
    T扩展已在方法 <T>register(StandaloneModelKey<T>,UnbakedStandaloneModel<T>)中声明的Object
D:\Minecraft-Mods\AnvilCraft\src\main\java\dev\dubhe\anvilcraft\client\event\RegisterAdditionalEventListener.java:59: 错误: 不兼容的类型: 无法推断类型变量 T
        event.register(
                      ^
    (参数不匹配; SimpleUnbakedStandaloneModel<BlockStateModel>无法转换为StandaloneModelKey<T>)
  其中, T是类型变量:
    T扩展已在方法 <T>register(StandaloneModelKey<T>,UnbakedStandaloneModel<T>)中声明的Object
D:\Minecraft-Mods\AnvilCraft\src\main\java\dev\dubhe\anvilcraft\client\event\RenderEventListener.java:41: 错误: 找不到符号
        if (event.getStage() != RenderLevelStageEvent.Stage.AFTER_BLOCK_ENTITIES) return;
                 ^
  符号:   方法 getStage()
  位置: 类型为RenderLevelStageEvent的变量 event
D:\Minecraft-Mods\AnvilCraft\src\main\java\dev\dubhe\anvilcraft\client\event\RenderEventListener.java:41: 错误: 找不到符号
        if (event.getStage() != RenderLevelStageEvent.Stage.AFTER_BLOCK_ENTITIES) return;
                                                     ^
  符号:   变量 Stage
  位置: 类 RenderLevelStageEvent
D:\Minecraft-Mods\AnvilCraft\src\main\java\dev\dubhe\anvilcraft\client\event\RenderEventListener.java:42: 错误: 找不到符号
        Vec3 camera = event.getCamera().getPosition();
                           ^
  符号:   方法 getCamera()
  位置: 类型为RenderLevelStageEvent的变量 event
D:\Minecraft-Mods\AnvilCraft\src\main\java\dev\dubhe\anvilcraft\client\event\RenderEventListener.java:44: 错误: 找不到符号
        DeltaTracker deltaTracker = event.getPartialTick();
                                         ^
  符号:   方法 getPartialTick()
  位置: 类型为RenderLevelStageEvent的变量 event
D:\Minecraft-Mods\AnvilCraft\src\main\java\dev\dubhe\anvilcraft\client\event\RenderEventListener.java:56: 错误: 找不到符号
        if (event.getStage() != RenderLevelStageEvent.Stage.AFTER_BLOCK_ENTITIES) return;
                 ^
  符号:   方法 getStage()
  位置: 类型为RenderLevelStageEvent的变量 event
D:\Minecraft-Mods\AnvilCraft\src\main\java\dev\dubhe\anvilcraft\client\event\RenderEventListener.java:56: 错误: 找不到符号
        if (event.getStage() != RenderLevelStageEvent.Stage.AFTER_BLOCK_ENTITIES) return;
                                                     ^
  符号:   变量 Stage
  位置: 类 RenderLevelStageEvent
D:\Minecraft-Mods\AnvilCraft\src\main\java\dev\dubhe\anvilcraft\client\event\RenderEventListener.java:58: 错误: 找不到符号
        Entity entity = event.getCamera().getEntity();
                             ^
  符号:   方法 getCamera()
  位置: 类型为RenderLevelStageEvent的变量 event
D:\Minecraft-Mods\AnvilCraft\src\main\java\dev\dubhe\anvilcraft\client\event\RenderEventListener.java:63: 错误: 找不到符号
        Vec3 vec3 = event.getCamera().getPosition();
                         ^
  符号:   方法 getCamera()
  位置: 类型为RenderLevelStageEvent的变量 event
D:\Minecraft-Mods\AnvilCraft\src\main\java\dev\dubhe\anvilcraft\client\event\RenderEventListener.java:73: 错误: 找不到符号
        VertexConsumer vertexConsumer3 = bufferSource.getBuffer(RenderType.lines());
                                                                ^
  符号:   变量 RenderType
  位置: 类 RenderEventListener
D:\Minecraft-Mods\AnvilCraft\src\main\java\dev\dubhe\anvilcraft\client\event\WheelLifecycleEventListener.java:81: 错误: 找不到符号
                PacketDistributor.sendToServer(new MultiphasePackets.SingleSync(stack.get(ModComponents.MULTIPHASE).id().get()));
                                 ^
  符号:   方法 sendToServer(SingleSync)
  位置: 类 PacketDistributor
D:\Minecraft-Mods\AnvilCraft\src\main\java\dev\dubhe\anvilcraft\client\event\WheelLifecycleEventListener.java:152: 错误: 找不到符号
                    graphics.renderItem(copied, 2, 2, 9910597);
                            ^
  符号:   方法 renderItem(ItemStack,int,int,int)
  位置: 类型为GuiGraphicsExtractor的变量 graphics
D:\Minecraft-Mods\AnvilCraft\src\main\java\dev\dubhe\anvilcraft\client\event\WheelLifecycleEventListener.java:154: 错误: 找不到符号
                ctx -> PacketDistributor.sendToServer(
                                        ^
  符号:   方法 sendToServer(ChangePhase)
  位置: 类 PacketDistributor
D:\Minecraft-Mods\AnvilCraft\src\main\java\dev\dubhe\anvilcraft\client\event\WheelLifecycleEventListener.java:169: 错误: 无法将记录 CustomModelData中的构造器 CustomModelData应用到给定类型;
                    copied.set(DataComponents.CUSTOM_MODEL_DATA, new CustomModelData(ResonatorItem.AUTO_MODE));
                                                                 ^
  需要: List<Float>,List<Boolean>,List<String>,List<Integer>
  找到:    int
  原因: 实际参数列表和形式参数列表长度不同
D:\Minecraft-Mods\AnvilCraft\src\main\java\dev\dubhe\anvilcraft\client\event\WheelLifecycleEventListener.java:170: 错误: 找不到符号
                    graphics.renderItem(copied, 2, 2, 9910597);
                            ^
  符号:   方法 renderItem(ItemStack,int,int,int)
  位置: 类型为GuiGraphicsExtractor的变量 graphics
D:\Minecraft-Mods\AnvilCraft\src\main\java\dev\dubhe\anvilcraft\client\event\WheelLifecycleEventListener.java:172: 错误: 找不到符号
                ctx -> PacketDistributor.sendToServer(
                                        ^
  符号:   方法 sendToServer(SwitchResonateModePacket)
  位置: 类 PacketDistributor
D:\Minecraft-Mods\AnvilCraft\src\main\java\dev\dubhe\anvilcraft\client\event\WheelLifecycleEventListener.java:181: 错误: 无法将记录 CustomModelData中的构造器 CustomModelData应用到给定类型;
                    copied.set(DataComponents.CUSTOM_MODEL_DATA, new CustomModelData(ResonatorItem.AXE_MODE));
                                                                 ^
  需要: List<Float>,List<Boolean>,List<String>,List<Integer>
  找到:    int
  原因: 实际参数列表和形式参数列表长度不同
D:\Minecraft-Mods\AnvilCraft\src\main\java\dev\dubhe\anvilcraft\client\event\WheelLifecycleEventListener.java:182: 错误: 找不到符号
                    graphics.renderItem(copied, 2, 2, 9910597);
                            ^
  符号:   方法 renderItem(ItemStack,int,int,int)
  位置: 类型为GuiGraphicsExtractor的变量 graphics
D:\Minecraft-Mods\AnvilCraft\src\main\java\dev\dubhe\anvilcraft\client\event\WheelLifecycleEventListener.java:184: 错误: 找不到符号
                ctx -> PacketDistributor.sendToServer(
                                        ^
  符号:   方法 sendToServer(SwitchResonateModePacket)
  位置: 类 PacketDistributor
D:\Minecraft-Mods\AnvilCraft\src\main\java\dev\dubhe\anvilcraft\client\event\WheelLifecycleEventListener.java:193: 错误: 无法将记录 CustomModelData中的构造器 CustomModelData应用到给定类型;
                    copied.set(DataComponents.CUSTOM_MODEL_DATA, new CustomModelData(ResonatorItem.SHOVEL_MODE));
                                                                 ^
  需要: List<Float>,List<Boolean>,List<String>,List<Integer>
  找到:    int
  原因: 实际参数列表和形式参数列表长度不同
D:\Minecraft-Mods\AnvilCraft\src\main\java\dev\dubhe\anvilcraft\client\event\WheelLifecycleEventListener.java:194: 错误: 找不到符号
                    graphics.renderItem(copied, 2, 2, 9910597);
                            ^
  符号:   方法 renderItem(ItemStack,int,int,int)
  位置: 类型为GuiGraphicsExtractor的变量 graphics
D:\Minecraft-Mods\AnvilCraft\src\main\java\dev\dubhe\anvilcraft\client\event\WheelLifecycleEventListener.java:196: 错误: 找不到符号
                ctx -> PacketDistributor.sendToServer(
                                        ^
  符号:   方法 sendToServer(SwitchResonateModePacket)
  位置: 类 PacketDistributor
D:\Minecraft-Mods\AnvilCraft\src\main\java\dev\dubhe\anvilcraft\client\event\WheelLifecycleEventListener.java:205: 错误: 无法将记录 CustomModelData中的构造器 CustomModelData应用到给定类型;
                    copied.set(DataComponents.CUSTOM_MODEL_DATA, new CustomModelData(ResonatorItem.HOE_MODE));
                                                                 ^
  需要: List<Float>,List<Boolean>,List<String>,List<Integer>
  找到:    int
  原因: 实际参数列表和形式参数列表长度不同
D:\Minecraft-Mods\AnvilCraft\src\main\java\dev\dubhe\anvilcraft\client\event\WheelLifecycleEventListener.java:206: 错误: 找不到符号
                    graphics.renderItem(copied, 2, 2, 9910597);
                            ^
  符号:   方法 renderItem(ItemStack,int,int,int)
  位置: 类型为GuiGraphicsExtractor的变量 graphics
D:\Minecraft-Mods\AnvilCraft\src\main\java\dev\dubhe\anvilcraft\client\event\WheelLifecycleEventListener.java:208: 错误: 找不到符号
                ctx -> PacketDistributor.sendToServer(
                                        ^
  符号:   方法 sendToServer(SwitchResonateModePacket)
  位置: 类 PacketDistributor
D:\Minecraft-Mods\AnvilCraft\src\main\java\dev\dubhe\anvilcraft\client\event\WheelLifecycleEventListener.java:217: 错误: 无法将记录 CustomModelData中的构造器 CustomModelData应用到给定类型;
                    copied.set(DataComponents.CUSTOM_MODEL_DATA, new CustomModelData(ResonatorItem.PICKAXE_MODE));
                                                                 ^
  需要: List<Float>,List<Boolean>,List<String>,List<Integer>
  找到:    int
  原因: 实际参数列表和形式参数列表长度不同
D:\Minecraft-Mods\AnvilCraft\src\main\java\dev\dubhe\anvilcraft\client\event\WheelLifecycleEventListener.java:218: 错误: 找不到符号
                    graphics.renderItem(copied, 2, 2, 9910597);
                            ^
  符号:   方法 renderItem(ItemStack,int,int,int)
  位置: 类型为GuiGraphicsExtractor的变量 graphics
D:\Minecraft-Mods\AnvilCraft\src\main\java\dev\dubhe\anvilcraft\client\event\WheelLifecycleEventListener.java:220: 错误: 找不到符号
                ctx -> PacketDistributor.sendToServer(
                                        ^
  符号:   方法 sendToServer(SwitchResonateModePacket)
  位置: 类 PacketDistributor
D:\Minecraft-Mods\AnvilCraft\src\main\java\dev\dubhe\anvilcraft\client\event\WheelLifecycleEventListener.java:235: 错误: 无法将记录 CustomModelData中的构造器 CustomModelData应用到给定类型;
                    copied.set(DataComponents.CUSTOM_MODEL_DATA, new CustomModelData(MultitoolItem.ALL_MODE));
                                                                 ^
  需要: List<Float>,List<Boolean>,List<String>,List<Integer>
  找到:    int
  原因: 实际参数列表和形式参数列表长度不同
D:\Minecraft-Mods\AnvilCraft\src\main\java\dev\dubhe\anvilcraft\client\event\WheelLifecycleEventListener.java:236: 错误: 找不到符号
                    graphics.renderItem(copied, 2, 2, 9910597);
                            ^
  符号:   方法 renderItem(ItemStack,int,int,int)
  位置: 类型为GuiGraphicsExtractor的变量 graphics
D:\Minecraft-Mods\AnvilCraft\src\main\java\dev\dubhe\anvilcraft\client\event\WheelLifecycleEventListener.java:238: 错误: 找不到符号
                ctx -> PacketDistributor.sendToServer(
                                        ^
  符号:   方法 sendToServer(SwitchMultitoolModePacket)
  位置: 类 PacketDistributor
D:\Minecraft-Mods\AnvilCraft\src\main\java\dev\dubhe\anvilcraft\client\event\WheelLifecycleEventListener.java:247: 错误: 无法将记录 CustomModelData中的构造器 CustomModelData应用到给定类型;
                    copied.set(DataComponents.CUSTOM_MODEL_DATA, new CustomModelData(MultitoolItem.SHEARS_MODE));
                                                                 ^
  需要: List<Float>,List<Boolean>,List<String>,List<Integer>
  找到:    int
  原因: 实际参数列表和形式参数列表长度不同
D:\Minecraft-Mods\AnvilCraft\src\main\java\dev\dubhe\anvilcraft\client\event\WheelLifecycleEventListener.java:248: 错误: 找不到符号
                    graphics.renderItem(copied, 2, 2, 9910597);
                            ^
  符号:   方法 renderItem(ItemStack,int,int,int)
  位置: 类型为GuiGraphicsExtractor的变量 graphics
D:\Minecraft-Mods\AnvilCraft\src\main\java\dev\dubhe\anvilcraft\client\event\WheelLifecycleEventListener.java:250: 错误: 找不到符号
                ctx -> PacketDistributor.sendToServer(
                                        ^
  符号:   方法 sendToServer(SwitchMultitoolModePacket)
  位置: 类 PacketDistributor
D:\Minecraft-Mods\AnvilCraft\src\main\java\dev\dubhe\anvilcraft\client\event\WheelLifecycleEventListener.java:259: 错误: 无法将记录 CustomModelData中的构造器 CustomModelData应用到给定类型;
                    copied.set(DataComponents.CUSTOM_MODEL_DATA, new CustomModelData(MultitoolItem.FLINT_AND_STEEL_MODE));
                                                                 ^
  需要: List<Float>,List<Boolean>,List<String>,List<Integer>
  找到:    int
  原因: 实际参数列表和形式参数列表长度不同
D:\Minecraft-Mods\AnvilCraft\src\main\java\dev\dubhe\anvilcraft\client\event\WheelLifecycleEventListener.java:260: 错误: 找不到符号
                    graphics.renderItem(copied, 2, 2, 9910597);
                            ^
  符号:   方法 renderItem(ItemStack,int,int,int)
  位置: 类型为GuiGraphicsExtractor的变量 graphics
D:\Minecraft-Mods\AnvilCraft\src\main\java\dev\dubhe\anvilcraft\client\event\WheelLifecycleEventListener.java:262: 错误: 找不到符号
                ctx -> PacketDistributor.sendToServer(
                                        ^
  符号:   方法 sendToServer(SwitchMultitoolModePacket)
  位置: 类 PacketDistributor
D:\Minecraft-Mods\AnvilCraft\src\main\java\dev\dubhe\anvilcraft\client\event\WheelLifecycleEventListener.java:271: 错误: 无法将记录 CustomModelData中的构造器 CustomModelData应用到给定类型;
                    copied.set(DataComponents.CUSTOM_MODEL_DATA, new CustomModelData(MultitoolItem.BRUSH_MODE));
                                                                 ^
  需要: List<Float>,List<Boolean>,List<String>,List<Integer>
  找到:    int
  原因: 实际参数列表和形式参数列表长度不同
D:\Minecraft-Mods\AnvilCraft\src\main\java\dev\dubhe\anvilcraft\client\event\WheelLifecycleEventListener.java:272: 错误: 找不到符号
                    graphics.renderItem(copied, 2, 2, 9910597);
                            ^
  符号:   方法 renderItem(ItemStack,int,int,int)
  位置: 类型为GuiGraphicsExtractor的变量 graphics
D:\Minecraft-Mods\AnvilCraft\src\main\java\dev\dubhe\anvilcraft\client\event\WheelLifecycleEventListener.java:274: 错误: 找不到符号
                ctx -> PacketDistributor.sendToServer(
                                        ^
  符号:   方法 sendToServer(SwitchMultitoolModePacket)
  位置: 类 PacketDistributor
D:\Minecraft-Mods\AnvilCraft\src\main\java\dev\dubhe\anvilcraft\client\event\WheelLifecycleEventListener.java:283: 错误: 无法将记录 CustomModelData中的构造器 CustomModelData应用到给定类型;
                    copied.set(DataComponents.CUSTOM_MODEL_DATA, new CustomModelData(MultitoolItem.SPYGLASS_MODE));
                                                                 ^
  需要: List<Float>,List<Boolean>,List<String>,List<Integer>
  找到:    int
  原因: 实际参数列表和形式参数列表长度不同
D:\Minecraft-Mods\AnvilCraft\src\main\java\dev\dubhe\anvilcraft\client\event\WheelLifecycleEventListener.java:284: 错误: 找不到符号
                    graphics.renderItem(copied, 2, 2, 9910597);
                            ^
  符号:   方法 renderItem(ItemStack,int,int,int)
  位置: 类型为GuiGraphicsExtractor的变量 graphics
D:\Minecraft-Mods\AnvilCraft\src\main\java\dev\dubhe\anvilcraft\client\event\WheelLifecycleEventListener.java:286: 错误: 找不到符号
                ctx -> PacketDistributor.sendToServer(
                                        ^
  符号:   方法 sendToServer(SwitchMultitoolModePacket)
  位置: 类 PacketDistributor
D:\Minecraft-Mods\AnvilCraft\src\main\java\dev\dubhe\anvilcraft\client\event\WheelLifecycleEventListener.java:295: 错误: 无法将记录 CustomModelData中的构造器 CustomModelData应用到给定类型;
                    copied.set(DataComponents.CUSTOM_MODEL_DATA, new CustomModelData(MultitoolItem.MAGNET_MODE));
                                                                 ^
  需要: List<Float>,List<Boolean>,List<String>,List<Integer>
  找到:    int
  原因: 实际参数列表和形式参数列表长度不同
D:\Minecraft-Mods\AnvilCraft\src\main\java\dev\dubhe\anvilcraft\client\event\WheelLifecycleEventListener.java:296: 错误: 找不到符号
                    graphics.renderItem(copied, 2, 2, 9910597);
                            ^
  符号:   方法 renderItem(ItemStack,int,int,int)
  位置: 类型为GuiGraphicsExtractor的变量 graphics
D:\Minecraft-Mods\AnvilCraft\src\main\java\dev\dubhe\anvilcraft\client\event\WheelLifecycleEventListener.java:298: 错误: 找不到符号
                ctx -> PacketDistributor.sendToServer(
                                        ^
  符号:   方法 sendToServer(SwitchMultitoolModePacket)
  位置: 类 PacketDistributor
D:\Minecraft-Mods\AnvilCraft\src\main\java\dev\dubhe\anvilcraft\client\event\WheelLifecycleEventListener.java:307: 错误: 无法将记录 CustomModelData中的构造器 CustomModelData应用到给定类型;
                    copied.set(DataComponents.CUSTOM_MODEL_DATA, new CustomModelData(MultitoolItem.FISHING_ROD_MODE));
                                                                 ^
  需要: List<Float>,List<Boolean>,List<String>,List<Integer>
  找到:    int
  原因: 实际参数列表和形式参数列表长度不同
D:\Minecraft-Mods\AnvilCraft\src\main\java\dev\dubhe\anvilcraft\client\event\WheelLifecycleEventListener.java:308: 错误: 找不到符号
                    graphics.renderItem(copied, 2, 2, 9910597);
                            ^
  符号:   方法 renderItem(ItemStack,int,int,int)
  位置: 类型为GuiGraphicsExtractor的变量 graphics
D:\Minecraft-Mods\AnvilCraft\src\main\java\dev\dubhe\anvilcraft\client\event\WheelLifecycleEventListener.java:310: 错误: 找不到符号
                ctx -> PacketDistributor.sendToServer(
                                        ^
  符号:   方法 sendToServer(SwitchMultitoolModePacket)
  位置: 类 PacketDistributor
D:\Minecraft-Mods\AnvilCraft\src\main\java\dev\dubhe\anvilcraft\client\event\WheelLifecycleEventListener.java:319: 错误: 无法将记录 CustomModelData中的构造器 CustomModelData应用到给定类型;
                    copied.set(DataComponents.CUSTOM_MODEL_DATA, new CustomModelData(MultitoolItem.CARROT_ON_A_STICK_MODE));
                                                                 ^
  需要: List<Float>,List<Boolean>,List<String>,List<Integer>
  找到:    int
  原因: 实际参数列表和形式参数列表长度不同
D:\Minecraft-Mods\AnvilCraft\src\main\java\dev\dubhe\anvilcraft\client\event\WheelLifecycleEventListener.java:320: 错误: 找不到符号
                    graphics.renderItem(copied, 2, 2, 9910597);
                            ^
  符号:   方法 renderItem(ItemStack,int,int,int)
  位置: 类型为GuiGraphicsExtractor的变量 graphics
D:\Minecraft-Mods\AnvilCraft\src\main\java\dev\dubhe\anvilcraft\client\event\WheelLifecycleEventListener.java:322: 错误: 找不到符号
                ctx -> PacketDistributor.sendToServer(
                                        ^
  符号:   方法 sendToServer(SwitchMultitoolModePacket)
  位置: 类 PacketDistributor
D:\Minecraft-Mods\AnvilCraft\src\main\java\dev\dubhe\anvilcraft\client\event\WheelLifecycleEventListener.java:331: 错误: 无法将记录 CustomModelData中的构造器 CustomModelData应用到给定类型;
                    copied.set(DataComponents.CUSTOM_MODEL_DATA, new CustomModelData(MultitoolItem.WARPED_FUNGUS_ON_A_STICK_MODE));
                                                                 ^
  需要: List<Float>,List<Boolean>,List<String>,List<Integer>
  找到:    int
  原因: 实际参数列表和形式参数列表长度不同
D:\Minecraft-Mods\AnvilCraft\src\main\java\dev\dubhe\anvilcraft\client\event\WheelLifecycleEventListener.java:332: 错误: 找不到符号
                    graphics.renderItem(copied, 2, 2, 9910597);
                            ^
  符号:   方法 renderItem(ItemStack,int,int,int)
  位置: 类型为GuiGraphicsExtractor的变量 graphics
D:\Minecraft-Mods\AnvilCraft\src\main\java\dev\dubhe\anvilcraft\client\event\WheelLifecycleEventListener.java:334: 错误: 找不到符号
                ctx -> PacketDistributor.sendToServer(
                                        ^
  符号:   方法 sendToServer(SwitchMultitoolModePacket)
  位置: 类 PacketDistributor
D:\Minecraft-Mods\AnvilCraft\src\main\java\dev\dubhe\anvilcraft\client\event\WheelLifecycleEventListener.java:345: 错误: 无法将类 KeyMapping中的方法 matches应用到给定类型;
        if (ModKeyMappings.SWITCH_PHASE.get().matches(event.getKey(), event.getScanCode())) {
                                             ^
  需要: KeyEvent
  找到:    int,int
  原因: 实际参数列表和形式参数列表长度不同
D:\Minecraft-Mods\AnvilCraft\src\main\java\dev\dubhe\anvilcraft\client\event\WheelLifecycleEventListener.java:348: 错误: 无法将类 KeyMapping中的方法 matches应用到给定类型;
        if (ModKeyMappings.SWITCH_TOOL_MODE.get().matches(event.getKey(), event.getScanCode())) {
                                                 ^
  需要: KeyEvent
  找到:    int,int
  原因: 实际参数列表和形式参数列表长度不同
D:\Minecraft-Mods\AnvilCraft\src\main\java\dev\dubhe\anvilcraft\client\event\WheelLifecycleEventListener.java:358: 错误: 不兼容的类型: int无法转换为MouseButtonEvent
        if (ModKeyMappings.SWITCH_PHASE.get().matchesMouse(event.getButton())) {
                                                                          ^
D:\Minecraft-Mods\AnvilCraft\src\main\java\dev\dubhe\anvilcraft\client\event\WheelLifecycleEventListener.java:361: 错误: 不兼容的类型: int无法转换为MouseButtonEvent
        if (ModKeyMappings.SWITCH_TOOL_MODE.get().matchesMouse(event.getButton())) {
                                                                              ^
D:\Minecraft-Mods\AnvilCraft\src\main\java\dev\dubhe\anvilcraft\client\event\WheelLifecycleEventListener.java:373: 错误: 找不到符号
                PacketDistributor.sendToServer(new MultiphasePackets.SwitchPhase());
                                 ^
  符号:   方法 sendToServer(SwitchPhase)
  位置: 类 PacketDistributor
D:\Minecraft-Mods\AnvilCraft\src\main\java\dev\dubhe\anvilcraft\client\gui\component\CycleFilterModeButton.java:18: 错误: CycleFilterModeButton不是抽象的, 并且未覆盖AbstractButton中的抽象方法extractContents(GuiGraphicsExtractor,int,int,float)
public class CycleFilterModeButton extends Button {
       ^
D:\Minecraft-Mods\AnvilCraft\src\main\java\dev\dubhe\anvilcraft\client\gui\component\CycleFilterModeButton.java:30: 错误: 方法不会覆盖或实现超类型的方法
    @Override
    ^
D:\Minecraft-Mods\AnvilCraft\src\main\java\dev\dubhe\anvilcraft\client\gui\component\CycleFilterModeButton.java:45: 错误: 方法不会覆盖或实现超类型的方法
    @Override
    ^
D:\Minecraft-Mods\AnvilCraft\src\main\java\dev\dubhe\anvilcraft\client\gui\component\CycleFilterModeButton.java:68: 错误: 找不到符号
        RenderSystem.enableDepthTest();
                    ^
  符号:   方法 enableDepthTest()
  位置: 类 RenderSystem
D:\Minecraft-Mods\AnvilCraft\src\main\java\dev\dubhe\anvilcraft\client\gui\component\EnableFilterButton.java:18: 错误: EnableFilterButton不是抽象的, 并且未覆盖AbstractButton中的抽象方法extractContents(GuiGraphicsExtractor,int,int,float)
public class EnableFilterButton extends Button {
       ^
D:\Minecraft-Mods\AnvilCraft\src\main\java\dev\dubhe\anvilcraft\client\gui\component\EnableFilterButton.java:28: 错误: 方法不会覆盖或实现超类型的方法
    @Override
    ^
D:\Minecraft-Mods\AnvilCraft\src\main\java\dev\dubhe\anvilcraft\client\gui\component\EnableFilterButton.java:44: 错误: 找不到符号
                "screen.anvilcraft.button." + (this.getFilterEnabled().get() ? "on" : "off"))));
                                                   ^
  符号: 方法 getFilterEnabled()
D:\Minecraft-Mods\AnvilCraft\src\main\java\dev\dubhe\anvilcraft\client\gui\component\EnableFilterButton.java:47: 错误: 方法不会覆盖或实现超类型的方法
    @Override
    ^
D:\Minecraft-Mods\AnvilCraft\src\main\java\dev\dubhe\anvilcraft\client\gui\component\EnableFilterButton.java:70: 错误: 找不到符号
        RenderSystem.enableDepthTest();
                    ^
  符号:   方法 enableDepthTest()
  位置: 类 RenderSystem
D:\Minecraft-Mods\AnvilCraft\src\main\java\dev\dubhe\anvilcraft\client\gui\component\ItemCollectorButton.java:10: 错误: ItemCollectorButton不是抽象的, 并且未覆盖AbstractButton中的抽象方法extractContents(GuiGraphicsExtractor,int,int,float)
public class ItemCollectorButton extends Button {
       ^
D:\Minecraft-Mods\AnvilCraft\src\main\java\dev\dubhe\anvilcraft\client\gui\component\ItemCollectorButton.java:22: 错误: 方法不会覆盖或实现超类型的方法
    @Override
    ^
D:\Minecraft-Mods\AnvilCraft\src\main\java\dev\dubhe\anvilcraft\client\gui\component\ItemCollectorButton.java:44: 错误: 找不到符号
        RenderSystem.enableDepthTest();
                    ^
  符号:   方法 enableDepthTest()
  位置: 类 RenderSystem
D:\Minecraft-Mods\AnvilCraft\src\main\java\dev\dubhe\anvilcraft\client\gui\component\OutputDirectionButton.java:17: 错误: OutputDirectionButton不是抽象的, 并且未覆盖AbstractButton中的抽象方法extractContents(GuiGraphicsExtractor,int,int,float)
public class OutputDirectionButton extends Button {
       ^
D:\Minecraft-Mods\AnvilCraft\src\main\java\dev\dubhe\anvilcraft\client\gui\component\OutputDirectionButton.java:40: 错误: 方法不会覆盖或实现超类型的方法
    @Override
    ^
D:\Minecraft-Mods\AnvilCraft\src\main\java\dev\dubhe\anvilcraft\client\gui\component\OutputDirectionButton.java:65: 错误: 方法不会覆盖或实现超类型的方法
    @Override
    ^
D:\Minecraft-Mods\AnvilCraft\src\main\java\dev\dubhe\anvilcraft\client\gui\component\OutputDirectionButton.java:95: 错误: 找不到符号
        RenderSystem.enableDepthTest();
                    ^
  符号:   方法 enableDepthTest()
  位置: 类 RenderSystem
D:\Minecraft-Mods\AnvilCraft\src\main\java\dev\dubhe\anvilcraft\client\gui\component\SilencerButton.java:21: 错误: SilencerButton不是抽象的, 并且未覆盖AbstractButton中的抽象方法extractContents(GuiGraphicsExtractor,int,int,float)
public class SilencerButton extends Button {
       ^
D:\Minecraft-Mods\AnvilCraft\src\main\java\dev\dubhe\anvilcraft\client\gui\component\SilencerButton.java:59: 错误: 方法不会覆盖或实现超类型的方法
    @Override
    ^
D:\Minecraft-Mods\AnvilCraft\src\main\java\dev\dubhe\anvilcraft\client\gui\component\SilencerButton.java:61: 错误: 找不到符号
        String searchText = this.parent.getFilterText();
                                       ^
  符号:   方法 getFilterText()
  位置: 类型为ActiveSilencerScreen的变量 parent
D:\Minecraft-Mods\AnvilCraft\src\main\java\dev\dubhe\anvilcraft\client\gui\component\SilencerButton.java:127: 错误: 找不到符号
        RenderSystem.enableDepthTest();
                    ^
  符号:   方法 enableDepthTest()
  位置: 类 RenderSystem
D:\Minecraft-Mods\AnvilCraft\src\main\java\dev\dubhe\anvilcraft\client\gui\screen\ActiveSilencerScreen.java:105: 错误: 无法将类 KeyMapping中的方法 matches应用到给定类型;
        if (this.minecraft.options.keyInventory.matches(event.key(), event.scancode())) {
                                               ^
  需要: KeyEvent
  找到:    int,int
  原因: 实际参数列表和形式参数列表长度不同
D:\Minecraft-Mods\AnvilCraft\src\main\java\dev\dubhe\anvilcraft\client\gui\screen\ActiveSilencerScreen.java:106: 错误: 无法将接口 GuiEventListener中的方法 keyPressed应用到给定类型;
            return this.getFocused() != null && this.getFocused().keyPressed(event.key(), event.scancode(), event.modifiers());
                                                                 ^
  需要: KeyEvent
  找到:    int,int,int
  原因: 实际参数列表和形式参数列表长度不同
D:\Minecraft-Mods\AnvilCraft\src\main\java\dev\dubhe\anvilcraft\client\gui\screen\ActiveSilencerScreen.java:122: 错误: 找不到符号
        PacketDistributor.sendToServer(new SilencerAddMutedPacket(sound));
                         ^
  符号:   方法 sendToServer(SilencerAddMutedPacket)
  位置: 类 PacketDistributor
D:\Minecraft-Mods\AnvilCraft\src\main\java\dev\dubhe\anvilcraft\client\gui\screen\ActiveSilencerScreen.java:132: 错误: 找不到符号
        PacketDistributor.sendToServer(new SilencerRemoveMutedPacket(sound));
                         ^
  符号:   方法 sendToServer(SilencerRemoveMutedPacket)
  位置: 类 PacketDistributor
D:\Minecraft-Mods\AnvilCraft\src\main\java\dev\dubhe\anvilcraft\client\gui\screen\ActiveSilencerScreen.java:187: 错误: 意外的类型
        this.getImageWidth() = 256;
                          ^
  需要: 变量
  找到:    值
D:\Minecraft-Mods\AnvilCraft\src\main\java\dev\dubhe\anvilcraft\client\gui\screen\ActiveSilencerScreen.java:188: 错误: 意外的类型
        this.getImageHeight() = 166;
                           ^
  需要: 变量
  找到:    值
D:\Minecraft-Mods\AnvilCraft\src\main\java\dev\dubhe\anvilcraft\client\gui\screen\ActiveSilencerScreen.java:205: 错误: 找不到符号
                        onAllSoundButtonClick(silencerButton.getIndex());
                                                            ^
  符号:   方法 getIndex()
  位置: 类型为SilencerButton的变量 silencerButton
D:\Minecraft-Mods\AnvilCraft\src\main\java\dev\dubhe\anvilcraft\client\gui\screen\ActiveSilencerScreen.java:223: 错误: 找不到符号
                        onMutedSoundButtonClick(silencerButton.getIndex());
                                                              ^
  符号:   方法 getIndex()
  位置: 类型为SilencerButton的变量 silencerButton
D:\Minecraft-Mods\AnvilCraft\src\main\java\dev\dubhe\anvilcraft\client\gui\screen\ActiveSilencerScreen.java:243: 错误: 找不到符号
            .map(it -> Pair.of(it.getLocation(), manager.getSoundEvent(it.getLocation())))
                                 ^
  符号:   方法 getLocation()
  位置: 类型为SoundEvent的变量 it
D:\Minecraft-Mods\AnvilCraft\src\main\java\dev\dubhe\anvilcraft\client\gui\screen\ActiveSilencerScreen.java:243: 错误: 找不到符号
            .map(it -> Pair.of(it.getLocation(), manager.getSoundEvent(it.getLocation())))
                                                                         ^
  符号:   方法 getLocation()
  位置: 类型为SoundEvent的变量 it
D:\Minecraft-Mods\AnvilCraft\src\main\java\dev\dubhe\anvilcraft\client\gui\screen\ActiveSilencerScreen.java:245: 错误: 找不到符号
            .filter(it -> it.second().getSubtitle() != null)
                                     ^
  符号:   方法 getSubtitle()
  位置: 类 Object
D:\Minecraft-Mods\AnvilCraft\src\main\java\dev\dubhe\anvilcraft\client\gui\screen\ActiveSilencerScreen.java:246: 错误: 找不到符号
            .forEach(it -> allSounds.add(Pair.of(it.first(), it.second().getSubtitle())));
                                                                        ^
  符号:   方法 getSubtitle()
  位置: 类 Object
D:\Minecraft-Mods\AnvilCraft\src\main\java\dev\dubhe\anvilcraft\client\gui\screen\ActiveSilencerScreen.java:246: 错误: 不兼容的类型: 推论变量 L 具有不兼容的上限
            .forEach(it -> allSounds.add(Pair.of(it.first(), it.second().getSubtitle())));
                                                ^
    等式约束条件：Identifier
    下限：Object
  其中, L,R是类型变量:
    L扩展已在方法 <L,R>of(L,R)中声明的Object
    R扩展已在方法 <L,R>of(L,R)中声明的Object
D:\Minecraft-Mods\AnvilCraft\src\main\java\dev\dubhe\anvilcraft\client\gui\screen\ActiveSilencerScreen.java:396: 错误: 方法不会覆盖或实现超类型的方法
    @Override
    ^
D:\Minecraft-Mods\AnvilCraft\src\main\java\dev\dubhe\anvilcraft\client\gui\screen\ActiveSilencerScreen.java:401: 错误: 方法不会覆盖或实现超类型的方法
    @Override
    ^
D:\Minecraft-Mods\AnvilCraft\src\main\java\dev\dubhe\anvilcraft\client\gui\screen\ActiveSilencerScreen.java:408: 错误: 方法不会覆盖或实现超类型的方法
    @Override
    ^
D:\Minecraft-Mods\AnvilCraft\src\main\java\dev\dubhe\anvilcraft\client\gui\component\Slider.java:19: 错误: Slider不是抽象的, 并且未覆盖AbstractWidget中的抽象方法extractWidgetRenderState(GuiGraphicsExtractor,int,int,float)
public class Slider extends AbstractWidget {
       ^
D:\Minecraft-Mods\AnvilCraft\src\main\java\dev\dubhe\anvilcraft\client\gui\component\Slider.java:141: 错误: 不兼容的类型: double无法转换为MouseButtonEvent
        super.onClick(mouseX, mouseY);
                      ^
D:\Minecraft-Mods\AnvilCraft\src\main\java\dev\dubhe\anvilcraft\client\gui\component\Slider.java:150: 错误: 无法将类 AbstractWidget中的方法 onDrag应用到给定类型;
        super.onDrag(mouseX, mouseY, dragX, dragY);
             ^
  需要: MouseButtonEvent,double,double
  找到:    double,double,double,double
  原因: 实际参数列表和形式参数列表长度不同
D:\Minecraft-Mods\AnvilCraft\src\main\java\dev\dubhe\anvilcraft\client\gui\component\Slider.java:173: 错误: 方法不会覆盖或实现超类型的方法
    @Override
    ^
D:\Minecraft-Mods\AnvilCraft\src\main\java\dev\dubhe\anvilcraft\client\gui\component\Slider.java:181: 错误: 方法不会覆盖或实现超类型的方法
    @Override
    ^
D:\Minecraft-Mods\AnvilCraft\src\main\java\dev\dubhe\anvilcraft\client\gui\component\Slider.java:193: 错误: 找不到符号
        if (this.getTooltip() == null) return;
                ^
  符号: 方法 getTooltip()
D:\Minecraft-Mods\AnvilCraft\src\main\java\dev\dubhe\anvilcraft\client\gui\component\Slider.java:198: 错误: 找不到符号
            if (bl) this.hoverOrFocusedStartTime = Util.getMillis();
                                                   ^
  符号:   变量 Util
  位置: 类 Slider
D:\Minecraft-Mods\AnvilCraft\src\main\java\dev\dubhe\anvilcraft\client\gui\component\Slider.java:203: 错误: 找不到符号
            && Util.getMillis() - this.hoverOrFocusedStartTime > (long) this.tooltipMsDelay
               ^
  符号:   变量 Util
  位置: 类 Slider
D:\Minecraft-Mods\AnvilCraft\src\main\java\dev\dubhe\anvilcraft\client\gui\component\Slider.java:205: 错误: 找不到符号
            screen.setTooltipForNextRenderPass(this.getTooltip(), DefaultTooltipPositioner.INSTANCE, this.isFocused());
                                                   ^
  符号: 方法 getTooltip()
D:\Minecraft-Mods\AnvilCraft\src\main\java\dev\dubhe\anvilcraft\client\gui\component\SwitchableButton.java:20: 错误: SwitchableButton不是抽象的, 并且未覆盖AbstractButton中的抽象方法extractContents(GuiGraphicsExtractor,int,int,float)
public class SwitchableButton extends Button {
       ^
D:\Minecraft-Mods\AnvilCraft\src\main\java\dev\dubhe\anvilcraft\client\gui\component\SwitchableButton.java:73: 错误: 方法不会覆盖或实现超类型的方法
    @Override
    ^
D:\Minecraft-Mods\AnvilCraft\src\main\java\dev\dubhe\anvilcraft\client\gui\component\SwitchableButton.java:90: 错误: 找不到符号
        return this.message.get(this.getCurrent());
                                    ^
  符号: 方法 getCurrent()
D:\Minecraft-Mods\AnvilCraft\src\main\java\dev\dubhe\anvilcraft\client\gui\component\SwitchableButton.java:93: 错误: 方法不会覆盖或实现超类型的方法
    @Override
    ^
D:\Minecraft-Mods\AnvilCraft\src\main\java\dev\dubhe\anvilcraft\client\gui\component\SwitchableButton.java:98: 错误: 方法不会覆盖或实现超类型的方法
    @Override
    ^
D:\Minecraft-Mods\AnvilCraft\src\main\java\dev\dubhe\anvilcraft\client\gui\component\SwitchableButton.java:119: 错误: 方法不会覆盖或实现超类型的方法
    @Override
    ^
D:\Minecraft-Mods\AnvilCraft\src\main\java\dev\dubhe\anvilcraft\client\gui\component\SwitchableButton.java:124: 错误: 方法不会覆盖或实现超类型的方法
    @Override
    ^
D:\Minecraft-Mods\AnvilCraft\src\main\java\dev\dubhe\anvilcraft\client\gui\component\TeslaTowerButton.java:21: 错误: TeslaTowerButton不是抽象的, 并且未覆盖AbstractButton中的抽象方法extractContents(GuiGraphicsExtractor,int,int,float)
public class TeslaTowerButton extends Button {
       ^
D:\Minecraft-Mods\AnvilCraft\src\main\java\dev\dubhe\anvilcraft\client\gui\component\TeslaTowerButton.java:60: 错误: 方法不会覆盖或实现超类型的方法
    @Override
    ^
D:\Minecraft-Mods\AnvilCraft\src\main\java\dev\dubhe\anvilcraft\client\gui\component\TeslaTowerButton.java:62: 错误: 找不到符号
        String searchText = parent.getFilterText();
                                  ^
  符号:   方法 getFilterText()
  位置: 类型为TeslaTowerScreen的变量 parent
D:\Minecraft-Mods\AnvilCraft\src\main\java\dev\dubhe\anvilcraft\client\gui\component\TeslaTowerButton.java:125: 错误: 找不到符号
        RenderSystem.enableDepthTest();
                    ^
  符号:   方法 enableDepthTest()
  位置: 类 RenderSystem
D:\Minecraft-Mods\AnvilCraft\src\main\java\dev\dubhe\anvilcraft\client\gui\screen\TeslaTowerScreen.java:106: 错误: 无法将类 KeyMapping中的方法 matches应用到给定类型;
        if (this.minecraft.options.keyInventory.matches(event.key(), event.scancode())) {
                                               ^
  需要: KeyEvent
  找到:    int,int
  原因: 实际参数列表和形式参数列表长度不同
D:\Minecraft-Mods\AnvilCraft\src\main\java\dev\dubhe\anvilcraft\client\gui\screen\TeslaTowerScreen.java:107: 错误: 无法将接口 GuiEventListener中的方法 keyPressed应用到给定类型;
            return this.getFocused() != null && this.getFocused().keyPressed(event.key(), event.scancode(), event.modifiers());
                                                                 ^
  需要: KeyEvent
  找到:    int,int,int
  原因: 实际参数列表和形式参数列表长度不同
D:\Minecraft-Mods\AnvilCraft\src\main\java\dev\dubhe\anvilcraft\client\gui\screen\TeslaTowerScreen.java:124: 错误: 找不到符号
        PacketDistributor.sendToServer(new TeslaAddFilterPacket(id, arg));
                         ^
  符号:   方法 sendToServer(TeslaAddFilterPacket)
  位置: 类 PacketDistributor
D:\Minecraft-Mods\AnvilCraft\src\main\java\dev\dubhe\anvilcraft\client\gui\screen\TeslaTowerScreen.java:135: 错误: 找不到符号
        PacketDistributor.sendToServer(new TeslaRemoveFilterPacket(id, arg));
                         ^
  符号:   方法 sendToServer(TeslaRemoveFilterPacket)
  位置: 类 PacketDistributor
D:\Minecraft-Mods\AnvilCraft\src\main\java\dev\dubhe\anvilcraft\client\gui\screen\TeslaTowerScreen.java:183: 错误: 意外的类型
        this.getImageWidth() = 256;
                          ^
  需要: 变量
  找到:    值
D:\Minecraft-Mods\AnvilCraft\src\main\java\dev\dubhe\anvilcraft\client\gui\screen\TeslaTowerScreen.java:184: 错误: 意外的类型
        this.getImageHeight() = 166;
                           ^
  需要: 变量
  找到:    值
D:\Minecraft-Mods\AnvilCraft\src\main\java\dev\dubhe\anvilcraft\client\gui\screen\TeslaTowerScreen.java:201: 错误: 找不到符号
                        onAllFilterButtonClick(silencerButton.getIndex());
                                                             ^
  符号:   方法 getIndex()
  位置: 类型为TeslaTowerButton的变量 silencerButton
D:\Minecraft-Mods\AnvilCraft\src\main\java\dev\dubhe\anvilcraft\client\gui\screen\TeslaTowerScreen.java:220: 错误: 找不到符号
                        onWhiteListFilterButtonClick(silencerButton.getIndex());
                                                                   ^
  符号:   方法 getIndex()
  位置: 类型为TeslaTowerButton的变量 silencerButton
D:\Minecraft-Mods\AnvilCraft\src\main\java\dev\dubhe\anvilcraft\client\gui\screen\TeslaTowerScreen.java:249: 错误: 不兼容的类型: List<Pair<TeslaFilter,Object>>无法转换为Collection<? extends Pair<TeslaFilter,String>>
            .toList()
                   ^
D:\Minecraft-Mods\AnvilCraft\src\main\java\dev\dubhe\anvilcraft\client\gui\screen\TeslaTowerScreen.java:248: 错误: 找不到符号
            .map(it -> Pair.of(TeslaFilter.getFilter("IsPlayerIdFilter"), it.getProfile().getName()))
                                                                                         ^
  符号:   方法 getName()
  位置: 类 GameProfile
D:\Minecraft-Mods\AnvilCraft\src\main\java\dev\dubhe\anvilcraft\client\gui\screen\TeslaTowerScreen.java:400: 错误: 方法不会覆盖或实现超类型的方法
    @Override
    ^
D:\Minecraft-Mods\AnvilCraft\src\main\java\dev\dubhe\anvilcraft\client\gui\screen\TeslaTowerScreen.java:405: 错误: 方法不会覆盖或实现超类型的方法
    @Override
    ^
D:\Minecraft-Mods\AnvilCraft\src\main\java\dev\dubhe\anvilcraft\client\gui\screen\TeslaTowerScreen.java:412: 错误: 方法不会覆盖或实现超类型的方法
    @Override
    ^
D:\Minecraft-Mods\AnvilCraft\src\main\java\dev\dubhe\anvilcraft\client\gui\component\TexturedButton.java:8: 错误: TexturedButton不是抽象的, 并且未覆盖AbstractButton中的抽象方法extractContents(GuiGraphicsExtractor,int,int,float)
public class TexturedButton extends Button {
       ^
D:\Minecraft-Mods\AnvilCraft\src\main\java\dev\dubhe\anvilcraft\client\gui\component\TexturedButton.java:53: 错误: 方法不会覆盖或实现超类型的方法
    @Override
    ^
D:\Minecraft-Mods\AnvilCraft\src\main\java\dev\dubhe\anvilcraft\client\gui\component\TextWidget.java:28: 错误: 方法不会覆盖或实现超类型的方法
    @Override
    ^
D:\Minecraft-Mods\AnvilCraft\src\main\java\dev\dubhe\anvilcraft\client\gui\component\TextWidget.java:31: 错误: 找不到符号
        return (TextWidget) super.alignLeft();
                                 ^
  符号: 方法 alignLeft()
D:\Minecraft-Mods\AnvilCraft\src\main\java\dev\dubhe\anvilcraft\client\gui\component\TextWidget.java:34: 错误: 方法不会覆盖或实现超类型的方法
    @Override
    ^
D:\Minecraft-Mods\AnvilCraft\src\main\java\dev\dubhe\anvilcraft\client\gui\component\TextWidget.java:37: 错误: 找不到符号
        return (TextWidget) super.alignCenter();
                                 ^
  符号: 方法 alignCenter()
D:\Minecraft-Mods\AnvilCraft\src\main\java\dev\dubhe\anvilcraft\client\gui\component\TextWidget.java:40: 错误: 方法不会覆盖或实现超类型的方法
    @Override
    ^
D:\Minecraft-Mods\AnvilCraft\src\main\java\dev\dubhe\anvilcraft\client\gui\component\TextWidget.java:43: 错误: 找不到符号
        return (TextWidget) super.alignRight();
                                 ^
  符号: 方法 alignRight()
D:\Minecraft-Mods\AnvilCraft\src\main\java\dev\dubhe\anvilcraft\client\gui\component\TextWidget.java:51: 错误: 方法不会覆盖或实现超类型的方法
    @Override
    ^
D:\Minecraft-Mods\AnvilCraft\src\main\java\dev\dubhe\anvilcraft\client\gui\component\TextWidget.java:60: 错误: 找不到符号
                this.getColor());
                    ^
  符号: 方法 getColor()
D:\Minecraft-Mods\AnvilCraft\src\main\java\dev\dubhe\anvilcraft\client\gui\component\TextWidget.java:82: 错误: 找不到符号
                guiGraphics.drawString(font, component, 0, 0, this.getColor());
                                                                  ^
  符号: 方法 getColor()
D:\Minecraft-Mods\AnvilCraft\src\main\java\dev\dubhe\anvilcraft\client\gui\component\TextWidget.java:90: 错误: 找不到符号
                guiGraphics.drawString(font, component.getVisualOrderText(), k, l, this.getColor());
                                                                                       ^
  符号: 方法 getColor()
D:\Minecraft-Mods\AnvilCraft\src\main\java\dev\dubhe\anvilcraft\client\gui\screen\AdvancedComparatorScreen.java:44: 错误: 意外的类型
        this.getImageHeight() = 166;
                           ^
  需要: 变量
  找到:    值
D:\Minecraft-Mods\AnvilCraft\src\main\java\dev\dubhe\anvilcraft\client\gui\screen\AdvancedComparatorScreen.java:49: 错误: 找不到符号
        AdvancedComparatorBlockEntity comparator = this.menu.getBlockEntity();
                                                            ^
  符号:   方法 getBlockEntity()
  位置: 类型为T的变量 menu
  其中, T是类型变量:
    T扩展已在类 AbstractContainerScreen中声明的AbstractContainerMenu
D:\Minecraft-Mods\AnvilCraft\src\main\java\dev\dubhe\anvilcraft\client\gui\screen\AdvancedComparatorScreen.java:51: 错误: 找不到符号
            comparator.getCompareMode().index(),
                      ^
  符号:   方法 getCompareMode()
  位置: 类型为AdvancedComparatorBlockEntity的变量 comparator
D:\Minecraft-Mods\AnvilCraft\src\main\java\dev\dubhe\anvilcraft\client\gui\screen\AdvancedComparatorScreen.java:52: 错误: 找不到符号
            comparator.isOutputInvert(),
                      ^
  符号:   方法 isOutputInvert()
  位置: 类型为AdvancedComparatorBlockEntity的变量 comparator
D:\Minecraft-Mods\AnvilCraft\src\main\java\dev\dubhe\anvilcraft\client\gui\screen\AdvancedComparatorScreen.java:53: 错误: 找不到符号
            comparator.isRedstoneControl(),
                      ^
  符号:   方法 isRedstoneControl()
  位置: 类型为AdvancedComparatorBlockEntity的变量 comparator
D:\Minecraft-Mods\AnvilCraft\src\main\java\dev\dubhe\anvilcraft\client\gui\screen\AdvancedComparatorScreen.java:54: 错误: 找不到符号
            comparator.getHighLimit(),
                      ^
  符号:   方法 getHighLimit()
  位置: 类型为AdvancedComparatorBlockEntity的变量 comparator
D:\Minecraft-Mods\AnvilCraft\src\main\java\dev\dubhe\anvilcraft\client\gui\screen\AdvancedComparatorScreen.java:55: 错误: 找不到符号
            comparator.getLowLimit(),
                      ^
  符号:   方法 getLowLimit()
  位置: 类型为AdvancedComparatorBlockEntity的变量 comparator
D:\Minecraft-Mods\AnvilCraft\src\main\java\dev\dubhe\anvilcraft\client\gui\screen\AdvancedComparatorScreen.java:56: 错误: 找不到符号
            comparator.getInputtingSignal()
                      ^
  符号:   方法 getInputtingSignal()
  位置: 类型为AdvancedComparatorBlockEntity的变量 comparator
D:\Minecraft-Mods\AnvilCraft\src\main\java\dev\dubhe\anvilcraft\client\gui\screen\AdvancedComparatorScreen.java:50: 错误: 找不到符号
        PacketDistributor.sendToServer(new AdvancedComparatorUpdatePacket(
                         ^
  符号:   方法 sendToServer(AdvancedComparatorUpdatePacket)
  位置: 类 PacketDistributor
D:\Minecraft-Mods\AnvilCraft\src\main\java\dev\dubhe\anvilcraft\client\gui\screen\AdvancedComparatorScreen.java:107: 错误: 找不到符号
        compareMode.setCurrent(this.menu.getBlockEntity().getCompareMode().index());
                                        ^
  符号:   方法 getBlockEntity()
  位置: 类型为T的变量 menu
  其中, T是类型变量:
    T扩展已在类 AbstractContainerScreen中声明的AbstractContainerMenu
D:\Minecraft-Mods\AnvilCraft\src\main\java\dev\dubhe\anvilcraft\client\gui\screen\AdvancedComparatorScreen.java:108: 错误: 找不到符号
        outputMode.setCurrent(this.menu.getBlockEntity().isOutputInvert() ? 1 : 0);
                  ^
  符号:   方法 setCurrent(int)
  位置: 类型为SwitchableButton的变量 outputMode
D:\Minecraft-Mods\AnvilCraft\src\main\java\dev\dubhe\anvilcraft\client\gui\screen\AdvancedComparatorScreen.java:108: 错误: 找不到符号
        outputMode.setCurrent(this.menu.getBlockEntity().isOutputInvert() ? 1 : 0);
                                       ^
  符号:   方法 getBlockEntity()
  位置: 类型为T的变量 menu
  其中, T是类型变量:
    T扩展已在类 AbstractContainerScreen中声明的AbstractContainerMenu
D:\Minecraft-Mods\AnvilCraft\src\main\java\dev\dubhe\anvilcraft\client\gui\screen\AdvancedComparatorScreen.java:109: 错误: 找不到符号
        redstoneControl.setCurrent(this.menu.getBlockEntity().isRedstoneControl() ? 1 : 0);
                       ^
  符号:   方法 setCurrent(int)
  位置: 类型为SwitchableButton的变量 redstoneControl
D:\Minecraft-Mods\AnvilCraft\src\main\java\dev\dubhe\anvilcraft\client\gui\screen\AdvancedComparatorScreen.java:109: 错误: 找不到符号
        redstoneControl.setCurrent(this.menu.getBlockEntity().isRedstoneControl() ? 1 : 0);
                                            ^
  符号:   方法 getBlockEntity()
  位置: 类型为T的变量 menu
  其中, T是类型变量:
    T扩展已在类 AbstractContainerScreen中声明的AbstractContainerMenu
D:\Minecraft-Mods\AnvilCraft\src\main\java\dev\dubhe\anvilcraft\client\gui\screen\AdvancedComparatorScreen.java:113: 错误: 找不到符号
        this.slider1Pos = this.menu.getBlockEntity().getLowLimit();
                                   ^
  符号:   方法 getBlockEntity()
  位置: 类型为T的变量 menu
  其中, T是类型变量:
    T扩展已在类 AbstractContainerScreen中声明的AbstractContainerMenu
D:\Minecraft-Mods\AnvilCraft\src\main\java\dev\dubhe\anvilcraft\client\gui\screen\AdvancedComparatorScreen.java:115: 错误: 找不到符号
        this.slider2Pos = this.menu.getBlockEntity().getHighLimit();
                                   ^
  符号:   方法 getBlockEntity()
  位置: 类型为T的变量 menu
  其中, T是类型变量:
    T扩展已在类 AbstractContainerScreen中声明的AbstractContainerMenu
D:\Minecraft-Mods\AnvilCraft\src\main\java\dev\dubhe\anvilcraft\client\gui\screen\AdvancedComparatorScreen.java:122: 错误: 方法不会覆盖或实现超类型的方法
    @Override
    ^
D:\Minecraft-Mods\AnvilCraft\src\main\java\dev\dubhe\anvilcraft\client\gui\screen\AdvancedComparatorScreen.java:124: 错误: 对于init(Minecraft,int,int), 找不到合适的方法
        this.init(minecraft, width, height);
            ^
    方法 Screen.init(int,int)不适用
      (实际参数列表和形式参数列表长度不同)
    方法 AdvancedComparatorScreen.init()不适用
      (实际参数列表和形式参数列表长度不同)
D:\Minecraft-Mods\AnvilCraft\src\main\java\dev\dubhe\anvilcraft\client\gui\screen\AdvancedComparatorScreen.java:127: 错误: 方法不会覆盖或实现超类型的方法
    @Override
    ^
D:\Minecraft-Mods\AnvilCraft\src\main\java\dev\dubhe\anvilcraft\client\gui\screen\AdvancedComparatorScreen.java:132: 错误: 方法不会覆盖或实现超类型的方法
    @Override
    ^
D:\Minecraft-Mods\AnvilCraft\src\main\java\dev\dubhe\anvilcraft\client\gui\screen\AdvancedComparatorScreen.java:138: 错误: 方法不会覆盖或实现超类型的方法
    @Override
    ^
D:\Minecraft-Mods\AnvilCraft\src\main\java\dev\dubhe\anvilcraft\client\gui\screen\AdvancedComparatorScreen.java:158: 错误: 找不到符号
        if (this.menu.getBlockEntity().getCompareMode() == AdvancedComparatorBlockEntity.Mode.WINDOW) {
                     ^
  符号:   方法 getBlockEntity()
  位置: 类型为T的变量 menu
  其中, T是类型变量:
    T扩展已在类 AbstractContainerScreen中声明的AbstractContainerMenu
D:\Minecraft-Mods\AnvilCraft\src\main\java\dev\dubhe\anvilcraft\client\gui\screen\AdvancedComparatorScreen.java:167: 错误: 找不到符号
        if (this.menu.getBlockEntity().isOutputInvert()) {
                     ^
  符号:   方法 getBlockEntity()
  位置: 类型为T的变量 menu
  其中, T是类型变量:
    T扩展已在类 AbstractContainerScreen中声明的AbstractContainerMenu
D:\Minecraft-Mods\AnvilCraft\src\main\java\dev\dubhe\anvilcraft\client\gui\screen\AdvancedComparatorScreen.java:188: 错误: 找不到符号
            if (this.menu.getBlockEntity().isRedstoneControl()) return super.mouseClicked(event, handled);
                         ^
  符号:   方法 getBlockEntity()
  位置: 类型为T的变量 menu
  其中, T是类型变量:
    T扩展已在类 AbstractContainerScreen中声明的AbstractContainerMenu
D:\Minecraft-Mods\AnvilCraft\src\main\java\dev\dubhe\anvilcraft\client\gui\screen\AdvancedComparatorScreen.java:202: 错误: 找不到符号
        this.menu.getBlockEntity().setHighLimit(Math.max(this.slider1Pos, this.slider2Pos));
                 ^
  符号:   方法 getBlockEntity()
  位置: 类型为T的变量 menu
  其中, T是类型变量:
    T扩展已在类 AbstractContainerScreen中声明的AbstractContainerMenu
D:\Minecraft-Mods\AnvilCraft\src\main\java\dev\dubhe\anvilcraft\client\gui\screen\AdvancedComparatorScreen.java:203: 错误: 找不到符号
        this.menu.getBlockEntity().setLowLimit(Math.min(this.slider1Pos, this.slider2Pos));
                 ^
  符号:   方法 getBlockEntity()
  位置: 类型为T的变量 menu
  其中, T是类型变量:
    T扩展已在类 AbstractContainerScreen中声明的AbstractContainerMenu
D:\Minecraft-Mods\AnvilCraft\src\main\java\dev\dubhe\anvilcraft\inventory\AdvancedComparatorMenu.java:54: 错误: 找不到符号
        this.blockEntity.setCompareMode(AdvancedComparatorBlockEntity.Mode.fromIndex(mode));
                        ^
  符号:   方法 setCompareMode(Mode)
  位置: 类型为AdvancedComparatorBlockEntity的变量 blockEntity
D:\Minecraft-Mods\AnvilCraft\src\main\java\dev\dubhe\anvilcraft\inventory\AdvancedComparatorMenu.java:58: 错误: 找不到符号
        this.blockEntity.setOutputInvert(isInvert);
                        ^
  符号:   方法 setOutputInvert(boolean)
  位置: 类型为AdvancedComparatorBlockEntity的变量 blockEntity
D:\Minecraft-Mods\AnvilCraft\src\main\java\dev\dubhe\anvilcraft\inventory\AdvancedComparatorMenu.java:62: 错误: 找不到符号
        this.blockEntity.setRedstoneControl(redstoneControl);
                        ^
  符号:   方法 setRedstoneControl(boolean)
  位置: 类型为AdvancedComparatorBlockEntity的变量 blockEntity
D:\Minecraft-Mods\AnvilCraft\src\main\java\dev\dubhe\anvilcraft\client\gui\screen\AnvilHammerScreen.java:87: 错误: 找不到符号
    private static final RandomSource RANDOM = RandomSource.createNewThreadLocalInstance();
                                                           ^
  符号:   方法 createNewThreadLocalInstance()
  位置: 接口 RandomSource
D:\Minecraft-Mods\AnvilCraft\src\main\java\dev\dubhe\anvilcraft\client\gui\screen\AnvilHammerScreen.java:285: 错误: 找不到符号
        final float partialTick = minecraft.getTimer().getGameTimeDeltaPartialTick(true);
                                           ^
  符号:   方法 getTimer()
  位置: 类型为Minecraft的变量 minecraft
D:\Minecraft-Mods\AnvilCraft\src\main\java\dev\dubhe\anvilcraft\client\gui\screen\AnvilHammerScreen.java:292: 错误: 找不到符号
        poseStack.mulPose(Axis.XP.rotationDegrees(this.camera.getEntity().getXRot()));
                                                             ^
  符号:   方法 getEntity()
  位置: 类型为Camera的变量 camera
D:\Minecraft-Mods\AnvilCraft\src\main\java\dev\dubhe\anvilcraft\client\gui\screen\AnvilHammerScreen.java:293: 错误: 找不到符号
        poseStack.mulPose(Axis.YP.rotationDegrees(this.camera.getEntity().getYRot() + 180F));
                                                             ^
  符号:   方法 getEntity()
  位置: 类型为Camera的变量 camera
D:\Minecraft-Mods\AnvilCraft\src\main\java\dev\dubhe\anvilcraft\client\gui\screen\AnvilHammerScreen.java:296: 错误: 找不到符号
        RenderSystem.setShaderColor(1F, 1F, 1F, 1F);
                    ^
  符号:   方法 setShaderColor(float,float,float,float)
  位置: 类 RenderSystem
D:\Minecraft-Mods\AnvilCraft\src\main\java\dev\dubhe\anvilcraft\client\gui\screen\AnvilHammerScreen.java:302: 错误: 找不到符号
        RenderSystem.setupGui3DDiffuseLighting(RenderSupport.L1, RenderSupport.L2);
                    ^
  符号:   方法 setupGui3DDiffuseLighting(Vector3f,Vector3f)
  位置: 类 RenderSystem
D:\Minecraft-Mods\AnvilCraft\src\main\java\dev\dubhe\anvilcraft\client\gui\screen\AnvilHammerScreen.java:303: 错误: 找不到符号
        BlockRenderDispatcher blockRenderDispatcher = Minecraft.getInstance().getBlockRenderer();
        ^
  符号:   类 BlockRenderDispatcher
  位置: 类 AnvilHammerScreen
D:\Minecraft-Mods\AnvilCraft\src\main\java\dev\dubhe\anvilcraft\client\gui\screen\AnvilHammerScreen.java:303: 错误: 找不到符号
        BlockRenderDispatcher blockRenderDispatcher = Minecraft.getInstance().getBlockRenderer();
                                                                             ^
  符号:   方法 getBlockRenderer()
  位置: 类 Minecraft
D:\Minecraft-Mods\AnvilCraft\src\main\java\dev\dubhe\anvilcraft\client\gui\screen\AnvilHammerScreen.java:304: 错误: 找不到符号
        BakedModel model = blockRenderDispatcher.getBlockModel(block);
        ^
  符号:   类 BakedModel
  位置: 类 AnvilHammerScreen
D:\Minecraft-Mods\AnvilCraft\src\main\java\dev\dubhe\anvilcraft\client\gui\screen\AnvilHammerScreen.java:305: 错误: 找不到符号
        for (RenderType renderType : model.getRenderTypes(block, RANDOM, ModelData.EMPTY)) {
                                                                         ^
  符号:   变量 ModelData
  位置: 类 AnvilHammerScreen
D:\Minecraft-Mods\AnvilCraft\src\main\java\dev\dubhe\anvilcraft\client\gui\screen\AnvilHammerScreen.java:305: 错误: 找不到符号
        for (RenderType renderType : model.getRenderTypes(block, RANDOM, ModelData.EMPTY)) {
             ^
  符号:   类 RenderType
  位置: 类 AnvilHammerScreen
D:\Minecraft-Mods\AnvilCraft\src\main\java\dev\dubhe\anvilcraft\client\gui\screen\AnvilHammerScreen.java:315: 错误: 找不到符号
                ModelData.EMPTY,
                ^
  符号:   变量 ModelData
  位置: 类 AnvilHammerScreen
D:\Minecraft-Mods\AnvilCraft\src\main\java\dev\dubhe\anvilcraft\client\gui\screen\AnvilHammerScreen.java:328: 错误: 找不到符号
                    buffers.getBuffer(ItemBlockRenderTypes.getRenderLayer(fluidState)),
                                      ^
  符号:   变量 ItemBlockRenderTypes
  位置: 类 AnvilHammerScreen
D:\Minecraft-Mods\AnvilCraft\src\main\java\dev\dubhe\anvilcraft\client\gui\screen\AnvilHammerScreen.java:339: 错误: 类型变量数目错误; 需要2
            BlockEntityRenderer<BlockEntity> renderer = this.minecraft.getBlockEntityRenderDispatcher().getRenderer(blockEntity);
                               ^
D:\Minecraft-Mods\AnvilCraft\src\main\java\dev\dubhe\anvilcraft\client\gui\screen\AnvilHammerScreen.java:349: 错误: 找不到符号
                    LightTexture.FULL_BLOCK,
                    ^
  符号:   变量 LightTexture
  位置: 类 AnvilHammerScreen
D:\Minecraft-Mods\AnvilCraft\src\main\java\dev\dubhe\anvilcraft\client\gui\screen\AnvilHammerScreen.java:442: 错误: 方法不会覆盖或实现超类型的方法
    @Override
    ^
D:\Minecraft-Mods\AnvilCraft\src\main\java\dev\dubhe\anvilcraft\client\gui\screen\AnvilHammerScreen.java:444: 错误: 找不到符号
        RenderSystem.enableDepthTest();
                    ^
  符号:   方法 enableDepthTest()
  位置: 类 RenderSystem
D:\Minecraft-Mods\AnvilCraft\src\main\java\dev\dubhe\anvilcraft\client\gui\screen\AnvilHammerScreen.java:445: 错误: 找不到符号
        RenderSystem.enableBlend();
                    ^
  符号:   方法 enableBlend()
  位置: 类 RenderSystem
D:\Minecraft-Mods\AnvilCraft\src\main\java\dev\dubhe\anvilcraft\client\gui\screen\AnvilHammerScreen.java:523: 错误: 找不到符号
        RenderSystem.disableDepthTest();
                    ^
  符号:   方法 disableDepthTest()
  位置: 类 RenderSystem
D:\Minecraft-Mods\AnvilCraft\src\main\java\dev\dubhe\anvilcraft\client\gui\screen\AnvilHammerScreen.java:524: 错误: 找不到符号
        RenderSystem.disableBlend();
                    ^
  符号:   方法 disableBlend()
  位置: 类 RenderSystem
D:\Minecraft-Mods\AnvilCraft\src\main\java\dev\dubhe\anvilcraft\client\gui\screen\AnvilHammerScreen.java:593: 错误: 方法引用无效
        RenderSystem.setShader(ModShaders::getSelectionShader);
                               ^
  找不到符号
    符号:   方法 getSelectionShader()
    位置: 类 ModShaders
D:\Minecraft-Mods\AnvilCraft\src\main\java\dev\dubhe\anvilcraft\client\gui\screen\AnvilHammerScreen.java:595: 错误: 找不到符号
        ModShaders.getSelectionShader()
                  ^
  符号:   方法 getSelectionShader()
  位置: 类 ModShaders
D:\Minecraft-Mods\AnvilCraft\src\main\java\dev\dubhe\anvilcraft\client\gui\screen\AnvilHammerScreen.java:598: 错误: 找不到符号
        ModShaders.getSelectionShader()
                  ^
  符号:   方法 getSelectionShader()
  位置: 类 ModShaders
D:\Minecraft-Mods\AnvilCraft\src\main\java\dev\dubhe\anvilcraft\client\gui\screen\AnvilHammerScreen.java:601: 错误: 找不到符号
        ModShaders.getSelectionShader()
                  ^
  符号:   方法 getSelectionShader()
  位置: 类 ModShaders
D:\Minecraft-Mods\AnvilCraft\src\main\java\dev\dubhe\anvilcraft\client\gui\screen\AnvilHammerScreen.java:605: 错误: 找不到符号
        RenderSystem.setShaderColor(1, 1, 1, 1);
                    ^
  符号:   方法 setShaderColor(int,int,int,int)
  位置: 类 RenderSystem
D:\Minecraft-Mods\AnvilCraft\src\main\java\dev\dubhe\anvilcraft\client\gui\screen\AnvilHammerScreen.java:606: 错误: 找不到符号
        BufferUploader.drawWithShader(Objects.requireNonNull(bufferBuilder.build()));
        ^
  符号:   变量 BufferUploader
  位置: 类 AnvilHammerScreen
D:\Minecraft-Mods\AnvilCraft\src\main\java\dev\dubhe\anvilcraft\client\gui\screen\AnvilHammerScreen.java:638: 错误: 找不到符号
                    PacketDistributor.sendToServer(new HammerChangeFlexibleMultiPartBlockPacket(
                                     ^
  符号:   方法 sendToServer(HammerChangeFlexibleMultiPartBlockPacket)
  位置: 类 PacketDistributor
D:\Minecraft-Mods\AnvilCraft\src\main\java\dev\dubhe\anvilcraft\client\gui\screen\AnvilHammerScreen.java:644: 错误: 找不到符号
                    PacketDistributor.sendToServer(new HammerChangeFlexibleMultiPartBlockPacket(
                                     ^
  符号:   方法 sendToServer(HammerChangeFlexibleMultiPartBlockPacket)
  位置: 类 PacketDistributor
D:\Minecraft-Mods\AnvilCraft\src\main\java\dev\dubhe\anvilcraft\client\gui\screen\AnvilHammerScreen.java:651: 错误: 找不到符号
                PacketDistributor.sendToServer(new HammerChangeBlockPacket(
                                 ^
  符号:   方法 sendToServer(HammerChangeBlockPacket)
  位置: 类 PacketDistributor
D:\Minecraft-Mods\AnvilCraft\src\main\java\dev\dubhe\anvilcraft\client\gui\screen\AnvilHammerScreen.java:657: 错误: 找不到符号
            PacketDistributor.sendToServer(new HammerUsePacket(this.targetBlockPos, this.hand, this.hitVec));
                             ^
  符号:   方法 sendToServer(HammerUsePacket)
  位置: 类 PacketDistributor
D:\Minecraft-Mods\AnvilCraft\src\main\java\dev\dubhe\anvilcraft\client\gui\screen\AnvilHammerScreen.java:721: 错误: 方法引用无效
        RenderSystem.setShader(ModShaders::getRingShader);
                               ^
  找不到符号
    符号:   方法 getRingShader()
    位置: 类 ModShaders
D:\Minecraft-Mods\AnvilCraft\src\main\java\dev\dubhe\anvilcraft\client\gui\screen\AnvilHammerScreen.java:723: 错误: 找不到符号
        ModShaders.getRingShader()
                  ^
  符号:   方法 getRingShader()
  位置: 类 ModShaders
D:\Minecraft-Mods\AnvilCraft\src\main\java\dev\dubhe\anvilcraft\client\gui\screen\AnvilHammerScreen.java:726: 错误: 找不到符号
        ModShaders.getRingShader()
                  ^
  符号:   方法 getRingShader()
  位置: 类 ModShaders
D:\Minecraft-Mods\AnvilCraft\src\main\java\dev\dubhe\anvilcraft\client\gui\screen\AnvilHammerScreen.java:729: 错误: 找不到符号
        ModShaders.getRingShader()
                  ^
  符号:   方法 getRingShader()
  位置: 类 ModShaders
D:\Minecraft-Mods\AnvilCraft\src\main\java\dev\dubhe\anvilcraft\client\gui\screen\AnvilHammerScreen.java:733: 错误: 找不到符号
        RenderSystem.setShaderColor(1, 1, 1, 1);
                    ^
  符号:   方法 setShaderColor(int,int,int,int)
  位置: 类 RenderSystem
D:\Minecraft-Mods\AnvilCraft\src\main\java\dev\dubhe\anvilcraft\client\gui\screen\AnvilHammerScreen.java:734: 错误: 找不到符号
        BufferUploader.drawWithShader(Objects.requireNonNull(bufferBuilder.build()));
        ^
  符号:   变量 BufferUploader
  位置: 类 AnvilHammerScreen
D:\Minecraft-Mods\AnvilCraft\src\main\java\dev\dubhe\anvilcraft\client\gui\screen\AnvilHammerScreen.java:750: 错误: 找不到符号
            return RenderType.translucent();
                   ^
  符号:   变量 RenderType
  位置: 类 AnvilHammerScreen
D:\Minecraft-Mods\AnvilCraft\src\main\java\dev\dubhe\anvilcraft\client\gui\screen\BaseMachineScreen.java:77: 错误: 找不到符号
                    PacketDistributor.sendToServer(packet);
                                     ^
  符号:   方法 sendToServer(MachineOutputDirectionPacket)
  位置: 类 PacketDistributor
D:\Minecraft-Mods\AnvilCraft\src\main\java\dev\dubhe\anvilcraft\client\gui\screen\BaseMachineScreen.java:83: 错误: 方法不会覆盖或实现超类型的方法
    @Override
    ^
D:\Minecraft-Mods\AnvilCraft\src\main\java\dev\dubhe\anvilcraft\client\gui\screen\BaseMachineScreen.java:93: 错误: 方法不会覆盖或实现超类型的方法
    @Override
    ^
D:\Minecraft-Mods\AnvilCraft\src\main\java\dev\dubhe\anvilcraft\client\gui\screen\BaseChuteScreen.java:54: 错误: 找不到符号
                this.getDirectionButton().skip(value);
                    ^
  符号: 方法 getDirectionButton()
D:\Minecraft-Mods\AnvilCraft\src\main\java\dev\dubhe\anvilcraft\client\gui\screen\BaseChuteScreen.java:62: 错误: 方法不会覆盖或实现超类型的方法
    @Override
    ^
D:\Minecraft-Mods\AnvilCraft\src\main\java\dev\dubhe\anvilcraft\client\gui\screen\BaseChuteScreen.java:75: 错误: 方法不会覆盖或实现超类型的方法
    @Override
    ^
D:\Minecraft-Mods\AnvilCraft\src\main\java\dev\dubhe\anvilcraft\client\gui\screen\BaseChuteScreen.java:120: 错误: 找不到符号
                    PacketDistributor.sendToServer(new SlotDisableChangePacket(realSlotId, false));
                                     ^
  符号:   方法 sendToServer(SlotDisableChangePacket)
  位置: 类 PacketDistributor
D:\Minecraft-Mods\AnvilCraft\src\main\java\dev\dubhe\anvilcraft\client\gui\screen\BaseChuteScreen.java:123: 错误: 找不到符号
                PacketDistributor.sendToServer(new SlotFilterChangePacket(realSlotId, carriedItem));
                                 ^
  符号:   方法 sendToServer(SlotFilterChangePacket)
  位置: 类 PacketDistributor
D:\Minecraft-Mods\AnvilCraft\src\main\java\dev\dubhe\anvilcraft\client\gui\screen\BaseChuteScreen.java:127: 错误: 找不到符号
            } else if (Screen.hasShiftDown()) {
                             ^
  符号:   方法 hasShiftDown()
  位置: 类 Screen
D:\Minecraft-Mods\AnvilCraft\src\main\java\dev\dubhe\anvilcraft\client\gui\screen\BaseChuteScreen.java:128: 错误: 找不到符号
                PacketDistributor.sendToServer(new SlotDisableChangePacket(
                                 ^
  符号:   方法 sendToServer(SlotDisableChangePacket)
  位置: 类 PacketDistributor
D:\Minecraft-Mods\AnvilCraft\src\main\java\dev\dubhe\anvilcraft\client\gui\screen\BaseChuteScreen.java:153: 错误: 找不到符号
            int scrollSpeed = Screen.hasShiftDown() ? 5 : 1;
                                    ^
  符号:   方法 hasShiftDown()
  位置: 类 Screen
D:\Minecraft-Mods\AnvilCraft\src\main\java\dev\dubhe\anvilcraft\client\gui\screen\BaseChuteScreen.java:159: 错误: 找不到符号
                PacketDistributor.sendToServer(new SlotFilterMaxStackSizeChangePacket(slotIndex, newLimit));
                                 ^
  符号:   方法 sendToServer(SlotFilterMaxStackSizeChangePacket)
  位置: 类 PacketDistributor
D:\Minecraft-Mods\AnvilCraft\src\main\java\dev\dubhe\anvilcraft\client\gui\screen\IFilterScreen.java:133: 错误: 找不到符号
                    PacketDistributor.sendToServer(packet);
                                     ^
  符号:   方法 sendToServer(MachineEnableFilterPacket)
  位置: 类 PacketDistributor
D:\Minecraft-Mods\AnvilCraft\src\main\java\dev\dubhe\anvilcraft\client\gui\screen\IFilterScreen.java:166: 错误: 找不到符号
        RenderSystem.enableDepthTest();
                    ^
  符号:   方法 enableDepthTest()
  位置: 类 RenderSystem
D:\Minecraft-Mods\AnvilCraft\src\main\java\dev\dubhe\anvilcraft\client\gui\screen\IFilterScreen.java:231: 错误: 找不到符号
        PacketDistributor.sendToServer(new SlotDisableChangePacket(slotIndex, false));
                         ^
  符号:   方法 sendToServer(SlotDisableChangePacket)
  位置: 类 PacketDistributor
D:\Minecraft-Mods\AnvilCraft\src\main\java\dev\dubhe\anvilcraft\client\gui\screen\IFilterScreen.java:232: 错误: 找不到符号
        PacketDistributor.sendToServer(new SlotFilterChangePacket(slotIndex, ingredient.copyWithCount(1)));
                         ^
  符号:   方法 sendToServer(SlotFilterChangePacket)
  位置: 类 PacketDistributor
D:\Minecraft-Mods\AnvilCraft\src\main\java\dev\dubhe\anvilcraft\inventory\BaseChuteMenu.java:50: 错误: 无法将类 SlotItemHandlerWithFilter中的构造器 SlotItemHandlerWithFilter应用到给定类型;
                this.addSlot(new SlotItemHandlerWithFilter(this.blockEntity.getItemHandler(), i * 3 + j, 62 + j * 18, 18 + i * 18));
                             ^
  需要: ResourceHandler<ItemResource>,IndexModifier<ItemResource>,int,int,int
  找到:    ResourceHandler<ItemResource>,int,int,int
  原因: 实际参数列表和形式参数列表长度不同
D:\Minecraft-Mods\AnvilCraft\src\main\java\dev\dubhe\anvilcraft\client\gui\screen\BatchCrafterScreen.java:48: 错误: 方法不会覆盖或实现超类型的方法
    @Override
    ^
D:\Minecraft-Mods\AnvilCraft\src\main\java\dev\dubhe\anvilcraft\client\gui\screen\BatchCrafterScreen.java:59: 错误: 方法不会覆盖或实现超类型的方法
    @Override
    ^
D:\Minecraft-Mods\AnvilCraft\src\main\java\dev\dubhe\anvilcraft\client\gui\screen\BatchCrafterScreen.java:105: 错误: 找不到符号
                    PacketDistributor.sendToServer(new SlotDisableChangePacket(realSlotId, false));
                                     ^
  符号:   方法 sendToServer(SlotDisableChangePacket)
  位置: 类 PacketDistributor
D:\Minecraft-Mods\AnvilCraft\src\main\java\dev\dubhe\anvilcraft\client\gui\screen\BatchCrafterScreen.java:109: 错误: 找不到符号
                PacketDistributor.sendToServer(new SlotFilterChangePacket(realSlotId, carriedItem));
                                 ^
  符号:   方法 sendToServer(SlotFilterChangePacket)
  位置: 类 PacketDistributor
D:\Minecraft-Mods\AnvilCraft\src\main\java\dev\dubhe\anvilcraft\client\gui\screen\BatchCrafterScreen.java:113: 错误: 找不到符号
            } else if (Screen.hasShiftDown()) {
                             ^
  符号:   方法 hasShiftDown()
  位置: 类 Screen
D:\Minecraft-Mods\AnvilCraft\src\main\java\dev\dubhe\anvilcraft\client\gui\screen\BatchCrafterScreen.java:114: 错误: 找不到符号
                PacketDistributor.sendToServer(new SlotDisableChangePacket(
                                 ^
  符号:   方法 sendToServer(SlotDisableChangePacket)
  位置: 类 PacketDistributor
D:\Minecraft-Mods\AnvilCraft\src\main\java\dev\dubhe\anvilcraft\client\gui\screen\BatchCrafterScreen.java:139: 错误: 找不到符号
            int scrollSpeed = Screen.hasShiftDown() ? 5 : 1;
                                    ^
  符号:   方法 hasShiftDown()
  位置: 类 Screen
D:\Minecraft-Mods\AnvilCraft\src\main\java\dev\dubhe\anvilcraft\client\gui\screen\BatchCrafterScreen.java:145: 错误: 找不到符号
                PacketDistributor.sendToServer(new SlotFilterMaxStackSizeChangePacket(slotIndex, newLimit));
                                 ^
  符号:   方法 sendToServer(SlotFilterMaxStackSizeChangePacket)
  位置: 类 PacketDistributor
D:\Minecraft-Mods\AnvilCraft\src\main\java\dev\dubhe\anvilcraft\inventory\BatchCrafterMenu.java:61: 错误: 无法将类 SlotItemHandlerWithFilter中的构造器 SlotItemHandlerWithFilter应用到给定类型;
                    new SlotItemHandlerWithFilter(
                    ^
  需要: ResourceHandler<ItemResource>,IndexModifier<ItemResource>,int,int,int
  找到:    ResourceHandler<ItemResource>,int,int,int
  原因: 实际参数列表和形式参数列表长度不同
D:\Minecraft-Mods\AnvilCraft\src\main\java\dev\dubhe\anvilcraft\inventory\BatchCrafterMenu.java:201: 错误: 找不到符号
        RecipeManager recipeManager = level.getRecipeManager();
                                           ^
  符号:   方法 getRecipeManager()
  位置: 类型为Level的变量 level
D:\Minecraft-Mods\AnvilCraft\src\main\java\dev\dubhe\anvilcraft\inventory\BatchCrafterMenu.java:203: 错误: 找不到符号
            RecipeType.CRAFTING, blockEntity.getDummyCraftingContainer().asCraftInput(), level);
                                            ^
  符号:   方法 getDummyCraftingContainer()
  位置: 类型为BatchCrafterBlockEntity的变量 blockEntity
D:\Minecraft-Mods\AnvilCraft\src\main\java\dev\dubhe\anvilcraft\inventory\BatchCrafterMenu.java:205: 错误: 找不到符号
            ItemStack resultItem = recipe.get().value().getResultItem(level.registryAccess());
                                                       ^
  符号:   方法 getResultItem(RegistryAccess)
  位置: 接口 CraftingRecipe
D:\Minecraft-Mods\AnvilCraft\src\main\java\dev\dubhe\anvilcraft\client\gui\screen\BatchCutterScreen.java:52: 错误: 找不到符号
            List<RecipeHolder<StonecutterRecipe>> recipes = BatchCutterScreen.this.menu.getRecipes();
                                                                                       ^
  符号:   方法 getRecipes()
  位置: 类型为BatchCutterMenu的变量 menu
D:\Minecraft-Mods\AnvilCraft\src\main\java\dev\dubhe\anvilcraft\client\gui\screen\BatchCutterScreen.java:78: 错误: 方法不会覆盖或实现超类型的方法
    @Override
    ^
D:\Minecraft-Mods\AnvilCraft\src\main\java\dev\dubhe\anvilcraft\client\gui\screen\BatchCutterScreen.java:82: 错误: 对于init(Minecraft,int,int), 找不到合适的方法
        this.init(minecraft, width, height);
            ^
    方法 Screen.init(int,int)不适用
      (实际参数列表和形式参数列表长度不同)
    方法 BatchCutterScreen.init()不适用
      (实际参数列表和形式参数列表长度不同)
D:\Minecraft-Mods\AnvilCraft\src\main\java\dev\dubhe\anvilcraft\client\gui\screen\BatchCutterScreen.java:85: 错误: 方法不会覆盖或实现超类型的方法
    @Override
    ^
D:\Minecraft-Mods\AnvilCraft\src\main\java\dev\dubhe\anvilcraft\client\gui\screen\BatchCutterScreen.java:115: 错误: 找不到符号
        if (this.menu.getRecipes().isEmpty()) return;
                     ^
  符号:   方法 getRecipes()
  位置: 类型为BatchCutterMenu的变量 menu
D:\Minecraft-Mods\AnvilCraft\src\main\java\dev\dubhe\anvilcraft\client\gui\screen\BatchCutterScreen.java:117: 错误: 找不到符号
        for (int i = this.head; i < this.head + Math.min(this.menu.getRecipes().size() - this.head, maxSize); i++) {
                                                                  ^
  符号:   方法 getRecipes()
  位置: 类型为BatchCutterMenu的变量 menu
D:\Minecraft-Mods\AnvilCraft\src\main\java\dev\dubhe\anvilcraft\client\gui\screen\BatchCutterScreen.java:121: 错误: 找不到符号
            RecipeHolder<StonecutterRecipe> recipe = ListUtil.safelyGet(this.menu.getRecipes(), i).orElse(null);
                                                                                 ^
  符号:   方法 getRecipes()
  位置: 类型为BatchCutterMenu的变量 menu
D:\Minecraft-Mods\AnvilCraft\src\main\java\dev\dubhe\anvilcraft\client\gui\screen\BatchCutterScreen.java:124: 错误: 找不到符号
            ItemStack willRender = recipe.value().getResultItem(this.menu.getLevel().registryAccess());
                                                                         ^
  符号:   方法 getLevel()
  位置: 类型为BatchCutterMenu的变量 menu
D:\Minecraft-Mods\AnvilCraft\src\main\java\dev\dubhe\anvilcraft\client\gui\screen\BatchCutterScreen.java:133: 错误: 找不到符号
            if (this.menu.getEntity().getSelecting() == i) {
                         ^
  符号:   方法 getEntity()
  位置: 类型为BatchCutterMenu的变量 menu
D:\Minecraft-Mods\AnvilCraft\src\main\java\dev\dubhe\anvilcraft\client\gui\screen\BatchCutterScreen.java:149: 错误: 方法不会覆盖或实现超类型的方法
    @Override
    ^
D:\Minecraft-Mods\AnvilCraft\src\main\java\dev\dubhe\anvilcraft\client\gui\screen\BatchCutterScreen.java:198: 错误: 找不到符号
            for (int i = this.head; i < this.head + Math.min(this.menu.getRecipes().size() - this.head, maxSize); i++) {
                                                                      ^
  符号:   方法 getRecipes()
  位置: 类型为BatchCutterMenu的变量 menu
D:\Minecraft-Mods\AnvilCraft\src\main\java\dev\dubhe\anvilcraft\client\gui\screen\BatchCutterScreen.java:203: 错误: 找不到符号
                if (this.menu.getEntity().getSelecting() == i) {
                             ^
  符号:   方法 getEntity()
  位置: 类型为BatchCutterMenu的变量 menu
D:\Minecraft-Mods\AnvilCraft\src\main\java\dev\dubhe\anvilcraft\client\gui\screen\BatchCutterScreen.java:204: 错误: 找不到符号
                    this.menu.getEntity().setSelecting(0);
                             ^
  符号:   方法 getEntity()
  位置: 类型为BatchCutterMenu的变量 menu
D:\Minecraft-Mods\AnvilCraft\src\main\java\dev\dubhe\anvilcraft\client\gui\screen\BatchCutterScreen.java:206: 错误: 找不到符号
                    PacketDistributor.sendToServer(new BatchCutterSelectPacket(0, this.menu.getEntity().getPos()));
                                                                                           ^
  符号:   方法 getEntity()
  位置: 类型为BatchCutterMenu的变量 menu
D:\Minecraft-Mods\AnvilCraft\src\main\java\dev\dubhe\anvilcraft\client\gui\screen\BatchCutterScreen.java:206: 错误: 找不到符号
                    PacketDistributor.sendToServer(new BatchCutterSelectPacket(0, this.menu.getEntity().getPos()));
                                     ^
  符号:   方法 sendToServer(BatchCutterSelectPacket)
  位置: 类 PacketDistributor
D:\Minecraft-Mods\AnvilCraft\src\main\java\dev\dubhe\anvilcraft\client\gui\screen\BatchCutterScreen.java:208: 错误: 找不到符号
                    this.menu.getEntity().setSelecting(i);
                             ^
  符号:   方法 getEntity()
  位置: 类型为BatchCutterMenu的变量 menu
D:\Minecraft-Mods\AnvilCraft\src\main\java\dev\dubhe\anvilcraft\client\gui\screen\BatchCutterScreen.java:210: 错误: 找不到符号
                    PacketDistributor.sendToServer(new BatchCutterSelectPacket(i, this.menu.getEntity().getPos()));
                                                                                           ^
  符号:   方法 getEntity()
  位置: 类型为BatchCutterMenu的变量 menu
D:\Minecraft-Mods\AnvilCraft\src\main\java\dev\dubhe\anvilcraft\client\gui\screen\BatchCutterScreen.java:210: 错误: 找不到符号
                    PacketDistributor.sendToServer(new BatchCutterSelectPacket(i, this.menu.getEntity().getPos()));
                                     ^
  符号:   方法 sendToServer(BatchCutterSelectPacket)
  位置: 类 PacketDistributor
D:\Minecraft-Mods\AnvilCraft\src\main\java\dev\dubhe\anvilcraft\client\gui\screen\BatchCutterScreen.java:255: 错误: 找不到符号
                    PacketDistributor.sendToServer(new SlotDisableChangePacket(realSlotId, false));
                                     ^
  符号:   方法 sendToServer(SlotDisableChangePacket)
  位置: 类 PacketDistributor
D:\Minecraft-Mods\AnvilCraft\src\main\java\dev\dubhe\anvilcraft\client\gui\screen\BatchCutterScreen.java:259: 错误: 找不到符号
                PacketDistributor.sendToServer(new SlotFilterChangePacket(realSlotId, carriedItem));
                                 ^
  符号:   方法 sendToServer(SlotFilterChangePacket)
  位置: 类 PacketDistributor
D:\Minecraft-Mods\AnvilCraft\src\main\java\dev\dubhe\anvilcraft\client\gui\screen\BatchCutterScreen.java:263: 错误: 找不到符号
            } else if (Screen.hasShiftDown()) {
                             ^
  符号:   方法 hasShiftDown()
  位置: 类 Screen
D:\Minecraft-Mods\AnvilCraft\src\main\java\dev\dubhe\anvilcraft\client\gui\screen\BatchCutterScreen.java:264: 错误: 找不到符号
                PacketDistributor.sendToServer(new SlotDisableChangePacket(
                                 ^
  符号:   方法 sendToServer(SlotDisableChangePacket)
  位置: 类 PacketDistributor
D:\Minecraft-Mods\AnvilCraft\src\main\java\dev\dubhe\anvilcraft\client\gui\screen\BatchCutterScreen.java:289: 错误: 找不到符号
            int scrollSpeed = Screen.hasShiftDown() ? 5 : 1;
                                    ^
  符号:   方法 hasShiftDown()
  位置: 类 Screen
D:\Minecraft-Mods\AnvilCraft\src\main\java\dev\dubhe\anvilcraft\client\gui\screen\BatchCutterScreen.java:295: 错误: 找不到符号
                PacketDistributor.sendToServer(new SlotFilterMaxStackSizeChangePacket(slotIndex, newLimit));
                                 ^
  符号:   方法 sendToServer(SlotFilterMaxStackSizeChangePacket)
  位置: 类 PacketDistributor
D:\Minecraft-Mods\AnvilCraft\src\main\java\dev\dubhe\anvilcraft\inventory\BatchCutterMenu.java:61: 错误: 无法将类 SlotItemHandlerWithFilter中的构造器 SlotItemHandlerWithFilter应用到给定类型;
        this.addSlot(new SlotItemHandlerWithFilter(this.entity.getItemHandler(), 0, 8, 43));
                     ^
  需要: ResourceHandler<ItemResource>,IndexModifier<ItemResource>,int,int,int
  找到:    ResourceHandler<ItemResource>,int,int,int
  原因: 实际参数列表和形式参数列表长度不同
D:\Minecraft-Mods\AnvilCraft\src\main\java\dev\dubhe\anvilcraft\inventory\BatchCutterMenu.java:125: 错误: 找不到符号
            BatchCutterMenu.log.warn("Invalid slotIndex: {}", index);
                           ^
  符号:   变量 log
  位置: 类 BatchCutterMenu
D:\Minecraft-Mods\AnvilCraft\src\main\java\dev\dubhe\anvilcraft\inventory\BatchCutterMenu.java:189: 错误: 找不到符号
        RecipeManager manager = this.level.getRecipeManager();
                                          ^
  符号:   方法 getRecipeManager()
  位置: 类型为Level的变量 level
D:\Minecraft-Mods\AnvilCraft\src\main\java\dev\dubhe\anvilcraft\inventory\BatchCutterMenu.java:190: 错误: 找不到符号
        this.recipes = manager.getRecipesFor(
                              ^
  符号:   方法 getRecipesFor(RecipeType<StonecutterRecipe>,SingleRecipeInput,Level)
  位置: 类型为RecipeManager的变量 manager
D:\Minecraft-Mods\AnvilCraft\src\main\java\dev\dubhe\anvilcraft\inventory\BatchCutterMenu.java:197: 错误: 找不到符号
        } else if (this.entity.getSelecting() >= this.recipes.size()) {
                              ^
  符号:   方法 getSelecting()
  位置: 类型为BatchCutterBlockEntity的变量 entity
D:\Minecraft-Mods\AnvilCraft\src\main\java\dev\dubhe\anvilcraft\inventory\BatchCutterMenu.java:199: 错误: 找不到符号
            ItemStack resultItem = this.recipes.get(this.entity.getSelecting()).value().getResultItem(this.level.registryAccess());
                                                               ^
  符号:   方法 getSelecting()
  位置: 类型为BatchCutterBlockEntity的变量 entity
D:\Minecraft-Mods\AnvilCraft\src\main\java\dev\dubhe\anvilcraft\inventory\BatchCutterMenu.java:202: 错误: 找不到符号
            ItemStack resultItem = this.recipes.get(this.entity.getSelecting()).value().getResultItem(this.level.registryAccess());
                                                               ^
  符号:   方法 getSelecting()
  位置: 类型为BatchCutterBlockEntity的变量 entity
D:\Minecraft-Mods\AnvilCraft\src\main\java\dev\dubhe\anvilcraft\client\gui\screen\EmberAnvilScreen.java:21: 错误: EmberAnvilScreen不是抽象的, 并且未覆盖ItemCombinerScreen中的抽象方法extractErrorIcon(GuiGraphicsExtractor,int,int)
public class EmberAnvilScreen extends ItemCombinerScreen<EmberAnvilMenu> {
       ^
D:\Minecraft-Mods\AnvilCraft\src\main\java\dev\dubhe\anvilcraft\client\gui\screen\EmberAnvilScreen.java:67: 错误: 方法不会覆盖或实现超类型的方法
    @Override
    ^
D:\Minecraft-Mods\AnvilCraft\src\main\java\dev\dubhe\anvilcraft\client\gui\screen\EmberAnvilScreen.java:70: 错误: 对于init(Minecraft,int,int), 找不到合适的方法
        this.init(minecraft, width, height);
            ^
    方法 Screen.init(int,int)不适用
      (实际参数列表和形式参数列表长度不同)
    方法 EmberAnvilScreen.init()不适用
      (实际参数列表和形式参数列表长度不同)
D:\Minecraft-Mods\AnvilCraft\src\main\java\dev\dubhe\anvilcraft\client\gui\screen\EmberAnvilScreen.java:79: 错误: 无法将类 EditBox中的方法 keyPressed应用到给定类型;
        if (this.name.keyPressed(event.key(), event.scancode(), event.modifiers()) || this.name.canConsumeInput()) {
                     ^
  需要: KeyEvent
  找到:    int,int,int
  原因: 实际参数列表和形式参数列表长度不同
D:\Minecraft-Mods\AnvilCraft\src\main\java\dev\dubhe\anvilcraft\client\gui\screen\EmberAnvilScreen.java:100: 错误: 方法不会覆盖或实现超类型的方法
    @Override
    ^
D:\Minecraft-Mods\AnvilCraft\src\main\java\dev\dubhe\anvilcraft\client\gui\screen\EmberAnvilScreen.java:123: 错误: 方法不会覆盖或实现超类型的方法
    @Override
    ^
D:\Minecraft-Mods\AnvilCraft\src\main\java\dev\dubhe\anvilcraft\client\gui\screen\EmberAnvilScreen.java:132: 错误: 方法不会覆盖或实现超类型的方法
    @Override
    ^
D:\Minecraft-Mods\AnvilCraft\src\main\java\dev\dubhe\anvilcraft\client\gui\screen\EmberAnvilScreen.java:137: 错误: 方法不会覆盖或实现超类型的方法
    @Override
    ^
D:\Minecraft-Mods\AnvilCraft\src\main\java\dev\dubhe\anvilcraft\inventory\EmberAnvilMenu.java:16: 错误: 无法将类 Builder中的方法 allowBeyondMaxLevel应用到给定类型;
        .allowBeyondMaxLevel(AnvilCraft.CONFIG.emberAnvilBeyondMaxLevel)
        ^
  需要: 没有参数
  找到:    boolean
  原因: 实际参数列表和形式参数列表长度不同
D:\Minecraft-Mods\AnvilCraft\src\main\java\dev\dubhe\anvilcraft\inventory\EmberAnvilMenu.java:39: 错误: EmberAnvilMenu中的createResult()无法覆盖AnvilMenu中的createResult()
    public void createResult() {
                ^
  被覆盖的方法为final
D:\Minecraft-Mods\AnvilCraft\src\main\java\dev\dubhe\anvilcraft\inventory\EmberAnvilMenu.java:47: 错误: 找不到符号
            tax -> CommonHooks.onAnvilChange(this, inputLeft, inputRight, this.resultSlots, this.itemName, tax, this.player)
                              ^
  符号:   方法 onAnvilChange(EmberAnvilMenu,ItemStack,ItemStack,ResultContainer,String,long,Player)
  位置: 类 CommonHooks
D:\Minecraft-Mods\AnvilCraft\src\main\java\dev\dubhe\anvilcraft\util\anvil\AnvilMenuResult.java:109: 错误: 找不到符号
                    result.getItem().isValidRepairItem(inputLeft, inputRight)
                                    ^
  符号:   方法 isValidRepairItem(ItemStack,ItemStack)
  位置: 类 Item
D:\Minecraft-Mods\AnvilCraft\src\main\java\dev\dubhe\anvilcraft\util\anvil\AnvilMenuResult.java:161: 错误: 找不到符号
        if (usingBook && !result.isBookEnchantable(inputRight)) {
                                ^
  符号:   方法 isBookEnchantable(ItemStack)
  位置: 类型为ItemStack的变量 result
D:\Minecraft-Mods\AnvilCraft\src\main\java\dev\dubhe\anvilcraft\client\gui\screen\EmberGrindstoneScreen.java:44: 错误: 找不到符号
            return EmberGrindstoneScreen.this.menu.getEnchantments().size();
                                                  ^
  符号:   方法 getEnchantments()
  位置: 类型为EmberGrindstoneMenu的变量 menu
D:\Minecraft-Mods\AnvilCraft\src\main\java\dev\dubhe\anvilcraft\client\gui\screen\EmberGrindstoneScreen.java:75: 错误: 方法不会覆盖或实现超类型的方法
    @Override
    ^
D:\Minecraft-Mods\AnvilCraft\src\main\java\dev\dubhe\anvilcraft\client\gui\screen\EmberGrindstoneScreen.java:82: 错误: 方法不会覆盖或实现超类型的方法
    @Override
    ^
D:\Minecraft-Mods\AnvilCraft\src\main\java\dev\dubhe\anvilcraft\client\gui\screen\EmberGrindstoneScreen.java:101: 错误: 找不到符号
        if (this.menu.getEnchantments().isEmpty()) return;
                     ^
  符号:   方法 getEnchantments()
  位置: 类型为EmberGrindstoneMenu的变量 menu
D:\Minecraft-Mods\AnvilCraft\src\main\java\dev\dubhe\anvilcraft\client\gui\screen\EmberGrindstoneScreen.java:102: 错误: 找不到符号
        for (int i = this.head; i < this.head + Math.min(this.menu.getEnchantments().size() - this.head, 6); i++) {
                                                                  ^
  符号:   方法 getEnchantments()
  位置: 类型为EmberGrindstoneMenu的变量 menu
D:\Minecraft-Mods\AnvilCraft\src\main\java\dev\dubhe\anvilcraft\client\gui\screen\EmberGrindstoneScreen.java:106: 错误: 找不到符号
            EnchantmentData data = ListUtil.safelyGet(this.menu.getEnchantments(), i).orElse(null);
                                                               ^
  符号:   方法 getEnchantments()
  位置: 类型为EmberGrindstoneMenu的变量 menu
D:\Minecraft-Mods\AnvilCraft\src\main\java\dev\dubhe\anvilcraft\client\gui\screen\EmberGrindstoneScreen.java:109: 错误: 找不到符号
            ItemStack willRender = EnchantedBookItem.createForEnchantment(data.toEnchantmentInst());
                                   ^
  符号:   变量 EnchantedBookItem
  位置: 类 EmberGrindstoneScreen
D:\Minecraft-Mods\AnvilCraft\src\main\java\dev\dubhe\anvilcraft\client\gui\screen\EmberGrindstoneScreen.java:118: 错误: 找不到符号
            if (this.menu.getSelectedIndex() == i) {
                         ^
  符号:   方法 getSelectedIndex()
  位置: 类型为EmberGrindstoneMenu的变量 menu
D:\Minecraft-Mods\AnvilCraft\src\main\java\dev\dubhe\anvilcraft\client\gui\screen\EmberGrindstoneScreen.java:128: 错误: 方法不会覆盖或实现超类型的方法
    @Override
    ^
D:\Minecraft-Mods\AnvilCraft\src\main\java\dev\dubhe\anvilcraft\client\gui\screen\EmberGrindstoneScreen.java:149: 错误: 方法不会覆盖或实现超类型的方法
    @Override
    ^
D:\Minecraft-Mods\AnvilCraft\src\main\java\dev\dubhe\anvilcraft\client\gui\screen\EmberGrindstoneScreen.java:178: 错误: 方法不会覆盖或实现超类型的方法
    @Override
    ^
D:\Minecraft-Mods\AnvilCraft\src\main\java\dev\dubhe\anvilcraft\client\gui\screen\EmberGrindstoneScreen.java:182: 错误: 对于init(Minecraft,int,int), 找不到合适的方法
        this.init(minecraft, width, height);
            ^
    方法 Screen.init(int,int)不适用
      (实际参数列表和形式参数列表长度不同)
    方法 EmberGrindstoneScreen.init()不适用
      (实际参数列表和形式参数列表长度不同)
D:\Minecraft-Mods\AnvilCraft\src\main\java\dev\dubhe\anvilcraft\client\gui\screen\EmberGrindstoneScreen.java:192: 错误: 找不到符号
            for (int i = this.head; i < this.head + Math.min(this.menu.getEnchantments().size() - this.head, 6); i++) {
                                                                      ^
  符号:   方法 getEnchantments()
  位置: 类型为EmberGrindstoneMenu的变量 menu
D:\Minecraft-Mods\AnvilCraft\src\main\java\dev\dubhe\anvilcraft\client\gui\screen\EmberGrindstoneScreen.java:197: 错误: 找不到符号
                if (this.menu.getSelectedIndex() == i) {
                             ^
  符号:   方法 getSelectedIndex()
  位置: 类型为EmberGrindstoneMenu的变量 menu
D:\Minecraft-Mods\AnvilCraft\src\main\java\dev\dubhe\anvilcraft\client\gui\screen\EmberGrindstoneScreen.java:199: 错误: 找不到符号
                    PacketDistributor.sendToServer(new EmberGrindstoneSyncPacket(-1));
                                     ^
  符号:   方法 sendToServer(EmberGrindstoneSyncPacket)
  位置: 类 PacketDistributor
D:\Minecraft-Mods\AnvilCraft\src\main\java\dev\dubhe\anvilcraft\client\gui\screen\EmberGrindstoneScreen.java:202: 错误: 找不到符号
                    PacketDistributor.sendToServer(new EmberGrindstoneSyncPacket(i));
                                     ^
  符号:   方法 sendToServer(EmberGrindstoneSyncPacket)
  位置: 类 PacketDistributor
D:\Minecraft-Mods\AnvilCraft\src\main\java\dev\dubhe\anvilcraft\inventory\EmberGrindstoneMenu.java:153: 错误: 找不到符号
            return EnchantedBookItem.createForEnchantment(this.getSelectedEnchantment().orElseThrow().toEnchantmentInst());
                   ^
  符号:   变量 EnchantedBookItem
  位置: 类 EmberGrindstoneMenu
D:\Minecraft-Mods\AnvilCraft\src\main\java\dev\dubhe\anvilcraft\inventory\EmberGrindstoneMenu.java:215: 错误: 找不到符号
        int selected = this.getSelectedIndex();
                           ^
  符号: 方法 getSelectedIndex()
D:\Minecraft-Mods\AnvilCraft\src\main\java\dev\dubhe\anvilcraft\inventory\EmberGrindstoneMenu.java:220: 错误: 找不到符号
        return ListUtil.safelyGet(this.enchantments, this.getSelectedIndex());
                                                         ^
  符号: 方法 getSelectedIndex()
D:\Minecraft-Mods\AnvilCraft\src\main\java\dev\dubhe\anvilcraft\util\EnchantmentData.java:17: 错误: enchantment 在 EnchantmentInstance 中是 private 访问控制
        this(type, inst.enchantment, inst.level);
                       ^
D:\Minecraft-Mods\AnvilCraft\src\main\java\dev\dubhe\anvilcraft\util\EnchantmentData.java:17: 错误: level 在 EnchantmentInstance 中是 private 访问控制
        this(type, inst.enchantment, inst.level);
                                         ^
D:\Minecraft-Mods\AnvilCraft\src\main\java\dev\dubhe\anvilcraft\client\gui\screen\EmberSmithingScreen.java:21: 错误: EmberSmithingScreen不是抽象的, 并且未覆盖ItemCombinerScreen中的抽象方法extractErrorIcon(GuiGraphicsExtractor,int,int)
public class EmberSmithingScreen extends ItemCombinerScreen<EmberSmithingMenu> {
       ^
D:\Minecraft-Mods\AnvilCraft\src\main\java\dev\dubhe\anvilcraft\client\gui\screen\EmberSmithingScreen.java:71: 错误: 方法不会覆盖或实现超类型的方法
    @Override
    ^
D:\Minecraft-Mods\AnvilCraft\src\main\java\dev\dubhe\anvilcraft\client\gui\screen\EmberSmithingScreen.java:120: 错误: 方法不会覆盖或实现超类型的方法
    @Override
    ^
D:\Minecraft-Mods\AnvilCraft\src\main\java\dev\dubhe\anvilcraft\client\gui\screen\EmberSmithingScreen.java:126: 错误: 方法不会覆盖或实现超类型的方法
    @Override
    ^
D:\Minecraft-Mods\AnvilCraft\src\main\java\dev\dubhe\anvilcraft\client\gui\screen\EmberSmithingScreen.java:144: 错误: 方法不会覆盖或实现超类型的方法
    @Override
    ^
D:\Minecraft-Mods\AnvilCraft\src\main\java\dev\dubhe\anvilcraft\inventory\EmberSmithingMenu.java:60: 错误: 无法将类 ItemCombinerMenu中的构造器 ItemCombinerMenu应用到给定类型;
        super(type, containerId, playerInventory, access);
        ^
  需要: MenuType<?>,int,Inventory,ContainerLevelAccess,ItemCombinerMenuSlotDefinition
  找到:    MenuType<EmberSmithingMenu>,int,Inventory,ContainerLevelAccess
  原因: 实际参数列表和形式参数列表长度不同
D:\Minecraft-Mods\AnvilCraft\src\main\java\dev\dubhe\anvilcraft\inventory\EmberSmithingMenu.java:62: 错误: 找不到符号
        this.recipes = this.level.getRecipeManager().getAllRecipesFor(ModRecipeTypes.MULTIPLE_TO_ONE_SMITHING.get());
                                 ^
  符号:   方法 getRecipeManager()
  位置: 类型为Level的变量 level
D:\Minecraft-Mods\AnvilCraft\src\main\java\dev\dubhe\anvilcraft\inventory\EmberSmithingMenu.java:65: 错误: 方法不会覆盖或实现超类型的方法
    @Override
    ^
D:\Minecraft-Mods\AnvilCraft\src\main\java\dev\dubhe\anvilcraft\inventory\EmberSmithingMenu.java:144: 错误: 无法将类 ItemStack中的方法 onCraftedBy应用到给定类型;
        stack.onCraftedBy(player.level(), player, stack.getCount());
             ^
  需要: Player,int
  找到:    Level,Player,int
  原因: 实际参数列表和形式参数列表长度不同
D:\Minecraft-Mods\AnvilCraft\src\main\java\dev\dubhe\anvilcraft\inventory\EmberSmithingMenu.java:191: 错误: 找不到符号
            return template.getSize();
                           ^
  符号:   方法 getSize()
  位置: 类型为BaseMultipleToOneTemplateItem的变量 template
D:\Minecraft-Mods\AnvilCraft\src\main\java\dev\dubhe\anvilcraft\inventory\EmberSmithingMenu.java:213: 错误: 找不到符号
            this.level.getRecipeManager().getRecipesFor(ModRecipeTypes.MULTIPLE_TO_ONE_SMITHING.get(), input, this.level);
                      ^
  符号:   方法 getRecipeManager()
  位置: 类型为Level的变量 level
D:\Minecraft-Mods\AnvilCraft\src\main\java\dev\dubhe\anvilcraft\inventory\EmberSmithingMenu.java:227: 错误: 方法不会覆盖或实现超类型的方法
    @Override
    ^
D:\Minecraft-Mods\AnvilCraft\src\main\java\dev\dubhe\anvilcraft\inventory\EmberSmithingMenu.java:262: 错误: 找不到符号
            for (int i = 2; i < 2 + templateItem.getSize(); i++) {
                                                ^
  符号:   方法 getSize()
  位置: 类型为BaseMultipleToOneTemplateItem的变量 templateItem
D:\Minecraft-Mods\AnvilCraft\src\main\java\dev\dubhe\anvilcraft\recipe\multiple\BaseMultipleToOneSmithingRecipe.java:120: 错误: BaseMultipleToOneSmithingRecipe中的getType()无法实现Recipe中的getType()
    public RecipeType<?> getType() {
                         ^
  返回类型RecipeType<?>与RecipeType<? extends Recipe<MultipleToOneSmithingRecipeInput>>不兼容
  其中, T是类型变量:
    T扩展已在接口 Recipe中声明的RecipeInput
D:\Minecraft-Mods\AnvilCraft\src\main\java\dev\dubhe\anvilcraft\recipe\multiple\BaseMultipleToOneSmithingRecipe.java:94: 错误: 方法不会覆盖或实现超类型的方法
    @Override
    ^
D:\Minecraft-Mods\AnvilCraft\src\main\java\dev\dubhe\anvilcraft\recipe\multiple\BaseMultipleToOneSmithingRecipe.java:109: 错误: 方法不会覆盖或实现超类型的方法
    @Override
    ^
D:\Minecraft-Mods\AnvilCraft\src\main\java\dev\dubhe\anvilcraft\recipe\multiple\BaseMultipleToOneSmithingRecipe.java:114: 错误: 方法不会覆盖或实现超类型的方法
    @Override
    ^
D:\Minecraft-Mods\AnvilCraft\src\main\java\dev\dubhe\anvilcraft\recipe\multiple\BaseMultipleToOneSmithingRecipe.java:119: 错误: 方法不会覆盖或实现超类型的方法
    @Override
    ^
D:\Minecraft-Mods\AnvilCraft\src\main\java\dev\dubhe\anvilcraft\recipe\multiple\BaseMultipleToOneSmithingRecipe.java:124: 错误: 方法不会覆盖或实现超类型的方法
    @Override
    ^
D:\Minecraft-Mods\AnvilCraft\src\main\java\dev\dubhe\anvilcraft\recipe\multiple\BaseMultipleToOneSmithingRecipe.java:190: 错误: 方法不会覆盖或实现超类型的方法
        @Override
        ^
D:\Minecraft-Mods\AnvilCraft\src\main\java\dev\dubhe\anvilcraft\recipe\multiple\BaseMultipleToOneSmithingRecipe.java:195: 错误: 方法不会覆盖或实现超类型的方法
        @Override
        ^
D:\Minecraft-Mods\AnvilCraft\src\main\java\dev\dubhe\anvilcraft\recipe\multiple\BaseMultipleToOneSmithingRecipe.java:369: 错误: BaseBuilder中的getResult()无法覆盖AbstractRecipeBuilder中的getResult()
        public Item getResult() {
                    ^
  返回类型Item与ItemStackTemplate不兼容
D:\Minecraft-Mods\AnvilCraft\src\main\java\dev\dubhe\anvilcraft\recipe\multiple\BaseMultipleToOneSmithingRecipe.java:227: 错误: 找不到符号
                    .hasComponents(DataComponentPredicate.allOf(material.getComponents())));
                                   ^
  符号:   变量 DataComponentPredicate
  位置: 类 BaseBuilder<R>
  其中, R是类型变量:
    R扩展已在类 BaseBuilder中声明的BaseMultipleToOneSmithingRecipe
D:\Minecraft-Mods\AnvilCraft\src\main\java\dev\dubhe\anvilcraft\recipe\multiple\BaseMultipleToOneSmithingRecipe.java:259: 错误: 找不到符号
                    .hasComponents(DataComponentPredicate.allOf(input.getComponents()))
                                   ^
  符号:   变量 DataComponentPredicate
  位置: 类 BaseBuilder<R>
  其中, R是类型变量:
    R扩展已在类 BaseBuilder中声明的BaseMultipleToOneSmithingRecipe
D:\Minecraft-Mods\AnvilCraft\src\main\java\dev\dubhe\anvilcraft\recipe\multiple\BaseMultipleToOneSmithingRecipe.java:368: 错误: 方法不会覆盖或实现超类型的方法
        @Override
        ^
D:\Minecraft-Mods\AnvilCraft\src\main\java\dev\dubhe\anvilcraft\client\gui\screen\EnergyWeaponMakeScreen.java:43: 错误: 找不到符号
            return EnergyWeaponMakeScreen.this.menu.getRecipes().size();
                                                   ^
  符号:   方法 getRecipes()
  位置: 类型为T的变量 menu
  其中, T是类型变量:
    T扩展已在类 AbstractContainerScreen中声明的AbstractContainerMenu
D:\Minecraft-Mods\AnvilCraft\src\main\java\dev\dubhe\anvilcraft\client\gui\screen\EnergyWeaponMakeScreen.java:66: 错误: 方法不会覆盖或实现超类型的方法
    @Override
    ^
D:\Minecraft-Mods\AnvilCraft\src\main\java\dev\dubhe\anvilcraft\client\gui\screen\EnergyWeaponMakeScreen.java:74: 错误: 意外的类型
        this.getImageHeight() = 175;
                           ^
  需要: 变量
  找到:    值
D:\Minecraft-Mods\AnvilCraft\src\main\java\dev\dubhe\anvilcraft\client\gui\screen\EnergyWeaponMakeScreen.java:89: 错误: 找不到符号
                PacketDistributor.sendToServer(new EnergyWeaponMakePackets.Make());
                                 ^
  符号:   方法 sendToServer(Make)
  位置: 类 PacketDistributor
D:\Minecraft-Mods\AnvilCraft\src\main\java\dev\dubhe\anvilcraft\client\gui\screen\EnergyWeaponMakeScreen.java:95: 错误: 方法不会覆盖或实现超类型的方法
    @Override
    ^
D:\Minecraft-Mods\AnvilCraft\src\main\java\dev\dubhe\anvilcraft\client\gui\screen\EnergyWeaponMakeScreen.java:105: 错误: 找不到符号
        if (this.menu.getRecipes().isEmpty()) return;
                     ^
  符号:   方法 getRecipes()
  位置: 类型为T的变量 menu
  其中, T是类型变量:
    T扩展已在类 AbstractContainerScreen中声明的AbstractContainerMenu
D:\Minecraft-Mods\AnvilCraft\src\main\java\dev\dubhe\anvilcraft\client\gui\screen\EnergyWeaponMakeScreen.java:106: 错误: 找不到符号
        for (int i = this.head; i < this.head + Math.min(this.menu.getRecipes().size() - this.head, 6); i++) {
                                                                  ^
  符号:   方法 getRecipes()
  位置: 类型为T的变量 menu
  其中, T是类型变量:
    T扩展已在类 AbstractContainerScreen中声明的AbstractContainerMenu
D:\Minecraft-Mods\AnvilCraft\src\main\java\dev\dubhe\anvilcraft\client\gui\screen\EnergyWeaponMakeScreen.java:110: 错误: 找不到符号
            RecipeHolder<EnergyWeaponMakeRecipe> recipe = ListUtil.safelyGet(this.menu.getRecipes(), i).orElse(null);
                                                                                      ^
  符号:   方法 getRecipes()
  位置: 类型为T的变量 menu
  其中, T是类型变量:
    T扩展已在类 AbstractContainerScreen中声明的AbstractContainerMenu
D:\Minecraft-Mods\AnvilCraft\src\main\java\dev\dubhe\anvilcraft\client\gui\screen\EnergyWeaponMakeScreen.java:113: 错误: 找不到符号
            ItemStack willRender = recipe.value().getResultItem(this.menu.getLevel().registryAccess());
                                                                         ^
  符号:   方法 getLevel()
  位置: 类型为T的变量 menu
  其中, T是类型变量:
    T扩展已在类 AbstractContainerScreen中声明的AbstractContainerMenu
D:\Minecraft-Mods\AnvilCraft\src\main\java\dev\dubhe\anvilcraft\client\gui\screen\EnergyWeaponMakeScreen.java:122: 错误: 找不到符号
            if (this.menu.getSelectedIndex() == i) {
                         ^
  符号:   方法 getSelectedIndex()
  位置: 类型为T的变量 menu
  其中, T是类型变量:
    T扩展已在类 AbstractContainerScreen中声明的AbstractContainerMenu
D:\Minecraft-Mods\AnvilCraft\src\main\java\dev\dubhe\anvilcraft\client\gui\screen\EnergyWeaponMakeScreen.java:133: 错误: 找不到符号
        if (this.menu.isCantCraft()) {
                     ^
  符号:   方法 isCantCraft()
  位置: 类型为T的变量 menu
  其中, T是类型变量:
    T扩展已在类 AbstractContainerScreen中声明的AbstractContainerMenu
D:\Minecraft-Mods\AnvilCraft\src\main\java\dev\dubhe\anvilcraft\client\gui\screen\EnergyWeaponMakeScreen.java:134: 错误: 找不到符号
            this.menu.setCantCraft(false);
                     ^
  符号:   方法 setCantCraft(boolean)
  位置: 类型为T的变量 menu
  其中, T是类型变量:
    T扩展已在类 AbstractContainerScreen中声明的AbstractContainerMenu
D:\Minecraft-Mods\AnvilCraft\src\main\java\dev\dubhe\anvilcraft\client\gui\screen\EnergyWeaponMakeScreen.java:156: 错误: 找不到符号
            RenderType.GUI_OVERLAY,
            ^
  符号:   变量 RenderType
  位置: 类 EnergyWeaponMakeScreen
D:\Minecraft-Mods\AnvilCraft\src\main\java\dev\dubhe\anvilcraft\client\gui\screen\EnergyWeaponMakeScreen.java:161: 错误: 程序包FastColor不存在
            FastColor.ARGB32.colorFromFloat(alpha * 0.9F, 1, 0, 0)
                     ^
D:\Minecraft-Mods\AnvilCraft\src\main\java\dev\dubhe\anvilcraft\client\gui\screen\EnergyWeaponMakeScreen.java:165: 错误: 方法不会覆盖或实现超类型的方法
    @Override
    ^
D:\Minecraft-Mods\AnvilCraft\src\main\java\dev\dubhe\anvilcraft\client\gui\screen\EnergyWeaponMakeScreen.java:188: 错误: 找不到符号
                ItemStack[] stacks = filtered.getFilter().getItems();
                                             ^
  符号:   方法 getFilter()
  位置: 类型为FilteredSlot的变量 filtered
D:\Minecraft-Mods\AnvilCraft\src\main\java\dev\dubhe\anvilcraft\client\gui\screen\EnergyWeaponMakeScreen.java:199: 错误: 找不到符号
            } else if (stack.getCount() < filtered.getFilter().count()) {
                                                  ^
  符号:   方法 getFilter()
  位置: 类型为FilteredSlot的变量 filtered
D:\Minecraft-Mods\AnvilCraft\src\main\java\dev\dubhe\anvilcraft\client\gui\screen\EnergyWeaponMakeScreen.java:217: 错误: 方法不会覆盖或实现超类型的方法
    @Override
    ^
D:\Minecraft-Mods\AnvilCraft\src\main\java\dev\dubhe\anvilcraft\client\gui\screen\EnergyWeaponMakeScreen.java:239: 错误: 方法不会覆盖或实现超类型的方法
    @Override
    ^
D:\Minecraft-Mods\AnvilCraft\src\main\java\dev\dubhe\anvilcraft\client\gui\screen\EnergyWeaponMakeScreen.java:243: 错误: 对于init(Minecraft,int,int), 找不到合适的方法
        this.init(minecraft, width, height);
            ^
    方法 Screen.init(int,int)不适用
      (实际参数列表和形式参数列表长度不同)
    方法 EnergyWeaponMakeScreen.init()不适用
      (实际参数列表和形式参数列表长度不同)
D:\Minecraft-Mods\AnvilCraft\src\main\java\dev\dubhe\anvilcraft\client\gui\screen\EnergyWeaponMakeScreen.java:253: 错误: 找不到符号
            for (int i = this.head; i < this.head + Math.min(this.menu.getRecipes().size() - this.head, 6); i++) {
                                                                      ^
  符号:   方法 getRecipes()
  位置: 类型为T的变量 menu
  其中, T是类型变量:
    T扩展已在类 AbstractContainerScreen中声明的AbstractContainerMenu
D:\Minecraft-Mods\AnvilCraft\src\main\java\dev\dubhe\anvilcraft\client\gui\screen\EnergyWeaponMakeScreen.java:258: 错误: 找不到符号
                if (this.menu.getSelectedIndex() == i) {
                             ^
  符号:   方法 getSelectedIndex()
  位置: 类型为T的变量 menu
  其中, T是类型变量:
    T扩展已在类 AbstractContainerScreen中声明的AbstractContainerMenu
D:\Minecraft-Mods\AnvilCraft\src\main\java\dev\dubhe\anvilcraft\client\gui\screen\EnergyWeaponMakeScreen.java:260: 错误: 找不到符号
                    PacketDistributor.sendToServer(new EnergyWeaponMakePackets.Select(-1));
                                     ^
  符号:   方法 sendToServer(Select)
  位置: 类 PacketDistributor
D:\Minecraft-Mods\AnvilCraft\src\main\java\dev\dubhe\anvilcraft\client\gui\screen\EnergyWeaponMakeScreen.java:263: 错误: 找不到符号
                    PacketDistributor.sendToServer(new EnergyWeaponMakePackets.Select(i));
                                     ^
  符号:   方法 sendToServer(Select)
  位置: 类 PacketDistributor
D:\Minecraft-Mods\AnvilCraft\src\main\java\dev\dubhe\anvilcraft\inventory\EnergyWeaponMakeMenu.java:64: 错误: 找不到符号
        this.recipes = this.level.getRecipeManager().getAllRecipesFor(ModRecipeTypes.ENERGY_WEAPON_MAKE.get());
                                 ^
  符号:   方法 getRecipeManager()
  位置: 类型为Level的变量 level
D:\Minecraft-Mods\AnvilCraft\src\main\java\dev\dubhe\anvilcraft\inventory\EnergyWeaponMakeMenu.java:137: 错误: 找不到符号
            stack.shrink(slot.getFilter().count());
                             ^
  符号:   方法 getFilter()
  位置: 类型为FilteredSlot的变量 slot
D:\Minecraft-Mods\AnvilCraft\src\main\java\dev\dubhe\anvilcraft\inventory\EnergyWeaponMakeMenu.java:160: 错误: 找不到符号
                this.getFilteredSlot(i).setFilter(ingredient);
                                       ^
  符号:   方法 setFilter(ItemIngredientPredicate)
  位置: 类 FilteredSlot
D:\Minecraft-Mods\AnvilCraft\src\main\java\dev\dubhe\anvilcraft\recipe\EnergyWeaponMakeRecipe.java:34: 错误: EnergyWeaponMakeRecipe不是抽象的, 并且未覆盖Recipe中的抽象方法recipeBookCategory()
public record EnergyWeaponMakeRecipe(
       ^
D:\Minecraft-Mods\AnvilCraft\src\main\java\dev\dubhe\anvilcraft\recipe\EnergyWeaponMakeRecipe.java:48: 错误: EnergyWeaponMakeRecipe中的getType()无法实现Recipe中的getType()
    public RecipeType<?> getType() {
                         ^
  返回类型RecipeType<?>与RecipeType<? extends Recipe<Input>>不兼容
  其中, T是类型变量:
    T扩展已在接口 Recipe中声明的RecipeInput
D:\Minecraft-Mods\AnvilCraft\src\main\java\dev\dubhe\anvilcraft\recipe\EnergyWeaponMakeRecipe.java:53: 错误: EnergyWeaponMakeRecipe中的getSerializer()无法实现Recipe中的getSerializer()
    public RecipeSerializer<?> getSerializer() {
                               ^
  返回类型RecipeSerializer<?>与RecipeSerializer<? extends Recipe<Input>>不兼容
  其中, T是类型变量:
    T扩展已在接口 Recipe中声明的RecipeInput
D:\Minecraft-Mods\AnvilCraft\src\main\java\dev\dubhe\anvilcraft\recipe\EnergyWeaponMakeRecipe.java:47: 错误: 方法不会覆盖或实现超类型的方法
    @Override
    ^
D:\Minecraft-Mods\AnvilCraft\src\main\java\dev\dubhe\anvilcraft\recipe\EnergyWeaponMakeRecipe.java:52: 错误: 方法不会覆盖或实现超类型的方法
    @Override
    ^
D:\Minecraft-Mods\AnvilCraft\src\main\java\dev\dubhe\anvilcraft\recipe\EnergyWeaponMakeRecipe.java:54: 错误: 找不到符号
        return ModRecipeTypes.ENERGY_WEAPON_MAKE_SERIALIZER.get();
                             ^
  符号:   变量 ENERGY_WEAPON_MAKE_SERIALIZER
  位置: 类 ModRecipeTypes
D:\Minecraft-Mods\AnvilCraft\src\main\java\dev\dubhe\anvilcraft\recipe\EnergyWeaponMakeRecipe.java:57: 错误: 方法不会覆盖或实现超类型的方法
    @Override
    ^
D:\Minecraft-Mods\AnvilCraft\src\main\java\dev\dubhe\anvilcraft\recipe\EnergyWeaponMakeRecipe.java:62: 错误: 方法不会覆盖或实现超类型的方法
    @Override
    ^
D:\Minecraft-Mods\AnvilCraft\src\main\java\dev\dubhe\anvilcraft\recipe\EnergyWeaponMakeRecipe.java:67: 错误: 方法不会覆盖或实现超类型的方法
    @Override
    ^
D:\Minecraft-Mods\AnvilCraft\src\main\java\dev\dubhe\anvilcraft\recipe\EnergyWeaponMakeRecipe.java:128: 错误: 方法不会覆盖或实现超类型的方法
        @Override
        ^
D:\Minecraft-Mods\AnvilCraft\src\main\java\dev\dubhe\anvilcraft\recipe\EnergyWeaponMakeRecipe.java:133: 错误: 方法不会覆盖或实现超类型的方法
        @Override
        ^
D:\Minecraft-Mods\AnvilCraft\src\main\java\dev\dubhe\anvilcraft\recipe\EnergyWeaponMakeRecipe.java:141: 错误: Builder不是抽象的, 并且未覆盖AbstractRecipeBuilder中的抽象方法getResult()
    public static class Builder extends AbstractRecipeBuilder<EnergyWeaponMakeRecipe> {
                  ^
D:\Minecraft-Mods\AnvilCraft\src\main\java\dev\dubhe\anvilcraft\recipe\EnergyWeaponMakeRecipe.java:193: 错误: Builder中的getResult()无法覆盖AbstractRecipeBuilder中的getResult()
        public Item getResult() {
                    ^
  返回类型Item与ItemStackTemplate不兼容
D:\Minecraft-Mods\AnvilCraft\src\main\java\dev\dubhe\anvilcraft\recipe\EnergyWeaponMakeRecipe.java:192: 错误: 方法不会覆盖或实现超类型的方法
        @Override
        ^
D:\Minecraft-Mods\AnvilCraft\src\main\java\dev\dubhe\anvilcraft\client\gui\screen\FilterScreen.java:39: 错误: 方法不会覆盖或实现超类型的方法
    @Override
    ^
D:\Minecraft-Mods\AnvilCraft\src\main\java\dev\dubhe\anvilcraft\client\gui\screen\FilterScreen.java:48: 错误: 找不到符号
        FilterContainer container = this.getMenu().getContainer();
                                                  ^
  符号:   方法 getContainer()
  位置: 类 FilterMenu
D:\Minecraft-Mods\AnvilCraft\src\main\java\dev\dubhe\anvilcraft\client\gui\screen\FilterScreen.java:67: 错误: 找不到符号
        )).setCurrent(container.includeComponents() ? 0 : 1);
          ^
  符号:   方法 setCurrent(int)
  位置: 类 SwitchableButton
D:\Minecraft-Mods\AnvilCraft\src\main\java\dev\dubhe\anvilcraft\client\gui\screen\FilterScreen.java:85: 错误: 找不到符号
        )).setCurrent(container.blackList() ? 0 : 1);
          ^
  符号:   方法 setCurrent(int)
  位置: 类 SwitchableButton
D:\Minecraft-Mods\AnvilCraft\src\main\java\dev\dubhe\anvilcraft\client\gui\screen\FilterScreen.java:88: 错误: 方法不会覆盖或实现超类型的方法
    @Override
    ^
D:\Minecraft-Mods\AnvilCraft\src\main\java\dev\dubhe\anvilcraft\inventory\FilterMenu.java:75: 错误: 找不到符号
            clickType == ClickType.SWAP
                         ^
  符号:   变量 ClickType
  位置: 类 FilterMenu
D:\Minecraft-Mods\AnvilCraft\src\main\java\dev\dubhe\anvilcraft\inventory\container\FilterContainer.java:85: 错误: 找不到符号
        PacketDistributor.sendToServer(new FilterContentSyncPacket(position, content));
                         ^
  符号:   方法 sendToServer(FilterContentSyncPacket)
  位置: 类 PacketDistributor
D:\Minecraft-Mods\AnvilCraft\src\main\java\dev\dubhe\anvilcraft\inventory\container\FilterContainer.java:89: 错误: 找不到符号
        return this.getContent().includeComponents();
                   ^
  符号: 方法 getContent()
D:\Minecraft-Mods\AnvilCraft\src\main\java\dev\dubhe\anvilcraft\inventory\container\FilterContainer.java:93: 错误: 找不到符号
        return this.getContent().blackList();
                   ^
  符号: 方法 getContent()
D:\Minecraft-Mods\AnvilCraft\src\main\java\dev\dubhe\anvilcraft\inventory\container\FilterContainer.java:97: 错误: 找不到符号
        this.setContent(this.getContent().setIncludeComponents(includeComponents));
                            ^
  符号: 方法 getContent()
D:\Minecraft-Mods\AnvilCraft\src\main\java\dev\dubhe\anvilcraft\inventory\container\FilterContainer.java:101: 错误: 找不到符号
        this.setContent(this.getContent().setBlackList(blackList));
                            ^
  符号: 方法 getContent()
D:\Minecraft-Mods\AnvilCraft\src\main\java\dev\dubhe\anvilcraft\client\gui\screen\FrostAnvilScreen.java:21: 错误: FrostAnvilScreen不是抽象的, 并且未覆盖ItemCombinerScreen中的抽象方法extractErrorIcon(GuiGraphicsExtractor,int,int)
public class FrostAnvilScreen extends ItemCombinerScreen<FrostAnvilMenu> {
       ^
D:\Minecraft-Mods\AnvilCraft\src\main\java\dev\dubhe\anvilcraft\client\gui\screen\FrostAnvilScreen.java:62: 错误: 方法不会覆盖或实现超类型的方法
    @Override
    ^
D:\Minecraft-Mods\AnvilCraft\src\main\java\dev\dubhe\anvilcraft\client\gui\screen\FrostAnvilScreen.java:65: 错误: 对于init(Minecraft,int,int), 找不到合适的方法
        this.init(minecraft, width, height);
            ^
    方法 Screen.init(int,int)不适用
      (实际参数列表和形式参数列表长度不同)
    方法 FrostAnvilScreen.init()不适用
      (实际参数列表和形式参数列表长度不同)
D:\Minecraft-Mods\AnvilCraft\src\main\java\dev\dubhe\anvilcraft\client\gui\screen\FrostAnvilScreen.java:74: 错误: 无法将类 EditBox中的方法 keyPressed应用到给定类型;
        if (this.name.keyPressed(event.key(), event.scancode(), event.modifiers()) || this.name.canConsumeInput()) {
                     ^
  需要: KeyEvent
  找到:    int,int,int
  原因: 实际参数列表和形式参数列表长度不同
D:\Minecraft-Mods\AnvilCraft\src\main\java\dev\dubhe\anvilcraft\client\gui\screen\FrostAnvilScreen.java:95: 错误: 方法不会覆盖或实现超类型的方法
    @Override
    ^
D:\Minecraft-Mods\AnvilCraft\src\main\java\dev\dubhe\anvilcraft\client\gui\screen\FrostAnvilScreen.java:125: 错误: 方法不会覆盖或实现超类型的方法
    @Override
    ^
D:\Minecraft-Mods\AnvilCraft\src\main\java\dev\dubhe\anvilcraft\client\gui\screen\FrostAnvilScreen.java:134: 错误: 方法不会覆盖或实现超类型的方法
    @Override
    ^
D:\Minecraft-Mods\AnvilCraft\src\main\java\dev\dubhe\anvilcraft\client\gui\screen\FrostAnvilScreen.java:139: 错误: 方法不会覆盖或实现超类型的方法
    @Override
    ^
D:\Minecraft-Mods\AnvilCraft\src\main\java\dev\dubhe\anvilcraft\inventory\FrostAnvilMenu.java:16: 错误: 无法将类 Builder中的方法 allowBeyondMaxLevel应用到给定类型;
        .allowBeyondMaxLevel(AnvilCraft.CONFIG.frostAnvilBeyondMaxLevel)
        ^
  需要: 没有参数
  找到:    boolean
  原因: 实际参数列表和形式参数列表长度不同
D:\Minecraft-Mods\AnvilCraft\src\main\java\dev\dubhe\anvilcraft\inventory\FrostAnvilMenu.java:42: 错误: FrostAnvilMenu中的createResult()无法覆盖AnvilMenu中的createResult()
    public void createResult() {
                ^
  被覆盖的方法为final
D:\Minecraft-Mods\AnvilCraft\src\main\java\dev\dubhe\anvilcraft\inventory\FrostAnvilMenu.java:50: 错误: 找不到符号
            tax -> CommonHooks.onAnvilChange(this, inputLeft, inputRight, this.resultSlots, this.itemName, tax, this.player)
                              ^
  符号:   方法 onAnvilChange(FrostAnvilMenu,ItemStack,ItemStack,ResultContainer,String,long,Player)
  位置: 类 CommonHooks
D:\Minecraft-Mods\AnvilCraft\src\main\java\dev\dubhe\anvilcraft\client\gui\screen\FrostGrindstoneScreen.java:39: 错误: 找不到符号
            return FrostGrindstoneScreen.this.menu.getEnchantments().size();
                                                  ^
  符号:   方法 getEnchantments()
  位置: 类型为FrostGrindstoneMenu的变量 menu
D:\Minecraft-Mods\AnvilCraft\src\main\java\dev\dubhe\anvilcraft\client\gui\screen\FrostGrindstoneScreen.java:62: 错误: 方法不会覆盖或实现超类型的方法
    @Override
    ^
D:\Minecraft-Mods\AnvilCraft\src\main\java\dev\dubhe\anvilcraft\client\gui\screen\FrostGrindstoneScreen.java:74: 错误: 方法不会覆盖或实现超类型的方法
    @Override
    ^
D:\Minecraft-Mods\AnvilCraft\src\main\java\dev\dubhe\anvilcraft\client\gui\screen\FrostGrindstoneScreen.java:81: 错误: 方法不会覆盖或实现超类型的方法
    @Override
    ^
D:\Minecraft-Mods\AnvilCraft\src\main\java\dev\dubhe\anvilcraft\client\gui\screen\FrostGrindstoneScreen.java:95: 错误: 找不到符号
        if (this.menu.getEnchantments().isEmpty()) return;
                     ^
  符号:   方法 getEnchantments()
  位置: 类型为FrostGrindstoneMenu的变量 menu
D:\Minecraft-Mods\AnvilCraft\src\main\java\dev\dubhe\anvilcraft\client\gui\screen\FrostGrindstoneScreen.java:96: 错误: 找不到符号
        for (int i = this.head; i < this.head + Math.min(this.menu.getEnchantments().size() - this.head, 6); i++) {
                                                                  ^
  符号:   方法 getEnchantments()
  位置: 类型为FrostGrindstoneMenu的变量 menu
D:\Minecraft-Mods\AnvilCraft\src\main\java\dev\dubhe\anvilcraft\client\gui\screen\FrostGrindstoneScreen.java:100: 错误: 找不到符号
            EnchantmentData data = ListUtil.safelyGet(this.menu.getEnchantments(), i).orElse(null);
                                                               ^
  符号:   方法 getEnchantments()
  位置: 类型为FrostGrindstoneMenu的变量 menu
D:\Minecraft-Mods\AnvilCraft\src\main\java\dev\dubhe\anvilcraft\client\gui\screen\FrostGrindstoneScreen.java:103: 错误: 找不到符号
            ItemStack willRender = EnchantedBookItem.createForEnchantment(data.toEnchantmentInst());
                                   ^
  符号:   变量 EnchantedBookItem
  位置: 类 FrostGrindstoneScreen
D:\Minecraft-Mods\AnvilCraft\src\main\java\dev\dubhe\anvilcraft\client\gui\screen\FrostGrindstoneScreen.java:112: 错误: 找不到符号
            if (this.menu.getSelectedIndexes().contains(i)) {
                         ^
  符号:   方法 getSelectedIndexes()
  位置: 类型为FrostGrindstoneMenu的变量 menu
D:\Minecraft-Mods\AnvilCraft\src\main\java\dev\dubhe\anvilcraft\client\gui\screen\FrostGrindstoneScreen.java:143: 错误: 方法不会覆盖或实现超类型的方法
    @Override
    ^
D:\Minecraft-Mods\AnvilCraft\src\main\java\dev\dubhe\anvilcraft\client\gui\screen\FrostGrindstoneScreen.java:147: 错误: 对于init(Minecraft,int,int), 找不到合适的方法
        this.init(minecraft, width, height);
            ^
    方法 Screen.init(int,int)不适用
      (实际参数列表和形式参数列表长度不同)
    方法 FrostGrindstoneScreen.init()不适用
      (实际参数列表和形式参数列表长度不同)
D:\Minecraft-Mods\AnvilCraft\src\main\java\dev\dubhe\anvilcraft\client\gui\screen\FrostGrindstoneScreen.java:157: 错误: 找不到符号
            for (int i = this.head; i < this.head + Math.min(this.menu.getEnchantments().size() - this.head, 6); i++) {
                                                                      ^
  符号:   方法 getEnchantments()
  位置: 类型为FrostGrindstoneMenu的变量 menu
D:\Minecraft-Mods\AnvilCraft\src\main\java\dev\dubhe\anvilcraft\client\gui\screen\FrostGrindstoneScreen.java:162: 错误: 找不到符号
                if (this.menu.getSelectedIndexes().contains(i)) {
                             ^
  符号:   方法 getSelectedIndexes()
  位置: 类型为FrostGrindstoneMenu的变量 menu
D:\Minecraft-Mods\AnvilCraft\src\main\java\dev\dubhe\anvilcraft\client\gui\screen\FrostGrindstoneScreen.java:164: 错误: 找不到符号
                    PacketDistributor.sendToServer(new FrostGrindstoneSyncPacket(i, false));
                                     ^
  符号:   方法 sendToServer(FrostGrindstoneSyncPacket)
  位置: 类 PacketDistributor
D:\Minecraft-Mods\AnvilCraft\src\main\java\dev\dubhe\anvilcraft\client\gui\screen\FrostGrindstoneScreen.java:167: 错误: 找不到符号
                    PacketDistributor.sendToServer(new FrostGrindstoneSyncPacket(i, true));
                                     ^
  符号:   方法 sendToServer(FrostGrindstoneSyncPacket)
  位置: 类 PacketDistributor
D:\Minecraft-Mods\AnvilCraft\src\main\java\dev\dubhe\anvilcraft\inventory\FrostGrindstoneMenu.java:126: 错误: random 在 Level 中是 protected 访问控制
                return xp > 0 ? xp + level.random.nextInt(xp) : 0;
                                          ^
D:\Minecraft-Mods\AnvilCraft\src\main\java\dev\dubhe\anvilcraft\client\gui\screen\FrostSmithingScreen.java:34: 错误: FrostSmithingScreen不是抽象的, 并且未覆盖ItemCombinerScreen中的抽象方法extractErrorIcon(GuiGraphicsExtractor,int,int)
public class FrostSmithingScreen extends ItemCombinerScreen<FrostSmithingMenu> {
       ^
D:\Minecraft-Mods\AnvilCraft\src\main\java\dev\dubhe\anvilcraft\client\gui\screen\FrostSmithingScreen.java:84: 错误: 方法不会覆盖或实现超类型的方法
    @Override
    ^
D:\Minecraft-Mods\AnvilCraft\src\main\java\dev\dubhe\anvilcraft\client\gui\screen\FrostSmithingScreen.java:105: 错误: 找不到符号
                PacketDistributor.sendToServer(new FrostSmithingPackets.ClickButton(true));
                                 ^
  符号:   方法 sendToServer(ClickButton)
  位置: 类 PacketDistributor
D:\Minecraft-Mods\AnvilCraft\src\main\java\dev\dubhe\anvilcraft\client\gui\screen\FrostSmithingScreen.java:120: 错误: 找不到符号
                PacketDistributor.sendToServer(new FrostSmithingPackets.ClickButton(false));
                                 ^
  符号:   方法 sendToServer(ClickButton)
  位置: 类 PacketDistributor
D:\Minecraft-Mods\AnvilCraft\src\main\java\dev\dubhe\anvilcraft\client\gui\screen\FrostSmithingScreen.java:180: 错误: 方法不会覆盖或实现超类型的方法
    @Override
    ^
D:\Minecraft-Mods\AnvilCraft\src\main\java\dev\dubhe\anvilcraft\client\gui\screen\FrostSmithingScreen.java:186: 错误: 方法不会覆盖或实现超类型的方法
    @Override
    ^
D:\Minecraft-Mods\AnvilCraft\src\main\java\dev\dubhe\anvilcraft\client\gui\screen\FrostSmithingScreen.java:233: 错误: 找不到符号
        if (stack.getItem() instanceof ArmorItem armor) {
                                       ^
  符号:   类 ArmorItem
  位置: 类 FrostSmithingScreen
D:\Minecraft-Mods\AnvilCraft\src\main\java\dev\dubhe\anvilcraft\client\gui\screen\FrostSmithingScreen.java:240: 错误: 方法不会覆盖或实现超类型的方法
    @Override
    ^
D:\Minecraft-Mods\AnvilCraft\src\main\java\dev\dubhe\anvilcraft\inventory\FrostSmithingMenu.java:56: 错误: 无法将类 ItemCombinerMenu中的构造器 ItemCombinerMenu应用到给定类型;
        super(type, containerId, playerInventory, access);
        ^
  需要: MenuType<?>,int,Inventory,ContainerLevelAccess,ItemCombinerMenuSlotDefinition
  找到:    MenuType<FrostSmithingMenu>,int,Inventory,ContainerLevelAccess
  原因: 实际参数列表和形式参数列表长度不同
D:\Minecraft-Mods\AnvilCraft\src\main\java\dev\dubhe\anvilcraft\inventory\FrostSmithingMenu.java:59: 错误: 找不到符号
            .addAll(this.level.getRecipeManager().getAllRecipesFor(ModRecipeTypes.PERMUTATION.get()))
                              ^
  符号:   方法 getRecipeManager()
  位置: 类型为Level的变量 level
D:\Minecraft-Mods\AnvilCraft\src\main\java\dev\dubhe\anvilcraft\inventory\FrostSmithingMenu.java:60: 错误: 找不到符号
            .addAll(this.level.getRecipeManager().getAllRecipesFor(ModRecipeTypes.DEFORMATION.get()))
                              ^
  符号:   方法 getRecipeManager()
  位置: 类型为Level的变量 level
D:\Minecraft-Mods\AnvilCraft\src\main\java\dev\dubhe\anvilcraft\inventory\FrostSmithingMenu.java:64: 错误: 方法不会覆盖或实现超类型的方法
    @Override
    ^
D:\Minecraft-Mods\AnvilCraft\src\main\java\dev\dubhe\anvilcraft\inventory\FrostSmithingMenu.java:132: 错误: 无法将类 ItemStack中的方法 onCraftedBy应用到给定类型;
        stack.onCraftedBy(player.level(), player, stack.getCount());
             ^
  需要: Player,int
  找到:    Level,Player,int
  原因: 实际参数列表和形式参数列表长度不同
D:\Minecraft-Mods\AnvilCraft\src\main\java\dev\dubhe\anvilcraft\inventory\FrostSmithingMenu.java:154: 错误: 找不到符号
        List<RecipeHolder<PermutationRecipe>> permuts = this.level.getRecipeManager()
                                                                  ^
  符号:   方法 getRecipeManager()
  位置: 类型为Level的变量 level
D:\Minecraft-Mods\AnvilCraft\src\main\java\dev\dubhe\anvilcraft\inventory\FrostSmithingMenu.java:175: 错误: 找不到符号
        List<RecipeHolder<DeformationRecipe>> deforms = this.level.getRecipeManager()
                                                                  ^
  符号:   方法 getRecipeManager()
  位置: 类型为Level的变量 level
D:\Minecraft-Mods\AnvilCraft\src\main\java\dev\dubhe\anvilcraft\inventory\FrostSmithingMenu.java:202: 错误: 方法不会覆盖或实现超类型的方法
    @Override
    ^
D:\Minecraft-Mods\AnvilCraft\src\main\java\dev\dubhe\anvilcraft\recipe\frost\IFrostSmithingRecipe.java:60: 错误: 方法不会覆盖或实现超类型的方法
    @Override
    ^
D:\Minecraft-Mods\AnvilCraft\src\main\java\dev\dubhe\anvilcraft\recipe\frost\IFrostSmithingRecipe.java:81: 错误: 方法不会覆盖或实现超类型的方法
    @Override
    ^
D:\Minecraft-Mods\AnvilCraft\src\main\java\dev\dubhe\anvilcraft\recipe\frost\IFrostSmithingRecipe.java:86: 错误: 方法不会覆盖或实现超类型的方法
    @Override
    ^
D:\Minecraft-Mods\AnvilCraft\src\main\java\dev\dubhe\anvilcraft\recipe\frost\IFrostSmithingRecipe.java:229: 错误: BaseBuilder中的getResult()无法覆盖AbstractRecipeBuilder中的getResult()
        public Item getResult() {
                    ^
  返回类型Item与ItemStackTemplate不兼容
D:\Minecraft-Mods\AnvilCraft\src\main\java\dev\dubhe\anvilcraft\recipe\frost\IFrostSmithingRecipe.java:116: 错误: 找不到符号
                    .hasComponents(DataComponentPredicate.allOf(template.getComponents()))
                                   ^
  符号:   变量 DataComponentPredicate
  位置: 类 BaseBuilder<B,R>
  其中, B,R是类型变量:
    B扩展已在类 BaseBuilder中声明的BaseBuilder<B,R>
    R扩展已在类 BaseBuilder中声明的IFrostSmithingRecipe
D:\Minecraft-Mods\AnvilCraft\src\main\java\dev\dubhe\anvilcraft\recipe\frost\IFrostSmithingRecipe.java:153: 错误: 找不到符号
                    .hasComponents(DataComponentPredicate.allOf(material.getComponents()))
                                   ^
  符号:   变量 DataComponentPredicate
  位置: 类 BaseBuilder<B,R>
  其中, B,R是类型变量:
    B扩展已在类 BaseBuilder中声明的BaseBuilder<B,R>
    R扩展已在类 BaseBuilder中声明的IFrostSmithingRecipe
D:\Minecraft-Mods\AnvilCraft\src\main\java\dev\dubhe\anvilcraft\recipe\frost\IFrostSmithingRecipe.java:228: 错误: 方法不会覆盖或实现超类型的方法
        @Override
        ^
D:\Minecraft-Mods\AnvilCraft\src\main\java\dev\dubhe\anvilcraft\client\gui\screen\IntegrationScreen.java:94: 错误: 方法不会覆盖或实现超类型的方法
    @Override
    ^
D:\Minecraft-Mods\AnvilCraft\src\main\java\dev\dubhe\anvilcraft\client\gui\screen\IntegrationScreen.java:117: 错误: 找不到符号
            IntegrationScreen.this.setTooltipForNextRenderPass(this.tooltip);
                                  ^
  符号: 方法 setTooltipForNextRenderPass(List<FormattedCharSequence>)
D:\Minecraft-Mods\AnvilCraft\src\main\java\dev\dubhe\anvilcraft\client\gui\screen\IntegrationScreen.java:121: 错误: IntegrationScreen.BaseIntegrationEntry不是抽象的, 并且未覆盖Entry中的抽象方法extractContent(GuiGraphicsExtractor,int,int,boolean,float)
    public class BaseIntegrationEntry extends AbstractIntegrationEntry {
           ^
D:\Minecraft-Mods\AnvilCraft\src\main\java\dev\dubhe\anvilcraft\client\gui\screen\IntegrationScreen.java:196: 错误: 找不到符号
                        URI uri = Util.parseAndValidateUntrustedUri(url);
                                  ^
  符号:   变量 Util
  位置: 类 IntegrationScreen.BaseIntegrationEntry
D:\Minecraft-Mods\AnvilCraft\src\main\java\dev\dubhe\anvilcraft\client\gui\screen\IntegrationScreen.java:201: 错误: 找不到符号
                                        Util.getPlatform().openUri(uri);
                                        ^
  符号:   变量 Util
  位置: 类 IntegrationScreen.BaseIntegrationEntry
D:\Minecraft-Mods\AnvilCraft\src\main\java\dev\dubhe\anvilcraft\client\gui\screen\IntegrationScreen.java:207: 错误: 找不到符号
                            Util.getPlatform().openUri(uri);
                            ^
  符号:   变量 Util
  位置: 类 IntegrationScreen.BaseIntegrationEntry
D:\Minecraft-Mods\AnvilCraft\src\main\java\dev\dubhe\anvilcraft\client\gui\screen\IntegrationScreen.java:219: 错误: 方法不会覆盖或实现超类型的方法
        @Override
        ^
D:\Minecraft-Mods\AnvilCraft\src\main\java\dev\dubhe\anvilcraft\client\gui\screen\IntegrationScreen.java:274: 错误: IntegrationScreen.NoteIntegrationEntry不是抽象的, 并且未覆盖Entry中的抽象方法extractContent(GuiGraphicsExtractor,int,int,boolean,float)
    public class NoteIntegrationEntry extends AbstractIntegrationEntry {
           ^
D:\Minecraft-Mods\AnvilCraft\src\main\java\dev\dubhe\anvilcraft\client\gui\screen\IntegrationScreen.java:284: 错误: 方法不会覆盖或实现超类型的方法
        @Override
        ^
D:\Minecraft-Mods\AnvilCraft\src\main\java\dev\dubhe\anvilcraft\client\gui\screen\IntegrationScreen.java:327: 错误: IntegrationScreen.CategoryIntegrationEntry不是抽象的, 并且未覆盖Entry中的抽象方法extractContent(GuiGraphicsExtractor,int,int,boolean,float)
    public class CategoryIntegrationEntry extends AbstractIntegrationEntry {
           ^
D:\Minecraft-Mods\AnvilCraft\src\main\java\dev\dubhe\anvilcraft\client\gui\screen\IntegrationScreen.java:335: 错误: 方法不会覆盖或实现超类型的方法
        @Override
        ^
D:\Minecraft-Mods\AnvilCraft\src\main\java\dev\dubhe\anvilcraft\client\gui\screen\IntegrationScreen.java:430: 错误: 方法不会覆盖或实现超类型的方法
        @Override
        ^
D:\Minecraft-Mods\AnvilCraft\src\main\java\dev\dubhe\anvilcraft\client\gui\screen\ItemCollectorScreen.java:47: 错误: 无法为 final 变量 minecraft 分配值
        this.minecraft = Minecraft.getInstance();
            ^
D:\Minecraft-Mods\AnvilCraft\src\main\java\dev\dubhe\anvilcraft\client\gui\screen\ItemCollectorScreen.java:50: 错误: 方法不会覆盖或实现超类型的方法
    @Override
    ^
D:\Minecraft-Mods\AnvilCraft\src\main\java\dev\dubhe\anvilcraft\client\gui\screen\ItemCollectorScreen.java:69: 错误: 找不到符号
            () -> Component.literal(this.menu.getBlockEntity().getRangeRadius().get().toString())
                                             ^
  符号:   方法 getBlockEntity()
  位置: 类型为ItemCollectorMenu的变量 menu
D:\Minecraft-Mods\AnvilCraft\src\main\java\dev\dubhe\anvilcraft\client\gui\screen\ItemCollectorScreen.java:78: 错误: 找不到符号
            () -> Component.literal(this.menu.getBlockEntity().getCooldown().get().toString())
                                             ^
  符号:   方法 getBlockEntity()
  位置: 类型为ItemCollectorMenu的变量 menu
D:\Minecraft-Mods\AnvilCraft\src\main\java\dev\dubhe\anvilcraft\client\gui\screen\ItemCollectorScreen.java:87: 错误: 找不到符号
            () -> Component.literal(Integer.toString(this.menu.getBlockEntity().getInputPower()))
                                                              ^
  符号:   方法 getBlockEntity()
  位置: 类型为ItemCollectorMenu的变量 menu
D:\Minecraft-Mods\AnvilCraft\src\main\java\dev\dubhe\anvilcraft\client\gui\screen\ItemCollectorScreen.java:92: 错误: 找不到符号
            this.menu.getBlockEntity().getRangeRadius().previous();
                     ^
  符号:   方法 getBlockEntity()
  位置: 类型为ItemCollectorMenu的变量 menu
D:\Minecraft-Mods\AnvilCraft\src\main\java\dev\dubhe\anvilcraft\client\gui\screen\ItemCollectorScreen.java:93: 错误: 找不到符号
            this.menu.getBlockEntity().getRangeRadius().notifyServer();
                     ^
  符号:   方法 getBlockEntity()
  位置: 类型为ItemCollectorMenu的变量 menu
D:\Minecraft-Mods\AnvilCraft\src\main\java\dev\dubhe\anvilcraft\client\gui\screen\ItemCollectorScreen.java:98: 错误: 找不到符号
            this.menu.getBlockEntity().getRangeRadius().next();
                     ^
  符号:   方法 getBlockEntity()
  位置: 类型为ItemCollectorMenu的变量 menu
D:\Minecraft-Mods\AnvilCraft\src\main\java\dev\dubhe\anvilcraft\client\gui\screen\ItemCollectorScreen.java:99: 错误: 找不到符号
            this.menu.getBlockEntity().getRangeRadius().notifyServer();
                     ^
  符号:   方法 getBlockEntity()
  位置: 类型为ItemCollectorMenu的变量 menu
D:\Minecraft-Mods\AnvilCraft\src\main\java\dev\dubhe\anvilcraft\client\gui\screen\ItemCollectorScreen.java:105: 错误: 找不到符号
            this.menu.getBlockEntity().getCooldown().previous();
                     ^
  符号:   方法 getBlockEntity()
  位置: 类型为ItemCollectorMenu的变量 menu
D:\Minecraft-Mods\AnvilCraft\src\main\java\dev\dubhe\anvilcraft\client\gui\screen\ItemCollectorScreen.java:106: 错误: 找不到符号
            this.menu.getBlockEntity().getCooldown().notifyServer();
                     ^
  符号:   方法 getBlockEntity()
  位置: 类型为ItemCollectorMenu的变量 menu
D:\Minecraft-Mods\AnvilCraft\src\main\java\dev\dubhe\anvilcraft\client\gui\screen\ItemCollectorScreen.java:111: 错误: 找不到符号
            this.menu.getBlockEntity().getCooldown().next();
                     ^
  符号:   方法 getBlockEntity()
  位置: 类型为ItemCollectorMenu的变量 menu
D:\Minecraft-Mods\AnvilCraft\src\main\java\dev\dubhe\anvilcraft\client\gui\screen\ItemCollectorScreen.java:112: 错误: 找不到符号
            this.menu.getBlockEntity().getCooldown().notifyServer();
                     ^
  符号:   方法 getBlockEntity()
  位置: 类型为ItemCollectorMenu的变量 menu
D:\Minecraft-Mods\AnvilCraft\src\main\java\dev\dubhe\anvilcraft\client\gui\screen\ItemCollectorScreen.java:117: 错误: 方法不会覆盖或实现超类型的方法
    @Override
    ^
D:\Minecraft-Mods\AnvilCraft\src\main\java\dev\dubhe\anvilcraft\client\gui\screen\ItemCollectorScreen.java:130: 错误: 方法不会覆盖或实现超类型的方法
    @Override
    ^
D:\Minecraft-Mods\AnvilCraft\src\main\java\dev\dubhe\anvilcraft\client\gui\screen\ItemCollectorScreen.java:157: 错误: 方法不会覆盖或实现超类型的方法
    @Override
    ^
D:\Minecraft-Mods\AnvilCraft\src\main\java\dev\dubhe\anvilcraft\client\gui\screen\ItemCollectorScreen.java:180: 错误: 找不到符号
                    PacketDistributor.sendToServer(new SlotDisableChangePacket(realSlotId, false));
                                     ^
  符号:   方法 sendToServer(SlotDisableChangePacket)
  位置: 类 PacketDistributor
D:\Minecraft-Mods\AnvilCraft\src\main\java\dev\dubhe\anvilcraft\client\gui\screen\ItemCollectorScreen.java:183: 错误: 找不到符号
                PacketDistributor.sendToServer(new SlotFilterChangePacket(realSlotId, carriedItem));
                                 ^
  符号:   方法 sendToServer(SlotFilterChangePacket)
  位置: 类 PacketDistributor
D:\Minecraft-Mods\AnvilCraft\src\main\java\dev\dubhe\anvilcraft\client\gui\screen\ItemCollectorScreen.java:187: 错误: 找不到符号
            } else if (Screen.hasShiftDown()) {
                             ^
  符号:   方法 hasShiftDown()
  位置: 类 Screen
D:\Minecraft-Mods\AnvilCraft\src\main\java\dev\dubhe\anvilcraft\client\gui\screen\ItemCollectorScreen.java:188: 错误: 找不到符号
                PacketDistributor.sendToServer(new SlotDisableChangePacket(
                                 ^
  符号:   方法 sendToServer(SlotDisableChangePacket)
  位置: 类 PacketDistributor
D:\Minecraft-Mods\AnvilCraft\src\main\java\dev\dubhe\anvilcraft\client\gui\screen\ItemCollectorScreen.java:213: 错误: 找不到符号
            int scrollSpeed = Screen.hasShiftDown() ? 5 : 1;
                                    ^
  符号:   方法 hasShiftDown()
  位置: 类 Screen
D:\Minecraft-Mods\AnvilCraft\src\main\java\dev\dubhe\anvilcraft\client\gui\screen\ItemCollectorScreen.java:219: 错误: 找不到符号
                PacketDistributor.sendToServer(new SlotFilterMaxStackSizeChangePacket(slotIndex, newLimit));
                                 ^
  符号:   方法 sendToServer(SlotFilterMaxStackSizeChangePacket)
  位置: 类 PacketDistributor
D:\Minecraft-Mods\AnvilCraft\src\main\java\dev\dubhe\anvilcraft\inventory\ItemCollectorMenu.java:44: 错误: 找不到符号
                this.addSlot(new SlotItemHandlerWithFilter(this.blockEntity.getItemHandler(), i * 3 + j, 98 + j * 18, 18 + i * 18));
                                                                           ^
  符号:   方法 getItemHandler()
  位置: 类型为ItemCollectorBlockEntity的变量 blockEntity
D:\Minecraft-Mods\AnvilCraft\src\main\java\dev\dubhe\anvilcraft\inventory\ItemCollectorMenu.java:180: 错误: 找不到符号
            blockEntity.getRangeRadius().fromIndex(index);
                       ^
  符号:   方法 getRangeRadius()
  位置: 类型为ItemCollectorBlockEntity的变量 blockEntity
D:\Minecraft-Mods\AnvilCraft\src\main\java\dev\dubhe\anvilcraft\inventory\ItemCollectorMenu.java:183: 错误: 找不到符号
                blockEntity.getCooldown().fromIndex(index);
                           ^
  符号:   方法 getCooldown()
  位置: 类型为ItemCollectorBlockEntity的变量 blockEntity
D:\Minecraft-Mods\AnvilCraft\src\main\java\dev\dubhe\anvilcraft\client\gui\screen\ItemDetectorScreen.java:46: 错误: 无法为 final 变量 minecraft 分配值
        this.minecraft = Minecraft.getInstance();
            ^
D:\Minecraft-Mods\AnvilCraft\src\main\java\dev\dubhe\anvilcraft\client\gui\screen\ItemDetectorScreen.java:49: 错误: 方法不会覆盖或实现超类型的方法
    @Override
    ^
D:\Minecraft-Mods\AnvilCraft\src\main\java\dev\dubhe\anvilcraft\client\gui\screen\ItemDetectorScreen.java:54: 错误: 方法不会覆盖或实现超类型的方法
    @Override
    ^
D:\Minecraft-Mods\AnvilCraft\src\main\java\dev\dubhe\anvilcraft\client\gui\screen\ItemDetectorScreen.java:72: 错误: 找不到符号
                PacketDistributor.sendToServer(new MachineCycleFilterModePacket(button.cycle()));
                                 ^
  符号:   方法 sendToServer(MachineCycleFilterModePacket)
  位置: 类 PacketDistributor
D:\Minecraft-Mods\AnvilCraft\src\main\java\dev\dubhe\anvilcraft\client\gui\screen\ItemDetectorScreen.java:75: 错误: 找不到符号
            () -> this.menu.getBlockEntity().getFilterMode()
                           ^
  符号:   方法 getBlockEntity()
  位置: 类型为T的变量 menu
  其中, T是类型变量:
    T扩展已在类 AbstractContainerScreen中声明的AbstractContainerMenu
D:\Minecraft-Mods\AnvilCraft\src\main\java\dev\dubhe\anvilcraft\client\gui\screen\ItemDetectorScreen.java:86: 错误: 找不到符号
                String.valueOf(this.menu.getBlockEntity().getRange()))
                                        ^
  符号:   方法 getBlockEntity()
  位置: 类型为T的变量 menu
  其中, T是类型变量:
    T扩展已在类 AbstractContainerScreen中声明的AbstractContainerMenu
D:\Minecraft-Mods\AnvilCraft\src\main\java\dev\dubhe\anvilcraft\client\gui\screen\ItemDetectorScreen.java:94: 错误: 找不到符号
                this.menu.getBlockEntity().decreaseRange();
                         ^
  符号:   方法 getBlockEntity()
  位置: 类型为T的变量 menu
  其中, T是类型变量:
    T扩展已在类 AbstractContainerScreen中声明的AbstractContainerMenu
D:\Minecraft-Mods\AnvilCraft\src\main\java\dev\dubhe\anvilcraft\client\gui\screen\ItemDetectorScreen.java:96: 错误: 找不到符号
                    new ItemDetectorChangeRangePacket(this.menu.getBlockEntity().getRange())
                                                               ^
  符号:   方法 getBlockEntity()
  位置: 类型为T的变量 menu
  其中, T是类型变量:
    T扩展已在类 AbstractContainerScreen中声明的AbstractContainerMenu
D:\Minecraft-Mods\AnvilCraft\src\main\java\dev\dubhe\anvilcraft\client\gui\screen\ItemDetectorScreen.java:95: 错误: 找不到符号
                PacketDistributor.sendToServer(
                                 ^
  符号:   方法 sendToServer(ItemDetectorChangeRangePacket)
  位置: 类 PacketDistributor
D:\Minecraft-Mods\AnvilCraft\src\main\java\dev\dubhe\anvilcraft\client\gui\screen\ItemDetectorScreen.java:105: 错误: 找不到符号
                this.menu.getBlockEntity().increaseRange();
                         ^
  符号:   方法 getBlockEntity()
  位置: 类型为T的变量 menu
  其中, T是类型变量:
    T扩展已在类 AbstractContainerScreen中声明的AbstractContainerMenu
D:\Minecraft-Mods\AnvilCraft\src\main\java\dev\dubhe\anvilcraft\client\gui\screen\ItemDetectorScreen.java:107: 错误: 找不到符号
                    new ItemDetectorChangeRangePacket(this.menu.getBlockEntity().getRange())
                                                               ^
  符号:   方法 getBlockEntity()
  位置: 类型为T的变量 menu
  其中, T是类型变量:
    T扩展已在类 AbstractContainerScreen中声明的AbstractContainerMenu
D:\Minecraft-Mods\AnvilCraft\src\main\java\dev\dubhe\anvilcraft\client\gui\screen\ItemDetectorScreen.java:106: 错误: 找不到符号
                PacketDistributor.sendToServer(
                                 ^
  符号:   方法 sendToServer(ItemDetectorChangeRangePacket)
  位置: 类 PacketDistributor
D:\Minecraft-Mods\AnvilCraft\src\main\java\dev\dubhe\anvilcraft\client\gui\screen\ItemDetectorScreen.java:121: 错误: 方法不会覆盖或实现超类型的方法
    @Override
    ^
D:\Minecraft-Mods\AnvilCraft\src\main\java\dev\dubhe\anvilcraft\client\gui\screen\ItemDetectorScreen.java:157: 错误: 方法不会覆盖或实现超类型的方法
    @Override
    ^
D:\Minecraft-Mods\AnvilCraft\src\main\java\dev\dubhe\anvilcraft\client\gui\screen\ItemDetectorScreen.java:167: 错误: 找不到符号
            if (filterStack.isEmpty() && !Screen.hasShiftDown()) return;
                                                ^
  符号:   方法 hasShiftDown()
  位置: 类 Screen
D:\Minecraft-Mods\AnvilCraft\src\main\java\dev\dubhe\anvilcraft\client\gui\screen\ItemDetectorScreen.java:175: 错误: 找不到符号
            PacketDistributor.sendToServer(new SlotFilterChangePacket(id, filterStack, false));
                             ^
  符号:   方法 sendToServer(SlotFilterChangePacket)
  位置: 类 PacketDistributor
D:\Minecraft-Mods\AnvilCraft\src\main\java\dev\dubhe\anvilcraft\client\gui\screen\ItemDetectorScreen.java:182: 错误: 找不到符号
        return Screen.hasShiftDown() ? 5 : 1;
                     ^
  符号:   方法 hasShiftDown()
  位置: 类 Screen
D:\Minecraft-Mods\AnvilCraft\src\main\java\dev\dubhe\anvilcraft\client\gui\screen\ItemDetectorScreen.java:195: 错误: 找不到符号
            PacketDistributor.sendToServer(new SlotFilterChangePacket(
                             ^
  符号:   方法 sendToServer(SlotFilterChangePacket)
  位置: 类 PacketDistributor
D:\Minecraft-Mods\AnvilCraft\src\main\java\dev\dubhe\anvilcraft\inventory\ItemDetectorMenu.java:39: 错误: 无法将类 ItemDetectorBlockEntity中的方法 getFilter应用到给定类型;
                    this.blockEntity.getFilter(), i * 3 + j, 98 + j * 18, 18 + i * 18));
                                    ^
  需要: int
  找到:    没有参数
  原因: 实际参数列表和形式参数列表长度不同
D:\Minecraft-Mods\AnvilCraft\src\main\java\dev\dubhe\anvilcraft\inventory\ItemDetectorMenu.java:43: 错误: 找不到符号
        this.addDataSlot(DataSlot.forContainer(this.blockEntity.getDataAccess(), 0));
                                                               ^
  符号:   方法 getDataAccess()
  位置: 类型为ItemDetectorBlockEntity的变量 blockEntity
D:\Minecraft-Mods\AnvilCraft\src\main\java\dev\dubhe\anvilcraft\inventory\ItemDetectorMenu.java:44: 错误: 找不到符号
        this.addDataSlot(DataSlot.forContainer(this.blockEntity.getDataAccess(), 1));
                                                               ^
  符号:   方法 getDataAccess()
  位置: 类型为ItemDetectorBlockEntity的变量 blockEntity
D:\Minecraft-Mods\AnvilCraft\src\main\java\dev\dubhe\anvilcraft\inventory\ItemDetectorMenu.java:114: 错误: 找不到符号
        if (clickType == ClickType.SWAP
                         ^
  符号:   变量 ClickType
  位置: 类 ItemDetectorMenu
D:\Minecraft-Mods\AnvilCraft\src\main\java\dev\dubhe\anvilcraft\client\gui\screen\JewelCraftingScreen.java:27: 错误: 方法不会覆盖或实现超类型的方法
    @Override
    ^
D:\Minecraft-Mods\AnvilCraft\src\main\java\dev\dubhe\anvilcraft\client\gui\screen\JewelCraftingScreen.java:39: 错误: 方法不会覆盖或实现超类型的方法
    @Override
    ^
D:\Minecraft-Mods\AnvilCraft\src\main\java\dev\dubhe\anvilcraft\client\gui\screen\JewelCraftingScreen.java:46: 错误: 方法不会覆盖或实现超类型的方法
    @Override
    ^
D:\Minecraft-Mods\AnvilCraft\src\main\java\dev\dubhe\anvilcraft\client\gui\screen\JewelCraftingScreen.java:60: 错误: 找不到符号
                int count = inputSlot.getHintCount();
                                     ^
  符号:   方法 getHintCount()
  位置: 类型为JewelInputSlot的变量 inputSlot
D:\Minecraft-Mods\AnvilCraft\src\main\java\dev\dubhe\anvilcraft\client\gui\screen\JewelCraftingScreen.java:61: 错误: 找不到符号
                ItemStack @Nullable [] ingredientItems = inputSlot.getIngredientItems();
                                                                  ^
  符号:   方法 getIngredientItems()
  位置: 类型为JewelInputSlot的变量 inputSlot
D:\Minecraft-Mods\AnvilCraft\src\main\java\dev\dubhe\anvilcraft\client\gui\screen\JewelCraftingScreen.java:73: 错误: 方法不会覆盖或实现超类型的方法
    @Override
    ^
D:\Minecraft-Mods\AnvilCraft\src\main\java\dev\dubhe\anvilcraft\client\gui\screen\JewelCraftingScreen.java:78: 错误: 方法不会覆盖或实现超类型的方法
    @Override
    ^
D:\Minecraft-Mods\AnvilCraft\src\main\java\dev\dubhe\anvilcraft\client\gui\screen\JewelCraftingScreen.java:85: 错误: 找不到符号
                ItemStack @Nullable [] ingredientItems = inputSlot.getIngredientItems();
                                                                  ^
  符号:   方法 getIngredientItems()
  位置: 类型为JewelInputSlot的变量 inputSlot
D:\Minecraft-Mods\AnvilCraft\src\main\java\dev\dubhe\anvilcraft\client\gui\screen\JewelCraftingScreen.java:107: 错误: 找不到符号
            if (itemstack.getCount() < inputSlot.getHintCount()) {
                                                ^
  符号:   方法 getHintCount()
  位置: 类型为JewelInputSlot的变量 inputSlot
D:\Minecraft-Mods\AnvilCraft\src\main\java\dev\dubhe\anvilcraft\client\gui\screen\JewelCraftingScreen.java:129: 错误: 找不到符号
        if (key == GLFW.GLFW_KEY_SPACE) {
            ^
  符号:   变量 key
  位置: 类 JewelCraftingScreen
D:\Minecraft-Mods\AnvilCraft\src\main\java\dev\dubhe\anvilcraft\inventory\JewelCraftingMenu.java:179: 错误: 找不到符号
            RecipeHolder<JewelCraftingRecipe> recipeHolder = sourceContainer.getRecipe();
                                                                            ^
  符号:   方法 getRecipe()
  位置: 类型为JewelSourceContainer的变量 sourceContainer
D:\Minecraft-Mods\AnvilCraft\src\main\java\dev\dubhe\anvilcraft\inventory\JewelCraftingMenu.java:184: 错误: 对于setRecipeUsed(Level,ServerPlayer,RecipeHolder<JewelCraftingRecipe>), 找不到合适的方法
                    if (resultContainer.setRecipeUsed(level, serverPlayer, recipeHolder)) {
                                       ^
    方法 RecipeCraftingHolder.setRecipeUsed(ServerPlayer,RecipeHolder<?>)不适用
      (实际参数列表和形式参数列表长度不同)
    方法 ResultContainer.setRecipeUsed(@org.jspecify.annotations.Nullable RecipeHolder<?>)不适用
      (实际参数列表和形式参数列表长度不同)
D:\Minecraft-Mods\AnvilCraft\src\main\java\dev\dubhe\anvilcraft\inventory\JewelCraftingMenu.java:212: 错误: 找不到符号
            PacketDistributor.sendToServer(new JewelCraftingAutoFillPacket());
                             ^
  符号:   方法 sendToServer(JewelCraftingAutoFillPacket)
  位置: 类 PacketDistributor
D:\Minecraft-Mods\AnvilCraft\src\main\java\dev\dubhe\anvilcraft\inventory\JewelCraftingMenu.java:216: 错误: 找不到符号
        RecipeHolder<JewelCraftingRecipe> recipe = sourceContainer.getRecipe();
                                                                  ^
  符号:   方法 getRecipe()
  位置: 类型为JewelSourceContainer的变量 sourceContainer
D:\Minecraft-Mods\AnvilCraft\src\main\java\dev\dubhe\anvilcraft\inventory\JewelCraftingMenu.java:223: 错误: 找不到符号
            Item item = ingredient.getItems()[0].getItem();
                                  ^
  符号:   方法 getItems()
  位置: 类型为Ingredient的变量 ingredient
D:\Minecraft-Mods\AnvilCraft\src\main\java\dev\dubhe\anvilcraft\recipe\JewelCraftingRecipe.java:36: 错误: JewelCraftingRecipe不是抽象的, 并且未覆盖Recipe中的抽象方法recipeBookCategory()
public class JewelCraftingRecipe implements Recipe<JewelCraftingRecipe.Input> {
       ^
D:\Minecraft-Mods\AnvilCraft\src\main\java\dev\dubhe\anvilcraft\recipe\JewelCraftingRecipe.java:60: 错误: JewelCraftingRecipe中的getType()无法实现Recipe中的getType()
    public RecipeType<?> getType() {
                         ^
  返回类型RecipeType<?>与RecipeType<? extends Recipe<Input>>不兼容
  其中, T是类型变量:
    T扩展已在接口 Recipe中声明的RecipeInput
D:\Minecraft-Mods\AnvilCraft\src\main\java\dev\dubhe\anvilcraft\recipe\JewelCraftingRecipe.java:65: 错误: JewelCraftingRecipe中的getSerializer()无法实现Recipe中的getSerializer()
    public RecipeSerializer<?> getSerializer() {
                               ^
  返回类型RecipeSerializer<?>与RecipeSerializer<? extends Recipe<Input>>不兼容
  其中, T是类型变量:
    T扩展已在接口 Recipe中声明的RecipeInput
D:\Minecraft-Mods\AnvilCraft\src\main\java\dev\dubhe\anvilcraft\recipe\JewelCraftingRecipe.java:59: 错误: 方法不会覆盖或实现超类型的方法
    @Override
    ^
D:\Minecraft-Mods\AnvilCraft\src\main\java\dev\dubhe\anvilcraft\recipe\JewelCraftingRecipe.java:64: 错误: 方法不会覆盖或实现超类型的方法
    @Override
    ^
D:\Minecraft-Mods\AnvilCraft\src\main\java\dev\dubhe\anvilcraft\recipe\JewelCraftingRecipe.java:66: 错误: 找不到符号
        return ModRecipeTypes.JEWEL_CRAFTING_SERIALIZER.get();
                             ^
  符号:   变量 JEWEL_CRAFTING_SERIALIZER
  位置: 类 ModRecipeTypes
D:\Minecraft-Mods\AnvilCraft\src\main\java\dev\dubhe\anvilcraft\recipe\JewelCraftingRecipe.java:69: 错误: 方法不会覆盖或实现超类型的方法
    @Override
    ^
D:\Minecraft-Mods\AnvilCraft\src\main\java\dev\dubhe\anvilcraft\recipe\JewelCraftingRecipe.java:74: 错误: 方法不会覆盖或实现超类型的方法
    @Override
    ^
D:\Minecraft-Mods\AnvilCraft\src\main\java\dev\dubhe\anvilcraft\recipe\JewelCraftingRecipe.java:79: 错误: 方法不会覆盖或实现超类型的方法
    @Override
    ^
D:\Minecraft-Mods\AnvilCraft\src\main\java\dev\dubhe\anvilcraft\recipe\JewelCraftingRecipe.java:118: 错误: 方法引用无效
                .forGetter(JewelCraftingRecipe::getConditions),
                           ^
  找不到符号
    符号:   方法 getConditions()
    位置: 类 JewelCraftingRecipe
D:\Minecraft-Mods\AnvilCraft\src\main\java\dev\dubhe\anvilcraft\recipe\JewelCraftingRecipe.java:120: 错误: 方法引用无效
                .forGetter(JewelCraftingRecipe::getIngredients),
                           ^
  找不到符号
    符号:   方法 getIngredients()
    位置: 类 JewelCraftingRecipe
D:\Minecraft-Mods\AnvilCraft\src\main\java\dev\dubhe\anvilcraft\recipe\JewelCraftingRecipe.java:123: 错误: 方法引用无效
                .forGetter(JewelCraftingRecipe::getResult)
                           ^
  找不到符号
    符号:   方法 getResult()
    位置: 类 JewelCraftingRecipe
D:\Minecraft-Mods\AnvilCraft\src\main\java\dev\dubhe\anvilcraft\recipe\JewelCraftingRecipe.java:130: 错误: 方法不会覆盖或实现超类型的方法
        @Override
        ^
D:\Minecraft-Mods\AnvilCraft\src\main\java\dev\dubhe\anvilcraft\recipe\JewelCraftingRecipe.java:135: 错误: 方法不会覆盖或实现超类型的方法
        @Override
        ^
D:\Minecraft-Mods\AnvilCraft\src\main\java\dev\dubhe\anvilcraft\recipe\JewelCraftingRecipe.java:150: 错误: 找不到符号
            NonNullList<Ingredient> ingredients = NonNullList.withSize(size, Ingredient.EMPTY);
                                                                                       ^
  符号:   变量 EMPTY
  位置: 类 Ingredient
D:\Minecraft-Mods\AnvilCraft\src\main\java\dev\dubhe\anvilcraft\recipe\JewelCraftingRecipe.java:159: 错误: Builder不是抽象的, 并且未覆盖AbstractRecipeBuilder中的抽象方法getResult()
    public static class Builder extends AbstractRecipeBuilder<JewelCraftingRecipe> {
                  ^
D:\Minecraft-Mods\AnvilCraft\src\main\java\dev\dubhe\anvilcraft\recipe\JewelCraftingRecipe.java:217: 错误: Builder中的getResult()无法覆盖AbstractRecipeBuilder中的getResult()
        public Item getResult() {
                    ^
  返回类型Item与ItemStackTemplate不兼容
D:\Minecraft-Mods\AnvilCraft\src\main\java\dev\dubhe\anvilcraft\recipe\JewelCraftingRecipe.java:189: 错误: 对于of(TagKey<Item>), 找不到合适的方法
            return requires(Ingredient.of(tag), count);
                                      ^
    方法 Ingredient.of(ItemLike)不适用
      (参数不匹配; TagKey<Item>无法转换为ItemLike)
    方法 Ingredient.of(ItemLike...)不适用
      (varargs 不匹配; TagKey<Item>无法转换为ItemLike)
    方法 Ingredient.of(Stream<? extends ItemLike>)不适用
      (参数不匹配; TagKey<Item>无法转换为Stream<? extends ItemLike>)
    方法 Ingredient.of(HolderSet<Item>)不适用
      (参数不匹配; TagKey<Item>无法转换为HolderSet<Item>)
D:\Minecraft-Mods\AnvilCraft\src\main\java\dev\dubhe\anvilcraft\recipe\JewelCraftingRecipe.java:216: 错误: 方法不会覆盖或实现超类型的方法
        @Override
        ^
D:\Minecraft-Mods\AnvilCraft\src\main\java\dev\dubhe\anvilcraft\client\gui\screen\PulseGeneratorScreen.java:47: 错误: 意外的类型
        this.getImageHeight() = 77;
                           ^
  需要: 变量
  找到:    值
D:\Minecraft-Mods\AnvilCraft\src\main\java\dev\dubhe\anvilcraft\client\gui\screen\PulseGeneratorScreen.java:53: 错误: 找不到符号
            this.menu.getBlockEntity().getStartMode().index(),
                     ^
  符号:   方法 getBlockEntity()
  位置: 类型为T的变量 menu
  其中, T是类型变量:
    T扩展已在类 AbstractContainerScreen中声明的AbstractContainerMenu
D:\Minecraft-Mods\AnvilCraft\src\main\java\dev\dubhe\anvilcraft\client\gui\screen\PulseGeneratorScreen.java:54: 错误: 找不到符号
            this.menu.getBlockEntity().isOutputInvert(),
                     ^
  符号:   方法 getBlockEntity()
  位置: 类型为T的变量 menu
  其中, T是类型变量:
    T扩展已在类 AbstractContainerScreen中声明的AbstractContainerMenu
D:\Minecraft-Mods\AnvilCraft\src\main\java\dev\dubhe\anvilcraft\client\gui\screen\PulseGeneratorScreen.java:55: 错误: 找不到符号
            this.menu.getBlockEntity().getWaitingTime(),
                     ^
  符号:   方法 getBlockEntity()
  位置: 类型为T的变量 menu
  其中, T是类型变量:
    T扩展已在类 AbstractContainerScreen中声明的AbstractContainerMenu
D:\Minecraft-Mods\AnvilCraft\src\main\java\dev\dubhe\anvilcraft\client\gui\screen\PulseGeneratorScreen.java:56: 错误: 找不到符号
            this.menu.getBlockEntity().getSignalDuration()
                     ^
  符号:   方法 getBlockEntity()
  位置: 类型为T的变量 menu
  其中, T是类型变量:
    T扩展已在类 AbstractContainerScreen中声明的AbstractContainerMenu
D:\Minecraft-Mods\AnvilCraft\src\main\java\dev\dubhe\anvilcraft\client\gui\screen\PulseGeneratorScreen.java:52: 错误: 找不到符号
        PacketDistributor.sendToServer(new PulseGeneratorUpdatePacket(
                         ^
  符号:   方法 sendToServer(PulseGeneratorUpdatePacket)
  位置: 类 PacketDistributor
D:\Minecraft-Mods\AnvilCraft\src\main\java\dev\dubhe\anvilcraft\client\gui\screen\PulseGeneratorScreen.java:94: 错误: 找不到符号
            button -> tickAdder.accept(!hasShiftDown() ? 1 : 5)
                                        ^
  符号:   方法 hasShiftDown()
  位置: 类 PulseGeneratorScreen
D:\Minecraft-Mods\AnvilCraft\src\main\java\dev\dubhe\anvilcraft\client\gui\screen\PulseGeneratorScreen.java:102: 错误: 找不到符号
            button -> tickAdder.accept(!hasShiftDown() ? 20 : 100)
                                        ^
  符号:   方法 hasShiftDown()
  位置: 类 PulseGeneratorScreen
D:\Minecraft-Mods\AnvilCraft\src\main\java\dev\dubhe\anvilcraft\client\gui\screen\PulseGeneratorScreen.java:110: 错误: 找不到符号
            button -> tickAdder.accept(!hasShiftDown() ? 1200 : 6000)
                                        ^
  符号:   方法 hasShiftDown()
  位置: 类 PulseGeneratorScreen
D:\Minecraft-Mods\AnvilCraft\src\main\java\dev\dubhe\anvilcraft\client\gui\screen\PulseGeneratorScreen.java:118: 错误: 找不到符号
            button -> tickAdder.accept(!hasShiftDown() ? -1 : -5)
                                        ^
  符号:   方法 hasShiftDown()
  位置: 类 PulseGeneratorScreen
D:\Minecraft-Mods\AnvilCraft\src\main\java\dev\dubhe\anvilcraft\client\gui\screen\PulseGeneratorScreen.java:126: 错误: 找不到符号
            button -> tickAdder.accept(!hasShiftDown() ? -20 : -100)
                                        ^
  符号:   方法 hasShiftDown()
  位置: 类 PulseGeneratorScreen
D:\Minecraft-Mods\AnvilCraft\src\main\java\dev\dubhe\anvilcraft\client\gui\screen\PulseGeneratorScreen.java:134: 错误: 找不到符号
            button -> tickAdder.accept(!hasShiftDown() ? -1200 : -6000)
                                        ^
  符号:   方法 hasShiftDown()
  位置: 类 PulseGeneratorScreen
D:\Minecraft-Mods\AnvilCraft\src\main\java\dev\dubhe\anvilcraft\client\gui\screen\PulseGeneratorScreen.java:141: 错误: 找不到符号
            () -> Component.literal(FormattingUtil.toFormattedTime(this.menu.getBlockEntity().getWaitingTime(), 5))
                                                                            ^
  符号:   方法 getBlockEntity()
  位置: 类型为T的变量 menu
  其中, T是类型变量:
    T扩展已在类 AbstractContainerScreen中声明的AbstractContainerMenu
D:\Minecraft-Mods\AnvilCraft\src\main\java\dev\dubhe\anvilcraft\client\gui\screen\PulseGeneratorScreen.java:148: 错误: 找不到符号
            () -> Component.literal(FormattingUtil.toFormattedTime(this.menu.getBlockEntity().getSignalDuration(), 5))
                                                                            ^
  符号:   方法 getBlockEntity()
  位置: 类型为T的变量 menu
  其中, T是类型变量:
    T扩展已在类 AbstractContainerScreen中声明的AbstractContainerMenu
D:\Minecraft-Mods\AnvilCraft\src\main\java\dev\dubhe\anvilcraft\client\gui\screen\PulseGeneratorScreen.java:150: 错误: 找不到符号
        startMode.setCurrent(this.menu.getBlockEntity().getStartMode().index());
                                      ^
  符号:   方法 getBlockEntity()
  位置: 类型为T的变量 menu
  其中, T是类型变量:
    T扩展已在类 AbstractContainerScreen中声明的AbstractContainerMenu
D:\Minecraft-Mods\AnvilCraft\src\main\java\dev\dubhe\anvilcraft\client\gui\screen\PulseGeneratorScreen.java:151: 错误: 找不到符号
        outputMode.setCurrent(this.menu.getBlockEntity().isOutputInvert() ? 1 : 0);
                  ^
  符号:   方法 setCurrent(int)
  位置: 类型为SwitchableButton的变量 outputMode
D:\Minecraft-Mods\AnvilCraft\src\main\java\dev\dubhe\anvilcraft\client\gui\screen\PulseGeneratorScreen.java:151: 错误: 找不到符号
        outputMode.setCurrent(this.menu.getBlockEntity().isOutputInvert() ? 1 : 0);
                                       ^
  符号:   方法 getBlockEntity()
  位置: 类型为T的变量 menu
  其中, T是类型变量:
    T扩展已在类 AbstractContainerScreen中声明的AbstractContainerMenu
D:\Minecraft-Mods\AnvilCraft\src\main\java\dev\dubhe\anvilcraft\client\gui\screen\PulseGeneratorScreen.java:170: 错误: 方法不会覆盖或实现超类型的方法
    @Override
    ^
D:\Minecraft-Mods\AnvilCraft\src\main\java\dev\dubhe\anvilcraft\client\gui\screen\PulseGeneratorScreen.java:175: 错误: 方法不会覆盖或实现超类型的方法
    @Override
    ^
D:\Minecraft-Mods\AnvilCraft\src\main\java\dev\dubhe\anvilcraft\client\gui\screen\PulseGeneratorScreen.java:188: 错误: 找不到符号
            if (hasControlDown()) {
                ^
  符号:   方法 hasControlDown()
  位置: 类 PulseGeneratorScreen
D:\Minecraft-Mods\AnvilCraft\src\main\java\dev\dubhe\anvilcraft\client\gui\screen\PulseGeneratorScreen.java:190: 错误: 找不到符号
            } else if (hasShiftDown()) {
                       ^
  符号:   方法 hasShiftDown()
  位置: 类 PulseGeneratorScreen
D:\Minecraft-Mods\AnvilCraft\src\main\java\dev\dubhe\anvilcraft\client\gui\screen\PulseGeneratorScreen.java:202: 错误: 找不到符号
            if (hasControlDown()) {
                ^
  符号:   方法 hasControlDown()
  位置: 类 PulseGeneratorScreen
D:\Minecraft-Mods\AnvilCraft\src\main\java\dev\dubhe\anvilcraft\client\gui\screen\PulseGeneratorScreen.java:204: 错误: 找不到符号
            } else if (hasShiftDown()) {
                       ^
  符号:   方法 hasShiftDown()
  位置: 类 PulseGeneratorScreen
D:\Minecraft-Mods\AnvilCraft\src\main\java\dev\dubhe\anvilcraft\inventory\PulseGeneratorMenu.java:62: 错误: 找不到符号
        this.blockEntity.setWaitingTime(this.blockEntity.getWaitingTime() + delta);
                                                        ^
  符号:   方法 getWaitingTime()
  位置: 类型为PulseGeneratorBlockEntity的变量 blockEntity
D:\Minecraft-Mods\AnvilCraft\src\main\java\dev\dubhe\anvilcraft\inventory\PulseGeneratorMenu.java:66: 错误: 找不到符号
        this.blockEntity.setSignalDuration(this.blockEntity.getSignalDuration() + delta);
                                                           ^
  符号:   方法 getSignalDuration()
  位置: 类型为PulseGeneratorBlockEntity的变量 blockEntity
D:\Minecraft-Mods\AnvilCraft\src\main\java\dev\dubhe\anvilcraft\client\gui\screen\RoyalAnvilScreen.java:21: 错误: RoyalAnvilScreen不是抽象的, 并且未覆盖ItemCombinerScreen中的抽象方法extractErrorIcon(GuiGraphicsExtractor,int,int)
public class RoyalAnvilScreen extends ItemCombinerScreen<RoyalAnvilMenu> {
       ^
D:\Minecraft-Mods\AnvilCraft\src\main\java\dev\dubhe\anvilcraft\client\gui\screen\RoyalAnvilScreen.java:62: 错误: 方法不会覆盖或实现超类型的方法
    @Override
    ^
D:\Minecraft-Mods\AnvilCraft\src\main\java\dev\dubhe\anvilcraft\client\gui\screen\RoyalAnvilScreen.java:65: 错误: 对于init(Minecraft,int,int), 找不到合适的方法
        this.init(minecraft, width, height);
            ^
    方法 Screen.init(int,int)不适用
      (实际参数列表和形式参数列表长度不同)
    方法 RoyalAnvilScreen.init()不适用
      (实际参数列表和形式参数列表长度不同)
D:\Minecraft-Mods\AnvilCraft\src\main\java\dev\dubhe\anvilcraft\client\gui\screen\RoyalAnvilScreen.java:74: 错误: 无法将类 EditBox中的方法 keyPressed应用到给定类型;
        if (this.name.keyPressed(event.key(), event.scancode(), event.modifiers()) || this.name.canConsumeInput()) {
                     ^
  需要: KeyEvent
  找到:    int,int,int
  原因: 实际参数列表和形式参数列表长度不同
D:\Minecraft-Mods\AnvilCraft\src\main\java\dev\dubhe\anvilcraft\client\gui\screen\RoyalAnvilScreen.java:95: 错误: 方法不会覆盖或实现超类型的方法
    @Override
    ^
D:\Minecraft-Mods\AnvilCraft\src\main\java\dev\dubhe\anvilcraft\client\gui\screen\RoyalAnvilScreen.java:118: 错误: 方法不会覆盖或实现超类型的方法
    @Override
    ^
D:\Minecraft-Mods\AnvilCraft\src\main\java\dev\dubhe\anvilcraft\client\gui\screen\RoyalAnvilScreen.java:127: 错误: 方法不会覆盖或实现超类型的方法
    @Override
    ^
D:\Minecraft-Mods\AnvilCraft\src\main\java\dev\dubhe\anvilcraft\client\gui\screen\RoyalAnvilScreen.java:132: 错误: 方法不会覆盖或实现超类型的方法
    @Override
    ^
D:\Minecraft-Mods\AnvilCraft\src\main\java\dev\dubhe\anvilcraft\inventory\RoyalAnvilMenu.java:21: 错误: 无法将类 Builder中的方法 allowBeyondMaxLevel应用到给定类型;
        .allowBeyondMaxLevel(AnvilCraft.CONFIG.royalAnvilBeyondMaxLevel)
        ^
  需要: 没有参数
  找到:    boolean
  原因: 实际参数列表和形式参数列表长度不同
D:\Minecraft-Mods\AnvilCraft\src\main\java\dev\dubhe\anvilcraft\inventory\RoyalAnvilMenu.java:43: 错误: RoyalAnvilMenu中的createResult()无法覆盖AnvilMenu中的createResult()
    public void createResult() {
                ^
  被覆盖的方法为final
D:\Minecraft-Mods\AnvilCraft\src\main\java\dev\dubhe\anvilcraft\inventory\RoyalAnvilMenu.java:51: 错误: 找不到符号
            tax -> CommonHooks.onAnvilChange(this, inputLeft, inputRight, this.resultSlots, this.itemName, tax, this.player)
                              ^
  符号:   方法 onAnvilChange(RoyalAnvilMenu,ItemStack,ItemStack,ResultContainer,String,long,Player)
  位置: 类 CommonHooks
D:\Minecraft-Mods\AnvilCraft\src\main\java\dev\dubhe\anvilcraft\client\gui\screen\RoyalGrindstoneScreen.java:31: 错误: 方法不会覆盖或实现超类型的方法
    @Override
    ^
D:\Minecraft-Mods\AnvilCraft\src\main\java\dev\dubhe\anvilcraft\client\gui\screen\RoyalGrindstoneScreen.java:82: 错误: 方法不会覆盖或实现超类型的方法
    @Override
    ^
D:\Minecraft-Mods\AnvilCraft\src\main\java\dev\dubhe\anvilcraft\client\gui\screen\RoyalGrindstoneScreen.java:134: 错误: 找不到符号
        g.fill(RenderType.guiOverlay(), x, y, x + 16, y + 16, maskColor);
               ^
  符号:   变量 RenderType
  位置: 类 RoyalGrindstoneScreen
D:\Minecraft-Mods\AnvilCraft\src\main\java\dev\dubhe\anvilcraft\client\gui\screen\RoyalSmithingScreen.java:27: 错误: RoyalSmithingScreen不是抽象的, 并且未覆盖ItemCombinerScreen中的抽象方法extractErrorIcon(GuiGraphicsExtractor,int,int)
public class RoyalSmithingScreen extends ItemCombinerScreen<RoyalSmithingMenu> {
       ^
D:\Minecraft-Mods\AnvilCraft\src\main\java\dev\dubhe\anvilcraft\client\gui\screen\RoyalSmithingScreen.java:58: 错误: 方法不会覆盖或实现超类型的方法
    @Override
    ^
D:\Minecraft-Mods\AnvilCraft\src\main\java\dev\dubhe\anvilcraft\client\gui\screen\RoyalSmithingScreen.java:105: 错误: 方法不会覆盖或实现超类型的方法
    @Override
    ^
D:\Minecraft-Mods\AnvilCraft\src\main\java\dev\dubhe\anvilcraft\client\gui\screen\RoyalSmithingScreen.java:111: 错误: 方法不会覆盖或实现超类型的方法
    @Override
    ^
D:\Minecraft-Mods\AnvilCraft\src\main\java\dev\dubhe\anvilcraft\client\gui\screen\RoyalSmithingScreen.java:147: 错误: 找不到符号
            if (item instanceof ArmorItem armorItem) {
                                ^
  符号:   类 ArmorItem
  位置: 类 RoyalSmithingScreen
D:\Minecraft-Mods\AnvilCraft\src\main\java\dev\dubhe\anvilcraft\client\gui\screen\RoyalSmithingScreen.java:155: 错误: 方法不会覆盖或实现超类型的方法
    @Override
    ^
D:\Minecraft-Mods\AnvilCraft\src\main\java\dev\dubhe\anvilcraft\inventory\RoyalSmithingMenu.java:56: 错误: 无法将类 ItemCombinerMenu中的构造器 ItemCombinerMenu应用到给定类型;
        super(type, containerId, playerInventory, access);
        ^
  需要: MenuType<?>,int,Inventory,ContainerLevelAccess,ItemCombinerMenuSlotDefinition
  找到:    MenuType<RoyalSmithingMenu>,int,Inventory,ContainerLevelAccess
  原因: 实际参数列表和形式参数列表长度不同
D:\Minecraft-Mods\AnvilCraft\src\main\java\dev\dubhe\anvilcraft\inventory\RoyalSmithingMenu.java:58: 错误: 找不到符号
        this.recipes = this.level.getRecipeManager().getAllRecipesFor(RecipeType.SMITHING);
                                 ^
  符号:   方法 getRecipeManager()
  位置: 类型为Level的变量 level
D:\Minecraft-Mods\AnvilCraft\src\main\java\dev\dubhe\anvilcraft\inventory\RoyalSmithingMenu.java:64: 错误: 找不到符号
                .anyMatch(smithingRecipe -> smithingRecipe.value().isTemplateIngredient(itemStack)))
                                                                  ^
  符号:   方法 isTemplateIngredient(ItemStack)
  位置: 接口 SmithingRecipe
D:\Minecraft-Mods\AnvilCraft\src\main\java\dev\dubhe\anvilcraft\inventory\RoyalSmithingMenu.java:66: 错误: 找不到符号
                .anyMatch(smithingRecipe -> smithingRecipe.value().isBaseIngredient(itemStack)))
                                                                  ^
  符号:   方法 isBaseIngredient(ItemStack)
  位置: 接口 SmithingRecipe
D:\Minecraft-Mods\AnvilCraft\src\main\java\dev\dubhe\anvilcraft\inventory\RoyalSmithingMenu.java:68: 错误: 找不到符号
                .anyMatch(smithingRecipe -> smithingRecipe.value().isAdditionIngredient(itemStack)))
                                                                  ^
  符号:   方法 isAdditionIngredient(ItemStack)
  位置: 接口 SmithingRecipe
D:\Minecraft-Mods\AnvilCraft\src\main\java\dev\dubhe\anvilcraft\inventory\RoyalSmithingMenu.java:87: 错误: 无法将类 ItemStack中的方法 onCraftedBy应用到给定类型;
        stack.onCraftedBy(player.level(), player, stack.getCount());
             ^
  需要: Player,int
  找到:    Level,Player,int
  原因: 实际参数列表和形式参数列表长度不同
D:\Minecraft-Mods\AnvilCraft\src\main\java\dev\dubhe\anvilcraft\inventory\RoyalSmithingMenu.java:110: 错误: 找不到符号
            this.level.getRecipeManager().getRecipesFor(RecipeType.SMITHING, smithingrecipeinput, this.level);
                      ^
  符号:   方法 getRecipeManager()
  位置: 类型为Level的变量 level
D:\Minecraft-Mods\AnvilCraft\src\main\java\dev\dubhe\anvilcraft\inventory\RoyalSmithingMenu.java:115: 错误: 无法将接口 Recipe<T>中的方法 assemble应用到给定类型;
            ItemStack itemstack = recipeholder.value().assemble(smithingrecipeinput, this.level.registryAccess());
                                                      ^
  需要: SmithingRecipeInput
  找到:    SmithingRecipeInput,RegistryAccess
  原因: 实际参数列表和形式参数列表长度不同
  其中, T是类型变量:
    T扩展已在接口 Recipe中声明的RecipeInput
D:\Minecraft-Mods\AnvilCraft\src\main\java\dev\dubhe\anvilcraft\inventory\RoyalSmithingMenu.java:125: 错误: 方法不会覆盖或实现超类型的方法
    @Override
    ^
D:\Minecraft-Mods\AnvilCraft\src\main\java\dev\dubhe\anvilcraft\inventory\RoyalSmithingMenu.java:136: 错误: 找不到符号
        if (recipe.isTemplateIngredient(stack)) return Optional.of(0);
                  ^
  符号:   方法 isTemplateIngredient(ItemStack)
  位置: 类型为SmithingRecipe的变量 recipe
D:\Minecraft-Mods\AnvilCraft\src\main\java\dev\dubhe\anvilcraft\inventory\RoyalSmithingMenu.java:137: 错误: 找不到符号
        if (recipe.isBaseIngredient(stack)) return Optional.of(1);
                  ^
  符号:   方法 isBaseIngredient(ItemStack)
  位置: 类型为SmithingRecipe的变量 recipe
D:\Minecraft-Mods\AnvilCraft\src\main\java\dev\dubhe\anvilcraft\inventory\RoyalSmithingMenu.java:138: 错误: 找不到符号
        if (recipe.isAdditionIngredient(stack)) return Optional.of(2);
                  ^
  符号:   方法 isAdditionIngredient(ItemStack)
  位置: 类型为SmithingRecipe的变量 recipe
D:\Minecraft-Mods\AnvilCraft\src\main\java\dev\dubhe\anvilcraft\client\gui\screen\SliderScreen.java:30: 错误: 意外的类型
        this.getImageWidth() = 176;
                          ^
  需要: 变量
  找到:    值
D:\Minecraft-Mods\AnvilCraft\src\main\java\dev\dubhe\anvilcraft\client\gui\screen\SliderScreen.java:31: 错误: 意外的类型
        this.getImageHeight() = 77;
                           ^
  需要: 变量
  找到:    值
D:\Minecraft-Mods\AnvilCraft\src\main\java\dev\dubhe\anvilcraft\client\gui\screen\SliderScreen.java:129: 错误: 找不到符号
        PacketDistributor.sendToServer(new SliderUpdatePacket(Math.clamp(v, -8192, 8192)));
                         ^
  符号:   方法 sendToServer(SliderUpdatePacket)
  位置: 类 PacketDistributor
D:\Minecraft-Mods\AnvilCraft\src\main\java\dev\dubhe\anvilcraft\client\gui\screen\SliderScreen.java:134: 错误: 找不到符号
            slider.setMin(min);
                  ^
  符号:   方法 setMin(int)
  位置: 类型为Slider的变量 slider
D:\Minecraft-Mods\AnvilCraft\src\main\java\dev\dubhe\anvilcraft\client\gui\screen\SliderScreen.java:140: 错误: 找不到符号
            slider.setMax(max);
                  ^
  符号:   方法 setMax(int)
  位置: 类型为Slider的变量 slider
D:\Minecraft-Mods\AnvilCraft\src\main\java\dev\dubhe\anvilcraft\client\gui\screen\SliderScreen.java:144: 错误: 方法不会覆盖或实现超类型的方法
    @Override
    ^
D:\Minecraft-Mods\AnvilCraft\src\main\java\dev\dubhe\anvilcraft\client\gui\screen\SliderScreen.java:147: 错误: 对于init(Minecraft,int,int), 找不到合适的方法
        this.init(minecraft, width, height);
            ^
    方法 Screen.init(int,int)不适用
      (实际参数列表和形式参数列表长度不同)
    方法 SliderScreen.init()不适用
      (实际参数列表和形式参数列表长度不同)
D:\Minecraft-Mods\AnvilCraft\src\main\java\dev\dubhe\anvilcraft\client\gui\screen\SliderScreen.java:151: 错误: 方法不会覆盖或实现超类型的方法
    @Override
    ^
D:\Minecraft-Mods\AnvilCraft\src\main\java\dev\dubhe\anvilcraft\client\gui\screen\SliderScreen.java:176: 错误: 方法不会覆盖或实现超类型的方法
    @Override
    ^
D:\Minecraft-Mods\AnvilCraft\src\main\java\dev\dubhe\anvilcraft\client\gui\screen\SliderScreen.java:184: 错误: 找不到符号
        PacketDistributor.sendToServer(new SliderUpdatePacket(value));
                         ^
  符号:   方法 sendToServer(SliderUpdatePacket)
  位置: 类 PacketDistributor
D:\Minecraft-Mods\AnvilCraft\src\main\java\dev\dubhe\anvilcraft\client\gui\screen\StructureToolScreen.java:113: 错误: 找不到符号
                    this.minecraft.player.displayClientMessage(
                                         ^
  符号:   方法 displayClientMessage(MutableComponent,boolean)
  位置: 类型为LocalPlayer的变量 player
D:\Minecraft-Mods\AnvilCraft\src\main\java\dev\dubhe\anvilcraft\client\gui\screen\StructureToolScreen.java:118: 错误: 找不到符号
                    this.minecraft.player.displayClientMessage(
                                         ^
  符号:   方法 displayClientMessage(MutableComponent,boolean)
  位置: 类型为LocalPlayer的变量 player
D:\Minecraft-Mods\AnvilCraft\src\main\java\dev\dubhe\anvilcraft\client\gui\screen\StructureToolScreen.java:122: 错误: 找不到符号
                    this.minecraft.player.displayClientMessage(
                                         ^
  符号:   方法 displayClientMessage(MutableComponent,boolean)
  位置: 类型为LocalPlayer的变量 player
D:\Minecraft-Mods\AnvilCraft\src\main\java\dev\dubhe\anvilcraft\client\gui\screen\StructureToolScreen.java:154: 错误: 找不到符号
                    this.minecraft.player.displayClientMessage(
                                         ^
  符号:   方法 displayClientMessage(MutableComponent,boolean)
  位置: 类型为LocalPlayer的变量 player
D:\Minecraft-Mods\AnvilCraft\src\main\java\dev\dubhe\anvilcraft\client\gui\screen\StructureToolScreen.java:159: 错误: 找不到符号
                    this.minecraft.player.displayClientMessage(
                                         ^
  符号:   方法 displayClientMessage(MutableComponent,boolean)
  位置: 类型为LocalPlayer的变量 player
D:\Minecraft-Mods\AnvilCraft\src\main\java\dev\dubhe\anvilcraft\client\gui\screen\StructureToolScreen.java:172: 错误: 找不到符号
                    this.minecraft.player.displayClientMessage(Component.translatable("message.anvilcraft.no_file_selected")
                                         ^
  符号:   方法 displayClientMessage(MutableComponent,boolean)
  位置: 类型为LocalPlayer的变量 player
D:\Minecraft-Mods\AnvilCraft\src\main\java\dev\dubhe\anvilcraft\client\gui\screen\StructureToolScreen.java:188: 错误: 找不到符号
                    this.minecraft.player.displayClientMessage(
                                         ^
  符号:   方法 displayClientMessage(MutableComponent,boolean)
  位置: 类型为LocalPlayer的变量 player
D:\Minecraft-Mods\AnvilCraft\src\main\java\dev\dubhe\anvilcraft\client\gui\screen\StructureToolScreen.java:194: 错误: 找不到符号
                    this.minecraft.player.displayClientMessage(
                                         ^
  符号:   方法 displayClientMessage(MutableComponent,boolean)
  位置: 类型为LocalPlayer的变量 player
D:\Minecraft-Mods\AnvilCraft\src\main\java\dev\dubhe\anvilcraft\client\gui\screen\StructureToolScreen.java:205: 错误: 方法不会覆盖或实现超类型的方法
    @Override
    ^
D:\Minecraft-Mods\AnvilCraft\src\main\java\dev\dubhe\anvilcraft\client\gui\screen\StructureToolScreen.java:266: 错误: 方法不会覆盖或实现超类型的方法
    @Override
    ^
D:\Minecraft-Mods\AnvilCraft\src\main\java\dev\dubhe\anvilcraft\client\gui\screen\StructureToolScreen.java:274: 错误: 方法不会覆盖或实现超类型的方法
    @Override
    ^
D:\Minecraft-Mods\AnvilCraft\src\main\java\dev\dubhe\anvilcraft\client\gui\screen\StructureToolScreen.java:301: 错误: 找不到符号
                minecraft.player.displayClientMessage(
                                ^
  符号:   方法 displayClientMessage(MutableComponent,boolean)
  位置: 类型为LocalPlayer的变量 player
D:\Minecraft-Mods\AnvilCraft\src\main\java\dev\dubhe\anvilcraft\client\gui\screen\StructureToolScreen.java:308: 错误: 找不到符号
                minecraft.player.displayClientMessage(
                                ^
  符号:   方法 displayClientMessage(MutableComponent,boolean)
  位置: 类型为LocalPlayer的变量 player
D:\Minecraft-Mods\AnvilCraft\src\main\java\dev\dubhe\anvilcraft\client\gui\screen\StructureToolScreen.java:315: 错误: 找不到符号
                minecraft.player.displayClientMessage(
                                ^
  符号:   方法 displayClientMessage(MutableComponent,boolean)
  位置: 类型为LocalPlayer的变量 player
D:\Minecraft-Mods\AnvilCraft\src\main\java\dev\dubhe\anvilcraft\client\gui\screen\StructureToolScreen.java:325: 错误: 不兼容的类型: ItemStack无法转换为ItemStackTemplate
            return new MultiblockRecipe(inputPattern, result);
                                                      ^
D:\Minecraft-Mods\AnvilCraft\src\main\java\dev\dubhe\anvilcraft\client\gui\screen\StructureToolScreen.java:413: 错误: 找不到符号
                        sb.append(getAndPutSymbol(pattern.getSymbols(), predicate));
                                                         ^
  符号:   方法 getSymbols()
  位置: 类型为BlockPattern的变量 pattern
D:\Minecraft-Mods\AnvilCraft\src\main\java\dev\dubhe\anvilcraft\recipe\multiblock\BlockPredicateWithState.java:113: 错误: 对于of(Optional<Reference<Block>>), 找不到合适的方法
        return of(BuiltInRegistries.BLOCK.get(Identifier.parse(blockName)));
               ^
    方法 BlockPredicateWithState.of(Block)不适用
      (参数不匹配; Optional<Reference<Block>>无法转换为Block)
    方法 BlockPredicateWithState.of(Holder<Block>)不适用
      (参数不匹配; Optional<Reference<Block>>无法转换为Holder<Block>)
    方法 BlockPredicateWithState.of(String)不适用
      (参数不匹配; Optional<Reference<Block>>无法转换为String)
D:\Minecraft-Mods\AnvilCraft\src\main\java\dev\dubhe\anvilcraft\recipe\multiblock\BlockPattern.java:38: 错误: 方法引用无效
                .forGetter(BlockPattern::getSymbols))
                           ^
  找不到符号
    符号:   方法 getSymbols()
    位置: 类 BlockPattern
D:\Minecraft-Mods\AnvilCraft\src\main\java\dev\dubhe\anvilcraft\recipe\multiblock\BlockPattern.java:43: 错误: 方法引用无效
        BlockPattern::getLayers,
        ^
  找不到符号
    符号:   方法 getLayers()
    位置: 类 BlockPattern
D:\Minecraft-Mods\AnvilCraft\src\main\java\dev\dubhe\anvilcraft\recipe\multiblock\BlockPattern.java:45: 错误: 方法引用无效
        BlockPattern::getSymbols,
        ^
  找不到符号
    符号:   方法 getSymbols()
    位置: 类 BlockPattern
D:\Minecraft-Mods\AnvilCraft\src\main\java\dev\dubhe\anvilcraft\recipe\multiblock\BlockPattern.java:121: 错误: 找不到符号
        for (List<String> layer : this.getLayers()) {
                                      ^
  符号: 方法 getLayers()
D:\Minecraft-Mods\AnvilCraft\src\main\java\dev\dubhe\anvilcraft\client\gui\screen\TranscendenceAnvilScreen.java:21: 错误: TranscendenceAnvilScreen不是抽象的, 并且未覆盖ItemCombinerScreen中的抽象方法extractErrorIcon(GuiGraphicsExtractor,int,int)
public class TranscendenceAnvilScreen extends ItemCombinerScreen<TranscendenceAnvilMenu> {
       ^
D:\Minecraft-Mods\AnvilCraft\src\main\java\dev\dubhe\anvilcraft\client\gui\screen\TranscendenceAnvilScreen.java:67: 错误: 方法不会覆盖或实现超类型的方法
    @Override
    ^
D:\Minecraft-Mods\AnvilCraft\src\main\java\dev\dubhe\anvilcraft\client\gui\screen\TranscendenceAnvilScreen.java:70: 错误: 对于init(Minecraft,int,int), 找不到合适的方法
        this.init(minecraft, width, height);
            ^
    方法 Screen.init(int,int)不适用
      (实际参数列表和形式参数列表长度不同)
    方法 TranscendenceAnvilScreen.init()不适用
      (实际参数列表和形式参数列表长度不同)
D:\Minecraft-Mods\AnvilCraft\src\main\java\dev\dubhe\anvilcraft\client\gui\screen\TranscendenceAnvilScreen.java:79: 错误: 无法将类 EditBox中的方法 keyPressed应用到给定类型;
        if (this.name.keyPressed(event.key(), event.scancode(), event.modifiers()) || this.name.canConsumeInput()) {
                     ^
  需要: KeyEvent
  找到:    int,int,int
  原因: 实际参数列表和形式参数列表长度不同
D:\Minecraft-Mods\AnvilCraft\src\main\java\dev\dubhe\anvilcraft\client\gui\screen\TranscendenceAnvilScreen.java:100: 错误: 方法不会覆盖或实现超类型的方法
    @Override
    ^
D:\Minecraft-Mods\AnvilCraft\src\main\java\dev\dubhe\anvilcraft\client\gui\screen\TranscendenceAnvilScreen.java:123: 错误: 方法不会覆盖或实现超类型的方法
    @Override
    ^
D:\Minecraft-Mods\AnvilCraft\src\main\java\dev\dubhe\anvilcraft\client\gui\screen\TranscendenceAnvilScreen.java:132: 错误: 方法不会覆盖或实现超类型的方法
    @Override
    ^
D:\Minecraft-Mods\AnvilCraft\src\main\java\dev\dubhe\anvilcraft\client\gui\screen\TranscendenceAnvilScreen.java:137: 错误: 方法不会覆盖或实现超类型的方法
    @Override
    ^
D:\Minecraft-Mods\AnvilCraft\src\main\java\dev\dubhe\anvilcraft\inventory\TranscendenceAnvilMenu.java:18: 错误: 无法将类 Builder中的方法 allowBeyondMaxLevel应用到给定类型;
        .allowBeyondMaxLevel(AnvilCraft.CONFIG.transcendenceAnvilBeyondMaxLevel)
        ^
  需要: 没有参数
  找到:    boolean
  原因: 实际参数列表和形式参数列表长度不同
D:\Minecraft-Mods\AnvilCraft\src\main\java\dev\dubhe\anvilcraft\inventory\TranscendenceAnvilMenu.java:45: 错误: TranscendenceAnvilMenu中的createResult()无法覆盖AnvilMenu中的createResult()
    public void createResult() {
                ^
  被覆盖的方法为final
D:\Minecraft-Mods\AnvilCraft\src\main\java\dev\dubhe\anvilcraft\inventory\TranscendenceAnvilMenu.java:53: 错误: 找不到符号
            tax -> CommonHooks.onAnvilChange(this, inputLeft, inputRight, this.resultSlots, this.itemName, tax, this.player)
                              ^
  符号:   方法 onAnvilChange(TranscendenceAnvilMenu,ItemStack,ItemStack,ResultContainer,String,long,Player)
  位置: 类 CommonHooks
D:\Minecraft-Mods\AnvilCraft\src\main\java\dev\dubhe\anvilcraft\inventory\TranscendenceAnvilMenu.java:65: 错误: 找不到符号
            player.addEffect(new MobEffectInstance(MobEffects.DAMAGE_BOOST, 6000, 1));
                                                             ^
  符号:   变量 DAMAGE_BOOST
  位置: 类 MobEffects
D:\Minecraft-Mods\AnvilCraft\src\main\java\dev\dubhe\anvilcraft\inventory\TranscendenceAnvilMenu.java:68: 错误: 找不到符号
            player.addEffect(new MobEffectInstance(MobEffects.DAMAGE_BOOST, 12000, 2));
                                                             ^
  符号:   变量 DAMAGE_BOOST
  位置: 类 MobEffects
D:\Minecraft-Mods\AnvilCraft\src\main\java\dev\dubhe\anvilcraft\client\gui\tooltip\ClientFilterTooltip.java:11: 错误: ClientFilterTooltip不是抽象的, 并且未覆盖ClientTooltipComponent中的抽象方法getHeight(Font)
public class ClientFilterTooltip implements ClientTooltipComponent {
       ^
D:\Minecraft-Mods\AnvilCraft\src\main\java\dev\dubhe\anvilcraft\client\gui\tooltip\ClientFilterTooltip.java:19: 错误: 方法不会覆盖或实现超类型的方法
    @Override
    ^
D:\Minecraft-Mods\AnvilCraft\src\main\java\dev\dubhe\anvilcraft\client\gui\tooltip\ClientFilterTooltip.java:29: 错误: 方法不会覆盖或实现超类型的方法
    @Override
    ^
D:\Minecraft-Mods\AnvilCraft\src\main\java\dev\dubhe\anvilcraft\client\init\ModKeyMappings.java:44: 错误: 对于KeyMapping(String,KeyConflictContext,Type,int,String), 找不到合适的构造器
        return Lazy.of(() -> new KeyMapping("key.anvilcraft." + name, context, type, key, "key.categories.anvilcraft"));
                             ^
    构造器 KeyMapping.KeyMapping(String,Type,int,Category,int)不适用
      (参数不匹配; KeyConflictContext无法转换为Type)
    构造器 KeyMapping.KeyMapping(String,IKeyConflictContext,Type,int,Category)不适用
      (参数不匹配; String无法转换为Category)
    构造器 KeyMapping.KeyMapping(String,IKeyConflictContext,KeyModifier,Key,Category)不适用
      (参数不匹配; Type无法转换为KeyModifier)
D:\Minecraft-Mods\AnvilCraft\src\main\java\dev\dubhe\anvilcraft\entity\model\IonocraftBackpackModel.java:15: 错误: 类型参数LivingEntity不在类型变量T的范围内
public class IonocraftBackpackModel extends HumanoidModel<LivingEntity> {
                                                          ^
  其中, T是类型变量:
    T扩展已在类 HumanoidModel中声明的HumanoidRenderState
D:\Minecraft-Mods\AnvilCraft\src\main\java\dev\dubhe\anvilcraft\client\init\ModShaders.java:42: 错误: 找不到符号
            event.registerShader(new ShaderInstance(
                                     ^
  符号:   类 ShaderInstance
  位置: 类 ModShaders
D:\Minecraft-Mods\AnvilCraft\src\main\java\dev\dubhe\anvilcraft\client\init\ModShaders.java:50: 错误: 找不到符号
                new ShaderInstance(
                    ^
  符号:   类 ShaderInstance
  位置: 类 ModShaders
D:\Minecraft-Mods\AnvilCraft\src\main\java\dev\dubhe\anvilcraft\client\init\ModShaders.java:58: 错误: 找不到符号
                new ShaderInstance(
                    ^
  符号:   类 ShaderInstance
  位置: 类 ModShaders
D:\Minecraft-Mods\AnvilCraft\src\main\java\dev\dubhe\anvilcraft\client\init\ModShaders.java:66: 错误: 找不到符号
                new ShaderInstance(
                    ^
  符号:   类 ShaderInstance
  位置: 类 ModShaders
D:\Minecraft-Mods\AnvilCraft\src\main\java\dev\dubhe\anvilcraft\client\init\ModShaders.java:74: 错误: 找不到符号
                new ShaderInstance(
                    ^
  符号:   类 ShaderInstance
  位置: 类 ModShaders
D:\Minecraft-Mods\AnvilCraft\src\main\java\dev\dubhe\anvilcraft\client\init\ModShaders.java:82: 错误: 找不到符号
                new ShaderInstance(
                    ^
  符号:   类 ShaderInstance
  位置: 类 ModShaders
D:\Minecraft-Mods\AnvilCraft\src\main\java\dev\dubhe\anvilcraft\client\init\ModShaders.java:96: 错误: 找不到符号
            bloomChain.resize(width, height);
                      ^
  符号:   方法 resize(int,int)
  位置: 类型为PostChain的变量 bloomChain
D:\Minecraft-Mods\AnvilCraft\src\main\java\dev\dubhe\anvilcraft\client\init\ModShaders.java:111: 错误: 无法将类 PostChain中的构造器 PostChain应用到给定类型;
            bloomChain = new PostChain(
                         ^
  需要: List<PostPass>,Map<Identifier,InternalTarget>,Set<Identifier>,Projection,ProjectionMatrixBuffer
  找到:    TextureManager,ResourceProvider,RenderTarget,Identifier
  原因: 实际参数列表和形式参数列表长度不同
D:\Minecraft-Mods\AnvilCraft\src\main\java\dev\dubhe\anvilcraft\client\init\ModShaders.java:117: 错误: 找不到符号
            bloomChain.resize(
                      ^
  符号:   方法 resize(int,int)
  位置: 类型为PostChain的变量 bloomChain
D:\Minecraft-Mods\AnvilCraft\src\main\java\dev\dubhe\anvilcraft\client\init\ModShaders.java:122: 错误: 找不到符号
                bloomChain.getTempTarget("input")
                          ^
  符号:   方法 getTempTarget(String)
  位置: 类型为PostChain的变量 bloomChain
D:\Minecraft-Mods\AnvilCraft\src\main\java\dev\dubhe\anvilcraft\client\init\ModRenderTargets.java:22: 错误: 程序包RenderStateShard不存在
    public static final RenderStateShard.OutputStateShard LASER_TARGET = new RenderStateShard.OutputStateShard(
                                                                                             ^
D:\Minecraft-Mods\AnvilCraft\src\main\java\dev\dubhe\anvilcraft\client\init\ModRenderTargets.java:25: 错误: 找不到符号
            if (RenderState.isEnhancedRenderingAvailable() && RenderState.isBloomRenderStage()) {
                                                                         ^
  符号:   方法 isBloomRenderStage()
  位置: 类 RenderState
D:\Minecraft-Mods\AnvilCraft\src\main\java\dev\dubhe\anvilcraft\client\init\ModRenderTargets.java:26: 错误: 找不到符号
                bloomTarget.bindWrite(false);
                           ^
  符号:   方法 bindWrite(boolean)
  位置: 类型为RenderTarget的变量 bloomTarget
D:\Minecraft-Mods\AnvilCraft\src\main\java\dev\dubhe\anvilcraft\client\init\ModRenderTargets.java:28: 错误: 找不到符号
                MINECRAFT.getMainRenderTarget().bindWrite(false);
                                               ^
  符号:   方法 bindWrite(boolean)
  位置: 类 RenderTarget
D:\Minecraft-Mods\AnvilCraft\src\main\java\dev\dubhe\anvilcraft\client\init\ModRenderTargets.java:32: 错误: 找不到符号
            if (RenderState.isEnhancedRenderingAvailable() && RenderState.isBloomRenderStage()) {
                                                                         ^
  符号:   方法 isBloomRenderStage()
  位置: 类 RenderState
D:\Minecraft-Mods\AnvilCraft\src\main\java\dev\dubhe\anvilcraft\client\init\ModRenderTargets.java:33: 错误: 找不到符号
                bloomTarget.unbindWrite();
                           ^
  符号:   方法 unbindWrite()
  位置: 类型为RenderTarget的变量 bloomTarget
D:\Minecraft-Mods\AnvilCraft\src\main\java\dev\dubhe\anvilcraft\client\init\ModRenderTargets.java:35: 错误: 找不到符号
            MINECRAFT.getMainRenderTarget().bindWrite(false);
                                           ^
  符号:   方法 bindWrite(boolean)
  位置: 类 RenderTarget
D:\Minecraft-Mods\AnvilCraft\src\main\java\dev\dubhe\anvilcraft\client\init\ModRenderTargets.java:39: 错误: 程序包RenderStateShard不存在
    public static final RenderStateShard.OutputStateShard LINE_BLOOM_TARGET = new RenderStateShard.OutputStateShard(
                                                                                                  ^
D:\Minecraft-Mods\AnvilCraft\src\main\java\dev\dubhe\anvilcraft\client\init\ModRenderTargets.java:43: 错误: 找不到符号
                bloomTarget.bindWrite(false);
                           ^
  符号:   方法 bindWrite(boolean)
  位置: 类型为RenderTarget的变量 bloomTarget
D:\Minecraft-Mods\AnvilCraft\src\main\java\dev\dubhe\anvilcraft\client\init\ModRenderTargets.java:45: 错误: 找不到符号
                MINECRAFT.getMainRenderTarget().bindWrite(false);
                                               ^
  符号:   方法 bindWrite(boolean)
  位置: 类 RenderTarget
D:\Minecraft-Mods\AnvilCraft\src\main\java\dev\dubhe\anvilcraft\client\init\ModRenderTargets.java:50: 错误: 找不到符号
                bloomTarget.unbindWrite();
                           ^
  符号:   方法 unbindWrite()
  位置: 类型为RenderTarget的变量 bloomTarget
D:\Minecraft-Mods\AnvilCraft\src\main\java\dev\dubhe\anvilcraft\client\init\ModRenderTargets.java:52: 错误: 找不到符号
            MINECRAFT.getMainRenderTarget().bindWrite(false);
                                           ^
  符号:   方法 bindWrite(boolean)
  位置: 类 RenderTarget
D:\Minecraft-Mods\AnvilCraft\src\main\java\dev\dubhe\anvilcraft\client\init\ModRenderTargets.java:58: 错误: 找不到符号
            bloomTarget.clear(Minecraft.ON_OSX);
                                       ^
  符号:   变量 ON_OSX
  位置: 类 Minecraft
D:\Minecraft-Mods\AnvilCraft\src\main\java\dev\dubhe\anvilcraft\client\init\ModRenderTargets.java:61: 错误: 找不到符号
            tempTarget.clear(Minecraft.ON_OSX);
                                      ^
  符号:   变量 ON_OSX
  位置: 类 Minecraft
D:\Minecraft-Mods\AnvilCraft\src\main\java\dev\dubhe\anvilcraft\client\init\ModRenderTargets.java:73: 错误: 找不到符号
            Minecraft.ON_OSX
                     ^
  符号:   变量 ON_OSX
  位置: 类 Minecraft
D:\Minecraft-Mods\AnvilCraft\src\main\java\dev\dubhe\anvilcraft\client\init\ModRenderTargets.java:75: 错误: 找不到符号
        if (laserTarget.isStencilEnabled()) {
                       ^
  符号:   方法 isStencilEnabled()
  位置: 类型为RenderTarget的变量 laserTarget
D:\Minecraft-Mods\AnvilCraft\src\main\java\dev\dubhe\anvilcraft\client\init\ModRenderTargets.java:76: 错误: 找不到符号
            tempTarget.enableStencil();
                      ^
  符号:   方法 enableStencil()
  位置: 类型为RenderTarget的变量 tempTarget
D:\Minecraft-Mods\AnvilCraft\src\main\java\dev\dubhe\anvilcraft\client\init\ModRenderTypes.java:32: 错误: 程序包RenderStateShard不存在
    public static final RenderStateShard.TransparencyStateShard LASER_TRANSPARENCY = new RenderStateShard.TransparencyStateShard(
                                                                                                         ^
D:\Minecraft-Mods\AnvilCraft\src\main\java\dev\dubhe\anvilcraft\client\init\ModRenderTypes.java:35: 错误: 找不到符号
            RenderSystem.enableBlend();
                        ^
  符号:   方法 enableBlend()
  位置: 类 RenderSystem
D:\Minecraft-Mods\AnvilCraft\src\main\java\dev\dubhe\anvilcraft\client\init\ModRenderTypes.java:37: 错误: 程序包GlStateManager不存在
                GlStateManager.SourceFactor.SRC_COLOR,
                              ^
D:\Minecraft-Mods\AnvilCraft\src\main\java\dev\dubhe\anvilcraft\client\init\ModRenderTypes.java:38: 错误: 程序包GlStateManager不存在
                GlStateManager.DestFactor.ONE_MINUS_SRC_ALPHA,
                              ^
D:\Minecraft-Mods\AnvilCraft\src\main\java\dev\dubhe\anvilcraft\client\init\ModRenderTypes.java:39: 错误: 程序包GlStateManager不存在
                GlStateManager.SourceFactor.ZERO,
                              ^
D:\Minecraft-Mods\AnvilCraft\src\main\java\dev\dubhe\anvilcraft\client\init\ModRenderTypes.java:40: 错误: 程序包GlStateManager不存在
                GlStateManager.DestFactor.ONE
                              ^
D:\Minecraft-Mods\AnvilCraft\src\main\java\dev\dubhe\anvilcraft\client\init\ModRenderTypes.java:44: 错误: 找不到符号
            RenderSystem.disableBlend();
                        ^
  符号:   方法 disableBlend()
  位置: 类 RenderSystem
D:\Minecraft-Mods\AnvilCraft\src\main\java\dev\dubhe\anvilcraft\client\init\ModRenderTypes.java:45: 错误: 找不到符号
            RenderSystem.defaultBlendFunc();
                        ^
  符号:   方法 defaultBlendFunc()
  位置: 类 RenderSystem
D:\Minecraft-Mods\AnvilCraft\src\main\java\dev\dubhe\anvilcraft\client\init\ModRenderTypes.java:49: 错误: 程序包RenderStateShard不存在
    public static RenderStateShard.ShaderStateShard RENDERTYPE_LASER_SHADER = new RenderStateShard.ShaderStateShard(
                                                                                                  ^
D:\Minecraft-Mods\AnvilCraft\src\main\java\dev\dubhe\anvilcraft\client\init\ModRenderTypes.java:53: 错误: 程序包RenderStateShard不存在
    public static RenderStateShard.ShaderStateShard RENDERTYPE_LIGHTNING_SHADER = new RenderStateShard.ShaderStateShard(
                                                                                                      ^
D:\Minecraft-Mods\AnvilCraft\src\main\java\dev\dubhe\anvilcraft\client\init\ModRenderTypes.java:54: 错误: 方法引用无效
        ModShaders::getRenderTypeLightningShader
        ^
  找不到符号
    符号:   方法 getRenderTypeLightningShader()
    位置: 类 ModShaders
D:\Minecraft-Mods\AnvilCraft\src\main\java\dev\dubhe\anvilcraft\client\init\ModRenderTypes.java:58: 错误: 程序包RenderStateShard不存在
        return new RenderStateShard.ShaderStateShard(
                                   ^
D:\Minecraft-Mods\AnvilCraft\src\main\java\dev\dubhe\anvilcraft\client\init\ModRenderTypes.java:74: 错误: 找不到符号
            private ShaderInstance getShader() {
                    ^
  符号: 类 ShaderInstance
D:\Minecraft-Mods\AnvilCraft\src\main\java\dev\dubhe\anvilcraft\client\init\ModRenderTypes.java:61: 错误: 方法不会覆盖或实现超类型的方法
            @Override
            ^
D:\Minecraft-Mods\AnvilCraft\src\main\java\dev\dubhe\anvilcraft\client\init\ModRenderTypes.java:66: 错误: 程序包FastColor不存在
                        FastColor.ARGB32.red(color) / 255F,
                                 ^
D:\Minecraft-Mods\AnvilCraft\src\main\java\dev\dubhe\anvilcraft\client\init\ModRenderTypes.java:67: 错误: 程序包FastColor不存在
                        FastColor.ARGB32.green(color) / 255F,
                                 ^
D:\Minecraft-Mods\AnvilCraft\src\main\java\dev\dubhe\anvilcraft\client\init\ModRenderTypes.java:68: 错误: 程序包FastColor不存在
                        FastColor.ARGB32.blue(color) / 255F,
                                 ^
D:\Minecraft-Mods\AnvilCraft\src\main\java\dev\dubhe\anvilcraft\client\init\ModRenderTypes.java:69: 错误: 程序包FastColor不存在
                        FastColor.ARGB32.alpha(color) / 255F
                                 ^
D:\Minecraft-Mods\AnvilCraft\src\main\java\dev\dubhe\anvilcraft\client\init\ModRenderTypes.java:71: 错误: 找不到符号
                RenderSystem.setShader(this::getShader);
                            ^
  符号:   方法 setShader(this::getShader)
  位置: 类 RenderSystem
D:\Minecraft-Mods\AnvilCraft\src\main\java\dev\dubhe\anvilcraft\client\init\ModRenderTypes.java:78: 错误: 方法不会覆盖或实现超类型的方法
            @Override
            ^
D:\Minecraft-Mods\AnvilCraft\src\main\java\dev\dubhe\anvilcraft\client\init\ModRenderTypes.java:85: 错误: 找不到符号
    public static final RenderType TRANSLUCENT_COLORED_OVERLAY = RenderType.create(
                                                                 ^
  符号:   变量 RenderType
  位置: 类 ModRenderTypes
D:\Minecraft-Mods\AnvilCraft\src\main\java\dev\dubhe\anvilcraft\client\init\ModRenderTypes.java:97: 错误: 找不到符号
            .setOutputState(TRANSLUCENT_TARGET)
                            ^
  符号:   变量 TRANSLUCENT_TARGET
  位置: 类 ModRenderTypes
D:\Minecraft-Mods\AnvilCraft\src\main\java\dev\dubhe\anvilcraft\client\init\ModRenderTypes.java:96: 错误: 找不到符号
            .setTransparencyState(TRANSLUCENT_TRANSPARENCY)
                                  ^
  符号:   变量 TRANSLUCENT_TRANSPARENCY
  位置: 类 ModRenderTypes
D:\Minecraft-Mods\AnvilCraft\src\main\java\dev\dubhe\anvilcraft\client\init\ModRenderTypes.java:95: 错误: 找不到符号
            .setTextureState(BLOCK_SHEET_MIPPED)
                             ^
  符号:   变量 BLOCK_SHEET_MIPPED
  位置: 类 ModRenderTypes
D:\Minecraft-Mods\AnvilCraft\src\main\java\dev\dubhe\anvilcraft\client\init\ModRenderTypes.java:93: 错误: 找不到符号
            .setLightmapState(LIGHTMAP)
                              ^
  符号:   变量 LIGHTMAP
  位置: 类 ModRenderTypes
D:\Minecraft-Mods\AnvilCraft\src\main\java\dev\dubhe\anvilcraft\client\init\ModRenderTypes.java:92: 错误: 程序包RenderType不存在
        RenderType.CompositeState.builder()
                  ^
D:\Minecraft-Mods\AnvilCraft\src\main\java\dev\dubhe\anvilcraft\client\init\ModRenderTypes.java:101: 错误: 找不到符号
    public static final RenderType LINE_BLOOM = RenderType.create(
                                                ^
  符号:   变量 RenderType
  位置: 类 ModRenderTypes
D:\Minecraft-Mods\AnvilCraft\src\main\java\dev\dubhe\anvilcraft\client\init\ModRenderTypes.java:113: 错误: 找不到符号
            .setCullState(NO_CULL)
                          ^
  符号:   变量 NO_CULL
  位置: 类 ModRenderTypes
D:\Minecraft-Mods\AnvilCraft\src\main\java\dev\dubhe\anvilcraft\client\init\ModRenderTypes.java:112: 错误: 找不到符号
            .setWriteMaskState(COLOR_DEPTH_WRITE)
                               ^
  符号:   变量 COLOR_DEPTH_WRITE
  位置: 类 ModRenderTypes
D:\Minecraft-Mods\AnvilCraft\src\main\java\dev\dubhe\anvilcraft\client\init\ModRenderTypes.java:110: 错误: 找不到符号
            .setTransparencyState(TRANSLUCENT_TRANSPARENCY)
                                  ^
  符号:   变量 TRANSLUCENT_TRANSPARENCY
  位置: 类 ModRenderTypes
D:\Minecraft-Mods\AnvilCraft\src\main\java\dev\dubhe\anvilcraft\client\init\ModRenderTypes.java:109: 错误: 找不到符号
            .setLayeringState(VIEW_OFFSET_Z_LAYERING)
                              ^
  符号:   变量 VIEW_OFFSET_Z_LAYERING
  位置: 类 ModRenderTypes
D:\Minecraft-Mods\AnvilCraft\src\main\java\dev\dubhe\anvilcraft\client\init\ModRenderTypes.java:108: 错误: 程序包RenderStateShard不存在
            .setLineState(new RenderStateShard.LineStateShard(OptionalDouble.empty()))
                                              ^
D:\Minecraft-Mods\AnvilCraft\src\main\java\dev\dubhe\anvilcraft\client\init\ModRenderTypes.java:107: 错误: 找不到符号
            .setShaderState(RENDERTYPE_LINES_SHADER)
                            ^
  符号:   变量 RENDERTYPE_LINES_SHADER
  位置: 类 ModRenderTypes
D:\Minecraft-Mods\AnvilCraft\src\main\java\dev\dubhe\anvilcraft\client\init\ModRenderTypes.java:106: 错误: 程序包RenderType不存在
        RenderType.CompositeState.builder()
                  ^
D:\Minecraft-Mods\AnvilCraft\src\main\java\dev\dubhe\anvilcraft\client\init\ModRenderTypes.java:117: 错误: 找不到符号
    public static final RenderType LASER = RenderType.create(
                                           ^
  符号:   变量 RenderType
  位置: 类 ModRenderTypes
D:\Minecraft-Mods\AnvilCraft\src\main\java\dev\dubhe\anvilcraft\client\init\ModRenderTypes.java:134: 错误: 找不到符号
            .setOverlayState(OVERLAY)
                             ^
  符号:   变量 OVERLAY
  位置: 类 ModRenderTypes
D:\Minecraft-Mods\AnvilCraft\src\main\java\dev\dubhe\anvilcraft\client\init\ModRenderTypes.java:133: 错误: 找不到符号
            .setWriteMaskState(COLOR_DEPTH_WRITE)
                               ^
  符号:   变量 COLOR_DEPTH_WRITE
  位置: 类 ModRenderTypes
D:\Minecraft-Mods\AnvilCraft\src\main\java\dev\dubhe\anvilcraft\client\init\ModRenderTypes.java:132: 错误: 找不到符号
            .setCullState(CULL)
                          ^
  符号:   变量 CULL
  位置: 类 ModRenderTypes
D:\Minecraft-Mods\AnvilCraft\src\main\java\dev\dubhe\anvilcraft\client\init\ModRenderTypes.java:127: 错误: 程序包RenderStateShard不存在
            .setTextureState(new RenderStateShard.TextureStateShard(
                                                 ^
D:\Minecraft-Mods\AnvilCraft\src\main\java\dev\dubhe\anvilcraft\client\init\ModRenderTypes.java:125: 错误: 找不到符号
            .setLightmapState(LIGHTMAP)
                              ^
  符号:   变量 LIGHTMAP
  位置: 类 ModRenderTypes
D:\Minecraft-Mods\AnvilCraft\src\main\java\dev\dubhe\anvilcraft\client\init\ModRenderTypes.java:124: 错误: 程序包RenderType不存在
        RenderType.CompositeState.builder()
                  ^
D:\Minecraft-Mods\AnvilCraft\src\main\java\dev\dubhe\anvilcraft\client\init\ModRenderTypes.java:139: 错误: 找不到符号
    public static final RenderType LIGHTNING = RenderType.create(
                                               ^
  符号:   变量 RenderType
  位置: 类 ModRenderTypes
D:\Minecraft-Mods\AnvilCraft\src\main\java\dev\dubhe\anvilcraft\client\init\ModRenderTypes.java:156: 错误: 找不到符号
            .setWriteMaskState(COLOR_WRITE)
                               ^
  符号:   变量 COLOR_WRITE
  位置: 类 ModRenderTypes
D:\Minecraft-Mods\AnvilCraft\src\main\java\dev\dubhe\anvilcraft\client\init\ModRenderTypes.java:155: 错误: 找不到符号
            .setCullState(NO_CULL)
                          ^
  符号:   变量 NO_CULL
  位置: 类 ModRenderTypes
D:\Minecraft-Mods\AnvilCraft\src\main\java\dev\dubhe\anvilcraft\client\init\ModRenderTypes.java:149: 错误: 程序包RenderStateShard不存在
            .setTextureState(new RenderStateShard.TextureStateShard(
                                                 ^
D:\Minecraft-Mods\AnvilCraft\src\main\java\dev\dubhe\anvilcraft\client\init\ModRenderTypes.java:147: 错误: 找不到符号
            .setLightmapState(LIGHTMAP)
                              ^
  符号:   变量 LIGHTMAP
  位置: 类 ModRenderTypes
D:\Minecraft-Mods\AnvilCraft\src\main\java\dev\dubhe\anvilcraft\client\init\ModRenderTypes.java:146: 错误: 程序包RenderType不存在
        RenderType.CompositeState.builder()
                  ^
D:\Minecraft-Mods\AnvilCraft\src\main\java\dev\dubhe\anvilcraft\client\init\ModRenderTypes.java:161: 错误: 找不到符号
    public static final RenderType BEACON_GLASS = RenderType.create(
                                                  ^
  符号:   变量 RenderType
  位置: 类 ModRenderTypes
D:\Minecraft-Mods\AnvilCraft\src\main\java\dev\dubhe\anvilcraft\client\init\ModRenderTypes.java:174: 错误: 找不到符号
            .setWriteMaskState(COLOR_WRITE)
                               ^
  符号:   变量 COLOR_WRITE
  位置: 类 ModRenderTypes
D:\Minecraft-Mods\AnvilCraft\src\main\java\dev\dubhe\anvilcraft\client\init\ModRenderTypes.java:173: 错误: 找不到符号
            .setOutputState(TRANSLUCENT_TARGET)
                            ^
  符号:   变量 TRANSLUCENT_TARGET
  位置: 类 ModRenderTypes
D:\Minecraft-Mods\AnvilCraft\src\main\java\dev\dubhe\anvilcraft\client\init\ModRenderTypes.java:172: 错误: 找不到符号
            .setTransparencyState(TRANSLUCENT_TRANSPARENCY)
                                  ^
  符号:   变量 TRANSLUCENT_TRANSPARENCY
  位置: 类 ModRenderTypes
D:\Minecraft-Mods\AnvilCraft\src\main\java\dev\dubhe\anvilcraft\client\init\ModRenderTypes.java:171: 错误: 找不到符号
            .setTextureState(BLOCK_SHEET_MIPPED)
                             ^
  符号:   变量 BLOCK_SHEET_MIPPED
  位置: 类 ModRenderTypes
D:\Minecraft-Mods\AnvilCraft\src\main\java\dev\dubhe\anvilcraft\client\init\ModRenderTypes.java:170: 错误: 找不到符号
            .setShaderState(RENDERTYPE_TRANSLUCENT_SHADER)
                            ^
  符号:   变量 RENDERTYPE_TRANSLUCENT_SHADER
  位置: 类 ModRenderTypes
D:\Minecraft-Mods\AnvilCraft\src\main\java\dev\dubhe\anvilcraft\client\init\ModRenderTypes.java:169: 错误: 找不到符号
            .setLightmapState(LIGHTMAP)
                              ^
  符号:   变量 LIGHTMAP
  位置: 类 ModRenderTypes
D:\Minecraft-Mods\AnvilCraft\src\main\java\dev\dubhe\anvilcraft\client\init\ModRenderTypes.java:168: 错误: 程序包RenderType不存在
        RenderType.CompositeState.builder()
                  ^
D:\Minecraft-Mods\AnvilCraft\src\main\java\dev\dubhe\anvilcraft\client\model\FlightTimeProperty.java:19: 错误: 不兼容的类型: FlightTime无法转换为float
        return (float) stack.get(ModComponents.FLIGHT_TIME) / AnvilCraft.CONFIG.ionoCraftBackpackMaxFlightTime;
                                ^
D:\Minecraft-Mods\AnvilCraft\src\main\java\dev\dubhe\anvilcraft\client\particle\PlasmaJetsParticle.java:21: 错误: 找不到符号
        this.gravity = 0.2F;
            ^
  符号: 变量 gravity
D:\Minecraft-Mods\AnvilCraft\src\main\java\dev\dubhe\anvilcraft\client\particle\PlasmaJetsParticle.java:22: 错误: 找不到符号
        this.friction = 0.9F;
            ^
  符号: 变量 friction
D:\Minecraft-Mods\AnvilCraft\src\main\java\dev\dubhe\anvilcraft\client\particle\PlasmaJetsParticle.java:24: 错误: 找不到符号
        this.xd = speedX + (Math.random() * 2.0 - 1.0) * 0.05F;
            ^
  符号: 变量 xd
D:\Minecraft-Mods\AnvilCraft\src\main\java\dev\dubhe\anvilcraft\client\particle\PlasmaJetsParticle.java:25: 错误: 找不到符号
        this.yd = speedY + (Math.random() * 2.0 - 1.0) * 0.05F;
            ^
  符号: 变量 yd
D:\Minecraft-Mods\AnvilCraft\src\main\java\dev\dubhe\anvilcraft\client\particle\PlasmaJetsParticle.java:26: 错误: 找不到符号
        this.zd = speedZ + (Math.random() * 2.0 - 1.0) * 0.05F;
            ^
  符号: 变量 zd
D:\Minecraft-Mods\AnvilCraft\src\main\java\dev\dubhe\anvilcraft\client\particle\PlasmaJetsParticle.java:27: 错误: 找不到符号
        this.rCol = 1;
            ^
  符号: 变量 rCol
D:\Minecraft-Mods\AnvilCraft\src\main\java\dev\dubhe\anvilcraft\client\particle\PlasmaJetsParticle.java:28: 错误: 找不到符号
        this.gCol = 1;
            ^
  符号: 变量 gCol
D:\Minecraft-Mods\AnvilCraft\src\main\java\dev\dubhe\anvilcraft\client\particle\PlasmaJetsParticle.java:29: 错误: 找不到符号
        this.bCol = 1;
            ^
  符号: 变量 bCol
D:\Minecraft-Mods\AnvilCraft\src\main\java\dev\dubhe\anvilcraft\client\particle\PlasmaJetsParticle.java:30: 错误: 找不到符号
        this.quadSize = 0.1F * (this.random.nextFloat() * this.random.nextFloat() * 2.0F + 1.0F);
            ^
  符号: 变量 quadSize
D:\Minecraft-Mods\AnvilCraft\src\main\java\dev\dubhe\anvilcraft\client\particle\PlasmaJetsParticle.java:30: 错误: 找不到符号
        this.quadSize = 0.1F * (this.random.nextFloat() * this.random.nextFloat() * 2.0F + 1.0F);
                                    ^
  符号: 变量 random
D:\Minecraft-Mods\AnvilCraft\src\main\java\dev\dubhe\anvilcraft\client\particle\PlasmaJetsParticle.java:30: 错误: 找不到符号
        this.quadSize = 0.1F * (this.random.nextFloat() * this.random.nextFloat() * 2.0F + 1.0F);
                                                              ^
  符号: 变量 random
D:\Minecraft-Mods\AnvilCraft\src\main\java\dev\dubhe\anvilcraft\client\particle\PlasmaJetsParticle.java:31: 错误: 找不到符号
        this.lifetime = (int) (16.0 / ((double) this.random.nextFloat() * 0.8 + 0.2)) + 2;
            ^
  符号: 变量 lifetime
D:\Minecraft-Mods\AnvilCraft\src\main\java\dev\dubhe\anvilcraft\client\particle\PlasmaJetsParticle.java:31: 错误: 找不到符号
        this.lifetime = (int) (16.0 / ((double) this.random.nextFloat() * 0.8 + 0.2)) + 2;
                                                    ^
  符号: 变量 random
D:\Minecraft-Mods\AnvilCraft\src\main\java\dev\dubhe\anvilcraft\client\particle\PlasmaJetsParticle.java:32: 错误: 找不到符号
        this.setSpriteFromAge(sprites);
            ^
  符号: 方法 setSpriteFromAge(SpriteSet)
D:\Minecraft-Mods\AnvilCraft\src\main\java\dev\dubhe\anvilcraft\client\particle\PlasmaJetsParticle.java:35: 错误: 方法不会覆盖或实现超类型的方法
    @Override
    ^
D:\Minecraft-Mods\AnvilCraft\src\main\java\dev\dubhe\anvilcraft\client\particle\PlasmaJetsParticle.java:37: 错误: 找不到符号
        return ParticleRenderType.PARTICLE_SHEET_TRANSLUCENT;
                                 ^
  符号:   变量 PARTICLE_SHEET_TRANSLUCENT
  位置: 类 ParticleRenderType
D:\Minecraft-Mods\AnvilCraft\src\main\java\dev\dubhe\anvilcraft\client\particle\PlasmaJetsParticle.java:40: 错误: 方法不会覆盖或实现超类型的方法
    @Override
    ^
D:\Minecraft-Mods\AnvilCraft\src\main\java\dev\dubhe\anvilcraft\client\particle\PlasmaJetsParticle.java:42: 错误: 找不到符号
        super.tick();
        ^
  符号:   变量 super
  位置: 类 PlasmaJetsParticle
D:\Minecraft-Mods\AnvilCraft\src\main\java\dev\dubhe\anvilcraft\client\particle\PlasmaJetsParticle.java:43: 错误: 找不到符号
        this.setAlpha(1);
            ^
  符号: 方法 setAlpha(int)
D:\Minecraft-Mods\AnvilCraft\src\main\java\dev\dubhe\anvilcraft\client\particle\PlasmaJetsParticle.java:44: 错误: 找不到符号
        this.setSpriteFromAge(this.sprites);
            ^
  符号: 方法 setSpriteFromAge(SpriteSet)
D:\Minecraft-Mods\AnvilCraft\src\main\java\dev\dubhe\anvilcraft\client\particle\PlasmaJetsParticle.java:45: 错误: 找不到符号
        this.setColorFromAge(this.age, this.lifetime);
                                 ^
  符号: 变量 age
D:\Minecraft-Mods\AnvilCraft\src\main\java\dev\dubhe\anvilcraft\client\particle\PlasmaJetsParticle.java:45: 错误: 找不到符号
        this.setColorFromAge(this.age, this.lifetime);
                                           ^
  符号: 变量 lifetime
D:\Minecraft-Mods\AnvilCraft\src\main\java\dev\dubhe\anvilcraft\client\particle\PlasmaJetsParticle.java:63: 错误: 找不到符号
        this.setColor(r, g, b);
            ^
  符号: 方法 setColor(float,float,float)
D:\Minecraft-Mods\AnvilCraft\src\main\java\dev\dubhe\anvilcraft\client\particle\PlasmaJetsParticle.java:67: 错误: Provider不是抽象的, 并且未覆盖ParticleProvider中的抽象方法createParticle(SimpleParticleType,ClientLevel,double,double,double,double,double,double,RandomSource)
    public static class Provider implements ParticleProvider<SimpleParticleType> {
                  ^
D:\Minecraft-Mods\AnvilCraft\src\main\java\dev\dubhe\anvilcraft\client\particle\PlasmaJetsParticle.java:84: 错误: 不兼容的类型: PlasmaJetsParticle无法转换为Particle
            return new PlasmaJetsParticle(level, x, y, z, speedX, speedY, speedZ, this.sprites);
                   ^
D:\Minecraft-Mods\AnvilCraft\src\main\java\dev\dubhe\anvilcraft\client\renderer\blockentity\AdvancedComparatorRenderer.java:41: 错误: 找不到符号
        state.setSignal(be.getBlockState().getValue(AdvancedComparatorBlock.POWER));
             ^
  符号:   方法 setSignal(Integer)
  位置: 类型为AdvancedComparatorRenderState的变量 state
D:\Minecraft-Mods\AnvilCraft\src\main\java\dev\dubhe\anvilcraft\client\renderer\blockentity\AdvancedComparatorRenderer.java:42: 错误: 找不到符号
        state.setIndicator(BlockEntityRendererSupport.initialize(AdvancedComparatorRenderer.INDICATOR, be));
             ^
  符号:   方法 setIndicator(BlockModelRenderState)
  位置: 类型为AdvancedComparatorRenderState的变量 state
D:\Minecraft-Mods\AnvilCraft\src\main\java\dev\dubhe\anvilcraft\client\renderer\blockentity\AdvancedComparatorRenderer.java:53: 错误: 找不到符号
        float height = state.getSignal() / 3F * .0625F;
                            ^
  符号:   方法 getSignal()
  位置: 类型为AdvancedComparatorRenderState的变量 state
D:\Minecraft-Mods\AnvilCraft\src\main\java\dev\dubhe\anvilcraft\client\renderer\blockentity\AdvancedComparatorRenderer.java:55: 错误: 找不到符号
        state.getIndicator().submit(pose, collector, state.lightCoords, OverlayTexture.NO_OVERLAY, 0);
             ^
  符号:   方法 getIndicator()
  位置: 类型为AdvancedComparatorRenderState的变量 state
D:\Minecraft-Mods\AnvilCraft\src\main\java\dev\dubhe\anvilcraft\client\renderer\blockentity\BaseFluidHandlerHolderRenderer.java:46: 错误: 找不到符号
        state.setResource(resource);
             ^
  符号:   方法 setResource(FluidResource)
  位置: 类型为S的变量 state
  其中, S是类型变量:
    S扩展已在类 BaseFluidHandlerHolderRenderer中声明的FluidHandlerRenderState
D:\Minecraft-Mods\AnvilCraft\src\main\java\dev\dubhe\anvilcraft\client\renderer\blockentity\BaseFluidHandlerHolderRenderer.java:47: 错误: 找不到符号
        state.setFill((float) tank.getAmountAsInt(0) / tank.getCapacityAsInt(0, resource));
             ^
  符号:   方法 setFill(float)
  位置: 类型为S的变量 state
  其中, S是类型变量:
    S扩展已在类 BaseFluidHandlerHolderRenderer中声明的FluidHandlerRenderState
D:\Minecraft-Mods\AnvilCraft\src\main\java\dev\dubhe\anvilcraft\client\renderer\blockentity\BaseFluidHandlerHolderRenderer.java:48: 错误: 找不到符号
        if (state.getFill() <= 0.025) state.setFill(0.025F);
                 ^
  符号:   方法 getFill()
  位置: 类型为S的变量 state
  其中, S是类型变量:
    S扩展已在类 BaseFluidHandlerHolderRenderer中声明的FluidHandlerRenderState
D:\Minecraft-Mods\AnvilCraft\src\main\java\dev\dubhe\anvilcraft\client\renderer\blockentity\BaseFluidHandlerHolderRenderer.java:48: 错误: 找不到符号
        if (state.getFill() <= 0.025) state.setFill(0.025F);
                                           ^
  符号:   方法 setFill(float)
  位置: 类型为S的变量 state
  其中, S是类型变量:
    S扩展已在类 BaseFluidHandlerHolderRenderer中声明的FluidHandlerRenderState
D:\Minecraft-Mods\AnvilCraft\src\main\java\dev\dubhe\anvilcraft\client\renderer\blockentity\BaseFluidHandlerHolderRenderer.java:56: 错误: 找不到符号
            state.getResource().getFluid()
                 ^
  符号:   方法 getResource()
  位置: 类型为S的变量 state
  其中, S是类型变量:
    S扩展已在类 BaseFluidHandlerHolderRenderer中声明的FluidHandlerRenderState
D:\Minecraft-Mods\AnvilCraft\src\main\java\dev\dubhe\anvilcraft\client\renderer\blockentity\BaseFluidHandlerHolderRenderer.java:59: 错误: 找不到符号
        int tintColor = model.fluidTintSource().colorAsStack(state.getResource().toStack(1));
                                                                  ^
  符号:   方法 getResource()
  位置: 类型为S的变量 state
  其中, S是类型变量:
    S扩展已在类 BaseFluidHandlerHolderRenderer中声明的FluidHandlerRenderState
D:\Minecraft-Mods\AnvilCraft\src\main\java\dev\dubhe\anvilcraft\client\renderer\blockentity\BaseFluidHandlerHolderRenderer.java:65: 错误: 找不到符号
                state.getResource(),
                     ^
  符号:   方法 getResource()
  位置: 类型为S的变量 state
  其中, S是类型变量:
    S扩展已在类 BaseFluidHandlerHolderRenderer中声明的FluidHandlerRenderState
D:\Minecraft-Mods\AnvilCraft\src\main\java\dev\dubhe\anvilcraft\client\renderer\blockentity\BaseFluidHandlerHolderRenderer.java:66: 错误: 找不到符号
                state.getMinX(),
                     ^
  符号:   方法 getMinX()
  位置: 类型为S的变量 state
  其中, S是类型变量:
    S扩展已在类 BaseFluidHandlerHolderRenderer中声明的FluidHandlerRenderState
D:\Minecraft-Mods\AnvilCraft\src\main\java\dev\dubhe\anvilcraft\client\renderer\blockentity\BaseFluidHandlerHolderRenderer.java:67: 错误: 找不到符号
                state.getMinY(),
                     ^
  符号:   方法 getMinY()
  位置: 类型为S的变量 state
  其中, S是类型变量:
    S扩展已在类 BaseFluidHandlerHolderRenderer中声明的FluidHandlerRenderState
D:\Minecraft-Mods\AnvilCraft\src\main\java\dev\dubhe\anvilcraft\client\renderer\blockentity\BaseFluidHandlerHolderRenderer.java:68: 错误: 找不到符号
                state.getMinZ(),
                     ^
  符号:   方法 getMinZ()
  位置: 类型为S的变量 state
  其中, S是类型变量:
    S扩展已在类 BaseFluidHandlerHolderRenderer中声明的FluidHandlerRenderState
D:\Minecraft-Mods\AnvilCraft\src\main\java\dev\dubhe\anvilcraft\client\renderer\blockentity\BaseFluidHandlerHolderRenderer.java:69: 错误: 找不到符号
                state.getMaxX(),
                     ^
  符号:   方法 getMaxX()
  位置: 类型为S的变量 state
  其中, S是类型变量:
    S扩展已在类 BaseFluidHandlerHolderRenderer中声明的FluidHandlerRenderState
D:\Minecraft-Mods\AnvilCraft\src\main\java\dev\dubhe\anvilcraft\client\renderer\blockentity\BaseFluidHandlerHolderRenderer.java:70: 错误: 找不到符号
                state.getMaxY(),
                     ^
  符号:   方法 getMaxY()
  位置: 类型为S的变量 state
  其中, S是类型变量:
    S扩展已在类 BaseFluidHandlerHolderRenderer中声明的FluidHandlerRenderState
D:\Minecraft-Mods\AnvilCraft\src\main\java\dev\dubhe\anvilcraft\client\renderer\blockentity\BaseFluidHandlerHolderRenderer.java:71: 错误: 找不到符号
                state.getMaxZ(),
                     ^
  符号:   方法 getMaxZ()
  位置: 类型为S的变量 state
  其中, S是类型变量:
    S扩展已在类 BaseFluidHandlerHolderRenderer中声明的FluidHandlerRenderState
D:\Minecraft-Mods\AnvilCraft\src\main\java\dev\dubhe\anvilcraft\client\renderer\blockentity\BaseShowItemRenderer.java:40: 错误: 找不到符号
        state.setRotation((be.getLevel().getGameTime() + partialTicks) * 2f);
             ^
  符号:   方法 setRotation(float)
  位置: 类型为S的变量 state
  其中, S是类型变量:
    S扩展已在类 BaseShowItemRenderer中声明的BaseShowItemRenderState
D:\Minecraft-Mods\AnvilCraft\src\main\java\dev\dubhe\anvilcraft\client\renderer\blockentity\BaseShowItemRenderer.java:41: 错误: 找不到符号
        state.setDisplay(stack);
             ^
  符号:   方法 setDisplay(ItemStack)
  位置: 类型为S的变量 state
  其中, S是类型变量:
    S扩展已在类 BaseShowItemRenderer中声明的BaseShowItemRenderState
D:\Minecraft-Mods\AnvilCraft\src\main\java\dev\dubhe\anvilcraft\client\renderer\blockentity\BaseShowItemRenderer.java:42: 错误: 找不到符号
        state.setDisplayState(new ItemClusterRenderState());
             ^
  符号:   方法 setDisplayState(ItemClusterRenderState)
  位置: 类型为S的变量 state
  其中, S是类型变量:
    S扩展已在类 BaseShowItemRenderer中声明的BaseShowItemRenderState
D:\Minecraft-Mods\AnvilCraft\src\main\java\dev\dubhe\anvilcraft\client\renderer\blockentity\BaseShowItemRenderer.java:43: 错误: 找不到符号
        state.getDisplayState().extractItemGroupRenderState(null, stack, this.resolver);
             ^
  符号:   方法 getDisplayState()
  位置: 类型为S的变量 state
  其中, S是类型变量:
    S扩展已在类 BaseShowItemRenderer中声明的BaseShowItemRenderState
D:\Minecraft-Mods\AnvilCraft\src\main\java\dev\dubhe\anvilcraft\client\renderer\blockentity\BaseShowItemRenderer.java:51: 错误: 找不到符号
        ItemStack display = state.getDisplay();
                                 ^
  符号:   方法 getDisplay()
  位置: 类型为S的变量 state
  其中, S是类型变量:
    S扩展已在类 BaseShowItemRenderer中声明的BaseShowItemRenderState
D:\Minecraft-Mods\AnvilCraft\src\main\java\dev\dubhe\anvilcraft\client\renderer\blockentity\BaseShowItemRenderer.java:53: 错误: 找不到符号
        ItemClusterRenderState cluster = state.getDisplayState();
                                              ^
  符号:   方法 getDisplayState()
  位置: 类型为S的变量 state
  其中, S是类型变量:
    S扩展已在类 BaseShowItemRenderer中声明的BaseShowItemRenderState
D:\Minecraft-Mods\AnvilCraft\src\main\java\dev\dubhe\anvilcraft\client\renderer\blockentity\BatchCraftingRenderer.java:21: 错误: 找不到符号
        return blockEntity.getDisplayingStack();
                          ^
  符号:   方法 getDisplayingStack()
  位置: 类型为BaseBatchCraftingBlockEntity的变量 blockEntity
D:\Minecraft-Mods\AnvilCraft\src\main\java\dev\dubhe\anvilcraft\client\renderer\blockentity\CFARenderer.java:50: 错误: 找不到符号
        state.setRotation(be.getRotation() + (be.getRotation() - be.getPreRotation()) * partialTicks);
                            ^
  符号:   方法 getRotation()
  位置: 类型为CelestialForgingAnvilBlockEntity的变量 be
D:\Minecraft-Mods\AnvilCraft\src\main\java\dev\dubhe\anvilcraft\client\renderer\blockentity\CFARenderer.java:50: 错误: 找不到符号
        state.setRotation(be.getRotation() + (be.getRotation() - be.getPreRotation()) * partialTicks);
                                                ^
  符号:   方法 getRotation()
  位置: 类型为CelestialForgingAnvilBlockEntity的变量 be
D:\Minecraft-Mods\AnvilCraft\src\main\java\dev\dubhe\anvilcraft\client\renderer\blockentity\CFARenderer.java:50: 错误: 找不到符号
        state.setRotation(be.getRotation() + (be.getRotation() - be.getPreRotation()) * partialTicks);
                                                                   ^
  符号:   方法 getPreRotation()
  位置: 类型为CelestialForgingAnvilBlockEntity的变量 be
D:\Minecraft-Mods\AnvilCraft\src\main\java\dev\dubhe\anvilcraft\client\renderer\blockentity\CFARenderer.java:51: 错误: 找不到符号
        state.setAmplified(be.isAmplify());
                             ^
  符号:   方法 isAmplify()
  位置: 类型为CelestialForgingAnvilBlockEntity的变量 be
D:\Minecraft-Mods\AnvilCraft\src\main\java\dev\dubhe\anvilcraft\client\renderer\blockentity\CFARenderer.java:52: 错误: 找不到符号
        if (state.isAmplified()) {
                 ^
  符号:   方法 isAmplified()
  位置: 类型为CFARenderState的变量 state
D:\Minecraft-Mods\AnvilCraft\src\main\java\dev\dubhe\anvilcraft\client\renderer\blockentity\CFARenderer.java:53: 错误: 找不到符号
            state.setOffsetY(4.5);
                 ^
  符号:   方法 setOffsetY(double)
  位置: 类型为CFARenderState的变量 state
D:\Minecraft-Mods\AnvilCraft\src\main\java\dev\dubhe\anvilcraft\client\renderer\blockentity\CFARenderer.java:54: 错误: 找不到符号
            state.setBig(BlockEntityRendererSupport.initialize(CFARenderer.RING3, be));
                 ^
  符号:   方法 setBig(BlockModelRenderState)
  位置: 类型为CFARenderState的变量 state
D:\Minecraft-Mods\AnvilCraft\src\main\java\dev\dubhe\anvilcraft\client\renderer\blockentity\CFARenderer.java:55: 错误: 找不到符号
            state.setSmall(BlockEntityRendererSupport.initialize(CFARenderer.RING2, be));
                 ^
  符号:   方法 setSmall(BlockModelRenderState)
  位置: 类型为CFARenderState的变量 state
D:\Minecraft-Mods\AnvilCraft\src\main\java\dev\dubhe\anvilcraft\client\renderer\blockentity\CFARenderer.java:57: 错误: 找不到符号
            state.setOffsetY(3.5);
                 ^
  符号:   方法 setOffsetY(double)
  位置: 类型为CFARenderState的变量 state
D:\Minecraft-Mods\AnvilCraft\src\main\java\dev\dubhe\anvilcraft\client\renderer\blockentity\CFARenderer.java:58: 错误: 找不到符号
            state.setBig(BlockEntityRendererSupport.initialize(CFARenderer.RING2, be));
                 ^
  符号:   方法 setBig(BlockModelRenderState)
  位置: 类型为CFARenderState的变量 state
D:\Minecraft-Mods\AnvilCraft\src\main\java\dev\dubhe\anvilcraft\client\renderer\blockentity\CFARenderer.java:59: 错误: 找不到符号
            state.setSmall(BlockEntityRendererSupport.initialize(CFARenderer.RING1, be));
                 ^
  符号:   方法 setSmall(BlockModelRenderState)
  位置: 类型为CFARenderState的变量 state
D:\Minecraft-Mods\AnvilCraft\src\main\java\dev\dubhe\anvilcraft\client\renderer\blockentity\CFARenderer.java:66: 错误: 找不到符号
        pose.translate(0.5, state.getOffsetY(), 0.5);
                                 ^
  符号:   方法 getOffsetY()
  位置: 类型为CFARenderState的变量 state
D:\Minecraft-Mods\AnvilCraft\src\main\java\dev\dubhe\anvilcraft\client\renderer\blockentity\CFARenderer.java:67: 错误: 找不到符号
        pose.mulPose(Axis.XP.rotationDegrees(state.getRotation()));
                                                  ^
  符号:   方法 getRotation()
  位置: 类型为CFARenderState的变量 state
D:\Minecraft-Mods\AnvilCraft\src\main\java\dev\dubhe\anvilcraft\client\renderer\blockentity\CFARenderer.java:69: 错误: 找不到符号
        state.getBig().submit(pose, collector, state.lightCoords, OverlayTexture.NO_OVERLAY, 0);
             ^
  符号:   方法 getBig()
  位置: 类型为CFARenderState的变量 state
D:\Minecraft-Mods\AnvilCraft\src\main\java\dev\dubhe\anvilcraft\client\renderer\blockentity\CFARenderer.java:70: 错误: 找不到符号
        pose.mulPose(Axis.ZP.rotationDegrees(state.getRotation()));
                                                  ^
  符号:   方法 getRotation()
  位置: 类型为CFARenderState的变量 state
D:\Minecraft-Mods\AnvilCraft\src\main\java\dev\dubhe\anvilcraft\client\renderer\blockentity\CFARenderer.java:71: 错误: 找不到符号
        state.getSmall().submit(pose, collector, state.lightCoords, OverlayTexture.NO_OVERLAY, 0);
             ^
  符号:   方法 getSmall()
  位置: 类型为CFARenderState的变量 state
D:\Minecraft-Mods\AnvilCraft\src\main\java\dev\dubhe\anvilcraft\client\renderer\blockentity\CFARenderer.java:78: 错误: 找不到符号
        if (!blockEntity.isAmplify()) {
                        ^
  符号:   方法 isAmplify()
  位置: 类型为CelestialForgingAnvilBlockEntity的变量 blockEntity
D:\Minecraft-Mods\AnvilCraft\src\main\java\dev\dubhe\anvilcraft\client\renderer\blockentity\PowerProducerRenderer.java:34: 错误: 找不到符号
        state.setElevation(this.elevation());
             ^
  符号:   方法 setElevation(float)
  位置: 类型为S的变量 state
  其中, S是类型变量:
    S扩展已在类 PowerProducerRenderer中声明的PowerGeneratorRenderState
D:\Minecraft-Mods\AnvilCraft\src\main\java\dev\dubhe\anvilcraft\client\renderer\blockentity\PowerProducerRenderer.java:35: 错误: 找不到符号
        state.setRotation(this.rotation(be, partialTicks));
             ^
  符号:   方法 setRotation(float)
  位置: 类型为S的变量 state
  其中, S是类型变量:
    S扩展已在类 PowerProducerRenderer中声明的PowerGeneratorRenderState
D:\Minecraft-Mods\AnvilCraft\src\main\java\dev\dubhe\anvilcraft\client\renderer\blockentity\PowerProducerRenderer.java:36: 错误: 找不到符号
        state.setCube(BlockEntityRendererSupport.initialize(this.getModel(), be));
             ^
  符号:   方法 setCube(BlockModelRenderState)
  位置: 类型为S的变量 state
  其中, S是类型变量:
    S扩展已在类 PowerProducerRenderer中声明的PowerGeneratorRenderState
D:\Minecraft-Mods\AnvilCraft\src\main\java\dev\dubhe\anvilcraft\client\renderer\blockentity\PowerProducerRenderer.java:42: 错误: 找不到符号
        pose.translate(0.5F, state.getElevation(), 0.5F);
                                  ^
  符号:   方法 getElevation()
  位置: 类型为S的变量 state
  其中, S是类型变量:
    S扩展已在类 PowerProducerRenderer中声明的PowerGeneratorRenderState
D:\Minecraft-Mods\AnvilCraft\src\main\java\dev\dubhe\anvilcraft\client\renderer\blockentity\PowerProducerRenderer.java:43: 错误: 找不到符号
        pose.mulPose(Axis.YP.rotationDegrees(state.getRotation()));
                                                  ^
  符号:   方法 getRotation()
  位置: 类型为S的变量 state
  其中, S是类型变量:
    S扩展已在类 PowerProducerRenderer中声明的PowerGeneratorRenderState
D:\Minecraft-Mods\AnvilCraft\src\main\java\dev\dubhe\anvilcraft\client\renderer\blockentity\PowerProducerRenderer.java:44: 错误: 找不到符号
        pose.mulPose(Axis.ZP.rotationDegrees(state.getRotation()));
                                                  ^
  符号:   方法 getRotation()
  位置: 类型为S的变量 state
  其中, S是类型变量:
    S扩展已在类 PowerProducerRenderer中声明的PowerGeneratorRenderState
D:\Minecraft-Mods\AnvilCraft\src\main\java\dev\dubhe\anvilcraft\client\renderer\blockentity\PowerProducerRenderer.java:45: 错误: 找不到符号
        state.getCube().submit(pose, collector, state.lightCoords, OverlayTexture.NO_OVERLAY, 0);
             ^
  符号:   方法 getCube()
  位置: 类型为S的变量 state
  其中, S是类型变量:
    S扩展已在类 PowerProducerRenderer中声明的PowerGeneratorRenderState
D:\Minecraft-Mods\AnvilCraft\src\main\java\dev\dubhe\anvilcraft\client\renderer\blockentity\ChargeCollectorRenderer.java:29: 错误: 找不到符号
        return be.getRotation() + (float) (Math.log(be.getServerPower() + 1) * 2.5F * partialTick);
                 ^
  符号:   方法 getRotation()
  位置: 类型为ChargeCollectorBlockEntity的变量 be
D:\Minecraft-Mods\AnvilCraft\src\main\java\dev\dubhe\anvilcraft\client\renderer\blockentity\ChargerRenderer.java:30: 错误: 找不到符号
        return blockEntity.getDisplayItemStack();
                          ^
  符号:   方法 getDisplayItemStack()
  位置: 类型为ChargerBlockEntity的变量 blockEntity
D:\Minecraft-Mods\AnvilCraft\src\main\java\dev\dubhe\anvilcraft\client\renderer\blockentity\ChargerRenderer.java:40: 错误: 找不到符号
        ItemClusterRenderState cluster = state.getDisplayState();
                                              ^
  符号:   方法 getDisplayState()
  位置: 类型为BaseShowItemRenderState的变量 state
D:\Minecraft-Mods\AnvilCraft\src\main\java\dev\dubhe\anvilcraft\client\renderer\blockentity\ConfinementChamberRenderer.java:21: 错误: 找不到符号
        return blockEntity.getItemHandler().copyToList().getFirst();
                          ^
  符号:   方法 getItemHandler()
  位置: 类型为ConfinementChamberBlockEntity的变量 blockEntity
D:\Minecraft-Mods\AnvilCraft\src\main\java\dev\dubhe\anvilcraft\client\renderer\blockentity\FishTankRenderer.java:65: 错误: 找不到符号
        state.setIgnited(be.isIgnited());
                           ^
  符号:   方法 isIgnited()
  位置: 类型为FishTankBlockEntity的变量 be
D:\Minecraft-Mods\AnvilCraft\src\main\java\dev\dubhe\anvilcraft\client\renderer\blockentity\FishTankRenderer.java:66: 错误: 找不到符号
        for (ItemStack stack : ItemHandlerUtil.getNonEmptyItemsFromHandler(be.getItemHandler())) {
                                                                             ^
  符号:   方法 getItemHandler()
  位置: 类型为FishTankBlockEntity的变量 be
D:\Minecraft-Mods\AnvilCraft\src\main\java\dev\dubhe\anvilcraft\client\renderer\blockentity\FishTankRenderer.java:69: 错误: 找不到符号
            state.getStacks().put(stack, cluster);
                 ^
  符号:   方法 getStacks()
  位置: 类型为FishTankRenderState的变量 state
D:\Minecraft-Mods\AnvilCraft\src\main\java\dev\dubhe\anvilcraft\client\renderer\blockentity\FishTankRenderer.java:71: 错误: 找不到符号
        state.setFire(BlockEntityRendererSupport.initialize(FishTankRenderer.FIRE, be));
             ^
  符号:   方法 setFire(BlockModelRenderState)
  位置: 类型为FishTankRenderState的变量 state
D:\Minecraft-Mods\AnvilCraft\src\main\java\dev\dubhe\anvilcraft\client\renderer\blockentity\FishTankRenderer.java:77: 错误: 找不到符号
        if (state.isIgnited()) {
                 ^
  符号:   方法 isIgnited()
  位置: 类型为FishTankRenderState的变量 state
D:\Minecraft-Mods\AnvilCraft\src\main\java\dev\dubhe\anvilcraft\client\renderer\blockentity\FishTankRenderer.java:79: 错误: 找不到符号
            pose.translate(0, state.getMaxY() - (1 - TANK_W), 0);
                                   ^
  符号:   方法 getMaxY()
  位置: 类型为FishTankRenderState的变量 state
D:\Minecraft-Mods\AnvilCraft\src\main\java\dev\dubhe\anvilcraft\client\renderer\blockentity\FishTankRenderer.java:80: 错误: 找不到符号
            state.getFire().submit(
                 ^
  符号:   方法 getFire()
  位置: 类型为FishTankRenderState的变量 state
D:\Minecraft-Mods\AnvilCraft\src\main\java\dev\dubhe\anvilcraft\client\renderer\blockentity\FishTankRenderer.java:89: 错误: 找不到符号
        if (state.getStacks().isEmpty()) return;
                 ^
  符号:   方法 getStacks()
  位置: 类型为FishTankRenderState的变量 state
D:\Minecraft-Mods\AnvilCraft\src\main\java\dev\dubhe\anvilcraft\client\renderer\blockentity\FishTankRenderer.java:91: 错误: 找不到符号
            state.getStacks(),
                 ^
  符号:   方法 getStacks()
  位置: 类型为FishTankRenderState的变量 state
D:\Minecraft-Mods\AnvilCraft\src\main\java\dev\dubhe\anvilcraft\client\renderer\blockentity\FishTankRenderer.java:95: 错误: 找不到符号
            state.getFill(),
                 ^
  符号:   方法 getFill()
  位置: 类型为FishTankRenderState的变量 state
D:\Minecraft-Mods\AnvilCraft\src\main\java\dev\dubhe\anvilcraft\client\renderer\blockentity\FishTankRenderer.java:127: 错误: 找不到符号
                    (Mth.sin(ClientTickRecorder.getTicks() / 12F + partAngleDeg * itemCount) + 1.5F) * 1 / 32F,
                                               ^
  符号:   方法 getTicks()
  位置: 类 ClientTickRecorder
D:\Minecraft-Mods\AnvilCraft\src\main\java\dev\dubhe\anvilcraft\client\renderer\blockentity\HasMobBlockRenderer.java:53: 错误: 找不到符号
        state.setMob(new EntityRenderState());
             ^
  符号:   方法 setMob(EntityRenderState)
  位置: 类型为HasMobBlockRenderState的变量 state
D:\Minecraft-Mods\AnvilCraft\src\main\java\dev\dubhe\anvilcraft\client\renderer\blockentity\HasMobBlockRenderer.java:54: 错误: 找不到符号
        this.extractEntityState(entity, state.getMob(), partialTicks);
                                             ^
  符号:   方法 getMob()
  位置: 类型为HasMobBlockRenderState的变量 state
D:\Minecraft-Mods\AnvilCraft\src\main\java\dev\dubhe\anvilcraft\client\renderer\blockentity\HasMobBlockRenderer.java:64: 错误: 找不到符号
        EntityRenderState mob = state.getMob();
                                     ^
  符号:   方法 getMob()
  位置: 类型为HasMobBlockRenderState的变量 state
D:\Minecraft-Mods\AnvilCraft\src\main\java\dev\dubhe\anvilcraft\client\renderer\blockentity\HeatCollectorRenderer.java:29: 错误: 找不到符号
        return blockEntity.getRotation() + (float) (Math.log(blockEntity.getServerPower() + 1) * 2.5F * partialTick);
                          ^
  符号:   方法 getRotation()
  位置: 类型为HeatCollectorBlockEntity的变量 blockEntity
D:\Minecraft-Mods\AnvilCraft\src\main\java\dev\dubhe\anvilcraft\client\renderer\blockentity\HeliostatsRenderer.java:52: 错误: 找不到符号
        state.setHead(BlockEntityRendererSupport.initialize(this.getHeadModel(be), be));
             ^
  符号:   方法 setHead(BlockModelRenderState)
  位置: 类型为HeliostatsRenderState的变量 state
D:\Minecraft-Mods\AnvilCraft\src\main\java\dev\dubhe\anvilcraft\client\renderer\blockentity\HeliostatsRenderer.java:54: 错误: 找不到符号
            be.getWorkResult() != HeliostatsBlockEntity.WorkResult.NO_ROTATION_ANGLE
              ^
  符号:   方法 getWorkResult()
  位置: 类型为HeliostatsBlockEntity的变量 be
D:\Minecraft-Mods\AnvilCraft\src\main\java\dev\dubhe\anvilcraft\client\renderer\blockentity\HeliostatsRenderer.java:55: 错误: 找不到符号
            && !be.getNormalVector3f().equals(new Vector3f())
                  ^
  符号:   方法 getNormalVector3f()
  位置: 类型为HeliostatsBlockEntity的变量 be
D:\Minecraft-Mods\AnvilCraft\src\main\java\dev\dubhe\anvilcraft\client\renderer\blockentity\HeliostatsRenderer.java:56: 错误: 找不到符号
            && !be.getNormalVector3f().equals(new Vector3f(Float.NaN))
                  ^
  符号:   方法 getNormalVector3f()
  位置: 类型为HeliostatsBlockEntity的变量 be
D:\Minecraft-Mods\AnvilCraft\src\main\java\dev\dubhe\anvilcraft\client\renderer\blockentity\HeliostatsRenderer.java:59: 错误: 找不到符号
                this.getHorizontalAngle(be.getNormalVector3f().x, be.getNormalVector3f().z)
                                          ^
  符号:   方法 getNormalVector3f()
  位置: 类型为HeliostatsBlockEntity的变量 be
D:\Minecraft-Mods\AnvilCraft\src\main\java\dev\dubhe\anvilcraft\client\renderer\blockentity\HeliostatsRenderer.java:59: 错误: 找不到符号
                this.getHorizontalAngle(be.getNormalVector3f().x, be.getNormalVector3f().z)
                                                                    ^
  符号:   方法 getNormalVector3f()
  位置: 类型为HeliostatsBlockEntity的变量 be
D:\Minecraft-Mods\AnvilCraft\src\main\java\dev\dubhe\anvilcraft\client\renderer\blockentity\HeliostatsRenderer.java:62: 错误: 找不到符号
                (float) Math.atan(Math.hypot(be.getNormalVector3f().z, be.getNormalVector3f().x) / be.getNormalVector3f().y)
                                               ^
  符号:   方法 getNormalVector3f()
  位置: 类型为HeliostatsBlockEntity的变量 be
D:\Minecraft-Mods\AnvilCraft\src\main\java\dev\dubhe\anvilcraft\client\renderer\blockentity\HeliostatsRenderer.java:62: 错误: 找不到符号
                (float) Math.atan(Math.hypot(be.getNormalVector3f().z, be.getNormalVector3f().x) / be.getNormalVector3f().y)
                                                                         ^
  符号:   方法 getNormalVector3f()
  位置: 类型为HeliostatsBlockEntity的变量 be
D:\Minecraft-Mods\AnvilCraft\src\main\java\dev\dubhe\anvilcraft\client\renderer\blockentity\HeliostatsRenderer.java:62: 错误: 找不到符号
                (float) Math.atan(Math.hypot(be.getNormalVector3f().z, be.getNormalVector3f().x) / be.getNormalVector3f().y)
                                                                                                     ^
  符号:   方法 getNormalVector3f()
  位置: 类型为HeliostatsBlockEntity的变量 be
D:\Minecraft-Mods\AnvilCraft\src\main\java\dev\dubhe\anvilcraft\client\renderer\blockentity\HeliostatsRenderer.java:90: 错误: 找不到符号
        for (Quaternionf rotation : state.getRotation()) {
                                         ^
  符号:   方法 getRotation()
  位置: 类型为HeliostatsRenderState的变量 state
D:\Minecraft-Mods\AnvilCraft\src\main\java\dev\dubhe\anvilcraft\client\renderer\blockentity\HeliostatsRenderer.java:93: 错误: 找不到符号
        state.getHead().submit(pose, collector, state.lightCoords, OverlayTexture.NO_OVERLAY, 0);
             ^
  符号:   方法 getHead()
  位置: 类型为HeliostatsRenderState的变量 state
D:\Minecraft-Mods\AnvilCraft\src\main\java\dev\dubhe\anvilcraft\client\renderer\blockentity\LaserBlockRenderer.java:20: 错误: 方法不会覆盖或实现超类型的方法
    @Override
    ^
D:\Minecraft-Mods\AnvilCraft\src\main\java\dev\dubhe\anvilcraft\client\renderer\blockentity\LaserBlockRenderer.java:39: 错误: 找不到符号
            bs.endBatch(RenderType.translucent());
                        ^
  符号:   变量 RenderType
  位置: 类 LaserBlockRenderer
D:\Minecraft-Mods\AnvilCraft\src\main\java\dev\dubhe\anvilcraft\client\renderer\blockentity\LaserBlockRenderer.java:44: 错误: 方法不会覆盖或实现超类型的方法
    @Override
    ^
D:\Minecraft-Mods\AnvilCraft\src\main\java\dev\dubhe\anvilcraft\client\renderer\blockentity\LaserBlockRenderer.java:55: 错误: 方法不会覆盖或实现超类型的方法
    @Override
    ^
D:\Minecraft-Mods\AnvilCraft\src\main\java\dev\dubhe\anvilcraft\client\renderer\blockentity\LaserBlockRenderer.java:60: 错误: 方法不会覆盖或实现超类型的方法
    @Override
    ^
D:\Minecraft-Mods\AnvilCraft\src\main\java\dev\dubhe\anvilcraft\client\renderer\blockentity\TeslaTowerRenderer.java:28: 错误: 方法不会覆盖或实现超类型的方法
    @Override
    ^
D:\Minecraft-Mods\AnvilCraft\src\main\java\dev\dubhe\anvilcraft\client\renderer\blockentity\TeslaTowerRenderer.java:45: 错误: 找不到符号
        if (blockEntity.getTargetEntityUUID() != null) {
                       ^
  符号:   方法 getTargetEntityUUID()
  位置: 类型为TeslaTowerBlockEntity的变量 blockEntity
D:\Minecraft-Mods\AnvilCraft\src\main\java\dev\dubhe\anvilcraft\client\renderer\blockentity\TeslaTowerRenderer.java:46: 错误: 找不到符号
            Entity entity = level.getEntities().get(blockEntity.getTargetEntityUUID());
                                                               ^
  符号:   方法 getTargetEntityUUID()
  位置: 类型为TeslaTowerBlockEntity的变量 blockEntity
D:\Minecraft-Mods\AnvilCraft\src\main\java\dev\dubhe\anvilcraft\client\renderer\blockentity\TeslaTowerRenderer.java:51: 错误: 找不到符号
        } else if (blockEntity.getTargetLightningRod() != null) {
                              ^
  符号:   方法 getTargetLightningRod()
  位置: 类型为TeslaTowerBlockEntity的变量 blockEntity
D:\Minecraft-Mods\AnvilCraft\src\main\java\dev\dubhe\anvilcraft\client\renderer\blockentity\TeslaTowerRenderer.java:52: 错误: 找不到符号
            end = blockEntity.getTargetLightningRod().getCenter().add(0.0, 0.3, 0.0);
                             ^
  符号:   方法 getTargetLightningRod()
  位置: 类型为TeslaTowerBlockEntity的变量 blockEntity
D:\Minecraft-Mods\AnvilCraft\src\main\java\dev\dubhe\anvilcraft\client\renderer\blockentity\TeslaTowerRenderer.java:59: 错误: 找不到符号
        Vec3 cameraPos = Minecraft.getInstance().gameRenderer.getMainCamera().getPosition();
                                                                             ^
  符号:   方法 getPosition()
  位置: 类 Camera
D:\Minecraft-Mods\AnvilCraft\src\main\java\dev\dubhe\anvilcraft\client\renderer\blockentity\TeslaTowerRenderer.java:125: 错误: 方法不会覆盖或实现超类型的方法
    @Override
    ^
D:\Minecraft-Mods\AnvilCraft\src\main\java\dev\dubhe\anvilcraft\client\renderer\blockentity\TeslaTowerRenderer.java:130: 错误: 方法不会覆盖或实现超类型的方法
    @Override
    ^
D:\Minecraft-Mods\AnvilCraft\src\main\java\dev\dubhe\anvilcraft\client\renderer\blockentity\VoidEnergyCollectorRenderer.java:29: 错误: 找不到符号
        return blockEntity.getRotation() + (float) (Math.log(blockEntity.getServerPower() + 1) * 2.5F * partialTick);
                          ^
  符号:   方法 getRotation()
  位置: 类型为VoidEnergyCollectorBlockEntity的变量 blockEntity
D:\Minecraft-Mods\AnvilCraft\src\main\java\dev\dubhe\anvilcraft\client\renderer\entity\AscendingBlockRenderer.java:33: 错误: 找不到符号
        state.movingBlockRenderState.blockState = entity.getBlockState();
                                                        ^
  符号:   方法 getBlockState()
  位置: 类型为AnimateAscendingBlockEntity的变量 entity
D:\Minecraft-Mods\AnvilCraft\src\main\java\dev\dubhe\anvilcraft\entity\AnimateAscendingBlockEntity.java:147: 错误: 找不到符号
        return new ClientboundAddEntityPacket(this, entity, Block.getId(this.getBlockState()));
                                                                            ^
  符号: 方法 getBlockState()
D:\Minecraft-Mods\AnvilCraft\src\main\java\dev\dubhe\anvilcraft\client\renderer\entity\CauldronOutletRenderer.java:85: 错误: 找不到符号
            state.setDx(dx);
                 ^
  符号:   方法 setDx(double)
  位置: 类型为CauldronOutletRenderState的变量 state
D:\Minecraft-Mods\AnvilCraft\src\main\java\dev\dubhe\anvilcraft\client\renderer\entity\CauldronOutletRenderer.java:86: 错误: 找不到符号
            state.setDy(dy);
                 ^
  符号:   方法 setDy(double)
  位置: 类型为CauldronOutletRenderState的变量 state
D:\Minecraft-Mods\AnvilCraft\src\main\java\dev\dubhe\anvilcraft\client\renderer\entity\CauldronOutletRenderer.java:87: 错误: 找不到符号
            state.setDz(dz);
                 ^
  符号:   方法 setDz(double)
  位置: 类型为CauldronOutletRenderState的变量 state
D:\Minecraft-Mods\AnvilCraft\src\main\java\dev\dubhe\anvilcraft\client\renderer\entity\CauldronOutletRenderer.java:94: 错误: 找不到符号
                state.setDy(state.getDy() + 0.125);
                                 ^
  符号:   方法 getDy()
  位置: 类型为CauldronOutletRenderState的变量 state
D:\Minecraft-Mods\AnvilCraft\src\main\java\dev\dubhe\anvilcraft\client\renderer\entity\CauldronOutletRenderer.java:98: 错误: 找不到符号
                state.setDy(state.getDy() + 0.18375);
                                 ^
  符号:   方法 getDy()
  位置: 类型为CauldronOutletRenderState的变量 state
D:\Minecraft-Mods\AnvilCraft\src\main\java\dev\dubhe\anvilcraft\client\renderer\entity\CauldronOutletRenderer.java:103: 错误: 找不到符号
                state.setDy(state.getDy() + 0.18375);
                                 ^
  符号:   方法 getDy()
  位置: 类型为CauldronOutletRenderState的变量 state
D:\Minecraft-Mods\AnvilCraft\src\main\java\dev\dubhe\anvilcraft\client\renderer\entity\CauldronOutletRenderer.java:107: 错误: 找不到符号
                state.setDy(state.getDy() + 0.18375);
                                 ^
  符号:   方法 getDy()
  位置: 类型为CauldronOutletRenderState的变量 state
D:\Minecraft-Mods\AnvilCraft\src\main\java\dev\dubhe\anvilcraft\client\renderer\entity\CauldronOutletRenderer.java:111: 错误: 找不到符号
                state.setDy(state.getDy() + 0.18375);
                                 ^
  符号:   方法 getDy()
  位置: 类型为CauldronOutletRenderState的变量 state
D:\Minecraft-Mods\AnvilCraft\src\main\java\dev\dubhe\anvilcraft\client\renderer\entity\CauldronOutletRenderer.java:126: 错误: 找不到符号
        pose.translate(state.getDx(), state.getDy(), state.getDz());
                            ^
  符号:   方法 getDx()
  位置: 类型为CauldronOutletRenderState的变量 state
D:\Minecraft-Mods\AnvilCraft\src\main\java\dev\dubhe\anvilcraft\client\renderer\entity\CauldronOutletRenderer.java:126: 错误: 找不到符号
        pose.translate(state.getDx(), state.getDy(), state.getDz());
                                           ^
  符号:   方法 getDy()
  位置: 类型为CauldronOutletRenderState的变量 state
D:\Minecraft-Mods\AnvilCraft\src\main\java\dev\dubhe\anvilcraft\client\renderer\entity\CauldronOutletRenderer.java:126: 错误: 找不到符号
        pose.translate(state.getDx(), state.getDy(), state.getDz());
                                                          ^
  符号:   方法 getDz()
  位置: 类型为CauldronOutletRenderState的变量 state
D:\Minecraft-Mods\AnvilCraft\src\main\java\dev\dubhe\anvilcraft\client\renderer\entity\CauldronOutletRenderer.java:127: 错误: 找不到符号
        for (Quaternionf rotation : state.getRotation()) {
                                         ^
  符号:   方法 getRotation()
  位置: 类型为CauldronOutletRenderState的变量 state
D:\Minecraft-Mods\AnvilCraft\src\main\java\dev\dubhe\anvilcraft\entity\CauldronOutletEntity.java:30: 错误: CauldronOutletEntity不是抽象的, 并且未覆盖Entity中的抽象方法hurtServer(ServerLevel,DamageSource,float)
public class CauldronOutletEntity extends Entity {
       ^
D:\Minecraft-Mods\AnvilCraft\src\main\java\dev\dubhe\anvilcraft\entity\CauldronOutletEntity.java:173: 错误: 无法将类 Entity中的方法 kill应用到给定类型;
                    this.kill();
                        ^
  需要: ServerLevel
  找到:    没有参数
  原因: 实际参数列表和形式参数列表长度不同
D:\Minecraft-Mods\AnvilCraft\src\main\java\dev\dubhe\anvilcraft\entity\CauldronOutletEntity.java:198: 错误: 找不到符号
            entity.moveTo(ejectPos);
                  ^
  符号:   方法 moveTo(Vec3)
  位置: 类型为ItemEntity的变量 entity
D:\Minecraft-Mods\AnvilCraft\src\main\java\dev\dubhe\anvilcraft\entity\CauldronOutletEntity.java:202: 错误: 无法将记录 ClientboundTeleportEntityPacket中的构造器 ClientboundTeleportEntityPacket应用到给定类型;
                serverLevel.getChunkSource().broadcast(entity, new ClientboundTeleportEntityPacket(entity));
                                                               ^
  需要: int,PositionMoveRotation,Set<Relative>,boolean
  找到:    ItemEntity
  原因: 实际参数列表和形式参数列表长度不同
D:\Minecraft-Mods\AnvilCraft\src\main\java\dev\dubhe\anvilcraft\entity\CauldronOutletEntity.java:203: 错误: 找不到符号
                serverLevel.getChunkSource().broadcast(entity, new ClientboundSetEntityMotionPacket(entity));
                                            ^
  符号:   方法 broadcast(ItemEntity,ClientboundSetEntityMotionPacket)
  位置: 类 ServerChunkCache
D:\Minecraft-Mods\AnvilCraft\src\main\java\dev\dubhe\anvilcraft\entity\CauldronOutletEntity.java:281: 错误: 找不到符号
        this.setCauldronPos(NbtUtils.readBlockPos(compoundTag, "CauldronPos").orElse(BlockPos.ZERO));
                                    ^
  符号:   方法 readBlockPos(ValueInput,String)
  位置: 类 NbtUtils
D:\Minecraft-Mods\AnvilCraft\src\main\java\dev\dubhe\anvilcraft\entity\CauldronOutletEntity.java:284: 错误: 找不到符号
            compoundTag.getCompoundOrEmpty("CauldronState")));
                       ^
  符号:   方法 getCompoundOrEmpty(String)
  位置: 类型为ValueInput的变量 compoundTag
D:\Minecraft-Mods\AnvilCraft\src\main\java\dev\dubhe\anvilcraft\entity\CauldronOutletEntity.java:289: 错误: 找不到符号
        compoundTag.put("CauldronState", NbtUtils.writeBlockState(this.getCauldronState()));
                   ^
  符号:   方法 put(String,CompoundTag)
  位置: 类型为ValueOutput的变量 compoundTag
D:\Minecraft-Mods\AnvilCraft\src\main\java\dev\dubhe\anvilcraft\entity\CauldronOutletEntity.java:290: 错误: 找不到符号
        compoundTag.put("CauldronPos", NbtUtils.writeBlockPos(this.getCauldronPos()));
                                               ^
  符号:   方法 writeBlockPos(BlockPos)
  位置: 类 NbtUtils
D:\Minecraft-Mods\AnvilCraft\src\main\java\dev\dubhe\anvilcraft\entity\CauldronOutletEntity.java:295: 错误: CauldronOutletEntity中的makeBoundingBox()无法覆盖Entity中的makeBoundingBox()
    protected AABB makeBoundingBox() {
                   ^
  被覆盖的方法为final
D:\Minecraft-Mods\AnvilCraft\src\main\java\dev\dubhe\anvilcraft\entity\IonocraftEntity.java:44: 错误: 找不到符号
        component.getPowerConsumptions().add(CONSUMPTION);
                 ^
  符号:   方法 getPowerConsumptions()
  位置: 类型为DynamicPowerComponent的变量 component
D:\Minecraft-Mods\AnvilCraft\src\main\java\dev\dubhe\anvilcraft\entity\IonocraftEntity.java:50: 错误: 找不到符号
        component.getPowerConsumptions().add(CONSUMPTION);
                 ^
  符号:   方法 getPowerConsumptions()
  位置: 类型为DynamicPowerComponent的变量 component
D:\Minecraft-Mods\AnvilCraft\src\main\java\dev\dubhe\anvilcraft\entity\IonocraftEntity.java:80: 错误: 找不到符号
                if (!(this.component.getPowerGrid() != null && this.component.getPowerGrid().isWorking())) {
                                    ^
  符号:   方法 getPowerGrid()
  位置: 类型为DynamicPowerComponent的变量 component
D:\Minecraft-Mods\AnvilCraft\src\main\java\dev\dubhe\anvilcraft\entity\IonocraftEntity.java:80: 错误: 找不到符号
                if (!(this.component.getPowerGrid() != null && this.component.getPowerGrid().isWorking())) {
                                                                             ^
  符号:   方法 getPowerGrid()
  位置: 类型为DynamicPowerComponent的变量 component
D:\Minecraft-Mods\AnvilCraft\src\main\java\dev\dubhe\anvilcraft\entity\IonocraftEntity.java:84: 错误: 找不到符号
                if (this.component.getPowerGrid() != null && this.component.getPowerGrid().isWorking()) {
                                  ^
  符号:   方法 getPowerGrid()
  位置: 类型为DynamicPowerComponent的变量 component
D:\Minecraft-Mods\AnvilCraft\src\main\java\dev\dubhe\anvilcraft\entity\IonocraftEntity.java:84: 错误: 找不到符号
                if (this.component.getPowerGrid() != null && this.component.getPowerGrid().isWorking()) {
                                                                           ^
  符号:   方法 getPowerGrid()
  位置: 类型为DynamicPowerComponent的变量 component
D:\Minecraft-Mods\AnvilCraft\src\main\java\dev\dubhe\anvilcraft\entity\IonocraftEntity.java:181: 错误: 找不到符号
        return canVehicleCollide(this, entity);
               ^
  符号:   方法 canVehicleCollide(IonocraftEntity,Entity)
  位置: 类 IonocraftEntity
D:\Minecraft-Mods\AnvilCraft\src\main\java\dev\dubhe\anvilcraft\entity\IonocraftEntity.java:184: 错误: 方法不会覆盖或实现超类型的方法
    @Override
    ^
D:\Minecraft-Mods\AnvilCraft\src\main\java\dev\dubhe\anvilcraft\client\renderer\entity\MagnetizedNodeEntityRenderer.java:25: 错误: 方法不会覆盖或实现超类型的方法
    @Override
    ^
D:\Minecraft-Mods\AnvilCraft\src\main\java\dev\dubhe\anvilcraft\client\renderer\entity\MagnetizedNodeEntityRenderer.java:30: 错误: 方法不会覆盖或实现超类型的方法
    @Override
    ^
D:\Minecraft-Mods\AnvilCraft\src\main\java\dev\dubhe\anvilcraft\client\renderer\entity\MagnetizedNodeEntityRenderer.java:43: 错误: 找不到符号
        VertexConsumer consumer = bufferSource.getBuffer(model.renderType(MAGNETIZED_NODE_TEXTURE));
                                                              ^
  符号:   方法 renderType(Identifier)
  位置: 类型为MagnetizedNodeModel的变量 model
D:\Minecraft-Mods\AnvilCraft\src\main\java\dev\dubhe\anvilcraft\client\renderer\entity\MagnetizedNodeEntityRenderer.java:44: 错误: 找不到符号
        this.model.renderToBuffer(poseStack, consumer, packedLight, OverlayTexture.NO_OVERLAY);
                  ^
  符号:   方法 renderToBuffer(PoseStack,VertexConsumer,int,int)
  位置: 类型为MagnetizedNodeModel的变量 model
D:\Minecraft-Mods\AnvilCraft\src\main\java\dev\dubhe\anvilcraft\entity\MagnetizedNodeEntity.java:26: 错误: MagnetizedNodeEntity不是抽象的, 并且未覆盖Entity中的抽象方法hurtServer(ServerLevel,DamageSource,float)
public class MagnetizedNodeEntity extends Entity {
       ^
D:\Minecraft-Mods\AnvilCraft\src\main\java\dev\dubhe\anvilcraft\entity\MagnetizedNodeEntity.java:65: 错误: 无法将类 Entity中的方法 kill应用到给定类型;
                this.kill();
                    ^
  需要: ServerLevel
  找到:    没有参数
  原因: 实际参数列表和形式参数列表长度不同
D:\Minecraft-Mods\AnvilCraft\src\main\java\dev\dubhe\anvilcraft\entity\MagnetizedNodeEntity.java:100: 错误: 找不到符号
        this.blockPos = NbtUtils.readBlockPos(compoundTag, "BlockPos").orElse(BlockPos.ZERO);
                                ^
  符号:   方法 readBlockPos(ValueInput,String)
  位置: 类 NbtUtils
D:\Minecraft-Mods\AnvilCraft\src\main\java\dev\dubhe\anvilcraft\entity\MagnetizedNodeEntity.java:101: 错误: 找不到符号
        this.blockState = NbtUtils.readBlockState(this.level().holderLookup(Registries.BLOCK), compoundTag.getCompoundOrEmpty("BlockState"));
                                                                                                          ^
  符号:   方法 getCompoundOrEmpty(String)
  位置: 类型为ValueInput的变量 compoundTag
D:\Minecraft-Mods\AnvilCraft\src\main\java\dev\dubhe\anvilcraft\entity\MagnetizedNodeEntity.java:106: 错误: 找不到符号
        compoundTag.put("BlockState", NbtUtils.writeBlockState(this.blockState));
                   ^
  符号:   方法 put(String,CompoundTag)
  位置: 类型为ValueOutput的变量 compoundTag
D:\Minecraft-Mods\AnvilCraft\src\main\java\dev\dubhe\anvilcraft\entity\MagnetizedNodeEntity.java:107: 错误: 找不到符号
        compoundTag.put("BlockPos", NbtUtils.writeBlockPos(this.blockPos));
                                            ^
  符号:   方法 writeBlockPos(BlockPos)
  位置: 类 NbtUtils
D:\Minecraft-Mods\AnvilCraft\src\main\java\dev\dubhe\anvilcraft\entity\MagnetizedNodeEntity.java:111: 错误: MagnetizedNodeEntity中的makeBoundingBox()无法覆盖Entity中的makeBoundingBox()
    protected AABB makeBoundingBox() {
                   ^
  被覆盖的方法为final
D:\Minecraft-Mods\AnvilCraft\src\main\java\dev\dubhe\anvilcraft\entity\model\MagnetizedNodeModel.java:78: 错误: 方法不会覆盖或实现超类型的方法
    @Override
    ^
D:\Minecraft-Mods\AnvilCraft\src\main\java\dev\dubhe\anvilcraft\entity\model\MagnetizedNodeModel.java:88: 错误: 找不到符号
        animate(entity.rotatingState, ROTATING, ageInTicks, 1.0F);
        ^
  符号:   方法 animate(AnimationState,AnimationDefinition,float,float)
  位置: 类 MagnetizedNodeModel
D:\Minecraft-Mods\AnvilCraft\src\main\java\dev\dubhe\anvilcraft\entity\model\MagnetizedNodeModel.java:91: 错误: 方法不会覆盖或实现超类型的方法
    @Override
    ^
D:\Minecraft-Mods\AnvilCraft\src\main\java\dev\dubhe\anvilcraft\client\renderer\entity\SlidingBlockRenderer.java:26: 错误: 找不到符号
        this.shadowRadius = 0.5F;
            ^
  符号: 变量 shadowRadius
D:\Minecraft-Mods\AnvilCraft\src\main\java\dev\dubhe\anvilcraft\client\renderer\entity\SlidingBlockRenderer.java:27: 错误: 找不到符号
        this.dispatcher = context.getBlockRenderDispatcher();
                                 ^
  符号:   方法 getBlockRenderDispatcher()
  位置: 类型为Context的变量 context
D:\Minecraft-Mods\AnvilCraft\src\main\java\dev\dubhe\anvilcraft\client\renderer\entity\SlidingBlockRenderer.java:30: 错误: 方法不会覆盖或实现超类型的方法
    @Override
    ^
D:\Minecraft-Mods\AnvilCraft\src\main\java\dev\dubhe\anvilcraft\client\renderer\entity\SlidingBlockRenderer.java:32: 错误: 找不到符号
        for (SlidingBlockInfo info : entity.getSection().blocks()) {
                                           ^
  符号:   方法 getSection()
  位置: 类型为SlidingBlockEntity的变量 entity
D:\Minecraft-Mods\AnvilCraft\src\main\java\dev\dubhe\anvilcraft\client\renderer\entity\SlidingBlockRenderer.java:35: 错误: 找不到符号
        super.render(entity, yaw, partialTick, pose, buffer, packedLight);
        ^
  符号:   变量 super
  位置: 类 SlidingBlockRenderer
D:\Minecraft-Mods\AnvilCraft\src\main\java\dev\dubhe\anvilcraft\client\renderer\entity\SlidingBlockRenderer.java:52: 错误: 找不到符号
        for (var renderType : model.getRenderTypes(state, RandomSource.create(state.getSeed(startPos)), ModelData.EMPTY)) {
                                                                                                        ^
  符号:   变量 ModelData
  位置: 类 SlidingBlockRenderer
D:\Minecraft-Mods\AnvilCraft\src\main\java\dev\dubhe\anvilcraft\client\renderer\entity\SlidingBlockRenderer.java:64: 错误: 找不到符号
                ModelData.EMPTY,
                ^
  符号:   变量 ModelData
  位置: 类 SlidingBlockRenderer
D:\Minecraft-Mods\AnvilCraft\src\main\java\dev\dubhe\anvilcraft\client\renderer\entity\SlidingBlockRenderer.java:59: 错误: 找不到符号
                buffer.getBuffer(RenderTypeHelper.getMovingBlockRenderType(renderType)),
                                 ^
  符号:   变量 RenderTypeHelper
  位置: 类 SlidingBlockRenderer
D:\Minecraft-Mods\AnvilCraft\src\main\java\dev\dubhe\anvilcraft\client\renderer\entity\SlidingBlockRenderer.java:75: 错误: 方法不会覆盖或实现超类型的方法
    @Override
    ^
D:\Minecraft-Mods\AnvilCraft\src\main\java\dev\dubhe\anvilcraft\client\renderer\entity\SpectralBlockRenderer.java:27: 错误: 找不到符号
        this.shadowRadius = 0.5F;
            ^
  符号: 变量 shadowRadius
D:\Minecraft-Mods\AnvilCraft\src\main\java\dev\dubhe\anvilcraft\client\renderer\entity\SpectralBlockRenderer.java:28: 错误: 找不到符号
        this.dispatcher = context.getBlockRenderDispatcher();
                                 ^
  符号:   方法 getBlockRenderDispatcher()
  位置: 类型为Context的变量 context
D:\Minecraft-Mods\AnvilCraft\src\main\java\dev\dubhe\anvilcraft\client\renderer\entity\SpectralBlockRenderer.java:31: 错误: 方法不会覆盖或实现超类型的方法
    @Override
    ^
D:\Minecraft-Mods\AnvilCraft\src\main\java\dev\dubhe\anvilcraft\client\renderer\entity\SpectralBlockRenderer.java:55: 错误: 找不到符号
                        buffer.getBuffer(RenderType.TRANSLUCENT),
                                         ^
  符号:   变量 RenderType
  位置: 类 SpectralBlockRenderer
D:\Minecraft-Mods\AnvilCraft\src\main\java\dev\dubhe\anvilcraft\client\renderer\entity\SpectralBlockRenderer.java:61: 错误: 找不到符号
                super.render(entity, entityYaw, partialTicks, poseStack, buffer, packedLight);
                ^
  符号:   变量 super
  位置: 类 SpectralBlockRenderer
D:\Minecraft-Mods\AnvilCraft\src\main\java\dev\dubhe\anvilcraft\client\renderer\entity\SpectralBlockRenderer.java:66: 错误: 方法不会覆盖或实现超类型的方法
    @Override
    ^
D:\Minecraft-Mods\AnvilCraft\src\main\java\dev\dubhe\anvilcraft\entity\FallingSpectralBlockEntity.java:105: 错误: 找不到符号
                    if (this.dropItem && this.level().getGameRules().getBoolean(GameRules.RULE_DOENTITYDROPS)) {
                                                                                ^
  符号:   变量 GameRules
  位置: 类 FallingSpectralBlockEntity
D:\Minecraft-Mods\AnvilCraft\src\main\java\dev\dubhe\anvilcraft\entity\FallingSpectralBlockEntity.java:105: 错误: 找不到符号
                    if (this.dropItem && this.level().getGameRules().getBoolean(GameRules.RULE_DOENTITYDROPS)) {
                                                     ^
  符号:   方法 getGameRules()
  位置: 类 Level
D:\Minecraft-Mods\AnvilCraft\src\main\java\dev\dubhe\anvilcraft\entity\FallingSpectralBlockEntity.java:106: 错误: 对于spawnAtLocation(Block), 找不到合适的方法
                        this.spawnAtLocation(block);
                            ^
    方法 Entity.spawnAtLocation(ServerLevel,ItemLike)不适用
      (实际参数列表和形式参数列表长度不同)
    方法 Entity.spawnAtLocation(ServerLevel,ItemStack)不适用
      (实际参数列表和形式参数列表长度不同)
    方法 Entity.spawnAtLocation(ServerLevel,ItemStack,Vec3)不适用
      (实际参数列表和形式参数列表长度不同)
    方法 Entity.spawnAtLocation(ServerLevel,ItemStack,float)不适用
      (实际参数列表和形式参数列表长度不同)
D:\Minecraft-Mods\AnvilCraft\src\main\java\dev\dubhe\anvilcraft\entity\FallingSpectralBlockEntity.java:120: 错误: 找不到符号
                    if (this.dropItem && this.level().getGameRules().getBoolean(GameRules.RULE_DOENTITYDROPS)) {
                                                                                ^
  符号:   变量 GameRules
  位置: 类 FallingSpectralBlockEntity
D:\Minecraft-Mods\AnvilCraft\src\main\java\dev\dubhe\anvilcraft\entity\FallingSpectralBlockEntity.java:120: 错误: 找不到符号
                    if (this.dropItem && this.level().getGameRules().getBoolean(GameRules.RULE_DOENTITYDROPS)) {
                                                     ^
  符号:   方法 getGameRules()
  位置: 类 Level
D:\Minecraft-Mods\AnvilCraft\src\main\java\dev\dubhe\anvilcraft\entity\FallingSpectralBlockEntity.java:121: 错误: 对于spawnAtLocation(Block), 找不到合适的方法
                        this.spawnAtLocation(block);
                            ^
    方法 Entity.spawnAtLocation(ServerLevel,ItemLike)不适用
      (实际参数列表和形式参数列表长度不同)
    方法 Entity.spawnAtLocation(ServerLevel,ItemStack)不适用
      (实际参数列表和形式参数列表长度不同)
    方法 Entity.spawnAtLocation(ServerLevel,ItemStack,Vec3)不适用
      (实际参数列表和形式参数列表长度不同)
    方法 Entity.spawnAtLocation(ServerLevel,ItemStack,float)不适用
      (实际参数列表和形式参数列表长度不同)
D:\Minecraft-Mods\AnvilCraft\src\main\java\dev\dubhe\anvilcraft\entity\FallingSpectralBlockEntity.java:238: 错误: 找不到符号
        if (compound.contains("Ghost")) {
                    ^
  符号:   方法 contains(String)
  位置: 类型为ValueInput的变量 compound
D:\Minecraft-Mods\AnvilCraft\src\main\java\dev\dubhe\anvilcraft\entity\FallingSpectralBlockEntity.java:245: 错误: 方法不会覆盖或实现超类型的方法
    @Override
    ^
D:\Minecraft-Mods\AnvilCraft\src\main\java\dev\dubhe\anvilcraft\client\renderer\entity\SpectralProjectileRenderer.java:42: 错误: 找不到符号
        itemRenderer = context.getItemRenderer();
                              ^
  符号:   方法 getItemRenderer()
  位置: 类型为Context的变量 context
D:\Minecraft-Mods\AnvilCraft\src\main\java\dev\dubhe\anvilcraft\client\renderer\entity\SpectralProjectileRenderer.java:45: 错误: 方法不会覆盖或实现超类型的方法
    @Override
    ^
D:\Minecraft-Mods\AnvilCraft\src\main\java\dev\dubhe\anvilcraft\client\renderer\entity\SpectralProjectileRenderer.java:50: 错误: 方法不会覆盖或实现超类型的方法
    @Override
    ^
D:\Minecraft-Mods\AnvilCraft\src\main\java\dev\dubhe\anvilcraft\client\renderer\entity\SpectralProjectileRenderer.java:64: 错误: 找不到符号
            super.render(entity, entityYaw, partialTick, poseStack, bufferSource, packedLight);
            ^
  符号:   变量 super
  位置: 类 SpectralProjectileRenderer<T>
  其中, T是类型变量:
    T扩展已在类 SpectralProjectileRenderer中声明的SpectralProjectileEntity
D:\Minecraft-Mods\AnvilCraft\src\main\java\dev\dubhe\anvilcraft\client\renderer\entity\SpectralProjectileRenderer.java:67: 错误: 找不到符号
        BakedModel bakedModel = this.itemRenderer.getItemModelShaper().getItemModel(itemStack);
        ^
  符号:   类 BakedModel
  位置: 类 SpectralProjectileRenderer<T>
  其中, T是类型变量:
    T扩展已在类 SpectralProjectileRenderer中声明的SpectralProjectileEntity
D:\Minecraft-Mods\AnvilCraft\src\main\java\dev\dubhe\anvilcraft\client\renderer\entity\SpectralProjectileRenderer.java:150: 错误: 找不到符号
                for (BakedModel model : bakedModel.getRenderPasses(itemStack, flag1)) {
                     ^
  符号:   类 BakedModel
  位置: 类 SpectralProjectileRenderer<T>
  其中, T是类型变量:
    T扩展已在类 SpectralProjectileRenderer中声明的SpectralProjectileEntity
D:\Minecraft-Mods\AnvilCraft\src\main\java\dev\dubhe\anvilcraft\client\renderer\entity\SpectralProjectileRenderer.java:153: 错误: 找不到符号
                        Iterator<RenderType> var13 = model.getRenderTypes(itemStack, flag1).iterator();
                                 ^
  符号:   类 RenderType
  位置: 类 SpectralProjectileRenderer<T>
  其中, T是类型变量:
    T扩展已在类 SpectralProjectileRenderer中声明的SpectralProjectileEntity
D:\Minecraft-Mods\AnvilCraft\src\main\java\dev\dubhe\anvilcraft\client\renderer\entity\SpectralProjectileRenderer.java:157: 错误: 找不到符号
                        RenderType rendertype = var13.next();
                        ^
  符号:   类 RenderType
  位置: 类 SpectralProjectileRenderer<T>
  其中, T是类型变量:
    T扩展已在类 SpectralProjectileRenderer中声明的SpectralProjectileEntity
D:\Minecraft-Mods\AnvilCraft\src\main\java\dev\dubhe\anvilcraft\client\renderer\entity\SpectralProjectileRenderer.java:165: 错误: 找不到符号
                    .getCustomRenderer()
                    ^
  符号:   方法 getCustomRenderer()
  位置: 接口 IClientItemExtensions
D:\Minecraft-Mods\AnvilCraft\src\main\java\dev\dubhe\anvilcraft\client\renderer\entity\SpectralProjectileRenderer.java:180: 错误: TranslucentVertexConsumer不是抽象的, 并且未覆盖VertexConsumer中的抽象方法setLineWidth(float)
    public record TranslucentVertexConsumer(VertexConsumer delegate, int alpha) implements VertexConsumer {
           ^
D:\Minecraft-Mods\AnvilCraft\src\main\java\dev\dubhe\anvilcraft\entity\SpectralProjectileEntity.java:103: 错误: life 在 AbstractArrow 中是 private 访问控制
        this.life++;
            ^
D:\Minecraft-Mods\AnvilCraft\src\main\java\dev\dubhe\anvilcraft\entity\SpectralProjectileEntity.java:104: 错误: life 在 AbstractArrow 中是 private 访问控制
        if (this.life > 200) this.discard();
                ^
D:\Minecraft-Mods\AnvilCraft\src\main\java\dev\dubhe\anvilcraft\entity\SpectralProjectileEntity.java:113: 错误: 找不到符号
        double d0 = getBaseDamage();
                    ^
  符号:   方法 getBaseDamage()
  位置: 类 SpectralProjectileEntity
D:\Minecraft-Mods\AnvilCraft\src\main\java\dev\dubhe\anvilcraft\entity\SpectralProjectileEntity.java:143: 错误: piercingIgnoreEntityIds 在 AbstractArrow 中是 private 访问控制
            if (this.piercingIgnoreEntityIds == null) {
                    ^
D:\Minecraft-Mods\AnvilCraft\src\main\java\dev\dubhe\anvilcraft\entity\SpectralProjectileEntity.java:144: 错误: piercingIgnoreEntityIds 在 AbstractArrow 中是 private 访问控制
                this.piercingIgnoreEntityIds = new IntOpenHashSet(5);
                    ^
D:\Minecraft-Mods\AnvilCraft\src\main\java\dev\dubhe\anvilcraft\entity\SpectralProjectileEntity.java:147: 错误: piercingIgnoreEntityIds 在 AbstractArrow 中是 private 访问控制
            if (this.piercingIgnoreEntityIds.size() >= this.getPierceLevel() + 1) {
                    ^
D:\Minecraft-Mods\AnvilCraft\src\main\java\dev\dubhe\anvilcraft\entity\SpectralProjectileEntity.java:152: 错误: piercingIgnoreEntityIds 在 AbstractArrow 中是 private 访问控制
            this.piercingIgnoreEntityIds.add(entity.getId());
                ^
D:\Minecraft-Mods\AnvilCraft\src\main\java\dev\dubhe\anvilcraft\entity\SpectralProjectileEntity.java:170: 错误: 不兼容的类型: void无法转换为boolean
        if (entity.hurt(damagesource, j)) {
                       ^
D:\Minecraft-Mods\AnvilCraft\src\main\java\dev\dubhe\anvilcraft\entity\SpectralProjectileEntity.java:189: 错误: 找不到符号
                        new ClientboundGameEventPacket(ClientboundGameEventPacket.ARROW_HIT_PLAYER, 0.0F)
                                                                                 ^
  符号:   变量 ARROW_HIT_PLAYER
  位置: 类 ClientboundGameEventPacket
D:\Minecraft-Mods\AnvilCraft\src\main\java\dev\dubhe\anvilcraft\entity\SpectralProjectileEntity.java:200: 错误: 不兼容的类型: Entity无法转换为EntityReference<Entity>
            this.deflect(ProjectileDeflection.NONE, entity, this.getOwner(), false);
                                                                         ^
D:\Minecraft-Mods\AnvilCraft\src\main\java\dev\dubhe\anvilcraft\client\renderer\entity\ThrownHeavyHalberdRenderer.java:18: 错误: 类型参数ThrownHeavyHalberdEntity不在类型变量T的范围内
    private final ThrownHeavyHalberdModel<ThrownHeavyHalberdEntity> model;
                                          ^
  其中, T是类型变量:
    T扩展已在类 ThrownHeavyHalberdModel中声明的Entity
D:\Minecraft-Mods\AnvilCraft\src\main\java\dev\dubhe\anvilcraft\client\renderer\entity\ThrownHeavyHalberdRenderer.java:22: 错误: 不兼容的类型: 无法推断ThrownHeavyHalberdModel<>的类型参数
        this.model = new ThrownHeavyHalberdModel<>(context.bakeLayer(ModModelLayers.THROWN_HEAVY_HALBERD));
                                                ^
    原因: 推论变量 T 具有不兼容的上限
      等式约束条件：ThrownHeavyHalberdEntity
      上限：Entity
  其中, T是类型变量:
    T扩展已在类 ThrownHeavyHalberdModel中声明的Entity
D:\Minecraft-Mods\AnvilCraft\src\main\java\dev\dubhe\anvilcraft\client\renderer\entity\ThrownHeavyHalberdRenderer.java:25: 错误: 方法不会覆盖或实现超类型的方法
    @Override
    ^
D:\Minecraft-Mods\AnvilCraft\src\main\java\dev\dubhe\anvilcraft\client\renderer\entity\ThrownHeavyHalberdRenderer.java:28: 错误: 找不到符号
        pose.mulPose(Axis.YP.rotationDegrees(Mth.lerp(partialTick, entity.yRotO, entity.getYRot()) - 90.0F));
                                                                         ^
  符号:   变量 yRotO
  位置: 类型为T的变量 entity
  其中, T是类型变量:
    T扩展已在类 ThrownHeavyHalberdRenderer中声明的ThrownHeavyHalberdEntity
D:\Minecraft-Mods\AnvilCraft\src\main\java\dev\dubhe\anvilcraft\client\renderer\entity\ThrownHeavyHalberdRenderer.java:28: 错误: 找不到符号
        pose.mulPose(Axis.YP.rotationDegrees(Mth.lerp(partialTick, entity.yRotO, entity.getYRot()) - 90.0F));
                                                                                       ^
  符号:   方法 getYRot()
  位置: 类型为T的变量 entity
  其中, T是类型变量:
    T扩展已在类 ThrownHeavyHalberdRenderer中声明的ThrownHeavyHalberdEntity
D:\Minecraft-Mods\AnvilCraft\src\main\java\dev\dubhe\anvilcraft\client\renderer\entity\ThrownHeavyHalberdRenderer.java:29: 错误: 找不到符号
        pose.mulPose(Axis.ZP.rotationDegrees(Mth.lerp(partialTick, entity.xRotO, entity.getXRot()) + 90.0F));
                                                                         ^
  符号:   变量 xRotO
  位置: 类型为T的变量 entity
  其中, T是类型变量:
    T扩展已在类 ThrownHeavyHalberdRenderer中声明的ThrownHeavyHalberdEntity
D:\Minecraft-Mods\AnvilCraft\src\main\java\dev\dubhe\anvilcraft\client\renderer\entity\ThrownHeavyHalberdRenderer.java:29: 错误: 找不到符号
        pose.mulPose(Axis.ZP.rotationDegrees(Mth.lerp(partialTick, entity.xRotO, entity.getXRot()) + 90.0F));
                                                                                       ^
  符号:   方法 getXRot()
  位置: 类型为T的变量 entity
  其中, T是类型变量:
    T扩展已在类 ThrownHeavyHalberdRenderer中声明的ThrownHeavyHalberdEntity
D:\Minecraft-Mods\AnvilCraft\src\main\java\dev\dubhe\anvilcraft\client\renderer\entity\ThrownHeavyHalberdRenderer.java:31: 错误: 找不到符号
        VertexConsumer vertexconsumer = ItemRenderer.getFoilBufferDirect(
                                        ^
  符号:   变量 ItemRenderer
  位置: 类 ThrownHeavyHalberdRenderer<T>
  其中, T是类型变量:
    T扩展已在类 ThrownHeavyHalberdRenderer中声明的ThrownHeavyHalberdEntity
D:\Minecraft-Mods\AnvilCraft\src\main\java\dev\dubhe\anvilcraft\client\renderer\entity\ThrownHeavyHalberdRenderer.java:36: 错误: 找不到符号
        super.render(entity, yaw, partialTick, pose, buffer, light);
        ^
  符号:   变量 super
  位置: 类 ThrownHeavyHalberdRenderer<T>
  其中, T是类型变量:
    T扩展已在类 ThrownHeavyHalberdRenderer中声明的ThrownHeavyHalberdEntity
D:\Minecraft-Mods\AnvilCraft\src\main\java\dev\dubhe\anvilcraft\client\renderer\entity\ThrownHeavyHalberdRenderer.java:39: 错误: 方法不会覆盖或实现超类型的方法
    @Override
    ^
D:\Minecraft-Mods\AnvilCraft\src\main\java\dev\dubhe\anvilcraft\entity\ThrownHeavyHalberdEntity.java:42: 错误: 不兼容的类型: Class<ThrownHeavyHalberdEntity>无法转换为Class<? extends SyncedDataHolder>
        ThrownHeavyHalberdEntity.class, EntityDataSerializers.BYTE);
                                ^
D:\Minecraft-Mods\AnvilCraft\src\main\java\dev\dubhe\anvilcraft\entity\ThrownHeavyHalberdEntity.java:44: 错误: 不兼容的类型: Class<ThrownHeavyHalberdEntity>无法转换为Class<? extends SyncedDataHolder>
        ThrownHeavyHalberdEntity.class, EntityDataSerializers.BOOLEAN);
                                ^
D:\Minecraft-Mods\AnvilCraft\src\main\java\dev\dubhe\anvilcraft\entity\ThrownHeavyHalberdEntity.java:50: 错误: 找不到符号
        super((EntityType<? extends AbstractArrow>) type, level);
                                    ^
  符号:   类 AbstractArrow
  位置: 类 ThrownHeavyHalberdEntity
D:\Minecraft-Mods\AnvilCraft\src\main\java\dev\dubhe\anvilcraft\entity\ThrownHeavyHalberdEntity.java:54: 错误: 类型参数? extends ThrownHeavyHalberdEntity不在类型变量T的范围内
        EntityType<? extends ThrownHeavyHalberdEntity> type, Level level, LivingEntity shooter, ItemStack pickupItemStack
                   ^
  其中, T是类型变量:
    T扩展已在类 EntityType中声明的Entity
D:\Minecraft-Mods\AnvilCraft\src\main\java\dev\dubhe\anvilcraft\entity\ThrownHeavyHalberdEntity.java:57: 错误: 找不到符号
        this.setBaseDamage(HeavyHalberdItem.getThrownBaseDamage(pickupItemStack));
            ^
  符号: 方法 setBaseDamage(double)
D:\Minecraft-Mods\AnvilCraft\src\main\java\dev\dubhe\anvilcraft\entity\ThrownHeavyHalberdEntity.java:58: 错误: 找不到符号
        this.entityData.set(ID_LOYALTY, this.getLoyaltyFromItem(pickupItemStack));
            ^
  符号: 变量 entityData
D:\Minecraft-Mods\AnvilCraft\src\main\java\dev\dubhe\anvilcraft\entity\ThrownHeavyHalberdEntity.java:59: 错误: 找不到符号
        this.entityData.set(ID_FOIL, pickupItemStack.hasFoil());
            ^
  符号: 变量 entityData
D:\Minecraft-Mods\AnvilCraft\src\main\java\dev\dubhe\anvilcraft\entity\ThrownHeavyHalberdEntity.java:63: 错误: 类型参数? extends ThrownHeavyHalberdEntity不在类型变量T的范围内
        EntityType<? extends ThrownHeavyHalberdEntity> type, Level level, double x, double y, double z, ItemStack pickupItemStack
                   ^
  其中, T是类型变量:
    T扩展已在类 EntityType中声明的Entity
D:\Minecraft-Mods\AnvilCraft\src\main\java\dev\dubhe\anvilcraft\entity\ThrownHeavyHalberdEntity.java:66: 错误: 找不到符号
        this.setBaseDamage(HeavyHalberdItem.getThrownBaseDamage(pickupItemStack));
            ^
  符号: 方法 setBaseDamage(double)
D:\Minecraft-Mods\AnvilCraft\src\main\java\dev\dubhe\anvilcraft\entity\ThrownHeavyHalberdEntity.java:67: 错误: 找不到符号
        this.entityData.set(ID_LOYALTY, this.getLoyaltyFromItem(pickupItemStack));
            ^
  符号: 变量 entityData
D:\Minecraft-Mods\AnvilCraft\src\main\java\dev\dubhe\anvilcraft\entity\ThrownHeavyHalberdEntity.java:68: 错误: 找不到符号
        this.entityData.set(ID_FOIL, pickupItemStack.hasFoil());
            ^
  符号: 变量 entityData
D:\Minecraft-Mods\AnvilCraft\src\main\java\dev\dubhe\anvilcraft\entity\ThrownHeavyHalberdEntity.java:73: 错误: 方法不会覆盖或实现超类型的方法
    @Override
    ^
D:\Minecraft-Mods\AnvilCraft\src\main\java\dev\dubhe\anvilcraft\entity\ThrownHeavyHalberdEntity.java:75: 错误: 找不到符号
        super.defineSynchedData(builder);
        ^
  符号:   变量 super
  位置: 类 ThrownHeavyHalberdEntity
D:\Minecraft-Mods\AnvilCraft\src\main\java\dev\dubhe\anvilcraft\entity\ThrownHeavyHalberdEntity.java:80: 错误: 方法不会覆盖或实现超类型的方法
    @Override
    ^
D:\Minecraft-Mods\AnvilCraft\src\main\java\dev\dubhe\anvilcraft\entity\ThrownHeavyHalberdEntity.java:82: 错误: 找不到符号
        if (this.inGroundTime > 4) {
                ^
  符号: 变量 inGroundTime
D:\Minecraft-Mods\AnvilCraft\src\main\java\dev\dubhe\anvilcraft\entity\ThrownHeavyHalberdEntity.java:86: 错误: 找不到符号
        Entity entity = this.getOwner();
                            ^
  符号: 方法 getOwner()
D:\Minecraft-Mods\AnvilCraft\src\main\java\dev\dubhe\anvilcraft\entity\ThrownHeavyHalberdEntity.java:87: 错误: 找不到符号
        int i = this.entityData.get(ID_LOYALTY);
                    ^
  符号: 变量 entityData
D:\Minecraft-Mods\AnvilCraft\src\main\java\dev\dubhe\anvilcraft\entity\ThrownHeavyHalberdEntity.java:88: 错误: 找不到符号
        if (i > 0 && (this.dealtDamage || this.isNoPhysics() || this.getY() <= this.level().getMinY()) && entity != null) {
                                              ^
  符号: 方法 isNoPhysics()
D:\Minecraft-Mods\AnvilCraft\src\main\java\dev\dubhe\anvilcraft\entity\ThrownHeavyHalberdEntity.java:88: 错误: 找不到符号
        if (i > 0 && (this.dealtDamage || this.isNoPhysics() || this.getY() <= this.level().getMinY()) && entity != null) {
                                                                    ^
  符号: 方法 getY()
D:\Minecraft-Mods\AnvilCraft\src\main\java\dev\dubhe\anvilcraft\entity\ThrownHeavyHalberdEntity.java:88: 错误: 找不到符号
        if (i > 0 && (this.dealtDamage || this.isNoPhysics() || this.getY() <= this.level().getMinY()) && entity != null) {
                                                                                   ^
  符号: 方法 level()
D:\Minecraft-Mods\AnvilCraft\src\main\java\dev\dubhe\anvilcraft\entity\ThrownHeavyHalberdEntity.java:90: 错误: 找不到符号
                if (!this.level().isClientSide() && this.pickup == AbstractArrow.Pickup.ALLOWED) {
                         ^
  符号: 方法 level()
D:\Minecraft-Mods\AnvilCraft\src\main\java\dev\dubhe\anvilcraft\entity\ThrownHeavyHalberdEntity.java:90: 错误: 找不到符号
                if (!this.level().isClientSide() && this.pickup == AbstractArrow.Pickup.ALLOWED) {
                                                        ^
  符号: 变量 pickup
D:\Minecraft-Mods\AnvilCraft\src\main\java\dev\dubhe\anvilcraft\entity\ThrownHeavyHalberdEntity.java:90: 错误: 程序包AbstractArrow不存在
                if (!this.level().isClientSide() && this.pickup == AbstractArrow.Pickup.ALLOWED) {
                                                                                ^
D:\Minecraft-Mods\AnvilCraft\src\main\java\dev\dubhe\anvilcraft\entity\ThrownHeavyHalberdEntity.java:91: 错误: 找不到符号
                    this.spawnAtLocation(this.getPickupItem(), 0.1F);
                                             ^
  符号: 方法 getPickupItem()
D:\Minecraft-Mods\AnvilCraft\src\main\java\dev\dubhe\anvilcraft\entity\ThrownHeavyHalberdEntity.java:94: 错误: 找不到符号
                this.discard();
                    ^
  符号: 方法 discard()
D:\Minecraft-Mods\AnvilCraft\src\main\java\dev\dubhe\anvilcraft\entity\ThrownHeavyHalberdEntity.java:96: 错误: 找不到符号
                this.setNoPhysics(true);
                    ^
  符号: 方法 setNoPhysics(boolean)
D:\Minecraft-Mods\AnvilCraft\src\main\java\dev\dubhe\anvilcraft\entity\ThrownHeavyHalberdEntity.java:97: 错误: 找不到符号
                Vec3 vec3 = entity.getEyePosition().subtract(this.position());
                                                                 ^
  符号: 方法 position()
D:\Minecraft-Mods\AnvilCraft\src\main\java\dev\dubhe\anvilcraft\entity\ThrownHeavyHalberdEntity.java:98: 错误: 找不到符号
                this.setPosRaw(this.getX(), this.getY() + vec3.y * 0.015 * (double) i, this.getZ());
                                                ^
  符号: 方法 getY()
D:\Minecraft-Mods\AnvilCraft\src\main\java\dev\dubhe\anvilcraft\entity\ThrownHeavyHalberdEntity.java:98: 错误: 找不到符号
                this.setPosRaw(this.getX(), this.getY() + vec3.y * 0.015 * (double) i, this.getZ());
                                   ^
  符号: 方法 getX()
D:\Minecraft-Mods\AnvilCraft\src\main\java\dev\dubhe\anvilcraft\entity\ThrownHeavyHalberdEntity.java:98: 错误: 找不到符号
                this.setPosRaw(this.getX(), this.getY() + vec3.y * 0.015 * (double) i, this.getZ());
                                                                                           ^
  符号: 方法 getZ()
D:\Minecraft-Mods\AnvilCraft\src\main\java\dev\dubhe\anvilcraft\entity\ThrownHeavyHalberdEntity.java:99: 错误: 找不到符号
                if (this.level().isClientSide()) {
                        ^
  符号: 方法 level()
D:\Minecraft-Mods\AnvilCraft\src\main\java\dev\dubhe\anvilcraft\entity\ThrownHeavyHalberdEntity.java:100: 错误: 找不到符号
                    this.yOld = this.getY();
                        ^
  符号: 变量 yOld
D:\Minecraft-Mods\AnvilCraft\src\main\java\dev\dubhe\anvilcraft\entity\ThrownHeavyHalberdEntity.java:100: 错误: 找不到符号
                    this.yOld = this.getY();
                                    ^
  符号: 方法 getY()
D:\Minecraft-Mods\AnvilCraft\src\main\java\dev\dubhe\anvilcraft\entity\ThrownHeavyHalberdEntity.java:104: 错误: 找不到符号
                this.setDeltaMovement(this.getDeltaMovement().scale(0.95).add(vec3.normalize().scale(d0)));
                                          ^
  符号: 方法 getDeltaMovement()
D:\Minecraft-Mods\AnvilCraft\src\main\java\dev\dubhe\anvilcraft\entity\ThrownHeavyHalberdEntity.java:106: 错误: 找不到符号
                    this.playSound(SoundEvents.TRIDENT_RETURN, 10.0F, 1.0F);
                        ^
  符号: 方法 playSound(SoundEvent,float,float)
D:\Minecraft-Mods\AnvilCraft\src\main\java\dev\dubhe\anvilcraft\entity\ThrownHeavyHalberdEntity.java:113: 错误: 找不到符号
        super.tick();
        ^
  符号:   变量 super
  位置: 类 ThrownHeavyHalberdEntity
D:\Minecraft-Mods\AnvilCraft\src\main\java\dev\dubhe\anvilcraft\entity\ThrownHeavyHalberdEntity.java:117: 错误: 找不到符号
        Entity entity = this.getOwner();
                            ^
  符号: 方法 getOwner()
D:\Minecraft-Mods\AnvilCraft\src\main\java\dev\dubhe\anvilcraft\entity\ThrownHeavyHalberdEntity.java:123: 错误: 找不到符号
        return this.entityData.get(ID_FOIL);
                   ^
  符号: 变量 entityData
D:\Minecraft-Mods\AnvilCraft\src\main\java\dev\dubhe\anvilcraft\entity\ThrownHeavyHalberdEntity.java:130: 错误: 方法不会覆盖或实现超类型的方法
    @Override
    ^
D:\Minecraft-Mods\AnvilCraft\src\main\java\dev\dubhe\anvilcraft\entity\ThrownHeavyHalberdEntity.java:132: 错误: 找不到符号
        return this.dealtDamage ? null : super.findHitEntity(startVec, endVec);
                                         ^
  符号:   变量 super
  位置: 类 ThrownHeavyHalberdEntity
D:\Minecraft-Mods\AnvilCraft\src\main\java\dev\dubhe\anvilcraft\entity\ThrownHeavyHalberdEntity.java:138: 错误: 方法不会覆盖或实现超类型的方法
    @Override
    ^
D:\Minecraft-Mods\AnvilCraft\src\main\java\dev\dubhe\anvilcraft\entity\ThrownHeavyHalberdEntity.java:141: 错误: 找不到符号
        double speed = this.getDeltaMovement().length();
                           ^
  符号: 方法 getDeltaMovement()
D:\Minecraft-Mods\AnvilCraft\src\main\java\dev\dubhe\anvilcraft\entity\ThrownHeavyHalberdEntity.java:142: 错误: 找不到符号
        double baseDamage = this.getBaseDamage();
                                ^
  符号: 方法 getBaseDamage()
D:\Minecraft-Mods\AnvilCraft\src\main\java\dev\dubhe\anvilcraft\entity\ThrownHeavyHalberdEntity.java:143: 错误: 找不到符号
        Entity owner = this.getOwner();
                           ^
  符号: 方法 getOwner()
D:\Minecraft-Mods\AnvilCraft\src\main\java\dev\dubhe\anvilcraft\entity\ThrownHeavyHalberdEntity.java:144: 错误: 找不到符号
        DamageSource source = this.damageSources().arrow(this, owner != null ? owner : this);
                                  ^
  符号: 方法 damageSources()
D:\Minecraft-Mods\AnvilCraft\src\main\java\dev\dubhe\anvilcraft\entity\ThrownHeavyHalberdEntity.java:145: 错误: 找不到符号
        if (!this.getWeaponItem().isEmpty() && this.level() instanceof ServerLevel serverlevel) {
                                                   ^
  符号: 方法 level()
D:\Minecraft-Mods\AnvilCraft\src\main\java\dev\dubhe\anvilcraft\entity\ThrownHeavyHalberdEntity.java:152: 错误: 不兼容的类型: void无法转换为boolean
        if (victim.hurt(source, damage)) {
                       ^
D:\Minecraft-Mods\AnvilCraft\src\main\java\dev\dubhe\anvilcraft\entity\ThrownHeavyHalberdEntity.java:157: 错误: 找不到符号
            if (this.level() instanceof ServerLevel level) {
                    ^
  符号: 方法 level()
D:\Minecraft-Mods\AnvilCraft\src\main\java\dev\dubhe\anvilcraft\entity\ThrownHeavyHalberdEntity.java:162: 错误: 找不到符号
                this.doKnockback(livingentity, source);
                    ^
  符号: 方法 doKnockback(LivingEntity,DamageSource)
D:\Minecraft-Mods\AnvilCraft\src\main\java\dev\dubhe\anvilcraft\entity\ThrownHeavyHalberdEntity.java:163: 错误: 找不到符号
                this.doPostHurtEffects(livingentity);
                    ^
  符号: 方法 doPostHurtEffects(LivingEntity)
D:\Minecraft-Mods\AnvilCraft\src\main\java\dev\dubhe\anvilcraft\entity\ThrownHeavyHalberdEntity.java:167: 错误: 找不到符号
        this.setDeltaMovement(this.getDeltaMovement().multiply(-0.01, -0.1, -0.01));
                                  ^
  符号: 方法 getDeltaMovement()
D:\Minecraft-Mods\AnvilCraft\src\main\java\dev\dubhe\anvilcraft\entity\ThrownHeavyHalberdEntity.java:168: 错误: 找不到符号
        this.playSound(SoundEvents.TRIDENT_HIT, 1.0F, 1.0F);
            ^
  符号: 方法 playSound(SoundEvent,float,float)
D:\Minecraft-Mods\AnvilCraft\src\main\java\dev\dubhe\anvilcraft\entity\ThrownHeavyHalberdEntity.java:171: 错误: 方法不会覆盖或实现超类型的方法
    @Override
    ^
D:\Minecraft-Mods\AnvilCraft\src\main\java\dev\dubhe\anvilcraft\entity\ThrownHeavyHalberdEntity.java:178: 错误: 不兼容的类型: ThrownHeavyHalberdEntity无法转换为Entity
            this,
            ^
D:\Minecraft-Mods\AnvilCraft\src\main\java\dev\dubhe\anvilcraft\entity\ThrownHeavyHalberdEntity.java:182: 错误: 找不到符号
            item -> this.kill((ServerLevel) this.level())
                                                ^
  符号: 方法 level()
D:\Minecraft-Mods\AnvilCraft\src\main\java\dev\dubhe\anvilcraft\entity\ThrownHeavyHalberdEntity.java:182: 错误: 找不到符号
            item -> this.kill((ServerLevel) this.level())
                        ^
  符号: 方法 kill(ServerLevel)
D:\Minecraft-Mods\AnvilCraft\src\main\java\dev\dubhe\anvilcraft\entity\ThrownHeavyHalberdEntity.java:177: 错误: 找不到符号
            this.getOwner() instanceof LivingEntity livingentity ? livingentity : null,
                ^
  符号: 方法 getOwner()
D:\Minecraft-Mods\AnvilCraft\src\main\java\dev\dubhe\anvilcraft\entity\ThrownHeavyHalberdEntity.java:186: 错误: 方法不会覆盖或实现超类型的方法
    @Override
    ^
D:\Minecraft-Mods\AnvilCraft\src\main\java\dev\dubhe\anvilcraft\entity\ThrownHeavyHalberdEntity.java:188: 错误: 找不到符号
        return this.getPickupItemStackOrigin();
                   ^
  符号: 方法 getPickupItemStackOrigin()
D:\Minecraft-Mods\AnvilCraft\src\main\java\dev\dubhe\anvilcraft\entity\ThrownHeavyHalberdEntity.java:191: 错误: 方法不会覆盖或实现超类型的方法
    @Override
    ^
D:\Minecraft-Mods\AnvilCraft\src\main\java\dev\dubhe\anvilcraft\entity\ThrownHeavyHalberdEntity.java:193: 错误: 找不到符号
        return super.tryPickup(player) || this.isNoPhysics() && this.ownedBy(player) && player.getInventory().add(this.getPickupItem());
               ^
  符号:   变量 super
  位置: 类 ThrownHeavyHalberdEntity
D:\Minecraft-Mods\AnvilCraft\src\main\java\dev\dubhe\anvilcraft\entity\ThrownHeavyHalberdEntity.java:193: 错误: 找不到符号
        return super.tryPickup(player) || this.isNoPhysics() && this.ownedBy(player) && player.getInventory().add(this.getPickupItem());
                                              ^
  符号: 方法 isNoPhysics()
D:\Minecraft-Mods\AnvilCraft\src\main\java\dev\dubhe\anvilcraft\entity\ThrownHeavyHalberdEntity.java:193: 错误: 找不到符号
        return super.tryPickup(player) || this.isNoPhysics() && this.ownedBy(player) && player.getInventory().add(this.getPickupItem());
                                                                    ^
  符号: 方法 ownedBy(Player)
D:\Minecraft-Mods\AnvilCraft\src\main\java\dev\dubhe\anvilcraft\entity\ThrownHeavyHalberdEntity.java:193: 错误: 找不到符号
        return super.tryPickup(player) || this.isNoPhysics() && this.ownedBy(player) && player.getInventory().add(this.getPickupItem());
                                                                                                                      ^
  符号: 方法 getPickupItem()
D:\Minecraft-Mods\AnvilCraft\src\main\java\dev\dubhe\anvilcraft\entity\ThrownHeavyHalberdEntity.java:196: 错误: 方法不会覆盖或实现超类型的方法
    @Override
    ^
D:\Minecraft-Mods\AnvilCraft\src\main\java\dev\dubhe\anvilcraft\entity\ThrownHeavyHalberdEntity.java:204: 错误: 方法不会覆盖或实现超类型的方法
    @Override
    ^
D:\Minecraft-Mods\AnvilCraft\src\main\java\dev\dubhe\anvilcraft\entity\ThrownHeavyHalberdEntity.java:206: 错误: 找不到符号
        if (this.ownedBy(entity) || this.getOwner() == null) {
                ^
  符号: 方法 ownedBy(Player)
D:\Minecraft-Mods\AnvilCraft\src\main\java\dev\dubhe\anvilcraft\entity\ThrownHeavyHalberdEntity.java:206: 错误: 找不到符号
        if (this.ownedBy(entity) || this.getOwner() == null) {
                                        ^
  符号: 方法 getOwner()
D:\Minecraft-Mods\AnvilCraft\src\main\java\dev\dubhe\anvilcraft\entity\ThrownHeavyHalberdEntity.java:207: 错误: 找不到符号
            super.playerTouch(entity);
            ^
  符号:   变量 super
  位置: 类 ThrownHeavyHalberdEntity
D:\Minecraft-Mods\AnvilCraft\src\main\java\dev\dubhe\anvilcraft\entity\ThrownHeavyHalberdEntity.java:214: 错误: 方法不会覆盖或实现超类型的方法
    @Override
    ^
D:\Minecraft-Mods\AnvilCraft\src\main\java\dev\dubhe\anvilcraft\entity\ThrownHeavyHalberdEntity.java:216: 错误: 找不到符号
        super.readAdditionalSaveData(compound);
        ^
  符号:   变量 super
  位置: 类 ThrownHeavyHalberdEntity
D:\Minecraft-Mods\AnvilCraft\src\main\java\dev\dubhe\anvilcraft\entity\ThrownHeavyHalberdEntity.java:218: 错误: 找不到符号
        this.entityData.set(ID_LOYALTY, this.getLoyaltyFromItem(this.getPickupItemStackOrigin()));
            ^
  符号: 变量 entityData
D:\Minecraft-Mods\AnvilCraft\src\main\java\dev\dubhe\anvilcraft\entity\ThrownHeavyHalberdEntity.java:218: 错误: 找不到符号
        this.entityData.set(ID_LOYALTY, this.getLoyaltyFromItem(this.getPickupItemStackOrigin()));
                                                                    ^
  符号: 方法 getPickupItemStackOrigin()
D:\Minecraft-Mods\AnvilCraft\src\main\java\dev\dubhe\anvilcraft\entity\ThrownHeavyHalberdEntity.java:221: 错误: 方法不会覆盖或实现超类型的方法
    @Override
    ^
D:\Minecraft-Mods\AnvilCraft\src\main\java\dev\dubhe\anvilcraft\entity\ThrownHeavyHalberdEntity.java:223: 错误: 找不到符号
        super.addAdditionalSaveData(compound);
        ^
  符号:   变量 super
  位置: 类 ThrownHeavyHalberdEntity
D:\Minecraft-Mods\AnvilCraft\src\main\java\dev\dubhe\anvilcraft\entity\ThrownHeavyHalberdEntity.java:228: 错误: 找不到符号
        return this.level() instanceof ServerLevel serverlevel
                   ^
  符号: 方法 level()
D:\Minecraft-Mods\AnvilCraft\src\main\java\dev\dubhe\anvilcraft\entity\ThrownHeavyHalberdEntity.java:229: 错误: 不兼容的类型: ThrownHeavyHalberdEntity无法转换为Entity
               ? (byte) Mth.clamp(EnchantmentHelper.getTridentReturnToOwnerAcceleration(serverlevel, stack, this), 0, 127)
                                                                                                            ^
D:\Minecraft-Mods\AnvilCraft\src\main\java\dev\dubhe\anvilcraft\entity\ThrownHeavyHalberdEntity.java:233: 错误: 方法不会覆盖或实现超类型的方法
    @Override
    ^
D:\Minecraft-Mods\AnvilCraft\src\main\java\dev\dubhe\anvilcraft\entity\ThrownHeavyHalberdEntity.java:235: 错误: 找不到符号
        int i = this.entityData.get(ID_LOYALTY);
                    ^
  符号: 变量 entityData
D:\Minecraft-Mods\AnvilCraft\src\main\java\dev\dubhe\anvilcraft\entity\ThrownHeavyHalberdEntity.java:236: 错误: 找不到符号
        if (this.pickup != AbstractArrow.Pickup.ALLOWED || i <= 0) {
                ^
  符号: 变量 pickup
D:\Minecraft-Mods\AnvilCraft\src\main\java\dev\dubhe\anvilcraft\entity\ThrownHeavyHalberdEntity.java:236: 错误: 程序包AbstractArrow不存在
        if (this.pickup != AbstractArrow.Pickup.ALLOWED || i <= 0) {
                                        ^
D:\Minecraft-Mods\AnvilCraft\src\main\java\dev\dubhe\anvilcraft\entity\ThrownHeavyHalberdEntity.java:237: 错误: 找不到符号
            super.tickDespawn();
            ^
  符号:   变量 super
  位置: 类 ThrownHeavyHalberdEntity
D:\Minecraft-Mods\AnvilCraft\src\main\java\dev\dubhe\anvilcraft\entity\ThrownHeavyHalberdEntity.java:241: 错误: 方法不会覆盖或实现超类型的方法
    @Override
    ^
D:\Minecraft-Mods\AnvilCraft\src\main\java\dev\dubhe\anvilcraft\entity\ThrownHeavyHalberdEntity.java:246: 错误: 方法不会覆盖或实现超类型的方法
    @Override
    ^
D:\Minecraft-Mods\AnvilCraft\src\main\java\dev\dubhe\anvilcraft\entity\ThrownHeavyHalberdEntity.java:251: 错误: 类型参数T#1不在类型变量T#2的范围内
    public interface Factory<T extends ThrownHeavyHalberdEntity> extends EntityType.EntityFactory<T>, Serializable {
                                                                                                  ^
  其中, T#1,T#2是类型变量:
    T#1扩展已在接口 Factory中声明的ThrownHeavyHalberdEntity
    T#2扩展已在接口 EntityFactory中声明的Entity
D:\Minecraft-Mods\AnvilCraft\src\main\java\dev\dubhe\anvilcraft\entity\ThrownHeavyHalberdEntity.java:254: 错误: 类型参数T#1不在类型变量T#2的范围内
    public static class HeavyHalberdType<T extends ThrownHeavyHalberdEntity> extends EntityType<T> {
                                                                                                ^
  其中, T#1,T#2是类型变量:
    T#1扩展已在类 HeavyHalberdType中声明的ThrownHeavyHalberdEntity
    T#2扩展已在类 EntityType中声明的Entity
D:\Minecraft-Mods\AnvilCraft\src\main\java\dev\dubhe\anvilcraft\entity\ThrownHeavyHalberdEntity.java:256: 错误: 类型参数T#1不在类型变量T#2的范围内
            EntityFactory<T> factory,
                          ^
  其中, T#1,T#2是类型变量:
    T#1扩展已在类 HeavyHalberdType中声明的ThrownHeavyHalberdEntity
    T#2扩展已在接口 EntityFactory中声明的Entity
D:\Minecraft-Mods\AnvilCraft\src\main\java\dev\dubhe\anvilcraft\entity\ThrownHeavyHalberdEntity.java:284: 错误: 不兼容的类型: FeatureFlagSet无法转换为String
                requiredFeatures,
                ^
D:\Minecraft-Mods\AnvilCraft\src\main\java\dev\dubhe\anvilcraft\entity\ThrownHeavyHalberdEntity.java:291: 错误: 方法不会覆盖或实现超类型的方法
        @Override
        ^
D:\Minecraft-Mods\AnvilCraft\src\main\java\dev\dubhe\anvilcraft\entity\ThrownHeavyHalberdEntity.java:293: 错误: 找不到符号
            return super.is(entityType)
                        ^
  符号: 方法 is(HolderSet<EntityType<?>>)
D:\Minecraft-Mods\AnvilCraft\src\main\java\dev\dubhe\anvilcraft\entity\model\ThrownHeavyHalberdModel.java:15: 错误: 类型参数T#1不在类型变量T#2的范围内
public class ThrownHeavyHalberdModel<T extends Entity> extends EntityModel<T> {
                                                                           ^
  其中, T#1,T#2是类型变量:
    T#1扩展已在类 ThrownHeavyHalberdModel中声明的Entity
    T#2扩展已在类 EntityModel中声明的EntityRenderState
D:\Minecraft-Mods\AnvilCraft\src\main\java\dev\dubhe\anvilcraft\entity\model\ThrownHeavyHalberdModel.java:20: 错误: 对于EntityModel(没有参数), 找不到合适的构造器
    public ThrownHeavyHalberdModel(ModelPart root) {
                                                   ^
    构造器 EntityModel.EntityModel(ModelPart)不适用
      (实际参数列表和形式参数列表长度不同)
    构造器 EntityModel.EntityModel(ModelPart,Function<Identifier,RenderType>)不适用
      (实际参数列表和形式参数列表长度不同)
D:\Minecraft-Mods\AnvilCraft\src\main\java\dev\dubhe\anvilcraft\entity\model\ThrownHeavyHalberdModel.java:89: 错误: 方法不会覆盖或实现超类型的方法
    @Override
    ^
D:\Minecraft-Mods\AnvilCraft\src\main\java\dev\dubhe\anvilcraft\entity\model\ThrownHeavyHalberdModel.java:94: 错误: ThrownHeavyHalberdModel中的renderToBuffer(PoseStack,VertexConsumer,int,int,int)无法覆盖Model中的renderToBuffer(PoseStack,VertexConsumer,int,int,int)
    public void renderToBuffer(PoseStack poseStack, VertexConsumer buffer, int packedLight, int packedOverlay, int color) {
                ^
  被覆盖的方法为final
D:\Minecraft-Mods\AnvilCraft\src\main\java\dev\dubhe\anvilcraft\client\renderer\item\CrabClawItemInHandRenderer.java:22: 错误: 找不到符号
        ModelIdentifier.standalone(AnvilCraft.of("item/crab_claw_holding_item"));
        ^
  符号:   变量 ModelIdentifier
  位置: 类 CrabClawItemInHandRenderer
D:\Minecraft-Mods\AnvilCraft\src\main\java\dev\dubhe\anvilcraft\client\renderer\item\CrabClawItemInHandRenderer.java:24: 错误: 找不到符号
        ModelIdentifier.standalone(AnvilCraft.of("item/crab_claw_holding_block"));
        ^
  符号:   变量 ModelIdentifier
  位置: 类 CrabClawItemInHandRenderer
D:\Minecraft-Mods\AnvilCraft\src\main\java\dev\dubhe\anvilcraft\client\renderer\item\CustomRenderItemClientExtension.java:17: 错误: 方法不会覆盖或实现超类型的方法
    @Override
    ^
D:\Minecraft-Mods\AnvilCraft\src\main\java\dev\dubhe\anvilcraft\client\renderer\item\ItemInHandRendererManager.java:29: 错误: 方法不会覆盖或实现超类型的方法
    @Override
    ^
D:\Minecraft-Mods\AnvilCraft\src\main\java\dev\dubhe\anvilcraft\client\renderer\item\ItemInHandRendererManager.java:31: 错误: 找不到符号
        this.renderers.forEach(renderer -> renderer.setMainHandItem(mainHandItem));
                                                   ^
  符号:   方法 setMainHandItem(ItemStack)
  位置: 类型为AbstractItemInHandRenderer的变量 renderer
D:\Minecraft-Mods\AnvilCraft\src\main\java\dev\dubhe\anvilcraft\client\renderer\item\ItemInHandRendererManager.java:32: 错误: 找不到符号
        super.setMainHandItem(mainHandItem);
             ^
  符号: 方法 setMainHandItem(ItemStack)
D:\Minecraft-Mods\AnvilCraft\src\main\java\dev\dubhe\anvilcraft\client\renderer\item\ItemInHandRendererManager.java:35: 错误: 方法不会覆盖或实现超类型的方法
    @Override
    ^
D:\Minecraft-Mods\AnvilCraft\src\main\java\dev\dubhe\anvilcraft\client\renderer\item\ItemInHandRendererManager.java:37: 错误: 找不到符号
        this.renderers.forEach(renderer -> renderer.setOffHandItem(offHandItem));
                                                   ^
  符号:   方法 setOffHandItem(ItemStack)
  位置: 类型为AbstractItemInHandRenderer的变量 renderer
D:\Minecraft-Mods\AnvilCraft\src\main\java\dev\dubhe\anvilcraft\client\renderer\item\ItemInHandRendererManager.java:38: 错误: 找不到符号
        super.setOffHandItem(offHandItem);
             ^
  符号: 方法 setOffHandItem(ItemStack)
D:\Minecraft-Mods\AnvilCraft\src\main\java\dev\dubhe\anvilcraft\client\renderer\item\SpectralSlingshotRenderer.java:49: 错误: 方法不会覆盖或实现超类型的方法
    @Override
    ^
D:\Minecraft-Mods\AnvilCraft\src\main\java\dev\dubhe\anvilcraft\client\renderer\item\SpectralSlingshotRenderer.java:58: 错误: 找不到符号
        super.renderByItem(stack, displayContext, poseStack, buffer, packedLight, packedOverlay);
        ^
  符号:   变量 super
  位置: 类 SpectralSlingshotRenderer
D:\Minecraft-Mods\AnvilCraft\src\main\java\dev\dubhe\anvilcraft\client\renderer\item\SpectralSlingshotRenderer.java:59: 错误: 找不到符号
        ItemRenderer itemRenderer = Minecraft.getInstance().getItemRenderer();
        ^
  符号:   类 ItemRenderer
  位置: 类 SpectralSlingshotRenderer
D:\Minecraft-Mods\AnvilCraft\src\main\java\dev\dubhe\anvilcraft\client\renderer\item\SpectralSlingshotRenderer.java:59: 错误: 找不到符号
        ItemRenderer itemRenderer = Minecraft.getInstance().getItemRenderer();
                                                           ^
  符号:   方法 getItemRenderer()
  位置: 类 Minecraft
D:\Minecraft-Mods\AnvilCraft\src\main\java\dev\dubhe\anvilcraft\client\renderer\item\SpectralSlingshotRenderer.java:61: 错误: 找不到符号
            BakedModel normalModel = itemRenderer.getItemModelShaper().getItemModel(stack);
            ^
  符号:   类 BakedModel
  位置: 类 SpectralSlingshotRenderer
D:\Minecraft-Mods\AnvilCraft\src\main\java\dev\dubhe\anvilcraft\client\renderer\item\SpectralSlingshotRenderer.java:73: 错误: 找不到符号
                ItemStack ammo = cp.getItems().getFirst();
                                   ^
  符号:   方法 getItems()
  位置: 类型为ChargedProjectiles的变量 cp
D:\Minecraft-Mods\AnvilCraft\src\main\java\dev\dubhe\anvilcraft\client\renderer\item\SpectralSlingshotRenderer.java:79: 错误: 找不到符号
                BakedModel bakedModel = itemRenderer.getItemModelShaper().getItemModel(ammo);
                ^
  符号:   类 BakedModel
  位置: 类 SpectralSlingshotRenderer
D:\Minecraft-Mods\AnvilCraft\src\main\java\dev\dubhe\anvilcraft\client\renderer\item\SpectralSlingshotRenderer.java:124: 错误: 找不到符号
        for (BakedModel model1 : model.getRenderPasses(itemStack, flag1)) {
             ^
  符号:   类 BakedModel
  位置: 类 SpectralSlingshotRenderer
D:\Minecraft-Mods\AnvilCraft\src\main\java\dev\dubhe\anvilcraft\client\renderer\item\SpectralSlingshotRenderer.java:126: 错误: 找不到符号
            for (Iterator<RenderType> var13 = model1.getRenderTypes(itemStack, flag1).iterator();
                          ^
  符号:   类 RenderType
  位置: 类 SpectralSlingshotRenderer
D:\Minecraft-Mods\AnvilCraft\src\main\java\dev\dubhe\anvilcraft\client\renderer\item\SpectralSlingshotRenderer.java:137: 错误: 找不到符号
                RenderType rendertype = var13.next();
                ^
  符号:   类 RenderType
  位置: 类 SpectralSlingshotRenderer
D:\Minecraft-Mods\AnvilCraft\src\main\java\dev\dubhe\anvilcraft\client\renderer\item\SpectralSlingshotRenderer.java:138: 错误: 找不到符号
                vertexconsumer = ItemRenderer.getFoilBuffer(bufferSource, rendertype, true, itemStack.hasFoil());
                                 ^
  符号:   变量 ItemRenderer
  位置: 类 SpectralSlingshotRenderer
D:\Minecraft-Mods\AnvilCraft\src\main\java\dev\dubhe\anvilcraft\client\renderer\item\SpectralWeaponLauncherRenderer.java:49: 错误: 方法不会覆盖或实现超类型的方法
    @Override
    ^
D:\Minecraft-Mods\AnvilCraft\src\main\java\dev\dubhe\anvilcraft\client\renderer\item\SpectralWeaponLauncherRenderer.java:58: 错误: 找不到符号
        super.renderByItem(stack, displayContext, poseStack, buffer, packedLight, packedOverlay);
        ^
  符号:   变量 super
  位置: 类 SpectralWeaponLauncherRenderer
D:\Minecraft-Mods\AnvilCraft\src\main\java\dev\dubhe\anvilcraft\client\renderer\item\SpectralWeaponLauncherRenderer.java:59: 错误: 找不到符号
        ItemRenderer itemRenderer = Minecraft.getInstance().getItemRenderer();
        ^
  符号:   类 ItemRenderer
  位置: 类 SpectralWeaponLauncherRenderer
D:\Minecraft-Mods\AnvilCraft\src\main\java\dev\dubhe\anvilcraft\client\renderer\item\SpectralWeaponLauncherRenderer.java:59: 错误: 找不到符号
        ItemRenderer itemRenderer = Minecraft.getInstance().getItemRenderer();
                                                           ^
  符号:   方法 getItemRenderer()
  位置: 类 Minecraft
D:\Minecraft-Mods\AnvilCraft\src\main\java\dev\dubhe\anvilcraft\client\renderer\item\SpectralWeaponLauncherRenderer.java:61: 错误: 找不到符号
            BakedModel normalModel = itemRenderer.getItemModelShaper().getItemModel(stack);
            ^
  符号:   类 BakedModel
  位置: 类 SpectralWeaponLauncherRenderer
D:\Minecraft-Mods\AnvilCraft\src\main\java\dev\dubhe\anvilcraft\client\renderer\item\SpectralWeaponLauncherRenderer.java:80: 错误: 找不到符号
                ItemStack ammo = cp.getItems().getFirst();
                                   ^
  符号:   方法 getItems()
  位置: 类型为ChargedProjectiles的变量 cp
D:\Minecraft-Mods\AnvilCraft\src\main\java\dev\dubhe\anvilcraft\client\renderer\item\SpectralWeaponLauncherRenderer.java:90: 错误: 找不到符号
                BakedModel bakedModel = itemRenderer.getItemModelShaper().getItemModel(ammo);
                ^
  符号:   类 BakedModel
  位置: 类 SpectralWeaponLauncherRenderer
D:\Minecraft-Mods\AnvilCraft\src\main\java\dev\dubhe\anvilcraft\client\renderer\item\SpectralWeaponLauncherRenderer.java:135: 错误: 找不到符号
        for (BakedModel model1 : model.getRenderPasses(itemStack, flag1)) {
             ^
  符号:   类 BakedModel
  位置: 类 SpectralWeaponLauncherRenderer
D:\Minecraft-Mods\AnvilCraft\src\main\java\dev\dubhe\anvilcraft\client\renderer\item\SpectralWeaponLauncherRenderer.java:137: 错误: 找不到符号
            for (Iterator<RenderType> var13 = model1.getRenderTypes(itemStack, flag1).iterator();
                          ^
  符号:   类 RenderType
  位置: 类 SpectralWeaponLauncherRenderer
D:\Minecraft-Mods\AnvilCraft\src\main\java\dev\dubhe\anvilcraft\client\renderer\item\SpectralWeaponLauncherRenderer.java:148: 错误: 找不到符号
                RenderType rendertype = var13.next();
                ^
  符号:   类 RenderType
  位置: 类 SpectralWeaponLauncherRenderer
D:\Minecraft-Mods\AnvilCraft\src\main\java\dev\dubhe\anvilcraft\client\renderer\item\SpectralWeaponLauncherRenderer.java:149: 错误: 找不到符号
                vertexconsumer = ItemRenderer.getFoilBuffer(bufferSource, rendertype, true, itemStack.hasFoil());
                                 ^
  符号:   变量 ItemRenderer
  位置: 类 SpectralWeaponLauncherRenderer
D:\Minecraft-Mods\AnvilCraft\src\main\java\dev\dubhe\anvilcraft\client\renderer\item\WrappingItemCustomRenderedModels.java:24: 错误: 找不到符号
        Map<ModelIdentifier, BakedModel> modelRegistry = event.getModels();
            ^
  符号:   类 ModelIdentifier
  位置: 类 WrappingItemCustomRenderedModels
D:\Minecraft-Mods\AnvilCraft\src\main\java\dev\dubhe\anvilcraft\client\renderer\item\WrappingItemCustomRenderedModels.java:24: 错误: 找不到符号
        Map<ModelIdentifier, BakedModel> modelRegistry = event.getModels();
                             ^
  符号:   类 BakedModel
  位置: 类 WrappingItemCustomRenderedModels
D:\Minecraft-Mods\AnvilCraft\src\main\java\dev\dubhe\anvilcraft\client\renderer\item\WrappingItemCustomRenderedModels.java:24: 错误: 找不到符号
        Map<ModelIdentifier, BakedModel> modelRegistry = event.getModels();
                                                              ^
  符号:   方法 getModels()
  位置: 类型为ModifyBakingResult的变量 event
D:\Minecraft-Mods\AnvilCraft\src\main\java\dev\dubhe\anvilcraft\client\renderer\item\WrappingItemCustomRenderedModels.java:25: 错误: 找不到符号
        swapModels(modelRegistry, ModelIdentifier.inventory(AnvilCraft.of("spectral_slingshot")));
                                  ^
  符号:   变量 ModelIdentifier
  位置: 类 WrappingItemCustomRenderedModels
D:\Minecraft-Mods\AnvilCraft\src\main\java\dev\dubhe\anvilcraft\client\renderer\item\WrappingItemCustomRenderedModels.java:26: 错误: 找不到符号
        swapModels(modelRegistry, ModelIdentifier.inventory(SPECTRAL_WEAPON_LAUNCHER));
                                  ^
  符号:   变量 ModelIdentifier
  位置: 类 WrappingItemCustomRenderedModels
D:\Minecraft-Mods\AnvilCraft\src\main\java\dev\dubhe\anvilcraft\client\renderer\item\WrappingItemCustomRenderedModels.java:27: 错误: 找不到符号
        swapModels(modelRegistry, ModelIdentifier.inventory(SPECTRAL_WEAPON_LAUNCHER_EXHAUSTED));
                                  ^
  符号:   变量 ModelIdentifier
  位置: 类 WrappingItemCustomRenderedModels
D:\Minecraft-Mods\AnvilCraft\src\main\java\dev\dubhe\anvilcraft\client\renderer\item\WrappingItemCustomRenderedModels.java:31: 错误: 找不到符号
        BakedModel model = modelRegistry.get(modelLocation);
        ^
  符号:   类 BakedModel
  位置: 类 WrappingItemCustomRenderedModels
D:\Minecraft-Mods\AnvilCraft\src\main\java\dev\dubhe\anvilcraft\client\renderer\item\WrappingItemCustomRenderedModels.java:41: 错误: 方法不会覆盖或实现超类型的方法
        @Override
        ^
D:\Minecraft-Mods\AnvilCraft\src\main\java\dev\dubhe\anvilcraft\client\renderer\item\WrappingItemCustomRenderedModels.java:48: 错误: 方法不会覆盖或实现超类型的方法
        @Override
        ^
D:\Minecraft-Mods\AnvilCraft\src\main\java\dev\dubhe\anvilcraft\client\renderer\item\WrappingItemCustomRenderedModels.java:56: 错误: 无法从静态上下文中引用非静态 变量 super
            super.applyTransform(cameraItemDisplayContext, mat, leftHand);
            ^
D:\Minecraft-Mods\AnvilCraft\src\main\java\dev\dubhe\anvilcraft\client\renderer\item\WrappingItemCustomRenderedModels.java:56: 错误: 找不到符号
            super.applyTransform(cameraItemDisplayContext, mat, leftHand);
                 ^
  符号: 方法 applyTransform(ItemDisplayContext,PoseStack,boolean)
D:\Minecraft-Mods\AnvilCraft\src\main\java\dev\dubhe\anvilcraft\client\renderer\laser\LaserCompiler.java:25: 错误: 找不到符号
        return LASER_WIDTH[Math.clamp(state.blockEntity().getLaserLevel(), 1, 64)] + 0.001F;
                                                         ^
  符号:   方法 getLaserLevel()
  位置: 类 BaseLaserBlockEntity
D:\Minecraft-Mods\AnvilCraft\src\main\java\dev\dubhe\anvilcraft\client\renderer\laser\LaserCompiler.java:35: 错误: 找不到符号
            bufferBuilderFunction.apply(RenderType.solid()),
                                        ^
  符号:   变量 RenderType
  位置: 类 LaserCompiler
D:\Minecraft-Mods\AnvilCraft\src\main\java\dev\dubhe\anvilcraft\client\renderer\laser\LaserState.java:27: 错误: 无法将类 BaseLaserBlockEntity中的方法 getIrradiateBlockPos应用到给定类型;
        if (blockEntity.getIrradiateBlockPos() == null) return null;
                       ^
  需要: int,Direction,BlockPos
  找到:    没有参数
  原因: 实际参数列表和形式参数列表长度不同
D:\Minecraft-Mods\AnvilCraft\src\main\java\dev\dubhe\anvilcraft\client\renderer\laser\LaserState.java:29: 错误: 找不到符号
            .getTextureAtlas(TextureAtlas.LOCATION_BLOCKS);
            ^
  符号:   方法 getTextureAtlas(Identifier)
  位置: 类 Minecraft
D:\Minecraft-Mods\AnvilCraft\src\main\java\dev\dubhe\anvilcraft\client\renderer\laser\LaserState.java:33: 错误: 无法将类 BaseLaserBlockEntity中的方法 getIrradiateBlockPos应用到给定类型;
            .getIrradiateBlockPos()
            ^
  需要: int,Direction,BlockPos
  找到:    没有参数
  原因: 实际参数列表和形式参数列表长度不同
D:\Minecraft-Mods\AnvilCraft\src\main\java\dev\dubhe\anvilcraft\client\renderer\laser\LaserState.java:42: 错误: 找不到符号
            blockEntity.getLaserLevel(),
                       ^
  符号:   方法 getLaserLevel()
  位置: 类型为BaseLaserBlockEntity的变量 blockEntity
D:\Minecraft-Mods\AnvilCraft\src\main\java\dev\dubhe\anvilcraft\client\support\AmuletSelectorSupport.java:31: 错误: 找不到符号
        RenderSystem.disableDepthTest();
                    ^
  符号:   方法 disableDepthTest()
  位置: 类 RenderSystem
D:\Minecraft-Mods\AnvilCraft\src\main\java\dev\dubhe\anvilcraft\client\support\AmuletSelectorSupport.java:44: 错误: 找不到符号
            RenderSystem.disableDepthTest();
                        ^
  符号:   方法 disableDepthTest()
  位置: 类 RenderSystem
D:\Minecraft-Mods\AnvilCraft\src\main\java\dev\dubhe\anvilcraft\client\support\AmuletSelectorSupport.java:130: 错误: 找不到符号
            public void render(GuiGraphics guiGraphics, int x, int y, BoxContents content) {
                               ^
  符号: 类 GuiGraphics
D:\Minecraft-Mods\AnvilCraft\src\main\java\dev\dubhe\anvilcraft\client\support\AmuletSelectorSupport.java:140: 错误: 找不到符号
            public void render(GuiGraphics guiGraphics, int x, int y, BoxContents content) {
                               ^
  符号: 类 GuiGraphics
D:\Minecraft-Mods\AnvilCraft\src\main\java\dev\dubhe\anvilcraft\client\support\AmuletSelectorSupport.java:155: 错误: 找不到符号
            public void render(GuiGraphics guiGraphics, int x, int y, BoxContents content) {
                               ^
  符号: 类 GuiGraphics
D:\Minecraft-Mods\AnvilCraft\src\main\java\dev\dubhe\anvilcraft\client\support\AmuletSelectorSupport.java:186: 错误: 找不到符号
            public void render(GuiGraphics guiGraphics, int x, int y, BoxContents content) {
                               ^
  符号: 类 GuiGraphics
D:\Minecraft-Mods\AnvilCraft\src\main\java\dev\dubhe\anvilcraft\client\support\AmuletSelectorSupport.java:217: 错误: 找不到符号
            public void render(GuiGraphics guiGraphics, int x, int y, BoxContents content) {
                               ^
  符号: 类 GuiGraphics
D:\Minecraft-Mods\AnvilCraft\src\main\java\dev\dubhe\anvilcraft\client\support\InspectionSupport.java:38: 错误: 找不到符号
            Map<ResourceKey<Level>, List<ISoundEventListener>> map = SoundHelper.INSTANCE.getEventListeners();
                                                                                         ^
  符号:   方法 getEventListeners()
  位置: 类型为SoundHelper的变量 INSTANCE
D:\Minecraft-Mods\AnvilCraft\src\main\java\dev\dubhe\anvilcraft\client\support\InspectionSupport.java:41: 错误: 找不到符号
            VertexConsumer vertex = buf.getBuffer(RenderType.LINES);
                                                  ^
  符号:   变量 RenderType
  位置: 类 InspectionSupport
D:\Minecraft-Mods\AnvilCraft\src\main\java\dev\dubhe\anvilcraft\client\support\InspectionSupport.java:79: 错误: 找不到符号
        log.info("{} inspection {}.", state ? "Disabling" : "Enabling", id);
        ^
  符号:   变量 log
  位置: 类 InspectionSupport
D:\Minecraft-Mods\AnvilCraft\src\main\java\dev\dubhe\anvilcraft\client\support\PowerGridSupport.java:34: 错误: 找不到符号
        VertexConsumer consumer = bufferSource.getBuffer(RenderType.lines());
                                                         ^
  符号:   变量 RenderType
  位置: 类 PowerGridSupport
D:\Minecraft-Mods\AnvilCraft\src\main\java\dev\dubhe\anvilcraft\client\support\PowerGridSupport.java:37: 错误: 找不到符号
            if (!grid.getLevel().equals(level)) continue;
                     ^
  符号:   方法 getLevel()
  位置: 类型为SimplePowerGrid的变量 grid
D:\Minecraft-Mods\AnvilCraft\src\main\java\dev\dubhe\anvilcraft\client\support\PowerGridSupport.java:38: 错误: 找不到符号
            for (Line line : grid.getPowerGridBoundLines()) {
                                 ^
  符号:   方法 getPowerGridBoundLines()
  位置: 类型为SimplePowerGrid的变量 grid
D:\Minecraft-Mods\AnvilCraft\src\main\java\dev\dubhe\anvilcraft\client\support\PowerGridSupport.java:39: 错误: 找不到符号
                line.render(poseStack, consumer, camera, grid.getColor());
                                                             ^
  符号:   方法 getColor()
  位置: 类型为SimplePowerGrid的变量 grid
D:\Minecraft-Mods\AnvilCraft\src\main\java\dev\dubhe\anvilcraft\client\support\PowerGridSupport.java:48: 错误: 找不到符号
        if (ModRenderTargets.getBloomTarget() != null) {
                            ^
  符号:   方法 getBloomTarget()
  位置: 类 ModRenderTargets
D:\Minecraft-Mods\AnvilCraft\src\main\java\dev\dubhe\anvilcraft\client\support\PowerGridSupport.java:49: 错误: 找不到符号
            ModRenderTargets.getBloomTarget().setClearColor(0, 0, 0, 0);
                            ^
  符号:   方法 getBloomTarget()
  位置: 类 ModRenderTargets
D:\Minecraft-Mods\AnvilCraft\src\main\java\dev\dubhe\anvilcraft\client\support\PowerGridSupport.java:50: 错误: 找不到符号
            ModRenderTargets.getBloomTarget().clear(Minecraft.ON_OSX);
                                                             ^
  符号:   变量 ON_OSX
  位置: 类 Minecraft
D:\Minecraft-Mods\AnvilCraft\src\main\java\dev\dubhe\anvilcraft\client\support\PowerGridSupport.java:50: 错误: 找不到符号
            ModRenderTargets.getBloomTarget().clear(Minecraft.ON_OSX);
                            ^
  符号:   方法 getBloomTarget()
  位置: 类 ModRenderTargets
D:\Minecraft-Mods\AnvilCraft\src\main\java\dev\dubhe\anvilcraft\client\support\PowerGridSupport.java:51: 错误: 找不到符号
            ModRenderTargets.getBloomTarget().copyDepthFrom(Minecraft.getInstance().getMainRenderTarget());
                            ^
  符号:   方法 getBloomTarget()
  位置: 类 ModRenderTargets
D:\Minecraft-Mods\AnvilCraft\src\main\java\dev\dubhe\anvilcraft\client\support\PowerGridSupport.java:58: 错误: 找不到符号
            if (!grid.getLevel().equals(level)) continue;
                     ^
  符号:   方法 getLevel()
  位置: 类型为SimplePowerGrid的变量 grid
D:\Minecraft-Mods\AnvilCraft\src\main\java\dev\dubhe\anvilcraft\client\support\PowerGridSupport.java:59: 错误: 找不到符号
            grid.getPowerTransmitterLines().forEach(it -> it.render(poseStack, consumer1, camera, Constant.TRANSMITTER_LINE_COLOR));
                ^
  符号:   方法 getPowerTransmitterLines()
  位置: 类型为SimplePowerGrid的变量 grid
D:\Minecraft-Mods\AnvilCraft\src\main\java\dev\dubhe\anvilcraft\client\support\PowerGridSupport.java:69: 错误: 找不到符号
        VertexConsumer consumer = bufferSource.getBuffer(RenderType.LINES);
                                                         ^
  符号:   变量 RenderType
  位置: 类 PowerGridSupport
D:\Minecraft-Mods\AnvilCraft\src\main\java\dev\dubhe\anvilcraft\client\support\PowerGridSupport.java:72: 错误: 找不到符号
            if (!grid.getLevel().equals(level)) continue;
                     ^
  符号:   方法 getLevel()
  位置: 类型为SimplePowerGrid的变量 grid
D:\Minecraft-Mods\AnvilCraft\src\main\java\dev\dubhe\anvilcraft\client\support\PowerGridSupport.java:73: 错误: 找不到符号
            grid.getPowerTransmitterLines().forEach(it -> it.render(poseStack, consumer, camera, Constant.TRANSMITTER_LINE_COLOR));
                ^
  符号:   方法 getPowerTransmitterLines()
  位置: 类型为SimplePowerGrid的变量 grid
D:\Minecraft-Mods\AnvilCraft\src\main\java\dev\dubhe\anvilcraft\client\support\RenderModelSupport.java:39: 错误: 找不到符号
            for (BakedQuad quad : model.getQuads(state, side, rand)) {
                 ^
  符号:   类 BakedQuad
  位置: 类 RenderModelSupport
D:\Minecraft-Mods\AnvilCraft\src\main\java\dev\dubhe\anvilcraft\client\support\RenderModelSupport.java:44: 错误: 找不到符号
        for (BakedQuad quad : model.getQuads(state, null, rand)) {
             ^
  符号:   类 BakedQuad
  位置: 类 RenderModelSupport
D:\Minecraft-Mods\AnvilCraft\src\main\java\dev\dubhe\anvilcraft\client\support\RenderModelSupport.java:64: 错误: 找不到符号
            for (BakedQuad quad : model.getQuads(null, side, rand)) {
                 ^
  符号:   类 BakedQuad
  位置: 类 RenderModelSupport
D:\Minecraft-Mods\AnvilCraft\src\main\java\dev\dubhe\anvilcraft\client\support\RenderModelSupport.java:69: 错误: 找不到符号
        for (BakedQuad quad : model.getQuads(null, null, rand)) {
             ^
  符号:   类 BakedQuad
  位置: 类 RenderModelSupport
D:\Minecraft-Mods\AnvilCraft\src\main\java\dev\dubhe\anvilcraft\client\support\RenderSupport.java:71: 错误: 找不到符号
    private static final RandomSource RANDOM = RandomSource.createNewThreadLocalInstance();
                                                           ^
  符号:   方法 createNewThreadLocalInstance()
  位置: 接口 RandomSource
D:\Minecraft-Mods\AnvilCraft\src\main\java\dev\dubhe\anvilcraft\client\support\RenderSupport.java:75: 错误: 找不到符号
    private static final ModelIdentifier TRIDENT_MODEL = ModelIdentifier.inventory(
                                                         ^
  符号:   变量 ModelIdentifier
  位置: 类 RenderSupport
D:\Minecraft-Mods\AnvilCraft\src\main\java\dev\dubhe\anvilcraft\client\support\RenderSupport.java:78: 错误: 找不到符号
    private static final ModelIdentifier SPYGLASS_MODEL = ModelIdentifier.inventory(
                                                          ^
  符号:   变量 ModelIdentifier
  位置: 类 RenderSupport
D:\Minecraft-Mods\AnvilCraft\src\main\java\dev\dubhe\anvilcraft\client\support\RenderSupport.java:85: 错误: 找不到符号
        BlockRenderDispatcher blockRenderDispatcher = Minecraft.getInstance().getBlockRenderer();
        ^
  符号:   类 BlockRenderDispatcher
  位置: 类 RenderSupport
D:\Minecraft-Mods\AnvilCraft\src\main\java\dev\dubhe\anvilcraft\client\support\RenderSupport.java:85: 错误: 找不到符号
        BlockRenderDispatcher blockRenderDispatcher = Minecraft.getInstance().getBlockRenderer();
                                                                             ^
  符号:   方法 getBlockRenderer()
  位置: 类 Minecraft
D:\Minecraft-Mods\AnvilCraft\src\main\java\dev\dubhe\anvilcraft\client\support\RenderSupport.java:86: 错误: 找不到符号
        BakedModel model = blockRenderDispatcher.getBlockModel(blockState);
        ^
  符号:   类 BakedModel
  位置: 类 RenderSupport
D:\Minecraft-Mods\AnvilCraft\src\main\java\dev\dubhe\anvilcraft\client\support\RenderSupport.java:87: 错误: 找不到符号
        for (RenderType renderType : model.getRenderTypes(blockState, RANDOM, ModelData.EMPTY)) {
                                                                              ^
  符号:   变量 ModelData
  位置: 类 RenderSupport
D:\Minecraft-Mods\AnvilCraft\src\main\java\dev\dubhe\anvilcraft\client\support\RenderSupport.java:87: 错误: 找不到符号
        for (RenderType renderType : model.getRenderTypes(blockState, RANDOM, ModelData.EMPTY)) {
             ^
  符号:   类 RenderType
  位置: 类 RenderSupport
D:\Minecraft-Mods\AnvilCraft\src\main\java\dev\dubhe\anvilcraft\client\support\RenderSupport.java:97: 错误: 找不到符号
                ModelData.EMPTY,
                ^
  符号:   变量 ModelData
  位置: 类 RenderSupport
D:\Minecraft-Mods\AnvilCraft\src\main\java\dev\dubhe\anvilcraft\client\support\RenderSupport.java:114: 错误: 找不到符号
        RenderSystem.enableBlend();
                    ^
  符号:   方法 enableBlend()
  位置: 类 RenderSystem
D:\Minecraft-Mods\AnvilCraft\src\main\java\dev\dubhe\anvilcraft\client\support\RenderSupport.java:115: 错误: 找不到符号
        RenderSystem.defaultBlendFunc();
                    ^
  符号:   方法 defaultBlendFunc()
  位置: 类 RenderSystem
D:\Minecraft-Mods\AnvilCraft\src\main\java\dev\dubhe\anvilcraft\client\support\RenderSupport.java:125: 错误: 找不到符号
        RenderSystem.setShaderColor(1F, 1F, 1F, 1F);
                    ^
  符号:   方法 setShaderColor(float,float,float,float)
  位置: 类 RenderSystem
D:\Minecraft-Mods\AnvilCraft\src\main\java\dev\dubhe\anvilcraft\client\support\RenderSupport.java:131: 错误: 找不到符号
        RenderSystem.setupGui3DDiffuseLighting(L1, L2);
                    ^
  符号:   方法 setupGui3DDiffuseLighting(Vector3f,Vector3f)
  位置: 类 RenderSystem
D:\Minecraft-Mods\AnvilCraft\src\main\java\dev\dubhe\anvilcraft\client\support\RenderSupport.java:138: 错误: 找不到符号
            BlockRenderDispatcher blockRenderDispatcher = Minecraft.getInstance().getBlockRenderer();
            ^
  符号:   类 BlockRenderDispatcher
  位置: 类 RenderSupport
D:\Minecraft-Mods\AnvilCraft\src\main\java\dev\dubhe\anvilcraft\client\support\RenderSupport.java:138: 错误: 找不到符号
            BlockRenderDispatcher blockRenderDispatcher = Minecraft.getInstance().getBlockRenderer();
                                                                                 ^
  符号:   方法 getBlockRenderer()
  位置: 类 Minecraft
D:\Minecraft-Mods\AnvilCraft\src\main\java\dev\dubhe\anvilcraft\client\support\RenderSupport.java:143: 错误: 找不到符号
                    buffers.getBuffer(ItemBlockRenderTypes.getRenderLayer(fluidState)),
                                      ^
  符号:   变量 ItemBlockRenderTypes
  位置: 类 RenderSupport
D:\Minecraft-Mods\AnvilCraft\src\main\java\dev\dubhe\anvilcraft\client\support\RenderSupport.java:167: 错误: 找不到符号
        RenderSystem.enableBlend();
                    ^
  符号:   方法 enableBlend()
  位置: 类 RenderSystem
D:\Minecraft-Mods\AnvilCraft\src\main\java\dev\dubhe\anvilcraft\client\support\RenderSupport.java:168: 错误: 找不到符号
        RenderSystem.defaultBlendFunc();
                    ^
  符号:   方法 defaultBlendFunc()
  位置: 类 RenderSystem
D:\Minecraft-Mods\AnvilCraft\src\main\java\dev\dubhe\anvilcraft\client\support\RenderSupport.java:185: 错误: 找不到符号
        RenderSystem.setShaderColor(1F, 1F, 1F, 1F);
                    ^
  符号:   方法 setShaderColor(float,float,float,float)
  位置: 类 RenderSystem
D:\Minecraft-Mods\AnvilCraft\src\main\java\dev\dubhe\anvilcraft\client\support\RenderSupport.java:192: 错误: 找不到符号
        RenderSystem.setupGui3DDiffuseLighting(L1, L2);
                    ^
  符号:   方法 setupGui3DDiffuseLighting(Vector3f,Vector3f)
  位置: 类 RenderSystem
D:\Minecraft-Mods\AnvilCraft\src\main\java\dev\dubhe\anvilcraft\client\support\RenderSupport.java:199: 错误: 找不到符号
            BlockRenderDispatcher blockRenderDispatcher = Minecraft.getInstance().getBlockRenderer();
            ^
  符号:   类 BlockRenderDispatcher
  位置: 类 RenderSupport
D:\Minecraft-Mods\AnvilCraft\src\main\java\dev\dubhe\anvilcraft\client\support\RenderSupport.java:199: 错误: 找不到符号
            BlockRenderDispatcher blockRenderDispatcher = Minecraft.getInstance().getBlockRenderer();
                                                                                 ^
  符号:   方法 getBlockRenderer()
  位置: 类 Minecraft
D:\Minecraft-Mods\AnvilCraft\src\main\java\dev\dubhe\anvilcraft\client\support\RenderSupport.java:204: 错误: 找不到符号
                    buffers.getBuffer(ItemBlockRenderTypes.getRenderLayer(fluidState)),
                                      ^
  符号:   变量 ItemBlockRenderTypes
  位置: 类 RenderSupport
D:\Minecraft-Mods\AnvilCraft\src\main\java\dev\dubhe\anvilcraft\client\support\RenderSupport.java:247: 错误: 找不到符号
        RenderSystem.enableBlend();
                    ^
  符号:   方法 enableBlend()
  位置: 类 RenderSystem
D:\Minecraft-Mods\AnvilCraft\src\main\java\dev\dubhe\anvilcraft\client\support\RenderSupport.java:249: 错误: 找不到符号
        DeltaTracker tracker = minecraft.getTimer();
                                        ^
  符号:   方法 getTimer()
  位置: 类型为Minecraft的变量 minecraft
D:\Minecraft-Mods\AnvilCraft\src\main\java\dev\dubhe\anvilcraft\client\support\RenderSupport.java:275: 错误: 找不到符号
        if (level.isAllLayersVisible()) {
                 ^
  符号:   方法 isAllLayersVisible()
  位置: 类型为LevelLike的变量 level
D:\Minecraft-Mods\AnvilCraft\src\main\java\dev\dubhe\anvilcraft\client\support\RenderSupport.java:278: 错误: 找不到符号
            int visibleLayer = level.getCurrentVisibleLayer();
                                    ^
  符号:   方法 getCurrentVisibleLayer()
  位置: 类型为LevelLike的变量 level
D:\Minecraft-Mods\AnvilCraft\src\main\java\dev\dubhe\anvilcraft\client\support\RenderSupport.java:283: 错误: 找不到符号
        RenderSystem.setShaderColor(1F, 1F, 1F, 1F);
                    ^
  符号:   方法 setShaderColor(float,float,float,float)
  位置: 类 RenderSystem
D:\Minecraft-Mods\AnvilCraft\src\main\java\dev\dubhe\anvilcraft\client\support\RenderSupport.java:286: 错误: 找不到符号
        BlockRenderDispatcher blockRenderer = minecraft.getBlockRenderer();
        ^
  符号:   类 BlockRenderDispatcher
  位置: 类 RenderSupport
D:\Minecraft-Mods\AnvilCraft\src\main\java\dev\dubhe\anvilcraft\client\support\RenderSupport.java:286: 错误: 找不到符号
        BlockRenderDispatcher blockRenderer = minecraft.getBlockRenderer();
                                                       ^
  符号:   方法 getBlockRenderer()
  位置: 类型为Minecraft的变量 minecraft
D:\Minecraft-Mods\AnvilCraft\src\main\java\dev\dubhe\anvilcraft\client\support\RenderSupport.java:293: 错误: 找不到符号
                RenderType renderType = ItemBlockRenderTypes.getRenderLayer(fluid);
                ^
  符号:   类 RenderType
  位置: 类 RenderSupport
D:\Minecraft-Mods\AnvilCraft\src\main\java\dev\dubhe\anvilcraft\client\support\RenderSupport.java:293: 错误: 找不到符号
                RenderType renderType = ItemBlockRenderTypes.getRenderLayer(fluid);
                                        ^
  符号:   变量 ItemBlockRenderTypes
  位置: 类 RenderSupport
D:\Minecraft-Mods\AnvilCraft\src\main\java\dev\dubhe\anvilcraft\client\support\RenderSupport.java:298: 错误: 找不到符号
                BakedModel bakedModel = blockRenderer.getBlockModel(state);
                ^
  符号:   类 BakedModel
  位置: 类 RenderSupport
D:\Minecraft-Mods\AnvilCraft\src\main\java\dev\dubhe\anvilcraft\client\support\RenderSupport.java:299: 错误: 找不到符号
                for (RenderType type : bakedModel.getRenderTypes(state, RANDOM, ModelData.EMPTY)) {
                                                                                ^
  符号:   变量 ModelData
  位置: 类 RenderSupport
D:\Minecraft-Mods\AnvilCraft\src\main\java\dev\dubhe\anvilcraft\client\support\RenderSupport.java:299: 错误: 找不到符号
                for (RenderType type : bakedModel.getRenderTypes(state, RANDOM, ModelData.EMPTY)) {
                     ^
  符号:   类 RenderType
  位置: 类 RenderSupport
D:\Minecraft-Mods\AnvilCraft\src\main\java\dev\dubhe\anvilcraft\client\support\RenderSupport.java:301: 错误: 找不到符号
                    blockRenderer.renderBatched(state, pos, level, pose, vertex, false, RANDOM, ModelData.EMPTY, type);
                                                                                                ^
  符号:   变量 ModelData
  位置: 类 RenderSupport
D:\Minecraft-Mods\AnvilCraft\src\main\java\dev\dubhe\anvilcraft\client\support\RenderSupport.java:343: 错误: 类型变量数目错误; 需要2
        BlockEntityRenderer<BlockEntity> renderer = Minecraft.getInstance()
                           ^
D:\Minecraft-Mods\AnvilCraft\src\main\java\dev\dubhe\anvilcraft\client\support\RenderSupport.java:361: 错误: 找不到符号
            BakedModel bakedmodel = Minecraft.getInstance().getItemRenderer().getModel(stack, level, entity, 0);
            ^
  符号:   类 BakedModel
  位置: 类 RenderSupport
D:\Minecraft-Mods\AnvilCraft\src\main\java\dev\dubhe\anvilcraft\client\support\RenderSupport.java:361: 错误: 找不到符号
            BakedModel bakedmodel = Minecraft.getInstance().getItemRenderer().getModel(stack, level, entity, 0);
                                                           ^
  符号:   方法 getItemRenderer()
  位置: 类 Minecraft
D:\Minecraft-Mods\AnvilCraft\src\main\java\dev\dubhe\anvilcraft\client\support\RenderSupport.java:369: 错误: 找不到符号
                    Lighting.setupForFlatItems();
                            ^
  符号:   方法 setupForFlatItems()
  位置: 类 Lighting
D:\Minecraft-Mods\AnvilCraft\src\main\java\dev\dubhe\anvilcraft\client\support\RenderSupport.java:375: 错误: 找不到符号
                        .getItemRenderer(),
                        ^
  符号:   方法 getItemRenderer()
  位置: 类 Minecraft
D:\Minecraft-Mods\AnvilCraft\src\main\java\dev\dubhe\anvilcraft\client\support\RenderSupport.java:387: 错误: 找不到符号
                    Lighting.setupFor3DItems();
                            ^
  符号:   方法 setupFor3DItems()
  位置: 类 Lighting
D:\Minecraft-Mods\AnvilCraft\src\main\java\dev\dubhe\anvilcraft\client\support\RenderSupport.java:442: 错误: 找不到符号
                for (BakedModel model : bakedModel.getRenderPasses(itemStack, flag1)) {
                     ^
  符号:   类 BakedModel
  位置: 类 RenderSupport
D:\Minecraft-Mods\AnvilCraft\src\main\java\dev\dubhe\anvilcraft\client\support\RenderSupport.java:443: 错误: 找不到符号
                    for (RenderType rendertype : model.getRenderTypes(itemStack, flag1)) {
                         ^
  符号:   类 RenderType
  位置: 类 RenderSupport
D:\Minecraft-Mods\AnvilCraft\src\main\java\dev\dubhe\anvilcraft\client\support\RenderSupport.java:476: 错误: 找不到符号
                    .getCustomRenderer()
                    ^
  符号:   方法 getCustomRenderer()
  位置: 接口 IClientItemExtensions
D:\Minecraft-Mods\AnvilCraft\src\main\java\dev\dubhe\anvilcraft\client\support\RenderSupport.java:485: 错误: 程序包RenderType不存在
        if (original instanceof RenderType.CompositeRenderType compositeRenderType) {
                                          ^
D:\Minecraft-Mods\AnvilCraft\src\main\java\dev\dubhe\anvilcraft\client\support\RenderSupport.java:486: 错误: 找不到符号
            if (compositeRenderType.state().transparencyState == RenderStateShard.NO_TRANSPARENCY
                                                                 ^
  符号:   变量 RenderStateShard
  位置: 类 RenderSupport
D:\Minecraft-Mods\AnvilCraft\src\main\java\dev\dubhe\anvilcraft\client\support\RenderSupport.java:487: 错误: 程序包RenderStateShard不存在
                && compositeRenderType.state().textureState instanceof RenderStateShard.TextureStateShard textureStateShard
                                                                                       ^
D:\Minecraft-Mods\AnvilCraft\src\main\java\dev\dubhe\anvilcraft\client\support\RenderSupport.java:491: 错误: 找不到符号
                    return RenderType.entityTranslucentCull(text.get());
                           ^
  符号:   变量 RenderType
  位置: 类 RenderSupport
D:\Minecraft-Mods\AnvilCraft\src\main\java\dev\dubhe\anvilcraft\client\support\RenderSupport.java:500: 错误: 找不到符号
            new SheetedDecalTextureGenerator(bufferSource.getBuffer(RenderType.glint()), pose, 0.0078125F),
                                                                    ^
  符号:   变量 RenderType
  位置: 类 RenderSupport
D:\Minecraft-Mods\AnvilCraft\src\main\java\dev\dubhe\anvilcraft\client\support\RenderSupport.java:509: 错误: 找不到符号
                    source.getBuffer(RenderType.glintTranslucent()),
                                     ^
  符号:   变量 RenderType
  位置: 类 RenderSupport
D:\Minecraft-Mods\AnvilCraft\src\main\java\dev\dubhe\anvilcraft\client\support\RenderSupport.java:512: 错误: 找不到符号
                    source.getBuffer(isItem ? RenderType.glint() : RenderType.entityGlint()),
                                              ^
  符号:   变量 RenderType
  位置: 类 RenderSupport
D:\Minecraft-Mods\AnvilCraft\src\main\java\dev\dubhe\anvilcraft\client\support\RenderSupport.java:512: 错误: 找不到符号
                    source.getBuffer(isItem ? RenderType.glint() : RenderType.entityGlint()),
                                                                   ^
  符号:   变量 RenderType
  位置: 类 RenderSupport
D:\Minecraft-Mods\AnvilCraft\src\main\java\dev\dubhe\anvilcraft\client\support\RenderSupport.java:522: 错误: 找不到符号
                source.getBuffer(noEntity ? RenderType.glint() : RenderType.entityGlintDirect()),
                                            ^
  符号:   变量 RenderType
  位置: 类 RenderSupport
D:\Minecraft-Mods\AnvilCraft\src\main\java\dev\dubhe\anvilcraft\client\support\RenderSupport.java:522: 错误: 找不到符号
                source.getBuffer(noEntity ? RenderType.glint() : RenderType.entityGlintDirect()),
                                                                 ^
  符号:   变量 RenderType
  位置: 类 RenderSupport
D:\Minecraft-Mods\AnvilCraft\src\main\java\dev\dubhe\anvilcraft\client\support\RenderSupport.java:580: 错误: 找不到符号
        for (BakedQuad bakedquad : quads) {
             ^
  符号:   类 BakedQuad
  位置: 类 RenderSupport
D:\Minecraft-Mods\AnvilCraft\src\main\java\dev\dubhe\anvilcraft\client\support\RenderSupport.java:586: 错误: 程序包FastColor不存在
            float f1 = (float) FastColor.ARGB32.red(i) / 255.0F;
                                        ^
D:\Minecraft-Mods\AnvilCraft\src\main\java\dev\dubhe\anvilcraft\client\support\RenderSupport.java:587: 错误: 程序包FastColor不存在
            float f2 = (float) FastColor.ARGB32.green(i) / 255.0F;
                                        ^
D:\Minecraft-Mods\AnvilCraft\src\main\java\dev\dubhe\anvilcraft\client\support\RenderSupport.java:588: 错误: 程序包FastColor不存在
            float f3 = (float) FastColor.ARGB32.blue(i) / 255.0F;
                                        ^
D:\Minecraft-Mods\AnvilCraft\src\main\java\dev\dubhe\anvilcraft\client\support\RenderSupport.java:599: 错误: 找不到符号
        return Minecraft.getInstance().getTimer().getGameTimeDeltaPartialTick(Minecraft.getInstance().isPaused());
                                      ^
  符号:   方法 getTimer()
  位置: 类 Minecraft
D:\Minecraft-Mods\AnvilCraft\src\main\java\dev\dubhe\anvilcraft\util\LevelLike.java:67: 错误: 方法不会覆盖或实现超类型的方法
    @Override
    ^
D:\Minecraft-Mods\AnvilCraft\src\main\java\dev\dubhe\anvilcraft\util\LevelLike.java:92: 错误: 方法不会覆盖或实现超类型的方法
    @Override
    ^
D:\Minecraft-Mods\AnvilCraft\src\main\java\dev\dubhe\anvilcraft\util\LevelLike.java:97: 错误: 方法不会覆盖或实现超类型的方法
    @Override
    ^
D:\Minecraft-Mods\AnvilCraft\src\main\java\dev\dubhe\anvilcraft\util\LevelLike.java:99: 错误: 找不到符号
        boolean flag = parent.effects().constantAmbientLight();
                             ^
  符号:   方法 effects()
  位置: 类型为ClientLevel的变量 parent
D:\Minecraft-Mods\AnvilCraft\src\main\java\dev\dubhe\anvilcraft\util\LevelLike.java:112: 错误: 方法不会覆盖或实现超类型的方法
    @Override
    ^
D:\Minecraft-Mods\AnvilCraft\src\main\java\dev\dubhe\anvilcraft\util\LevelLike.java:117: 错误: 方法不会覆盖或实现超类型的方法
    @Override
    ^
D:\Minecraft-Mods\AnvilCraft\src\main\java\dev\dubhe\anvilcraft\util\LevelLike.java:119: 错误: 找不到符号
        var plains = parent.registryAccess().registryOrThrow(Registries.BIOME).getOrThrow(Biomes.PLAINS);
                                            ^
  符号:   方法 registryOrThrow(ResourceKey<Registry<Biome>>)
  位置: 接口 RegistryAccess
D:\Minecraft-Mods\AnvilCraft\src\main\java\dev\dubhe\anvilcraft\util\LevelLike.java:123: 错误: 方法不会覆盖或实现超类型的方法
    @Override
    ^
D:\Minecraft-Mods\AnvilCraft\src\main\java\dev\dubhe\anvilcraft\util\LevelLike.java:128: 错误: 方法不会覆盖或实现超类型的方法
    @Override
    ^
D:\Minecraft-Mods\AnvilCraft\src\main\java\dev\dubhe\anvilcraft\util\LevelLike.java:133: 错误: 方法不会覆盖或实现超类型的方法
    @Override
    ^
D:\Minecraft-Mods\AnvilCraft\src\main\java\dev\dubhe\anvilcraft\util\LevelLike.java:138: 错误: 方法不会覆盖或实现超类型的方法
    @Override
    ^
D:\Minecraft-Mods\AnvilCraft\src\main\java\dev\dubhe\anvilcraft\command\MultiBlockCommand.java:47: 错误: HoverEvent是抽象的; 无法实例化
            )).withHoverEvent(new HoverEvent(
                              ^
D:\Minecraft-Mods\AnvilCraft\src\main\java\dev\dubhe\anvilcraft\command\MultiBlockCommand.java:44: 错误: ClickEvent是抽象的; 无法实例化
            ).withStyle((style) -> style.withClickEvent(new ClickEvent(
                                                        ^
D:\Minecraft-Mods\AnvilCraft\src\main\java\dev\dubhe\anvilcraft\command\MultiphaseCommand.java:115: 错误: HoverEvent是抽象的; 无法实例化
                                .withHoverEvent(new HoverEvent(
                                                ^
D:\Minecraft-Mods\AnvilCraft\src\main\java\dev\dubhe\anvilcraft\command\MultiphaseCommand.java:114: 错误: ClickEvent是抽象的; 无法实例化
                                .withClickEvent(new ClickEvent(ClickEvent.Action.SUGGEST_COMMAND, command))
                                                ^
D:\Minecraft-Mods\AnvilCraft\src\main\java\dev\dubhe\anvilcraft\command\PowergridCommand.java:44: 错误: 找不到符号
                            "command.anvilcraft.powergrid.info.total_generate", p.getGrid().getGenerate()
                                                                                           ^
  符号:   方法 getGenerate()
  位置: 类 PowerGrid
D:\Minecraft-Mods\AnvilCraft\src\main\java\dev\dubhe\anvilcraft\command\PowergridCommand.java:48: 错误: 找不到符号
                                "command.anvilcraft.powergrid.info.total_consume", p.getGrid().getConsume())
                                                                                              ^
  符号:   方法 getConsume()
  位置: 类 PowerGrid
D:\Minecraft-Mods\AnvilCraft\src\main\java\dev\dubhe\anvilcraft\command\PowergridCommand.java:53: 错误: 找不到符号
                    p.getGrid().getComponents().stream()
                               ^
  符号:   方法 getComponents()
  位置: 类 PowerGrid
D:\Minecraft-Mods\AnvilCraft\src\main\java\dev\dubhe\anvilcraft\command\PowergridCommand.java:58: 错误: 找不到符号
                    p.getGrid().getDynamicComponents().stream()
                               ^
  符号:   方法 getDynamicComponents()
  位置: 类 PowerGrid
D:\Minecraft-Mods\AnvilCraft\src\main\java\dev\dubhe\anvilcraft\data\AnvilCraftDatagen.java:48: 错误: 找不到符号
        AnvilCraft.getINTEGRATION_MANAGER().loadAllClientDataIntegrations();
                  ^
  符号:   方法 getINTEGRATION_MANAGER()
  位置: 类 AnvilCraft
D:\Minecraft-Mods\AnvilCraft\src\main\java\dev\dubhe\anvilcraft\data\AnvilCraftDatagen.java:62: 错误: 找不到符号
        AnvilCraft.getINTEGRATION_MANAGER().loadAllServerDataIntegrations();
                  ^
  符号:   方法 getINTEGRATION_MANAGER()
  位置: 类 AnvilCraft
D:\Minecraft-Mods\AnvilCraft\src\main\java\dev\dubhe\anvilcraft\data\provider\loot\BeheadingLootSubProvider.java:134: 错误: 找不到符号
                DataComponentPredicate.builder().expect(ModComponents.MERCILESS, Merciless.DEFAULT)
                ^
  符号:   变量 DataComponentPredicate
  位置: 类 BeheadingLootSubProvider
D:\Minecraft-Mods\AnvilCraft\src\main\java\dev\dubhe\anvilcraft\data\provider\loot\BeheadingLootSubProvider.java:150: 错误: 找不到符号
                DataComponentPredicate.builder().expect(ModComponents.MERCILESS, Merciless.DEFAULT)
                ^
  符号:   变量 DataComponentPredicate
  位置: 类 BeheadingLootSubProvider
D:\Minecraft-Mods\AnvilCraft\src\main\java\dev\dubhe\anvilcraft\data\provider\loot\CrabTrapLootSubProvider.java:48: 错误: 程序包LocationPredicate不存在
                    .when(LocationCheck.checkLocation(LocationPredicate.Builder.location()
                                                                       ^
D:\Minecraft-Mods\AnvilCraft\src\main\java\dev\dubhe\anvilcraft\data\provider\loot\CrabTrapLootSubProvider.java:63: 错误: 程序包LocationPredicate不存在
                    .when(LocationCheck.checkLocation(LocationPredicate.Builder.location()
                                                                       ^
D:\Minecraft-Mods\AnvilCraft\src\main\java\dev\dubhe\anvilcraft\data\provider\loot\CrabTrapLootSubProvider.java:81: 错误: 程序包LocationPredicate不存在
                    .when(LocationCheck.checkLocation(LocationPredicate.Builder.location()
                                                                       ^
D:\Minecraft-Mods\AnvilCraft\src\main\java\dev\dubhe\anvilcraft\data\provider\loot\CrabTrapLootSubProvider.java:94: 错误: 程序包LocationPredicate不存在
                    .when(LocationCheck.checkLocation(LocationPredicate.Builder.location()
                                                                       ^
D:\Minecraft-Mods\AnvilCraft\src\main\java\dev\dubhe\anvilcraft\data\provider\loot\CrabTrapLootSubProvider.java:107: 错误: 程序包LocationPredicate不存在
                    .when(LocationCheck.checkLocation(LocationPredicate.Builder.location()
                                                                       ^
D:\Minecraft-Mods\AnvilCraft\src\main\java\dev\dubhe\anvilcraft\data\recipe\DeformationRecipeLoader.java:129: 错误: 不兼容的类型: Optional<Reference<Item>>无法转换为Item
            Item input = BuiltInRegistries.ITEM.get(id.withSuffix("_" + base));
                                                   ^
D:\Minecraft-Mods\AnvilCraft\src\main\java\dev\dubhe\anvilcraft\data\recipe\EnergyWeaponMakeRecipeLoader.java:13: 错误: 找不到符号
            .result(ModItems.SPECTRAL_WEAPON_LAUNCHER.asStack())
            ^
  符号:   方法 result(ItemStack)
  位置: 类 Builder
D:\Minecraft-Mods\AnvilCraft\src\main\java\dev\dubhe\anvilcraft\data\recipe\EnergyWeaponMakeRecipeLoader.java:18: 错误: 找不到符号
            .result(ModItems.ANVIL_RAILGUN.asStack())
            ^
  符号:   方法 result(ItemStack)
  位置: 类 Builder
D:\Minecraft-Mods\AnvilCraft\src\main\java\dev\dubhe\anvilcraft\data\recipe\ItemCompressRecipeLoader.java:36: 错误: 对于result(ItemStack), 找不到合适的方法
            .result(new ItemStack(Items.BONE_BLOCK))
            ^
    方法 AbstractBuilder.result(ItemStackTemplate)不适用
      (参数不匹配; ItemStack无法转换为ItemStackTemplate)
    方法 AbstractBuilder.result(ItemLike)不适用
      (参数不匹配; ItemStack无法转换为ItemLike)
D:\Minecraft-Mods\AnvilCraft\src\main\java\dev\dubhe\anvilcraft\data\recipe\JewelCraftingRecipeLoader.java:18: 错误: 找不到符号
            .result(new ItemStack(Items.ENCHANTED_GOLDEN_APPLE))
            ^
  符号:   方法 result(ItemStack)
  位置: 类 Builder
D:\Minecraft-Mods\AnvilCraft\src\main\java\dev\dubhe\anvilcraft\data\recipe\JewelCraftingRecipeLoader.java:25: 错误: 找不到符号
            .result(new ItemStack(Items.TOTEM_OF_UNDYING))
            ^
  符号:   方法 result(ItemStack)
  位置: 类 Builder
D:\Minecraft-Mods\AnvilCraft\src\main\java\dev\dubhe\anvilcraft\data\recipe\JewelCraftingRecipeLoader.java:33: 错误: 找不到符号
            .result(new ItemStack(Items.ELYTRA))
            ^
  符号:   方法 result(ItemStack)
  位置: 类 Builder
D:\Minecraft-Mods\AnvilCraft\src\main\java\dev\dubhe\anvilcraft\data\recipe\JewelCraftingRecipeLoader.java:39: 错误: 找不到符号
            .result(new ItemStack(Items.TRIAL_KEY))
            ^
  符号:   方法 result(ItemStack)
  位置: 类 Builder
D:\Minecraft-Mods\AnvilCraft\src\main\java\dev\dubhe\anvilcraft\data\recipe\JewelCraftingRecipeLoader.java:46: 错误: 找不到符号
            .result(new ItemStack(Items.OMINOUS_TRIAL_KEY))
            ^
  符号:   方法 result(ItemStack)
  位置: 类 Builder
D:\Minecraft-Mods\AnvilCraft\src\main\java\dev\dubhe\anvilcraft\data\recipe\JewelCraftingRecipeLoader.java:53: 错误: 找不到符号
            .result(Items.OMINOUS_BOTTLE.getDefaultInstance())
            ^
  符号:   方法 result(ItemStack)
  位置: 类 Builder
D:\Minecraft-Mods\AnvilCraft\src\main\java\dev\dubhe\anvilcraft\data\recipe\JewelCraftingRecipeLoader.java:60: 错误: 找不到符号
            .result(new ItemStack(Items.HEAVY_CORE))
            ^
  符号:   方法 result(ItemStack)
  位置: 类 Builder
D:\Minecraft-Mods\AnvilCraft\src\main\java\dev\dubhe\anvilcraft\data\recipe\MineralFountainRecipeLoader.java:29: 错误: 找不到符号
            .dimension(Level.OVERWORLD.identifier())
            ^
  符号:   方法 dimension(Identifier)
  位置: 类 Builder
D:\Minecraft-Mods\AnvilCraft\src\main\java\dev\dubhe\anvilcraft\data\recipe\MineralFountainRecipeLoader.java:35: 错误: 找不到符号
            .dimension(Level.OVERWORLD.identifier())
            ^
  符号:   方法 dimension(Identifier)
  位置: 类 Builder
D:\Minecraft-Mods\AnvilCraft\src\main\java\dev\dubhe\anvilcraft\data\recipe\MineralFountainRecipeLoader.java:41: 错误: 找不到符号
            .dimension(Level.NETHER.identifier())
            ^
  符号:   方法 dimension(Identifier)
  位置: 类 Builder
D:\Minecraft-Mods\AnvilCraft\src\main\java\dev\dubhe\anvilcraft\data\recipe\MineralFountainRecipeLoader.java:47: 错误: 找不到符号
            .dimension(Level.END.identifier())
            ^
  符号:   方法 dimension(Identifier)
  位置: 类 Builder
D:\Minecraft-Mods\AnvilCraft\src\main\java\dev\dubhe\anvilcraft\data\recipe\PermutationRecipeLoader.java:126: 错误: 不兼容的类型: Optional<Reference<Item>>无法转换为Item
            Item inputA = BuiltInRegistries.ITEM.get(idA.withSuffix("_" + base));
                                                    ^
D:\Minecraft-Mods\AnvilCraft\src\main\java\dev\dubhe\anvilcraft\data\recipe\PermutationRecipeLoader.java:127: 错误: 不兼容的类型: Optional<Reference<Item>>无法转换为Item
            Item inputB = BuiltInRegistries.ITEM.get(idB.withSuffix("_" + base));
                                                    ^
D:\Minecraft-Mods\AnvilCraft\src\main\java\dev\dubhe\anvilcraft\data\recipe\PermutationRecipeLoader.java:145: 错误: 不兼容的类型: Optional<Reference<Item>>无法转换为Item
            Item inputA = BuiltInRegistries.ITEM.get(idA.withSuffix("_" + base));
                                                    ^
D:\Minecraft-Mods\AnvilCraft\src\main\java\dev\dubhe\anvilcraft\data\recipe\PermutationRecipeLoader.java:146: 错误: 不兼容的类型: Optional<Reference<Item>>无法转换为Item
            Item inputB = BuiltInRegistries.ITEM.get(idB.withSuffix("_" + base));
                                                    ^
D:\Minecraft-Mods\AnvilCraft\src\main\java\dev\dubhe\anvilcraft\recipe\frost\PermutationRecipe.java:18: 错误: PermutationRecipe不是抽象的, 并且未覆盖Recipe中的抽象方法recipeBookCategory()
public record PermutationRecipe(
       ^
D:\Minecraft-Mods\AnvilCraft\src\main\java\dev\dubhe\anvilcraft\recipe\frost\PermutationRecipe.java:45: 错误: PermutationRecipe中的getType()无法实现Recipe中的getType()
    public RecipeType<?> getType() {
                         ^
  返回类型RecipeType<?>与RecipeType<? extends Recipe<FrostSmithingRecipeInput>>不兼容
  其中, T是类型变量:
    T扩展已在接口 Recipe中声明的RecipeInput
D:\Minecraft-Mods\AnvilCraft\src\main\java\dev\dubhe\anvilcraft\recipe\frost\PermutationRecipe.java:40: 错误: PermutationRecipe中的getSerializer()无法实现Recipe中的getSerializer()
    public RecipeSerializer<?> getSerializer() {
                               ^
  返回类型RecipeSerializer<?>与RecipeSerializer<? extends Recipe<FrostSmithingRecipeInput>>不兼容
  其中, T是类型变量:
    T扩展已在接口 Recipe中声明的RecipeInput
D:\Minecraft-Mods\AnvilCraft\src\main\java\dev\dubhe\anvilcraft\recipe\frost\PermutationRecipe.java:39: 错误: 方法不会覆盖或实现超类型的方法
    @Override
    ^
D:\Minecraft-Mods\AnvilCraft\src\main\java\dev\dubhe\anvilcraft\recipe\frost\PermutationRecipe.java:41: 错误: 找不到符号
        return ModRecipeTypes.PERMUTATION_SERIALIZER.get();
                             ^
  符号:   变量 PERMUTATION_SERIALIZER
  位置: 类 ModRecipeTypes
D:\Minecraft-Mods\AnvilCraft\src\main\java\dev\dubhe\anvilcraft\recipe\frost\PermutationRecipe.java:44: 错误: 方法不会覆盖或实现超类型的方法
    @Override
    ^
D:\Minecraft-Mods\AnvilCraft\src\main\java\dev\dubhe\anvilcraft\recipe\frost\PermutationRecipe.java:72: 错误: 方法不会覆盖或实现超类型的方法
        @Override
        ^
D:\Minecraft-Mods\AnvilCraft\src\main\java\dev\dubhe\anvilcraft\recipe\frost\PermutationRecipe.java:77: 错误: 方法不会覆盖或实现超类型的方法
        @Override
        ^
D:\Minecraft-Mods\AnvilCraft\src\main\java\dev\dubhe\anvilcraft\recipe\frost\PermutationRecipe.java:83: 错误: Builder不是抽象的, 并且未覆盖AbstractRecipeBuilder中的抽象方法getResult()
    public static class Builder extends BaseBuilder<Builder, PermutationRecipe> {
                  ^
D:\Minecraft-Mods\AnvilCraft\src\main\java\dev\dubhe\anvilcraft\data\recipe\RegistrumItemRecipeLoader.java:618: 错误: 找不到符号
                .result(new ItemStack(ctx.get()));
                ^
  符号:   方法 result(ItemStack)
  位置: 类 Builder
D:\Minecraft-Mods\AnvilCraft\src\main\java\dev\dubhe\anvilcraft\data\recipe\TimeWarpRecipeLoader.java:204: 错误: 对于result(ItemStack), 找不到合适的方法
            .result(ModItems.RAW_LEAD.asStack())
            ^
    方法 AbstractBuilder.result(ItemStackTemplate)不适用
      (参数不匹配; ItemStack无法转换为ItemStackTemplate)
    方法 AbstractBuilder.result(ItemLike)不适用
      (参数不匹配; ItemStack无法转换为ItemLike)
D:\Minecraft-Mods\AnvilCraft\src\main\java\dev\dubhe\anvilcraft\data\recipe\TimeWarpRecipeLoader.java:210: 错误: 对于result(ItemStack), 找不到合适的方法
            .result(ModItems.RAW_LEAD.asStack())
            ^
    方法 AbstractBuilder.result(ItemStackTemplate)不适用
      (参数不匹配; ItemStack无法转换为ItemStackTemplate)
    方法 AbstractBuilder.result(ItemLike)不适用
      (参数不匹配; ItemStack无法转换为ItemLike)
D:\Minecraft-Mods\AnvilCraft\src\main\java\dev\dubhe\anvilcraft\data\tags\BlockTagLoader.java:26: 错误: 找不到符号
        provider.addTag(ModBlockTags.REDSTONE_TORCH)
                ^
  符号:   方法 addTag(TagKey<Block>)
  位置: 类型为RegistrumTagsProvider<Block>的变量 provider
D:\Minecraft-Mods\AnvilCraft\src\main\java\dev\dubhe\anvilcraft\data\tags\BlockTagLoader.java:30: 错误: 找不到符号
        provider.addTag(ModBlockTags.MUSHROOM_BLOCK)
                ^
  符号:   方法 addTag(TagKey<Block>)
  位置: 类型为RegistrumTagsProvider<Block>的变量 provider
D:\Minecraft-Mods\AnvilCraft\src\main\java\dev\dubhe\anvilcraft\data\tags\BlockTagLoader.java:35: 错误: 找不到符号
        provider.addTag(ModBlockTags.HAMMER_CHANGEABLE)
                ^
  符号:   方法 addTag(TagKey<Block>)
  位置: 类型为RegistrumTagsProvider<Block>的变量 provider
D:\Minecraft-Mods\AnvilCraft\src\main\java\dev\dubhe\anvilcraft\data\tags\BlockTagLoader.java:43: 错误: 找不到符号
        provider.addTag(ModBlockTags.HAMMER_REMOVABLE)
                ^
  符号:   方法 addTag(TagKey<Block>)
  位置: 类型为RegistrumTagsProvider<Block>的变量 provider
D:\Minecraft-Mods\AnvilCraft\src\main\java\dev\dubhe\anvilcraft\data\tags\BlockTagLoader.java:110: 错误: 找不到符号
        provider.addTag(ModBlockTags.UNDER_CAULDRON)
                ^
  符号:   方法 addTag(TagKey<Block>)
  位置: 类型为RegistrumTagsProvider<Block>的变量 provider
D:\Minecraft-Mods\AnvilCraft\src\main\java\dev\dubhe\anvilcraft\data\tags\BlockTagLoader.java:116: 错误: 找不到符号
        provider.addTag(ModBlockTags.BLOCK_DEVOURER_CHAIN_DEVOURING)
                ^
  符号:   方法 addTag(TagKey<Block>)
  位置: 类型为RegistrumTagsProvider<Block>的变量 provider
D:\Minecraft-Mods\AnvilCraft\src\main\java\dev\dubhe\anvilcraft\data\tags\BlockTagLoader.java:120: 错误: 找不到符号
        provider.addTag(ModBlockTags.BLOCK_DEVOURER_PROBABILITY_DROPPING)
                ^
  符号:   方法 addTag(TagKey<Block>)
  位置: 类型为RegistrumTagsProvider<Block>的变量 provider
D:\Minecraft-Mods\AnvilCraft\src\main\java\dev\dubhe\anvilcraft\data\tags\BlockTagLoader.java:132: 错误: 找不到符号
        provider.addTag(ModBlockTags.LASER_CAN_PASS_THROUGH)
                ^
  符号:   方法 addTag(TagKey<Block>)
  位置: 类型为RegistrumTagsProvider<Block>的变量 provider
D:\Minecraft-Mods\AnvilCraft\src\main\java\dev\dubhe\anvilcraft\data\tags\BlockTagLoader.java:137: 错误: 找不到符号
        provider.addTag(ModBlockTags.END_PORTAL_UNABLE_CHANGE).add(findResourceKey(Blocks.DRAGON_EGG));
                ^
  符号:   方法 addTag(TagKey<Block>)
  位置: 类型为RegistrumTagsProvider<Block>的变量 provider
D:\Minecraft-Mods\AnvilCraft\src\main\java\dev\dubhe\anvilcraft\data\tags\BlockTagLoader.java:139: 错误: 找不到符号
        provider.addTag(ModBlockTags.NEUTRONIUM_CANNOT_PASS_THROUGH)
                ^
  符号:   方法 addTag(TagKey<Block>)
  位置: 类型为RegistrumTagsProvider<Block>的变量 provider
D:\Minecraft-Mods\AnvilCraft\src\main\java\dev\dubhe\anvilcraft\data\tags\BlockTagLoader.java:151: 错误: 找不到符号
        provider.addTag(ModBlockTags.VOID_DECAY_PRODUCTS)
                ^
  符号:   方法 addTag(TagKey<Block>)
  位置: 类型为RegistrumTagsProvider<Block>的变量 provider
D:\Minecraft-Mods\AnvilCraft\src\main\java\dev\dubhe\anvilcraft\data\tags\BlockTagLoader.java:198: 错误: 找不到符号
        provider.addTag(ModBlockTags.CRAFTING_MATRIX_ELEMENT)
                ^
  符号:   方法 addTag(TagKey<Block>)
  位置: 类型为RegistrumTagsProvider<Block>的变量 provider
D:\Minecraft-Mods\AnvilCraft\src\main\java\dev\dubhe\anvilcraft\data\tags\BlockTagLoader.java:203: 错误: 找不到符号
        provider.addTag(ModBlockTags.MEKANISM_CARDBOARD_BOX_BLACKLIST)
                ^
  符号:   方法 addTag(TagKey<Block>)
  位置: 类型为RegistrumTagsProvider<Block>的变量 provider
D:\Minecraft-Mods\AnvilCraft\src\main\java\dev\dubhe\anvilcraft\data\tags\BlockTagLoader.java:212: 错误: 找不到符号
        provider.addTag(ModBlockTags.ANVIL_HAMMER_BLACKLIST)
                ^
  符号:   方法 addTag(TagKey<Block>)
  位置: 类型为RegistrumTagsProvider<Block>的变量 provider
D:\Minecraft-Mods\AnvilCraft\src\main\java\dev\dubhe\anvilcraft\data\tags\BlockTagLoader.java:224: 错误: 找不到符号
        provider.addTag(ModBlockTags.DEVOUR_BLACKLIST)
                ^
  符号:   方法 addTag(TagKey<Block>)
  位置: 类型为RegistrumTagsProvider<Block>的变量 provider
D:\Minecraft-Mods\AnvilCraft\src\main\java\dev\dubhe\anvilcraft\data\tags\BlockTagLoader.java:228: 错误: 找不到符号
        provider.addTag(ModBlockTags.FELLING_APPLICABLE)
                ^
  符号:   方法 addTag(TagKey<Block>)
  位置: 类型为RegistrumTagsProvider<Block>的变量 provider
D:\Minecraft-Mods\AnvilCraft\src\main\java\dev\dubhe\anvilcraft\data\tags\BlockTagLoader.java:245: 错误: 找不到符号
        provider.addTag(ModBlockTags.CLEANING_APPLICABLE)
                ^
  符号:   方法 addTag(TagKey<Block>)
  位置: 类型为RegistrumTagsProvider<Block>的变量 provider
D:\Minecraft-Mods\AnvilCraft\src\main\java\dev\dubhe\anvilcraft\data\tags\BlockTagLoader.java:274: 错误: 找不到符号
        provider.addTag(ModBlockTags.SPECTRAL_CAN_THROUGH)
                ^
  符号:   方法 addTag(TagKey<Block>)
  位置: 类型为RegistrumTagsProvider<Block>的变量 provider
D:\Minecraft-Mods\AnvilCraft\src\main\java\dev\dubhe\anvilcraft\data\tags\BlockTagLoader.java:282: 错误: 找不到符号
        provider.addTag(ModBlockTags.HEATABLE_BLOCKS)
                ^
  符号:   方法 addTag(TagKey<Block>)
  位置: 类型为RegistrumTagsProvider<Block>的变量 provider
D:\Minecraft-Mods\AnvilCraft\src\main\java\dev\dubhe\anvilcraft\data\tags\BlockTagLoader.java:286: 错误: 找不到符号
        provider.addTag(ModBlockTags.STICKABLE_WITH_SLIDING_RAILS)
                ^
  符号:   方法 addTag(TagKey<Block>)
  位置: 类型为RegistrumTagsProvider<Block>的变量 provider
D:\Minecraft-Mods\AnvilCraft\src\main\java\dev\dubhe\anvilcraft\data\tags\BlockTagLoader.java:290: 错误: 找不到符号
        provider.addTag(ModBlockTags.OVERHEATABLE)
                ^
  符号:   方法 addTag(TagKey<Block>)
  位置: 类型为RegistrumTagsProvider<Block>的变量 provider
D:\Minecraft-Mods\AnvilCraft\src\main\java\dev\dubhe\anvilcraft\data\tags\BlockTagLoader.java:300: 错误: 找不到符号
        provider.addTag(ModBlockTags.ANVIL_TIER_0)
                ^
  符号:   方法 addTag(TagKey<Block>)
  位置: 类型为RegistrumTagsProvider<Block>的变量 provider
D:\Minecraft-Mods\AnvilCraft\src\main\java\dev\dubhe\anvilcraft\data\tags\BlockTagLoader.java:308: 错误: 找不到符号
        provider.addTag(ModBlockTags.ANVIL_TIER_1)
                ^
  符号:   方法 addTag(TagKey<Block>)
  位置: 类型为RegistrumTagsProvider<Block>的变量 provider
D:\Minecraft-Mods\AnvilCraft\src\main\java\dev\dubhe\anvilcraft\data\tags\BlockTagLoader.java:313: 错误: 找不到符号
        provider.addTag(ModBlockTags.ANVIL_TIER_2)
                ^
  符号:   方法 addTag(TagKey<Block>)
  位置: 类型为RegistrumTagsProvider<Block>的变量 provider
D:\Minecraft-Mods\AnvilCraft\src\main\java\dev\dubhe\anvilcraft\data\tags\BlockTagLoader.java:317: 错误: 找不到符号
        provider.addTag(ModBlockTags.ANVIL_TIER_3)
                ^
  符号:   方法 addTag(TagKey<Block>)
  位置: 类型为RegistrumTagsProvider<Block>的变量 provider
D:\Minecraft-Mods\AnvilCraft\src\main\java\dev\dubhe\anvilcraft\data\tags\BlockTagLoader.java:320: 错误: 找不到符号
        provider.addTag(ModBlockTags.NEEDS_NETHERITE_TOOL);
                ^
  符号:   方法 addTag(TagKey<Block>)
  位置: 类型为RegistrumTagsProvider<Block>的变量 provider
D:\Minecraft-Mods\AnvilCraft\src\main\java\dev\dubhe\anvilcraft\data\tags\BlockTagLoader.java:321: 错误: 找不到符号
        provider.addTag(ModBlockTags.NEEDS_EMBER_TOOL);
                ^
  符号:   方法 addTag(TagKey<Block>)
  位置: 类型为RegistrumTagsProvider<Block>的变量 provider
D:\Minecraft-Mods\AnvilCraft\src\main\java\dev\dubhe\anvilcraft\data\tags\BlockTagLoader.java:322: 错误: 找不到符号
        provider.addTag(ModBlockTags.NEEDS_TRANSCENDIUM_TOOL);
                ^
  符号:   方法 addTag(TagKey<Block>)
  位置: 类型为RegistrumTagsProvider<Block>的变量 provider
D:\Minecraft-Mods\AnvilCraft\src\main\java\dev\dubhe\anvilcraft\data\tags\BlockTagLoader.java:324: 错误: 找不到符号
        provider.addTag(BlockTags.INCORRECT_FOR_WOODEN_TOOL)
                ^
  符号:   方法 addTag(TagKey<Block>)
  位置: 类型为RegistrumTagsProvider<Block>的变量 provider
D:\Minecraft-Mods\AnvilCraft\src\main\java\dev\dubhe\anvilcraft\data\tags\BlockTagLoader.java:329: 错误: 找不到符号
        provider.addTag(BlockTags.INCORRECT_FOR_STONE_TOOL)
                ^
  符号:   方法 addTag(TagKey<Block>)
  位置: 类型为RegistrumTagsProvider<Block>的变量 provider
D:\Minecraft-Mods\AnvilCraft\src\main\java\dev\dubhe\anvilcraft\data\tags\BlockTagLoader.java:334: 错误: 找不到符号
        provider.addTag(BlockTags.INCORRECT_FOR_IRON_TOOL)
                ^
  符号:   方法 addTag(TagKey<Block>)
  位置: 类型为RegistrumTagsProvider<Block>的变量 provider
D:\Minecraft-Mods\AnvilCraft\src\main\java\dev\dubhe\anvilcraft\data\tags\BlockTagLoader.java:339: 错误: 找不到符号
        provider.addTag(BlockTags.INCORRECT_FOR_GOLD_TOOL)
                ^
  符号:   方法 addTag(TagKey<Block>)
  位置: 类型为RegistrumTagsProvider<Block>的变量 provider
D:\Minecraft-Mods\AnvilCraft\src\main\java\dev\dubhe\anvilcraft\data\tags\BlockTagLoader.java:344: 错误: 找不到符号
        provider.addTag(BlockTags.INCORRECT_FOR_DIAMOND_TOOL)
                ^
  符号:   方法 addTag(TagKey<Block>)
  位置: 类型为RegistrumTagsProvider<Block>的变量 provider
D:\Minecraft-Mods\AnvilCraft\src\main\java\dev\dubhe\anvilcraft\data\tags\BlockTagLoader.java:349: 错误: 找不到符号
        provider.addTag(BlockTags.INCORRECT_FOR_NETHERITE_TOOL)
                ^
  符号:   方法 addTag(TagKey<Block>)
  位置: 类型为RegistrumTagsProvider<Block>的变量 provider
D:\Minecraft-Mods\AnvilCraft\src\main\java\dev\dubhe\anvilcraft\data\tags\BlockTagLoader.java:353: 错误: 找不到符号
        provider.addTag(ModBlockTags.INCORRECT_FOR_EMBER_TOOL)
                ^
  符号:   方法 addTag(TagKey<Block>)
  位置: 类型为RegistrumTagsProvider<Block>的变量 provider
D:\Minecraft-Mods\AnvilCraft\src\main\java\dev\dubhe\anvilcraft\data\tags\BlockTagLoader.java:356: 错误: 找不到符号
        provider.addTag(ModBlockTags.INCORRECT_FOR_TRANSCENDIUM_TOOL);
                ^
  符号:   方法 addTag(TagKey<Block>)
  位置: 类型为RegistrumTagsProvider<Block>的变量 provider
D:\Minecraft-Mods\AnvilCraft\src\main\java\dev\dubhe\anvilcraft\data\tags\EnchantmentTagLoader.java:17: 错误: 找不到符号
        provider.addTag(Tags.Enchantments.INCREASE_BLOCK_DROPS)
                ^
  符号:   方法 addTag(TagKey<Enchantment>)
  位置: 类型为RegistrumTagsProvider<Enchantment>的变量 provider
D:\Minecraft-Mods\AnvilCraft\src\main\java\dev\dubhe\anvilcraft\data\tags\EnchantmentTagLoader.java:18: 错误: 找不到符号
            .addOptional(ModEnchantments.HARVEST_KEY.location());
                                                    ^
  符号:   方法 location()
  位置: 类型为ResourceKey<Enchantment>的变量 HARVEST_KEY
D:\Minecraft-Mods\AnvilCraft\src\main\java\dev\dubhe\anvilcraft\data\tags\EnchantmentTagLoader.java:20: 错误: 找不到符号
        provider.addTag(ModEnchantmentTags.DISABLED_PASSED)
                ^
  符号:   方法 addTag(TagKey<Enchantment>)
  位置: 类型为RegistrumTagsProvider<Enchantment>的变量 provider
D:\Minecraft-Mods\AnvilCraft\src\main\java\dev\dubhe\anvilcraft\data\tags\EnchantmentTagLoader.java:23: 错误: 找不到符号
        provider.addTag(ModEnchantmentTags.PROVIDENCE_BONUS)
                ^
  符号:   方法 addTag(TagKey<Enchantment>)
  位置: 类型为RegistrumTagsProvider<Enchantment>的变量 provider
D:\Minecraft-Mods\AnvilCraft\src\main\java\dev\dubhe\anvilcraft\data\tags\EnchantmentTagLoader.java:26: 错误: 找不到符号
            .addOptional(ModEnchantments.BEHEADING_KEY.location())
                                                      ^
  符号:   方法 location()
  位置: 类型为ResourceKey<Enchantment>的变量 BEHEADING_KEY
D:\Minecraft-Mods\AnvilCraft\src\main\java\dev\dubhe\anvilcraft\data\tags\EnchantmentTagLoader.java:29: 错误: 找不到符号
            .addOptional(ModEnchantments.DISINTEGRATION_KEY.location());
                                                           ^
  符号:   方法 location()
  位置: 类型为ResourceKey<Enchantment>的变量 DISINTEGRATION_KEY
D:\Minecraft-Mods\AnvilCraft\src\main\java\dev\dubhe\anvilcraft\data\tags\EntityTypeTagLoader.java:21: 错误: 找不到符号
        provider.addTag(ModEntityTypeTags.AMULET_VALID)
                ^
  符号:   方法 addTag(TagKey<EntityType<?>>)
  位置: 类型为RegistrumTagsProvider<EntityType<?>>的变量 provider
D:\Minecraft-Mods\AnvilCraft\src\main\java\dev\dubhe\anvilcraft\data\tags\EntityTypeTagLoader.java:28: 错误: 找不到符号
        provider.addTag(ModEntityTypeTags.EMERALD_AMULET_VALID)
                ^
  符号:   方法 addTag(TagKey<EntityType<?>>)
  位置: 类型为RegistrumTagsProvider<EntityType<?>>的变量 provider
D:\Minecraft-Mods\AnvilCraft\src\main\java\dev\dubhe\anvilcraft\data\tags\EntityTypeTagLoader.java:32: 错误: 找不到符号
        provider.addTag(ModEntityTypeTags.SAPPHIRE_AMULET_VALID)
                ^
  符号:   方法 addTag(TagKey<EntityType<?>>)
  位置: 类型为RegistrumTagsProvider<EntityType<?>>的变量 provider
D:\Minecraft-Mods\AnvilCraft\src\main\java\dev\dubhe\anvilcraft\data\tags\EntityTypeTagLoader.java:36: 错误: 找不到符号
        provider.addTag(ModEntityTypeTags.CAT_AMULET_VALID)
                ^
  符号:   方法 addTag(TagKey<EntityType<?>>)
  位置: 类型为RegistrumTagsProvider<EntityType<?>>的变量 provider
D:\Minecraft-Mods\AnvilCraft\src\main\java\dev\dubhe\anvilcraft\data\tags\EntityTypeTagLoader.java:40: 错误: 找不到符号
        provider.addTag(ModEntityTypeTags.DOG_AMULET_VALID)
                ^
  符号:   方法 addTag(TagKey<EntityType<?>>)
  位置: 类型为RegistrumTagsProvider<EntityType<?>>的变量 provider
D:\Minecraft-Mods\AnvilCraft\src\main\java\dev\dubhe\anvilcraft\data\tags\EntityTypeTagLoader.java:43: 错误: 找不到符号
        provider.addTag(ModEntityTypeTags.SILENCE_AMULET_VALID)
                ^
  符号:   方法 addTag(TagKey<EntityType<?>>)
  位置: 类型为RegistrumTagsProvider<EntityType<?>>的变量 provider
D:\Minecraft-Mods\AnvilCraft\src\main\java\dev\dubhe\anvilcraft\data\tags\FluidTagLoader.java:25: 错误: 找不到符号
        provider.addTag(ModFluidTags.MENGER_SPONGE_CAN_ABSORB)
                ^
  符号:   方法 addTag(TagKey<Fluid>)
  位置: 类型为RegistrumTagsProvider<Fluid>的变量 provider
D:\Minecraft-Mods\AnvilCraft\src\main\java\dev\dubhe\anvilcraft\data\tags\FluidTagLoader.java:36: 错误: 找不到符号
        provider.addTag(ModFluidTags.OIL)
                ^
  符号:   方法 addTag(TagKey<Fluid>)
  位置: 类型为RegistrumTagsProvider<Fluid>的变量 provider
D:\Minecraft-Mods\AnvilCraft\src\main\java\dev\dubhe\anvilcraft\data\tags\FluidTagLoader.java:39: 错误: 找不到符号
        provider.addTag(ModFluidTags.EXPERIENCE)
                ^
  符号:   方法 addTag(TagKey<Fluid>)
  位置: 类型为RegistrumTagsProvider<Fluid>的变量 provider
D:\Minecraft-Mods\AnvilCraft\src\main\java\dev\dubhe\anvilcraft\data\tags\FluidTagLoader.java:42: 错误: 找不到符号
        TagsProvider.TagAppender<Fluid> appender = provider.addTag(ModFluidTags.CEMENT);
                    ^
  符号:   类 TagAppender
  位置: 类 TagsProvider
D:\Minecraft-Mods\AnvilCraft\src\main\java\dev\dubhe\anvilcraft\data\tags\FluidTagLoader.java:42: 错误: 找不到符号
        TagsProvider.TagAppender<Fluid> appender = provider.addTag(ModFluidTags.CEMENT);
                                                           ^
  符号:   方法 addTag(TagKey<Fluid>)
  位置: 类型为RegistrumTagsProvider<Fluid>的变量 provider
D:\Minecraft-Mods\AnvilCraft\src\main\java\dev\dubhe\anvilcraft\data\tags\FluidTagLoader.java:45: 错误: 找不到符号
        provider.addTag(ModFluidTags.IGNITABLE)
                ^
  符号:   方法 addTag(TagKey<Fluid>)
  位置: 类型为RegistrumTagsProvider<Fluid>的变量 provider
D:\Minecraft-Mods\AnvilCraft\src\main\java\dev\dubhe\anvilcraft\enchantment\FellingEffect.java:76: 错误: 不兼容的类型: lambda 表达式中的返回类型错误
                    return true;
                           ^
    boolean无法转换为TraversalNodeStatus
D:\Minecraft-Mods\AnvilCraft\src\main\java\dev\dubhe\anvilcraft\enchantment\HarvestRightClickEffect.java:101: 错误: random 在 Level 中是 protected 访问控制
                        int i = 1 + level.random.nextInt(2);
                                         ^
D:\Minecraft-Mods\AnvilCraft\src\main\java\dev\dubhe\anvilcraft\enchantment\HarvestRightClickEffect.java:109: 错误: random 在 Level 中是 protected 访问控制
                            0.8F + level.random.nextFloat() * 0.4F
                                        ^
D:\Minecraft-Mods\AnvilCraft\src\main\java\dev\dubhe\anvilcraft\entity\FloatingBlockEntity.java:94: 错误: 找不到符号
                                    ((ServerLevel) this.level()).getChunkSource().chunkMap.broadcast(
                                                                                          ^
  符号:   方法 broadcast(FloatingBlockEntity,ClientboundBlockUpdatePacket)
  位置: 类型为ChunkMap的变量 chunkMap
D:\Minecraft-Mods\AnvilCraft\src\main\java\dev\dubhe\anvilcraft\entity\FloatingBlockEntity.java:108: 错误: 找不到符号
                                        && this.dropItem && this.level().getGameRules().getBoolean(GameRules.RULE_DOENTITYDROPS)
                                                                                                   ^
  符号:   变量 GameRules
  位置: 类 FloatingBlockEntity
D:\Minecraft-Mods\AnvilCraft\src\main\java\dev\dubhe\anvilcraft\entity\FloatingBlockEntity.java:108: 错误: 找不到符号
                                        && this.dropItem && this.level().getGameRules().getBoolean(GameRules.RULE_DOENTITYDROPS)
                                                                        ^
  符号:   方法 getGameRules()
  位置: 类 Level
D:\Minecraft-Mods\AnvilCraft\src\main\java\dev\dubhe\anvilcraft\entity\FloatingBlockEntity.java:112: 错误: 对于spawnAtLocation(Block), 找不到合适的方法
                                    this.spawnAtLocation(block);
                                        ^
    方法 Entity.spawnAtLocation(ServerLevel,ItemLike)不适用
      (实际参数列表和形式参数列表长度不同)
    方法 Entity.spawnAtLocation(ServerLevel,ItemStack)不适用
      (实际参数列表和形式参数列表长度不同)
    方法 Entity.spawnAtLocation(ServerLevel,ItemStack,Vec3)不适用
      (实际参数列表和形式参数列表长度不同)
    方法 Entity.spawnAtLocation(ServerLevel,ItemStack,float)不适用
      (实际参数列表和形式参数列表长度不同)
D:\Minecraft-Mods\AnvilCraft\src\main\java\dev\dubhe\anvilcraft\entity\FloatingBlockEntity.java:116: 错误: 找不到符号
                                if (this.dropItem && this.level().getGameRules().getBoolean(GameRules.RULE_DOENTITYDROPS)) {
                                                                                            ^
  符号:   变量 GameRules
  位置: 类 FloatingBlockEntity
D:\Minecraft-Mods\AnvilCraft\src\main\java\dev\dubhe\anvilcraft\entity\FloatingBlockEntity.java:116: 错误: 找不到符号
                                if (this.dropItem && this.level().getGameRules().getBoolean(GameRules.RULE_DOENTITYDROPS)) {
                                                                 ^
  符号:   方法 getGameRules()
  位置: 类 Level
D:\Minecraft-Mods\AnvilCraft\src\main\java\dev\dubhe\anvilcraft\entity\FloatingBlockEntity.java:118: 错误: 对于spawnAtLocation(Block), 找不到合适的方法
                                    this.spawnAtLocation(block);
                                        ^
    方法 Entity.spawnAtLocation(ServerLevel,ItemLike)不适用
      (实际参数列表和形式参数列表长度不同)
    方法 Entity.spawnAtLocation(ServerLevel,ItemStack)不适用
      (实际参数列表和形式参数列表长度不同)
    方法 Entity.spawnAtLocation(ServerLevel,ItemStack,Vec3)不适用
      (实际参数列表和形式参数列表长度不同)
    方法 Entity.spawnAtLocation(ServerLevel,ItemStack,float)不适用
      (实际参数列表和形式参数列表长度不同)
D:\Minecraft-Mods\AnvilCraft\src\main\java\dev\dubhe\anvilcraft\entity\StandableFallingBlockEntity.java:99: 错误: 方法不会覆盖或实现超类型的方法
    @Override
    ^
D:\Minecraft-Mods\AnvilCraft\src\main\java\dev\dubhe\anvilcraft\entity\StandableLevitatingBlockEntity.java:92: 错误: 方法不会覆盖或实现超类型的方法
    @Override
    ^
D:\Minecraft-Mods\AnvilCraft\src\main\java\dev\dubhe\anvilcraft\entity\ThrownEmberMetalHeavyHalberdEntity.java:31: 错误: 方法不会覆盖或实现超类型的方法
    @Override
    ^
D:\Minecraft-Mods\AnvilCraft\src\main\java\dev\dubhe\anvilcraft\entity\ThrownFrostMetalHeavyHalberdEntity.java:31: 错误: 方法不会覆盖或实现超类型的方法
    @Override
    ^
D:\Minecraft-Mods\AnvilCraft\src\main\java\dev\dubhe\anvilcraft\entity\ThrownTranscendenceHeavyHalberdEntity.java:31: 错误: 方法不会覆盖或实现超类型的方法
    @Override
    ^
D:\Minecraft-Mods\AnvilCraft\src\main\java\dev\dubhe\anvilcraft\event\anvil\AnvilEventListener.java:63: 错误: 找不到符号
        Level level = event.getLevel();
                           ^
  符号:   方法 getLevel()
  位置: 类型为OnLand的变量 event
D:\Minecraft-Mods\AnvilCraft\src\main\java\dev\dubhe\anvilcraft\event\anvil\AnvilEventListener.java:64: 错误: 找不到符号
        BlockPos pos = event.getPos();
                            ^
  符号:   方法 getPos()
  位置: 类型为OnLand的变量 event
D:\Minecraft-Mods\AnvilCraft\src\main\java\dev\dubhe\anvilcraft\event\anvil\AnvilEventListener.java:79: 错误: 找不到符号
            if (behavior.handle(level, hitBlockPos, hitBlockState, event.getFallDistance(), event)) {
                                                                        ^
  符号:   方法 getFallDistance()
  位置: 类型为OnLand的变量 event
D:\Minecraft-Mods\AnvilCraft\src\main\java\dev\dubhe\anvilcraft\event\anvil\AnvilEventListener.java:84: 错误: 找不到符号
            if (event.getFallDistance() > 1) {
                     ^
  符号:   方法 getFallDistance()
  位置: 类型为OnLand的变量 event
D:\Minecraft-Mods\AnvilCraft\src\main\java\dev\dubhe\anvilcraft\event\anvil\AnvilEventListener.java:85: 错误: random 在 Level 中是 protected 访问控制
                if (level.random.nextDouble() < 0.01) {
                         ^
D:\Minecraft-Mods\AnvilCraft\src\main\java\dev\dubhe\anvilcraft\event\anvil\AnvilEventListener.java:93: 错误: 找不到符号
        Level level = event.getLevel();
                           ^
  符号:   方法 getLevel()
  位置: 类型为OnLand的变量 event
D:\Minecraft-Mods\AnvilCraft\src\main\java\dev\dubhe\anvilcraft\event\anvil\AnvilEventListener.java:95: 错误: 找不到符号
        BlockPos pos = event.getPos();
                            ^
  符号:   方法 getPos()
  位置: 类型为OnLand的变量 event
D:\Minecraft-Mods\AnvilCraft\src\main\java\dev\dubhe\anvilcraft\event\anvil\AnvilEventListener.java:96: 错误: 不兼容的类型: Entity无法转换为FallingBlockEntity
        FallingBlockEntity entity = event.getEntity();
                                                   ^
D:\Minecraft-Mods\AnvilCraft\src\main\java\dev\dubhe\anvilcraft\event\anvil\AnvilEventListener.java:97: 错误: 找不到符号
        InWorldRecipeManager manager = level.getRecipeManager().anvillib$getInWorldRecipeManager();
                                            ^
  符号:   方法 getRecipeManager()
  位置: 类型为Level的变量 level
D:\Minecraft-Mods\AnvilCraft\src\main\java\dev\dubhe\anvilcraft\event\anvil\AnvilEventListener.java:101: 错误: 找不到符号
        if (!event.isAnvilDamage()) event.setAnvilDamage(damageAnvil);
                  ^
  符号:   方法 isAnvilDamage()
  位置: 类型为OnLand的变量 event
D:\Minecraft-Mods\AnvilCraft\src\main\java\dev\dubhe\anvilcraft\event\anvil\AnvilEventListener.java:101: 错误: 找不到符号
        if (!event.isAnvilDamage()) event.setAnvilDamage(damageAnvil);
                                         ^
  符号:   方法 setAnvilDamage(boolean)
  位置: 类型为OnLand的变量 event
D:\Minecraft-Mods\AnvilCraft\src\main\java\dev\dubhe\anvilcraft\event\anvil\AnvilEventListener.java:109: 错误: 找不到符号
        if (state.getBlock().getExplosionResistance() >= 1200.0) event.setAnvilDamage(true);
                                                                      ^
  符号:   方法 setAnvilDamage(boolean)
  位置: 类型为OnLand的变量 event
D:\Minecraft-Mods\AnvilCraft\src\main\java\dev\dubhe\anvilcraft\event\anvil\AnvilEventListener.java:114: 错误: 不兼容的类型: 方法引用无效
            .map(FallingBlockEntity::getBlockState)
                 ^
    无法将 类 FallingBlockEntity中的 方法 getBlockState应用到给定类型
      需要: 没有参数
      找到:    Entity
      原因: 实际参数列表和形式参数列表长度不同
D:\Minecraft-Mods\AnvilCraft\src\main\java\dev\dubhe\anvilcraft\event\anvil\AnvilEventListener.java:139: 错误: 不兼容的类型: 方法引用无效
            .map(FallingBlockEntity::getBlockState)
                 ^
    无法将 类 FallingBlockEntity中的 方法 getBlockState应用到给定类型
      需要: 没有参数
      找到:    Entity
      原因: 实际参数列表和形式参数列表长度不同
D:\Minecraft-Mods\AnvilCraft\src\main\java\dev\dubhe\anvilcraft\event\anvil\AnvilEventListener.java:143: 错误: 不兼容的类型: 方法引用无效
            .map(FallingBlockEntity::getBlockState)
                 ^
    无法将 类 FallingBlockEntity中的 方法 getBlockState应用到给定类型
      需要: 没有参数
      找到:    Entity
      原因: 实际参数列表和形式参数列表长度不同
D:\Minecraft-Mods\AnvilCraft\src\main\java\dev\dubhe\anvilcraft\event\anvil\AnvilEventListener.java:147: 错误: 不兼容的类型: 方法引用无效
            .map(FallingBlockEntity::getBlockState)
                 ^
    无法将 类 FallingBlockEntity中的 方法 getBlockState应用到给定类型
      需要: 没有参数
      找到:    Entity
      原因: 实际参数列表和形式参数列表长度不同
D:\Minecraft-Mods\AnvilCraft\src\main\java\dev\dubhe\anvilcraft\event\anvil\AnvilEventListener.java:185: 错误: 找不到符号
        Entity hurtedEntity = event.getHurtedEntity();
                                   ^
  符号:   方法 getHurtedEntity()
  位置: 类型为HurtEntity的变量 event
D:\Minecraft-Mods\AnvilCraft\src\main\java\dev\dubhe\anvilcraft\event\anvil\AnvilEventListener.java:191: 错误: 找不到符号
        float damage = event.getDamage();
                            ^
  符号:   方法 getDamage()
  位置: 类型为HurtEntity的变量 event
D:\Minecraft-Mods\AnvilCraft\src\main\java\dev\dubhe\anvilcraft\event\anvil\AnvilEventListener.java:195: 错误: 不兼容的类型: Entity无法转换为FallingBlockEntity
        FallingBlockEntity eventEntity = event.getEntity();
                                                        ^
D:\Minecraft-Mods\AnvilCraft\src\main\java\dev\dubhe\anvilcraft\event\anvil\AnvilEventListener.java:197: 错误: 无法将类 LivingEntity中的方法 isInvulnerableTo应用到给定类型;
        if (entity.isInvulnerableTo(source)) return;
                  ^
  需要: ServerLevel,DamageSource
  找到:    DamageSource
  原因: 实际参数列表和形式参数列表长度不同
D:\Minecraft-Mods\AnvilCraft\src\main\java\dev\dubhe\anvilcraft\event\anvil\AnvilEventListener.java:263: 错误: 不兼容的类型: Optional<ResourceKey<LootTable>>无法转换为ResourceKey<LootTable>
        LootTable lootTable = level.getServer().reloadableRegistries().getLootTable(entity.getLootTable());
                                                                                                       ^
D:\Minecraft-Mods\AnvilCraft\src\main\java\dev\dubhe\anvilcraft\event\anvil\AnvilHitPiezoelectricCrystalBlockEventListener.java:23: 错误: 找不到符号
        BlockPos anvilPos = event.getPos();
                                 ^
  符号:   方法 getPos()
  位置: 类型为OnLand的变量 event
D:\Minecraft-Mods\AnvilCraft\src\main\java\dev\dubhe\anvilcraft\event\anvil\AnvilHitPiezoelectricCrystalBlockEventListener.java:24: 错误: 找不到符号
        Level level = event.getLevel();
                           ^
  符号:   方法 getLevel()
  位置: 类型为OnLand的变量 event
D:\Minecraft-Mods\AnvilCraft\src\main\java\dev\dubhe\anvilcraft\event\anvil\AnvilHitPiezoelectricCrystalBlockEventListener.java:26: 错误: 找不到符号
        if (event.getEntity().blockState.is(ModBlocks.GIANT_ANVIL.get())) return;
                             ^
  符号:   变量 blockState
  位置: 类 Entity
D:\Minecraft-Mods\AnvilCraft\src\main\java\dev\dubhe\anvilcraft\event\anvil\AnvilHitPiezoelectricCrystalBlockEventListener.java:28: 错误: 找不到符号
            piezoelectricCrystalBlock.onHitByAnvil(event.getEntity(), event.getFallDistance(), level, anvilPos.below());
                                                                           ^
  符号:   方法 getFallDistance()
  位置: 类型为OnLand的变量 event
D:\Minecraft-Mods\AnvilCraft\src\main\java\dev\dubhe\anvilcraft\event\anvil\AnvilHitPiezoelectricCrystalBlockEventListener.java:40: 错误: 找不到符号
        Level level = event.getLevel();
                           ^
  符号:   方法 getLevel()
  位置: 类型为GiantOnLand的变量 event
D:\Minecraft-Mods\AnvilCraft\src\main\java\dev\dubhe\anvilcraft\event\anvil\AnvilHitPiezoelectricCrystalBlockEventListener.java:43: 错误: 找不到符号
                BlockPos anvilPos = event.getPos().below(2);
                                         ^
  符号:   方法 getPos()
  位置: 类型为GiantOnLand的变量 event
D:\Minecraft-Mods\AnvilCraft\src\main\java\dev\dubhe\anvilcraft\event\anvil\AnvilHitPiezoelectricCrystalBlockEventListener.java:47: 错误: 找不到符号
                    piezoelectricCrystalBlock.onHitByAnvil(event.getEntity(), event.getFallDistance(), level, crystalPos);
                                                                                   ^
  符号:   方法 getFallDistance()
  位置: 类型为GiantOnLand的变量 event
D:\Minecraft-Mods\AnvilCraft\src\main\java\dev\dubhe\anvilcraft\event\anvil\AnvilHurtVillagerEventListener.java:33: 错误: 找不到符号
        Entity entity = event.getHurtedEntity();
                             ^
  符号:   方法 getHurtedEntity()
  位置: 类型为HurtEntity的变量 event
D:\Minecraft-Mods\AnvilCraft\src\main\java\dev\dubhe\anvilcraft\event\anvil\AnvilHurtVillagerEventListener.java:34: 错误: 找不到符号
        Level level = event.getLevel();
                           ^
  符号:   方法 getLevel()
  位置: 类型为HurtEntity的变量 event
D:\Minecraft-Mods\AnvilCraft\src\main\java\dev\dubhe\anvilcraft\event\anvil\AnvilHurtVillagerEventListener.java:36: 错误: 找不到符号
        if (entity instanceof Villager villager) {
                              ^
  符号:   类 Villager
  位置: 类 AnvilHurtVillagerEventListener
D:\Minecraft-Mods\AnvilCraft\src\main\java\dev\dubhe\anvilcraft\event\anvil\AnvilHurtVillagerEventListener.java:37: 错误: random 在 Level 中是 protected 访问控制
            final RandomSource random = level.random;
                                             ^
D:\Minecraft-Mods\AnvilCraft\src\main\java\dev\dubhe\anvilcraft\event\anvil\AnvilHurtVillagerEventListener.java:44: 错误: 找不到符号
            VillagerData villageData = villager.getVillagerData();
            ^
  符号:   类 VillagerData
  位置: 类 AnvilHurtVillagerEventListener
D:\Minecraft-Mods\AnvilCraft\src\main\java\dev\dubhe\anvilcraft\event\anvil\AnvilHurtVillagerEventListener.java:46: 错误: 找不到符号
            if (villageData.getProfession() == VillagerProfession.NITWIT) {
                                               ^
  符号:   变量 VillagerProfession
  位置: 类 AnvilHurtVillagerEventListener
D:\Minecraft-Mods\AnvilCraft\src\main\java\dev\dubhe\anvilcraft\event\anvil\AnvilHurtVillagerEventListener.java:51: 错误: 找不到符号
                villageData = villageData.setProfession(VillagerProfession.NITWIT);
                                                        ^
  符号:   变量 VillagerProfession
  位置: 类 AnvilHurtVillagerEventListener
D:\Minecraft-Mods\AnvilCraft\src\main\java\dev\dubhe\anvilcraft\event\anvil\AnvilHurtVillagerEventListener.java:53: 错误: 找不到符号
                villageData = villageData.setProfession(VillagerProfession.NONE).setLevel(1);
                                                        ^
  符号:   变量 VillagerProfession
  位置: 类 AnvilHurtVillagerEventListener
D:\Minecraft-Mods\AnvilCraft\src\main\java\dev\dubhe\anvilcraft\event\anvil\AnvilHurtVillagerEventListener.java:58: 错误: 找不到符号
        if (entity instanceof WanderingTrader trader) {
                              ^
  符号:   类 WanderingTrader
  位置: 类 AnvilHurtVillagerEventListener
D:\Minecraft-Mods\AnvilCraft\src\main\java\dev\dubhe\anvilcraft\event\anvil\AnvilHurtVillagerEventListener.java:59: 错误: 找不到符号
            final BlockPos pos = event.getPos();
                                      ^
  符号:   方法 getPos()
  位置: 类型为HurtEntity的变量 event
D:\Minecraft-Mods\AnvilCraft\src\main\java\dev\dubhe\anvilcraft\event\anvil\AnvilHurtVillagerEventListener.java:60: 错误: 找不到符号
            final VillagerType type = VillagerType.byBiome(level.getBiome(pos));
                  ^
  符号:   类 VillagerType
  位置: 类 AnvilHurtVillagerEventListener
D:\Minecraft-Mods\AnvilCraft\src\main\java\dev\dubhe\anvilcraft\event\anvil\AnvilHurtVillagerEventListener.java:60: 错误: 找不到符号
            final VillagerType type = VillagerType.byBiome(level.getBiome(pos));
                                      ^
  符号:   变量 VillagerType
  位置: 类 AnvilHurtVillagerEventListener
D:\Minecraft-Mods\AnvilCraft\src\main\java\dev\dubhe\anvilcraft\event\anvil\AnvilHurtVillagerEventListener.java:61: 错误: 找不到符号
            VillagerProfession profession = VillagerProfession.NONE;
            ^
  符号:   类 VillagerProfession
  位置: 类 AnvilHurtVillagerEventListener
D:\Minecraft-Mods\AnvilCraft\src\main\java\dev\dubhe\anvilcraft\event\anvil\AnvilHurtVillagerEventListener.java:61: 错误: 找不到符号
            VillagerProfession profession = VillagerProfession.NONE;
                                            ^
  符号:   变量 VillagerProfession
  位置: 类 AnvilHurtVillagerEventListener
D:\Minecraft-Mods\AnvilCraft\src\main\java\dev\dubhe\anvilcraft\event\anvil\AnvilHurtVillagerEventListener.java:62: 错误: random 在 Level 中是 protected 访问控制
            RandomSource random = level.random;
                                       ^
D:\Minecraft-Mods\AnvilCraft\src\main\java\dev\dubhe\anvilcraft\event\anvil\AnvilHurtVillagerEventListener.java:65: 错误: 找不到符号
                profession = VillagerProfession.NITWIT;
                             ^
  符号:   变量 VillagerProfession
  位置: 类 AnvilHurtVillagerEventListener
D:\Minecraft-Mods\AnvilCraft\src\main\java\dev\dubhe\anvilcraft\event\anvil\AnvilHurtVillagerEventListener.java:67: 错误: 找不到符号
                profession = VillagerProfession.FARMER;
                             ^
  符号:   变量 VillagerProfession
  位置: 类 AnvilHurtVillagerEventListener
D:\Minecraft-Mods\AnvilCraft\src\main\java\dev\dubhe\anvilcraft\event\anvil\AnvilHurtVillagerEventListener.java:69: 错误: 找不到符号
            Villager villager = new Villager(EntityType.VILLAGER, level);
            ^
  符号:   类 Villager
  位置: 类 AnvilHurtVillagerEventListener
D:\Minecraft-Mods\AnvilCraft\src\main\java\dev\dubhe\anvilcraft\event\anvil\AnvilHurtVillagerEventListener.java:69: 错误: 找不到符号
            Villager villager = new Villager(EntityType.VILLAGER, level);
                                    ^
  符号:   类 Villager
  位置: 类 AnvilHurtVillagerEventListener
D:\Minecraft-Mods\AnvilCraft\src\main\java\dev\dubhe\anvilcraft\event\anvil\AnvilHurtVillagerEventListener.java:76: 错误: 找不到符号
            VillagerData villageData = new VillagerData(type, profession, 1);
            ^
  符号:   类 VillagerData
  位置: 类 AnvilHurtVillagerEventListener
D:\Minecraft-Mods\AnvilCraft\src\main\java\dev\dubhe\anvilcraft\event\anvil\AnvilHurtVillagerEventListener.java:76: 错误: 找不到符号
            VillagerData villageData = new VillagerData(type, profession, 1);
                                           ^
  符号:   类 VillagerData
  位置: 类 AnvilHurtVillagerEventListener
D:\Minecraft-Mods\AnvilCraft\src\main\java\dev\dubhe\anvilcraft\event\anvil\AnvilHurtVillagerEventListener.java:77: 错误: 找不到符号
            if (profession == VillagerProfession.FARMER) {
                              ^
  符号:   变量 VillagerProfession
  位置: 类 AnvilHurtVillagerEventListener
D:\Minecraft-Mods\AnvilCraft\src\main\java\dev\dubhe\anvilcraft\event\anvil\AnvilHurtVillagerEventListener.java:90: 错误: 找不到符号
                MobSpawnType.CONVERSION,
                ^
  符号:   变量 MobSpawnType
  位置: 类 AnvilHurtVillagerEventListener
D:\Minecraft-Mods\AnvilCraft\src\main\java\dev\dubhe\anvilcraft\event\CauldronOutletEventListener.java:63: 错误: 无法将类 Entity中的方法 kill应用到给定类型;
            existingMouth.kill();
                         ^
  需要: ServerLevel
  找到:    没有参数
  原因: 实际参数列表和形式参数列表长度不同
D:\Minecraft-Mods\AnvilCraft\src\main\java\dev\dubhe\anvilcraft\event\CauldronOutletEventListener.java:110: 错误: 无法将类 Entity中的方法 kill应用到给定类型;
            mouth.kill();
                 ^
  需要: ServerLevel
  找到:    没有参数
  原因: 实际参数列表和形式参数列表长度不同
D:\Minecraft-Mods\AnvilCraft\src\main\java\dev\dubhe\anvilcraft\event\FallingBlockCollisionEventListener.java:46: 错误: 找不到符号
        Level level = event.getLevel();
                           ^
  符号:   方法 getLevel()
  位置: 类型为CollisionBlock的变量 event
D:\Minecraft-Mods\AnvilCraft\src\main\java\dev\dubhe\anvilcraft\event\FallingBlockCollisionEventListener.java:47: 错误: 找不到符号
        BlockPos pos = event.getPos();
                            ^
  符号:   方法 getPos()
  位置: 类型为CollisionBlock的变量 event
D:\Minecraft-Mods\AnvilCraft\src\main\java\dev\dubhe\anvilcraft\event\FallingBlockCollisionEventListener.java:48: 错误: 找不到符号
        if (AnvilCraft.CONFIG.anvilCollisionCraftSpeed > event.getSpeed()) return;
                                                              ^
  符号:   方法 getSpeed()
  位置: 类型为CollisionBlock的变量 event
D:\Minecraft-Mods\AnvilCraft\src\main\java\dev\dubhe\anvilcraft\event\FallingBlockCollisionEventListener.java:50: 错误: 找不到符号
        List<RecipeHolder<AnvilCollisionCraftRecipe>> recipes = level.getRecipeManager()
                                                                     ^
  符号:   方法 getRecipeManager()
  位置: 类型为Level的变量 level
D:\Minecraft-Mods\AnvilCraft\src\main\java\dev\dubhe\anvilcraft\event\FallingBlockCollisionEventListener.java:55: 错误: 找不到符号
            if (!recipe.value().anvil().test(level, event.getEntity().getBlockState(), null)) continue;
                                                                     ^
  符号:   方法 getBlockState()
  位置: 类 Entity
D:\Minecraft-Mods\AnvilCraft\src\main\java\dev\dubhe\anvilcraft\event\FallingBlockCollisionEventListener.java:57: 错误: 找不到符号
            if (event.getSpeed() < recipe.value().speed()) continue;
                     ^
  符号:   方法 getSpeed()
  位置: 类型为CollisionBlock的变量 event
D:\Minecraft-Mods\AnvilCraft\src\main\java\dev\dubhe\anvilcraft\event\FallingBlockCollisionEventListener.java:65: 错误: 找不到符号
        if (event.getEntity().getBlockState().is(BlockTags.ANVIL)) {
                             ^
  符号:   方法 getBlockState()
  位置: 类 Entity
D:\Minecraft-Mods\AnvilCraft\src\main\java\dev\dubhe\anvilcraft\event\FallingBlockCollisionEventListener.java:94: 错误: 无法将类 Entity中的方法 kill应用到给定类型;
            event.getEntity().kill();
                             ^
  需要: ServerLevel
  找到:    没有参数
  原因: 实际参数列表和形式参数列表长度不同
D:\Minecraft-Mods\AnvilCraft\src\main\java\dev\dubhe\anvilcraft\event\FallingBlockCollisionEventListener.java:109: 错误: 找不到符号
            level.getGameRules().getBoolean(GameRules.RULE_TNT_EXPLOSION_DROP_DECAY)
                                            ^
  符号:   变量 GameRules
  位置: 类 FallingBlockCollisionEventListener
D:\Minecraft-Mods\AnvilCraft\src\main\java\dev\dubhe\anvilcraft\event\FallingBlockCollisionEventListener.java:109: 错误: 找不到符号
            level.getGameRules().getBoolean(GameRules.RULE_TNT_EXPLOSION_DROP_DECAY)
                 ^
  符号:   方法 getGameRules()
  位置: 类型为Level的变量 level
D:\Minecraft-Mods\AnvilCraft\src\main\java\dev\dubhe\anvilcraft\event\FallingBlockCollisionEventListener.java:112: 错误: Explosion是抽象的; 无法实例化
        Explosion explosion = new Explosion(
                              ^
D:\Minecraft-Mods\AnvilCraft\src\main\java\dev\dubhe\anvilcraft\event\FallingBlockCollisionEventListener.java:128: 错误: 找不到符号
        explosion.explode();
                 ^
  符号:   方法 explode()
  位置: 类型为Explosion的变量 explosion
D:\Minecraft-Mods\AnvilCraft\src\main\java\dev\dubhe\anvilcraft\event\FallingBlockCollisionEventListener.java:129: 错误: 找不到符号
        explosion.finalizeExplosion(spawnParticles);
                 ^
  符号:   方法 finalizeExplosion(boolean)
  位置: 类型为Explosion的变量 explosion
D:\Minecraft-Mods\AnvilCraft\src\main\java\dev\dubhe\anvilcraft\event\FallingBlockCollisionEventListener.java:143: 错误: 找不到符号
                        explosion.getExplosionSound()
                                 ^
  符号:   方法 getExplosionSound()
  位置: 类型为Explosion的变量 explosion
D:\Minecraft-Mods\AnvilCraft\src\main\java\dev\dubhe\anvilcraft\event\FallingBlockCollisionEventListener.java:142: 错误: 找不到符号
                        explosion.getLargeExplosionParticles(),
                                 ^
  符号:   方法 getLargeExplosionParticles()
  位置: 类型为Explosion的变量 explosion
D:\Minecraft-Mods\AnvilCraft\src\main\java\dev\dubhe\anvilcraft\event\FallingBlockCollisionEventListener.java:141: 错误: 找不到符号
                        explosion.getSmallExplosionParticles(),
                                 ^
  符号:   方法 getSmallExplosionParticles()
  位置: 类型为Explosion的变量 explosion
D:\Minecraft-Mods\AnvilCraft\src\main\java\dev\dubhe\anvilcraft\event\FallingBlockCollisionEventListener.java:139: 错误: 找不到符号
                        explosion.getHitPlayers().get(serverplayer),
                                 ^
  符号:   方法 getHitPlayers()
  位置: 类型为Explosion的变量 explosion
D:\Minecraft-Mods\AnvilCraft\src\main\java\dev\dubhe\anvilcraft\event\FallingBlockCollisionEventListener.java:138: 错误: 找不到符号
                        explosion.getToBlow(),
                                 ^
  符号:   方法 getToBlow()
  位置: 类型为Explosion的变量 explosion
D:\Minecraft-Mods\AnvilCraft\src\main\java\dev\dubhe\anvilcraft\event\FallingBlockCollisionEventListener.java:152: 错误: 不兼容的类型: ItemStackTemplate无法转换为ItemStack
            if ((itemStack = outputItem.getResult(serverLevel)).isEmpty()) continue;
                                                 ^
D:\Minecraft-Mods\AnvilCraft\src\main\java\dev\dubhe\anvilcraft\event\FallingBlockCollisionEventListener.java:188: 错误: 不兼容的类型: ResourceKey<Recipe<?>>无法转换为Identifier
        TriggerUtil.recipe(level, pos, recipeHolder.id(), itemEntities);
                                                      ^
D:\Minecraft-Mods\AnvilCraft\src\main\java\dev\dubhe\anvilcraft\recipe\anvil\collision\AnvilCollisionCraftRecipe.java:46: 错误: AnvilCollisionCraftRecipe不是抽象的, 并且未覆盖Recipe中的抽象方法recipeBookCategory()
public record AnvilCollisionCraftRecipe(
       ^
D:\Minecraft-Mods\AnvilCraft\src\main\java\dev\dubhe\anvilcraft\recipe\anvil\collision\AnvilCollisionCraftRecipe.java:122: 错误: AnvilCollisionCraftRecipe中的getType()无法实现Recipe中的getType()
    public RecipeType<?> getType() {
                         ^
  返回类型RecipeType<?>与RecipeType<? extends Recipe<Input>>不兼容
  其中, T是类型变量:
    T扩展已在接口 Recipe中声明的RecipeInput
D:\Minecraft-Mods\AnvilCraft\src\main\java\dev\dubhe\anvilcraft\recipe\anvil\collision\AnvilCollisionCraftRecipe.java:112: 错误: AnvilCollisionCraftRecipe中的getSerializer()无法实现Recipe中的getSerializer()
    public RecipeSerializer<?> getSerializer() {
                               ^
  返回类型RecipeSerializer<?>与RecipeSerializer<? extends Recipe<Input>>不兼容
  其中, T是类型变量:
    T扩展已在接口 Recipe中声明的RecipeInput
D:\Minecraft-Mods\AnvilCraft\src\main\java\dev\dubhe\anvilcraft\recipe\anvil\collision\AnvilCollisionCraftRecipe.java:74: 错误: 方法不会覆盖或实现超类型的方法
    @Override
    ^
D:\Minecraft-Mods\AnvilCraft\src\main\java\dev\dubhe\anvilcraft\recipe\anvil\collision\AnvilCollisionCraftRecipe.java:86: 错误: 方法不会覆盖或实现超类型的方法
    @Override
    ^
D:\Minecraft-Mods\AnvilCraft\src\main\java\dev\dubhe\anvilcraft\recipe\anvil\collision\AnvilCollisionCraftRecipe.java:97: 错误: 方法不会覆盖或实现超类型的方法
    @Override
    ^
D:\Minecraft-Mods\AnvilCraft\src\main\java\dev\dubhe\anvilcraft\recipe\anvil\collision\AnvilCollisionCraftRecipe.java:99: 错误: 不兼容的类型: ItemStackTemplate无法转换为ItemStack
        if (!this.outputItems.isEmpty()) return this.outputItems.getFirst().stack();
                                                                                 ^
D:\Minecraft-Mods\AnvilCraft\src\main\java\dev\dubhe\anvilcraft\recipe\anvil\collision\AnvilCollisionCraftRecipe.java:111: 错误: 方法不会覆盖或实现超类型的方法
    @Override
    ^
D:\Minecraft-Mods\AnvilCraft\src\main\java\dev\dubhe\anvilcraft\recipe\anvil\collision\AnvilCollisionCraftRecipe.java:113: 错误: 找不到符号
        return ModRecipeTypes.ANVIL_COLLISION_CRAFT_SERIALIZER.get();
                             ^
  符号:   变量 ANVIL_COLLISION_CRAFT_SERIALIZER
  位置: 类 ModRecipeTypes
D:\Minecraft-Mods\AnvilCraft\src\main\java\dev\dubhe\anvilcraft\recipe\anvil\collision\AnvilCollisionCraftRecipe.java:121: 错误: 方法不会覆盖或实现超类型的方法
    @Override
    ^
D:\Minecraft-Mods\AnvilCraft\src\main\java\dev\dubhe\anvilcraft\recipe\anvil\collision\AnvilCollisionCraftRecipe.java:195: 错误: 方法不会覆盖或实现超类型的方法
        @Override
        ^
D:\Minecraft-Mods\AnvilCraft\src\main\java\dev\dubhe\anvilcraft\recipe\anvil\collision\AnvilCollisionCraftRecipe.java:205: 错误: 方法不会覆盖或实现超类型的方法
        @Override
        ^
D:\Minecraft-Mods\AnvilCraft\src\main\java\dev\dubhe\anvilcraft\recipe\anvil\collision\AnvilCollisionCraftRecipe.java:280: 错误: Builder不是抽象的, 并且未覆盖AbstractRecipeBuilder中的抽象方法getResult()
    public static class Builder extends AbstractRecipeBuilder<AnvilCollisionCraftRecipe> {
                  ^
D:\Minecraft-Mods\AnvilCraft\src\main\java\dev\dubhe\anvilcraft\recipe\anvil\collision\AnvilCollisionCraftRecipe.java:467: 错误: Builder中的getResult()无法覆盖AbstractRecipeBuilder中的getResult()
        public Item getResult() {
                    ^
  返回类型Item与ItemStackTemplate不兼容
D:\Minecraft-Mods\AnvilCraft\src\main\java\dev\dubhe\anvilcraft\recipe\anvil\collision\AnvilCollisionCraftRecipe.java:421: 错误: 对于of(ItemStack,float), 找不到合适的方法
            return outputItem(ChanceItemStack.of(new ItemStack(item, count), chance));
                                             ^
    方法 ChanceItemStack.of(ItemLike,NumberProvider)不适用
      (参数不匹配; ItemStack无法转换为ItemLike)
    方法 ChanceItemStack.of(ItemLike,int)不适用
      (参数不匹配; ItemStack无法转换为ItemLike)
    方法 ChanceItemStack.of(ItemStackTemplate,NumberProvider)不适用
      (参数不匹配; ItemStack无法转换为ItemStackTemplate)
    方法 ChanceItemStack.of(ItemStackTemplate,int)不适用
      (参数不匹配; ItemStack无法转换为ItemStackTemplate)
    方法 ChanceItemStack.of(ItemStackTemplate,float)不适用
      (参数不匹配; ItemStack无法转换为ItemStackTemplate)
D:\Minecraft-Mods\AnvilCraft\src\main\java\dev\dubhe\anvilcraft\recipe\anvil\collision\AnvilCollisionCraftRecipe.java:432: 错误: 对于of(ItemStack,float), 找不到合适的方法
            return outputItem(ChanceItemStack.of(new ItemStack(item, count), 1F));
                                             ^
    方法 ChanceItemStack.of(ItemLike,NumberProvider)不适用
      (参数不匹配; ItemStack无法转换为ItemLike)
    方法 ChanceItemStack.of(ItemLike,int)不适用
      (参数不匹配; ItemStack无法转换为ItemLike)
    方法 ChanceItemStack.of(ItemStackTemplate,NumberProvider)不适用
      (参数不匹配; ItemStack无法转换为ItemStackTemplate)
    方法 ChanceItemStack.of(ItemStackTemplate,int)不适用
      (参数不匹配; ItemStack无法转换为ItemStackTemplate)
    方法 ChanceItemStack.of(ItemStackTemplate,float)不适用
      (参数不匹配; ItemStack无法转换为ItemStackTemplate)
D:\Minecraft-Mods\AnvilCraft\src\main\java\dev\dubhe\anvilcraft\recipe\anvil\collision\AnvilCollisionCraftRecipe.java:443: 错误: 对于of(ItemStack,float), 找不到合适的方法
            return outputItem(ChanceItemStack.of(new ItemStack(item, 1), chance));
                                             ^
    方法 ChanceItemStack.of(ItemLike,NumberProvider)不适用
      (参数不匹配; ItemStack无法转换为ItemLike)
    方法 ChanceItemStack.of(ItemLike,int)不适用
      (参数不匹配; ItemStack无法转换为ItemLike)
    方法 ChanceItemStack.of(ItemStackTemplate,NumberProvider)不适用
      (参数不匹配; ItemStack无法转换为ItemStackTemplate)
    方法 ChanceItemStack.of(ItemStackTemplate,int)不适用
      (参数不匹配; ItemStack无法转换为ItemStackTemplate)
    方法 ChanceItemStack.of(ItemStackTemplate,float)不适用
      (参数不匹配; ItemStack无法转换为ItemStackTemplate)
D:\Minecraft-Mods\AnvilCraft\src\main\java\dev\dubhe\anvilcraft\recipe\anvil\collision\AnvilCollisionCraftRecipe.java:453: 错误: 对于of(ItemStack,float), 找不到合适的方法
            return outputItem(ChanceItemStack.of(new ItemStack(item, 1), 1F));
                                             ^
    方法 ChanceItemStack.of(ItemLike,NumberProvider)不适用
      (参数不匹配; ItemStack无法转换为ItemLike)
    方法 ChanceItemStack.of(ItemLike,int)不适用
      (参数不匹配; ItemStack无法转换为ItemLike)
    方法 ChanceItemStack.of(ItemStackTemplate,NumberProvider)不适用
      (参数不匹配; ItemStack无法转换为ItemStackTemplate)
    方法 ChanceItemStack.of(ItemStackTemplate,int)不适用
      (参数不匹配; ItemStack无法转换为ItemStackTemplate)
    方法 ChanceItemStack.of(ItemStackTemplate,float)不适用
      (参数不匹配; ItemStack无法转换为ItemStackTemplate)
D:\Minecraft-Mods\AnvilCraft\src\main\java\dev\dubhe\anvilcraft\recipe\anvil\collision\AnvilCollisionCraftRecipe.java:466: 错误: 方法不会覆盖或实现超类型的方法
        @Override
        ^
D:\Minecraft-Mods\AnvilCraft\src\main\java\dev\dubhe\anvilcraft\event\giantanvil\GiantAnvilLandingEventListener.java:57: 错误: 找不到符号
        Level level = event.getLevel();
                           ^
  符号:   方法 getLevel()
  位置: 类型为GiantOnLand的变量 event
D:\Minecraft-Mods\AnvilCraft\src\main\java\dev\dubhe\anvilcraft\event\giantanvil\GiantAnvilLandingEventListener.java:58: 错误: 找不到符号
        BlockPos landPos = event.getPos().below(2);
                                ^
  符号:   方法 getPos()
  位置: 类型为GiantOnLand的变量 event
D:\Minecraft-Mods\AnvilCraft\src\main\java\dev\dubhe\anvilcraft\event\giantanvil\GiantAnvilLandingEventListener.java:87: 错误: 找不到符号
            level.getRecipeManager()
                 ^
  符号:   方法 getRecipeManager()
  位置: 类型为Level的变量 level
D:\Minecraft-Mods\AnvilCraft\src\main\java\dev\dubhe\anvilcraft\event\giantanvil\GiantAnvilLandingEventListener.java:107: 错误: 找不到符号
        level.getRecipeManager()
             ^
  符号:   方法 getRecipeManager()
  位置: 类型为Level的变量 level
D:\Minecraft-Mods\AnvilCraft\src\main\java\dev\dubhe\anvilcraft\event\giantanvil\GiantAnvilLandingEventListener.java:111: 错误: 找不到符号
                Rotation rotation = value.getMatchedRotation();
                                         ^
  符号:   方法 getMatchedRotation()
  位置: 类型为MultiblockConversionRecipe的变量 value
D:\Minecraft-Mods\AnvilCraft\src\main\java\dev\dubhe\anvilcraft\event\giantanvil\GiantAnvilLandingEventListener.java:112: 错误: 找不到符号
                BlockPattern outputPattern = value.getOutputPattern();
                                                  ^
  符号:   方法 getOutputPattern()
  位置: 类型为MultiblockConversionRecipe的变量 value
D:\Minecraft-Mods\AnvilCraft\src\main\java\dev\dubhe\anvilcraft\event\giantanvil\GiantAnvilLandingEventListener.java:114: 错误: 找不到符号
                final Optional<EntityType<?>> entity = value.getModifySpawnerAction()
                                                            ^
  符号:   方法 getModifySpawnerAction()
  位置: 类型为MultiblockConversionRecipe的变量 value
D:\Minecraft-Mods\AnvilCraft\src\main\java\dev\dubhe\anvilcraft\event\giantanvil\GiantAnvilLandingEventListener.java:142: 错误: 找不到符号
                            level.blockUpdated(mpos, input.getBlockState(x, y, z).getBlock());
                                 ^
  符号:   方法 blockUpdated(MutableBlockPos,Block)
  位置: 类型为Level的变量 level
D:\Minecraft-Mods\AnvilCraft\src\main\java\dev\dubhe\anvilcraft\event\giantanvil\GiantAnvilLandingEventListener.java:164: 错误: 不兼容的类型: BlockState无法转换为BlockPos
                            level.neighborShapeChanged(direction.getOpposite(), level.getBlockState(innerPos),
                                                                                                   ^
D:\Minecraft-Mods\AnvilCraft\src\main\java\dev\dubhe\anvilcraft\event\giantanvil\GiantAnvilLandingEventListener.java:167: 错误: 不兼容的类型: BlockState无法转换为BlockPos
                        level.neighborShapeChanged(direction, level.getBlockState(outerPos),
                                                                                 ^
D:\Minecraft-Mods\AnvilCraft\src\main\java\dev\dubhe\anvilcraft\event\giantanvil\GiantAnvilLandingEventListener.java:172: 错误: 找不到符号
                    BlockPos offset = rotatePos(value.getModifySpawnerAction().get().toPos(), size, rotation);
                                                     ^
  符号:   方法 getModifySpawnerAction()
  位置: 类型为MultiblockConversionRecipe的变量 value
D:\Minecraft-Mods\AnvilCraft\src\main\java\dev\dubhe\anvilcraft\event\giantanvil\shock\DestroyMode.java:106: 错误: 无法将类 SingleItemRecipe中的方法 assemble应用到给定类型;
                    ).map(it1 -> it1.value().assemble(input, ctx.level().registryAccess()))
                                            ^
  需要: SingleRecipeInput
  找到:    SingleRecipeInput,RegistryAccess
  原因: 实际参数列表和形式参数列表长度不同
D:\Minecraft-Mods\AnvilCraft\src\main\java\dev\dubhe\anvilcraft\event\giantanvil\shock\DestroyMode.java:107: 错误: 不兼容的类型: Object无法转换为ItemStack
                    .orElse(it);
                           ^
D:\Minecraft-Mods\AnvilCraft\src\main\java\dev\dubhe\anvilcraft\event\giantanvil\shock\ShockContext.java:38: 错误: 找不到符号
        BlockPos detectCenter = event.getPos().below(2);
                                     ^
  符号:   方法 getPos()
  位置: 类型为GiantOnLand的变量 event
D:\Minecraft-Mods\AnvilCraft\src\main\java\dev\dubhe\anvilcraft\event\giantanvil\shock\ShockContext.java:41: 错误: 找不到符号
        int radius = (int) Math.min(Math.ceil(event.getFallDistance()), AnvilCraft.CONFIG.giantAnvilMaxShockRadius);
                                                   ^
  符号:   方法 getFallDistance()
  位置: 类型为GiantOnLand的变量 event
D:\Minecraft-Mods\AnvilCraft\src\main\java\dev\dubhe\anvilcraft\event\giantanvil\shock\ShockContext.java:48: 错误: 找不到符号
        return new ShockContext(event.getLevel(), detectCenter, event.getEntity(), rangePosList, event.getFallDistance());
                                                                                                      ^
  符号:   方法 getFallDistance()
  位置: 类型为GiantOnLand的变量 event
D:\Minecraft-Mods\AnvilCraft\src\main\java\dev\dubhe\anvilcraft\event\giantanvil\shock\ShockContext.java:48: 错误: 找不到符号
        return new ShockContext(event.getLevel(), detectCenter, event.getEntity(), rangePosList, event.getFallDistance());
                                     ^
  符号:   方法 getLevel()
  位置: 类型为GiantOnLand的变量 event
D:\Minecraft-Mods\AnvilCraft\src\main\java\dev\dubhe\anvilcraft\event\giantanvil\shock\DestroyType.java:42: 错误: 不兼容的类型: lambda 表达式中的返回类型错误
                            if (it.getY() < destroyLayer.getY()) return false;
                                                                        ^
    boolean无法转换为TraversalNodeStatus
D:\Minecraft-Mods\AnvilCraft\src\main\java\dev\dubhe\anvilcraft\event\giantanvil\shock\DestroyType.java:93: 错误: 不兼容的类型: lambda 表达式中的返回类型错误
                            if (it.getY() < destroyLayer.getY()) return false;
                                                                        ^
    boolean无法转换为TraversalNodeStatus
D:\Minecraft-Mods\AnvilCraft\src\main\java\dev\dubhe\anvilcraft\event\giantanvil\shock\DestroyType.java:153: 错误: 不兼容的类型: lambda 表达式中的返回类型错误
                            if (it.getY() > pos.getY()) return false;
                                                               ^
    boolean无法转换为TraversalNodeStatus
D:\Minecraft-Mods\AnvilCraft\src\main\java\dev\dubhe\anvilcraft\event\LightningEventListener.java:21: 错误: 找不到符号
        Level level = event.getLevel();
                           ^
  符号:   方法 getLevel()
  位置: 类型为LightningBoltStrikeEvent的变量 event
D:\Minecraft-Mods\AnvilCraft\src\main\java\dev\dubhe\anvilcraft\event\LightningEventListener.java:22: 错误: 找不到符号
        BlockPos pos = event.getPos();
                            ^
  符号:   方法 getPos()
  位置: 类型为LightningBoltStrikeEvent的变量 event
D:\Minecraft-Mods\AnvilCraft\src\main\java\dev\dubhe\anvilcraft\event\LightningEventListener.java:28: 错误: 找不到符号
        LightningEventListener.strikeOnLightningRod(event.getLevel(), event.getTargetPos(), event.getTargetState());
                                                         ^
  符号:   方法 getLevel()
  位置: 类型为TargetBlock的变量 event
D:\Minecraft-Mods\AnvilCraft\src\main\java\dev\dubhe\anvilcraft\event\LightningEventListener.java:28: 错误: 找不到符号
        LightningEventListener.strikeOnLightningRod(event.getLevel(), event.getTargetPos(), event.getTargetState());
                                                                           ^
  符号:   方法 getTargetPos()
  位置: 类型为TargetBlock的变量 event
D:\Minecraft-Mods\AnvilCraft\src\main\java\dev\dubhe\anvilcraft\event\LightningEventListener.java:28: 错误: 找不到符号
        LightningEventListener.strikeOnLightningRod(event.getLevel(), event.getTargetPos(), event.getTargetState());
                                                                                                 ^
  符号:   方法 getTargetState()
  位置: 类型为TargetBlock的变量 event
D:\Minecraft-Mods\AnvilCraft\src\main\java\dev\dubhe\anvilcraft\event\LivingEntityEventListener.java:57: 错误: 找不到符号
        if ((type.is(EntityTypeTags.SKELETONS) && player.getData(ModDataAttachments.SCARE_SKELETONS))
                 ^
  符号:   方法 is(TagKey<EntityType<?>>)
  位置: 类型为EntityType<?>的变量 type
D:\Minecraft-Mods\AnvilCraft\src\main\java\dev\dubhe\anvilcraft\event\LivingEntityEventListener.java:71: 错误: 找不到符号
        if ((type.is(EntityTypeTags.SKELETONS) && player.getData(ModDataAttachments.SCARE_SKELETONS))
                 ^
  符号:   方法 is(TagKey<EntityType<?>>)
  位置: 类型为EntityType<?>的变量 type
D:\Minecraft-Mods\AnvilCraft\src\main\java\dev\dubhe\anvilcraft\event\LivingEntityEventListener.java:96: 错误: 找不到符号
            giant.targetSelector.addGoal(1, new HurtByTargetGoal(giant).setAlertOthers(ZombifiedPiglin.class));
                                                                                       ^
  符号:   类 ZombifiedPiglin
  位置: 类 LivingEntityEventListener
D:\Minecraft-Mods\AnvilCraft\src\main\java\dev\dubhe\anvilcraft\event\LivingEntityEventListener.java:98: 错误: 找不到符号
            giant.targetSelector.addGoal(3, new NearestAttackableTargetGoal<>(giant, AbstractVillager.class, false));
                                                                                     ^
  符号:   类 AbstractVillager
  位置: 类 LivingEntityEventListener
D:\Minecraft-Mods\AnvilCraft\src\main\java\dev\dubhe\anvilcraft\event\LivingEntityEventListener.java:99: 错误: 找不到符号
            giant.targetSelector.addGoal(3, new NearestAttackableTargetGoal<>(giant, IronGolem.class, true));
                                                                                     ^
  符号:   类 IronGolem
  位置: 类 LivingEntityEventListener
D:\Minecraft-Mods\AnvilCraft\src\main\java\dev\dubhe\anvilcraft\event\LivingEntityEventListener.java:101: 错误: 找不到符号
                5, new NearestAttackableTargetGoal<>(giant, Turtle.class, 10, true, false, Turtle.BABY_ON_LAND_SELECTOR));
                                                            ^
  符号:   类 Turtle
  位置: 类 LivingEntityEventListener
D:\Minecraft-Mods\AnvilCraft\src\main\java\dev\dubhe\anvilcraft\event\LivingEntityEventListener.java:101: 错误: 找不到符号
                5, new NearestAttackableTargetGoal<>(giant, Turtle.class, 10, true, false, Turtle.BABY_ON_LAND_SELECTOR));
                                                                                           ^
  符号:   变量 Turtle
  位置: 类 LivingEntityEventListener
D:\Minecraft-Mods\AnvilCraft\src\main\java\dev\dubhe\anvilcraft\event\LivingEntityEventListener.java:119: 错误: 找不到符号
                manager.getAllRecipesFor(ModRecipeTypes.MOB_TRANSFORM_WITH_ITEM.get());
                       ^
  符号:   方法 getAllRecipesFor(RecipeType<MobTransformWithItemRecipe>)
  位置: 类型为RecipeManager的变量 manager
D:\Minecraft-Mods\AnvilCraft\src\main\java\dev\dubhe\anvilcraft\event\LootTableEventListener.java:42: 错误: 找不到符号
        if (Blocks.BUDDING_AMETHYST.getLootTable().location().equals(id)) {
                                                  ^
  符号:   方法 location()
  位置: 类 Optional<ResourceKey<LootTable>>
D:\Minecraft-Mods\AnvilCraft\src\main\java\dev\dubhe\anvilcraft\event\LootTableEventListener.java:48: 错误: 找不到符号
        if (BuiltInLootTables.SPAWN_BONUS_CHEST.location().equals(id)) {
                                               ^
  符号:   方法 location()
  位置: 类型为ResourceKey<LootTable>的变量 SPAWN_BONUS_CHEST
D:\Minecraft-Mods\AnvilCraft\src\main\java\dev\dubhe\anvilcraft\event\LootTableEventListener.java:54: 错误: 找不到符号
        if (BuiltInLootTables.VILLAGE_WEAPONSMITH.location().equals(id)) {
                                                 ^
  符号:   方法 location()
  位置: 类型为ResourceKey<LootTable>的变量 VILLAGE_WEAPONSMITH
D:\Minecraft-Mods\AnvilCraft\src\main\java\dev\dubhe\anvilcraft\event\LootTableEventListener.java:68: 错误: 找不到符号
        if (EntityType.ZOMBIFIED_PIGLIN.getDefaultLootTable().location().equals(id)) {
                                                             ^
  符号:   方法 location()
  位置: 类 Optional<ResourceKey<LootTable>>
D:\Minecraft-Mods\AnvilCraft\src\main\java\dev\dubhe\anvilcraft\event\LootTableEventListener.java:78: 错误: 找不到符号
                        .nbt(new NbtPredicate(attachmentTag))
                                 ^
  符号:   类 NbtPredicate
  位置: 类 LootTableEventListener
D:\Minecraft-Mods\AnvilCraft\src\main\java\dev\dubhe\anvilcraft\event\LootTableEventListener.java:76: 错误: 程序包EntityPredicate不存在
                    EntityPredicate.Builder.entity()
                                   ^
D:\Minecraft-Mods\AnvilCraft\src\main\java\dev\dubhe\anvilcraft\event\PlayerEventListener.java:138: 错误: 找不到符号
            PacketDistributor.sendToServer(new DragonRodDevourPacket(hand, pos, blockFace));
                             ^
  符号:   方法 sendToServer(DragonRodDevourPacket)
  位置: 类 PacketDistributor
D:\Minecraft-Mods\AnvilCraft\src\main\java\dev\dubhe\anvilcraft\event\PortalEventListener.java:25: 错误: 找不到符号
        if (!(event.getLevel() instanceof ServerLevel level)) return;
                   ^
  符号:   方法 getLevel()
  位置: 类型为EntityThroughPortalEvent的变量 event
D:\Minecraft-Mods\AnvilCraft\src\main\java\dev\dubhe\anvilcraft\event\PortalEventListener.java:27: 错误: 找不到符号
        PortalEventListener.processBlockPortalConversionRecipe(level, entity, event.getType());
                                                                                   ^
  符号:   方法 getType()
  位置: 类型为EntityThroughPortalEvent的变量 event
D:\Minecraft-Mods\AnvilCraft\src\main\java\dev\dubhe\anvilcraft\event\PortalEventListener.java:36: 错误: 找不到符号
        Map.Entry<BlockState, CompoundTag> result = CompatUtil.PORTAL_DEFAULT_CONVERSION.get(type.getPortal());
                                                                                                 ^
  符号:   方法 getPortal()
  位置: 类型为PortalType的变量 type
D:\Minecraft-Mods\AnvilCraft\src\main\java\dev\dubhe\anvilcraft\event\PortalEventListener.java:37: 错误: 找不到符号
        Optional<RecipeHolder<PortalConversionRecipe>> recipeOp = level.getRecipeManager().getRecipeFor(
                                                                       ^
  符号:   方法 getRecipeManager()
  位置: 类型为ServerLevel的变量 level
D:\Minecraft-Mods\AnvilCraft\src\main\java\dev\dubhe\anvilcraft\event\PortalEventListener.java:42: 错误: 找不到符号
        if (recipeOp.isPresent()) result = recipeOp.get().value().getResults().getResult(level);
                                                                 ^
  符号:   方法 getResults()
  位置: 类 PortalConversionRecipe
D:\Minecraft-Mods\AnvilCraft\src\main\java\dev\dubhe\anvilcraft\event\RegisterColorHandlersEventListener.java:21: 错误: 程序包FastColor不存在
                return FastColor.ARGB32.opaque(potionContents.getColor());
                                ^
D:\Minecraft-Mods\AnvilCraft\src\main\java\dev\dubhe\anvilcraft\event\ServerBlockEntityEventListener.java:20: 错误: 找不到符号
        if (event.getEntity() instanceof IPowerComponent component) {
                 ^
  符号:   方法 getEntity()
  位置: 类型为ServerLoad的变量 event
D:\Minecraft-Mods\AnvilCraft\src\main\java\dev\dubhe\anvilcraft\event\ServerBlockEntityEventListener.java:23: 错误: 找不到符号
        if (event.getEntity() instanceof ChargeCollectorBlockEntity chargeCollector) {
                 ^
  符号:   方法 getEntity()
  位置: 类型为ServerLoad的变量 event
D:\Minecraft-Mods\AnvilCraft\src\main\java\dev\dubhe\anvilcraft\event\ServerBlockEntityEventListener.java:24: 错误: 找不到符号
            ChargeCollectorManager.getInstance(event.getLevel()).addChargeCollector(chargeCollector);
                                                    ^
  符号:   方法 getLevel()
  位置: 类型为ServerLoad的变量 event
D:\Minecraft-Mods\AnvilCraft\src\main\java\dev\dubhe\anvilcraft\event\ServerBlockEntityEventListener.java:26: 错误: 找不到符号
        if (event.getEntity() instanceof HeatableBlockEntity heatable) {
                 ^
  符号:   方法 getEntity()
  位置: 类型为ServerLoad的变量 event
D:\Minecraft-Mods\AnvilCraft\src\main\java\dev\dubhe\anvilcraft\event\ServerBlockEntityEventListener.java:27: 错误: 找不到符号
            HeaterManager.addHeatableBlock(heatable.getBlockPos(), event.getLevel());
                                                                        ^
  符号:   方法 getLevel()
  位置: 类型为ServerLoad的变量 event
D:\Minecraft-Mods\AnvilCraft\src\main\java\dev\dubhe\anvilcraft\event\ServerBlockEntityEventListener.java:33: 错误: 找不到符号
        if (event.getEntity() instanceof IPowerComponent component) {
                 ^
  符号:   方法 getEntity()
  位置: 类型为ServerUnload的变量 event
D:\Minecraft-Mods\AnvilCraft\src\main\java\dev\dubhe\anvilcraft\event\ServerBlockEntityEventListener.java:36: 错误: 找不到符号
        if (event.getEntity() instanceof ChargeCollectorBlockEntity chargeCollector) {
                 ^
  符号:   方法 getEntity()
  位置: 类型为ServerUnload的变量 event
D:\Minecraft-Mods\AnvilCraft\src\main\java\dev\dubhe\anvilcraft\event\ServerBlockEntityEventListener.java:37: 错误: 找不到符号
            ChargeCollectorManager.getInstance(event.getLevel()).removeChargeCollector(chargeCollector);
                                                    ^
  符号:   方法 getLevel()
  位置: 类型为ServerUnload的变量 event
D:\Minecraft-Mods\AnvilCraft\src\main\java\dev\dubhe\anvilcraft\event\ServerBlockEntityEventListener.java:38: 错误: 找不到符号
        } else if (event.getEntity() instanceof OverseerBlockEntity overseerBlockEntity) {
                        ^
  符号:   方法 getEntity()
  位置: 类型为ServerUnload的变量 event
D:\Minecraft-Mods\AnvilCraft\src\main\java\dev\dubhe\anvilcraft\event\ServerBlockEntityEventListener.java:39: 错误: 找不到符号
            LevelLoadManager.unregister(overseerBlockEntity.getBlockPos(), event.getLevel());
                                                                                ^
  符号:   方法 getLevel()
  位置: 类型为ServerUnload的变量 event
D:\Minecraft-Mods\AnvilCraft\src\main\java\dev\dubhe\anvilcraft\event\SoundEventListener.java:18: 错误: 找不到符号
            event.getSound().value().getLocation(),
                                    ^
  符号:   方法 getLocation()
  位置: 类 SoundEvent
D:\Minecraft-Mods\AnvilCraft\src\main\java\dev\dubhe\anvilcraft\event\SoundEventListener.java:27: 错误: 找不到符号
            event.getSound().value().getLocation(),
                                    ^
  符号:   方法 getLocation()
  位置: 类 SoundEvent
D:\Minecraft-Mods\AnvilCraft\src\main\java\dev\dubhe\anvilcraft\event\UseOnBlockEventListener.java:24: 错误: 找不到符号
            LivingEntity.getSlotForHand(context.getHand()),
                        ^
  符号:   方法 getSlotForHand(InteractionHand)
  位置: 类 LivingEntity
D:\Minecraft-Mods\AnvilCraft\src\main\java\dev\dubhe\anvilcraft\event\VillagerEventListener.java:31: 错误: 程序包VillagerTrades不存在
            Int2ObjectMap<List<VillagerTrades.ItemListing>> trades = event.getTrades();
                                             ^
D:\Minecraft-Mods\AnvilCraft\src\main\java\dev\dubhe\anvilcraft\init\block\ModBlockEntities.java:203: 错误: 不兼容的类型: lambda 表达式中的返回类型错误
        .renderer(() -> LaserBlockRenderer::new)
                        ^
    方法引用中的返回类型错误
      LaserBlockRenderer无法转换为BlockEntityRenderer<? super RubyPrismBlockEntity,?>
D:\Minecraft-Mods\AnvilCraft\src\main\java\dev\dubhe\anvilcraft\init\block\ModBlockEntities.java:208: 错误: 不兼容的类型: lambda 表达式中的返回类型错误
        .renderer(() -> LaserBlockRenderer::new)
                        ^
    方法引用中的返回类型错误
      LaserBlockRenderer无法转换为BlockEntityRenderer<? super RubyLaserBlockEntity,?>
D:\Minecraft-Mods\AnvilCraft\src\main\java\dev\dubhe\anvilcraft\init\block\ModBlockEntities.java:231: 错误: 不兼容的类型: lambda 表达式中的返回类型错误
        .renderer(() -> TeslaTowerRenderer::new)
                        ^
    方法引用中的返回类型错误
      TeslaTowerRenderer无法转换为BlockEntityRenderer<? super TeslaTowerBlockEntity,?>
D:\Minecraft-Mods\AnvilCraft\src\main\java\dev\dubhe\anvilcraft\init\block\ModBlocks.java:981: 错误: 不兼容的类型: lambda 表达式中的参数类型不兼容
        .blockstate((context, provider) -> provider.simpleBlock(context.get(), DangerUtil.genConfiguredModel("block/impact_pile").get()))
                    ^
D:\Minecraft-Mods\AnvilCraft\src\main\java\dev\dubhe\anvilcraft\init\block\ModBlocks.java:1093: 错误: 不兼容的类型: lambda 表达式中的参数类型不兼容
        .blockstate((context, provider) -> provider.simpleBlock(
                    ^
D:\Minecraft-Mods\AnvilCraft\src\main\java\dev\dubhe\anvilcraft\init\block\ModBlocks.java:1109: 错误: 不兼容的类型: lambda 表达式中的参数类型不兼容
        .model((ctx, provider) -> provider.blockItem(ctx))
               ^
D:\Minecraft-Mods\AnvilCraft\src\main\java\dev\dubhe\anvilcraft\init\block\ModBlocks.java:1117: 错误: 不兼容的类型: lambda 表达式中的参数类型不兼容
        .blockstate((ctx, provider) -> {
                    ^
D:\Minecraft-Mods\AnvilCraft\src\main\java\dev\dubhe\anvilcraft\init\block\ModBlocks.java:1119: 错误: 找不到符号
                case X -> new ConfiguredModel[]{
                              ^
  符号:   类 ConfiguredModel
  位置: 类 ModBlocks
D:\Minecraft-Mods\AnvilCraft\src\main\java\dev\dubhe\anvilcraft\init\block\ModBlocks.java:1120: 错误: 找不到符号
                    ConfiguredModel.builder().modelFile(DangerUtil.genModModelFile("block/sliding_rail").get()).rotationY(90).buildLast()
                    ^
  符号:   变量 ConfiguredModel
  位置: 类 ModBlocks
D:\Minecraft-Mods\AnvilCraft\src\main\java\dev\dubhe\anvilcraft\init\block\ModBlocks.java:1141: 错误: 不兼容的类型: lambda 表达式中的参数类型不兼容
        .model((ctx, provider) -> provider.blockItem(ctx))
               ^
D:\Minecraft-Mods\AnvilCraft\src\main\java\dev\dubhe\anvilcraft\init\block\ModBlocks.java:1155: 错误: 不兼容的类型: lambda 表达式中的参数类型不兼容
        .model((ctx, provider) -> provider.blockItem(ctx))
               ^
D:\Minecraft-Mods\AnvilCraft\src\main\java\dev\dubhe\anvilcraft\init\block\ModBlocks.java:1169: 错误: 不兼容的类型: lambda 表达式中的参数类型不兼容
        .model((ctx, provider) -> provider.blockItem(ctx))
               ^
D:\Minecraft-Mods\AnvilCraft\src\main\java\dev\dubhe\anvilcraft\init\block\ModBlocks.java:1178: 错误: 不兼容的类型: lambda 表达式中的参数类型不兼容
        .blockstate((ctx, provider) -> {
                    ^
D:\Minecraft-Mods\AnvilCraft\src\main\java\dev\dubhe\anvilcraft\init\block\ModBlocks.java:1208: 错误: 找不到符号
        .item(FlexibleMultiPartBlockItem<DirectionCube3x3PartHalf, DirectionProperty, Direction>::new)
                                                                   ^
  符号:   类 DirectionProperty
  位置: 类 ModBlocks
D:\Minecraft-Mods\AnvilCraft\src\main\java\dev\dubhe\anvilcraft\init\block\ModBlocks.java:1219: 错误: 找不到符号
        .item(FlexibleMultiPartBlockItem<DirectionCube3x3PartHalf, DirectionProperty, Direction>::new)
                                                                   ^
  符号:   类 DirectionProperty
  位置: 类 ModBlocks
D:\Minecraft-Mods\AnvilCraft\src\main\java\dev\dubhe\anvilcraft\init\block\ModBlocks.java:1424: 错误: 不兼容的类型: lambda 表达式中的参数类型不兼容
        .blockstate((ctx, provider) -> provider.slabBlock(
                    ^
D:\Minecraft-Mods\AnvilCraft\src\main\java\dev\dubhe\anvilcraft\init\block\ModBlocks.java:1449: 错误: 不兼容的类型: lambda 表达式中的参数类型不兼容
        .blockstate((ctx, provider) -> provider.stairsBlock(ctx.get(), AnvilCraft.of("block/cut_royal_steel_block")))
                    ^
D:\Minecraft-Mods\AnvilCraft\src\main\java\dev\dubhe\anvilcraft\init\block\ModBlocks.java:1477: 错误: 不兼容的类型: lambda 表达式中的参数类型不兼容
        .blockstate((context, provider) -> provider.simpleBlock(
                    ^
D:\Minecraft-Mods\AnvilCraft\src\main\java\dev\dubhe\anvilcraft\init\block\ModBlocks.java:1505: 错误: 不兼容的类型: lambda 表达式中的参数类型不兼容
        .blockstate((context, provider) -> provider.simpleBlock(
                    ^
D:\Minecraft-Mods\AnvilCraft\src\main\java\dev\dubhe\anvilcraft\init\block\ModBlocks.java:1608: 错误: 不兼容的类型: lambda 表达式中的参数类型不兼容
        .blockstate((context, provider) -> provider.simpleBlock(
                    ^
D:\Minecraft-Mods\AnvilCraft\src\main\java\dev\dubhe\anvilcraft\init\block\ModBlocks.java:1627: 错误: 不兼容的类型: lambda 表达式中的参数类型不兼容
        .blockstate((context, provider) -> provider.simpleBlock(
                    ^
D:\Minecraft-Mods\AnvilCraft\src\main\java\dev\dubhe\anvilcraft\init\block\ModBlocks.java:1710: 错误: 不兼容的类型: lambda 表达式中的参数类型不兼容
        .blockstate((context, provider) -> provider.simpleBlock(
                    ^
D:\Minecraft-Mods\AnvilCraft\src\main\java\dev\dubhe\anvilcraft\init\block\ModBlocks.java:1724: 错误: 不兼容的类型: lambda 表达式中的参数类型不兼容
        .blockstate((context, provider) -> provider.simpleBlock(
                    ^
D:\Minecraft-Mods\AnvilCraft\src\main\java\dev\dubhe\anvilcraft\init\block\ModBlocks.java:1744: 错误: 不兼容的类型: lambda 表达式中的参数类型不兼容
        .blockstate((ctx, provider) -> provider.slabBlock(
                    ^
D:\Minecraft-Mods\AnvilCraft\src\main\java\dev\dubhe\anvilcraft\init\block\ModBlocks.java:1763: 错误: 不兼容的类型: lambda 表达式中的参数类型不兼容
        .blockstate((ctx, provider) -> provider.stairsBlock(ctx.get(), AnvilCraft.of("block/polished_heavy_iron_block")))
                    ^
D:\Minecraft-Mods\AnvilCraft\src\main\java\dev\dubhe\anvilcraft\init\block\ModBlocks.java:1782: 错误: 不兼容的类型: lambda 表达式中的参数类型不兼容
        .blockstate((ctx, provider) -> provider.slabBlock(
                    ^
D:\Minecraft-Mods\AnvilCraft\src\main\java\dev\dubhe\anvilcraft\init\block\ModBlocks.java:1801: 错误: 不兼容的类型: lambda 表达式中的参数类型不兼容
        .blockstate((ctx, provider) -> provider.stairsBlock(ctx.get(), AnvilCraft.of("block/cut_heavy_iron_block")))
                    ^
D:\Minecraft-Mods\AnvilCraft\src\main\java\dev\dubhe\anvilcraft\init\block\ModBlocks.java:1846: 错误: 不兼容的类型: lambda 表达式中的参数类型不兼容
        .model((ctx, provide) -> provide.wallInventory("heavy_iron_wall", AnvilCraft.of("block/heavy_iron_wall")))
               ^
D:\Minecraft-Mods\AnvilCraft\src\main\java\dev\dubhe\anvilcraft\init\block\ModBlocks.java:1861: 错误: 不兼容的类型: lambda 表达式中的参数类型不兼容
        .model((ctx, prov) -> {
               ^
D:\Minecraft-Mods\AnvilCraft\src\main\java\dev\dubhe\anvilcraft\init\block\ModBlocks.java:1879: 错误: 不兼容的类型: lambda 表达式中的参数类型不兼容
        .model((c, p) -> {
               ^
D:\Minecraft-Mods\AnvilCraft\src\main\java\dev\dubhe\anvilcraft\init\block\ModBlocks.java:2118: 错误: 找不到符号
                    .apply(CopyComponentsFunction.copyComponents(CopyComponentsFunction.Source.BLOCK_ENTITY)
                                                                                       ^
  符号:   变量 Source
  位置: 类 CopyComponentsFunction
D:\Minecraft-Mods\AnvilCraft\src\main\java\dev\dubhe\anvilcraft\init\block\ModBlocks.java:2139: 错误: 找不到符号
                    .apply(CopyComponentsFunction.copyComponents(CopyComponentsFunction.Source.BLOCK_ENTITY)
                                                                                       ^
  符号:   变量 Source
  位置: 类 CopyComponentsFunction
D:\Minecraft-Mods\AnvilCraft\src\main\java\dev\dubhe\anvilcraft\init\block\ModBlocks.java:2153: 错误: 不兼容的类型: lambda 表达式中的参数类型不兼容
        .blockstate((ctx, provider) -> {
                    ^
D:\Minecraft-Mods\AnvilCraft\src\main\java\dev\dubhe\anvilcraft\init\block\ModBlocks.java:2171: 错误: 不兼容的类型: lambda 表达式中的参数类型不兼容
        .blockstate((ctx, provider) -> {
                    ^
D:\Minecraft-Mods\AnvilCraft\src\main\java\dev\dubhe\anvilcraft\init\block\ModBlocks.java:2189: 错误: 不兼容的类型: lambda 表达式中的参数类型不兼容
        .blockstate((ctx, provider) -> {
                    ^
D:\Minecraft-Mods\AnvilCraft\src\main\java\dev\dubhe\anvilcraft\init\block\ModBlocks.java:2237: 错误: 不兼容的类型: lambda 表达式中的参数类型不兼容
        .blockstate((ctx, provider) -> provider.getVariantBuilder(ctx.get())
                    ^
D:\Minecraft-Mods\AnvilCraft\src\main\java\dev\dubhe\anvilcraft\init\block\ModBlocks.java:2239: 错误: 找不到符号
            .addModels(new ConfiguredModel(provider.models().getExistingFile(ctx.getId().withPrefix("block/")))))
                           ^
  符号:   类 ConfiguredModel
  位置: 类 ModBlocks
D:\Minecraft-Mods\AnvilCraft\src\main\java\dev\dubhe\anvilcraft\init\block\ModBlocks.java:2305: 错误: 不兼容的类型: lambda 表达式中的参数类型不兼容
        .blockstate((context, provider) -> provider.simpleBlock(context.get(), DangerUtil.genConfiguredModel("block/cake_block").get()))
                    ^
D:\Minecraft-Mods\AnvilCraft\src\main\java\dev\dubhe\anvilcraft\init\block\ModBlocks.java:2314: 错误: 不兼容的类型: lambda 表达式中的参数类型不兼容
        .blockstate((context, provider) -> provider.simpleBlock(
                    ^
D:\Minecraft-Mods\AnvilCraft\src\main\java\dev\dubhe\anvilcraft\init\block\ModBlocks.java:2329: 错误: 不兼容的类型: lambda 表达式中的参数类型不兼容
        .blockstate((context, provider) -> provider.simpleBlock(
                    ^
D:\Minecraft-Mods\AnvilCraft\src\main\java\dev\dubhe\anvilcraft\init\block\ModBlocks.java:2401: 错误: 不兼容的类型: lambda 表达式中的参数类型不兼容
        .blockstate((ctx, provider) -> {
                    ^
D:\Minecraft-Mods\AnvilCraft\src\main\java\dev\dubhe\anvilcraft\init\block\ModBlocks.java:2416: 错误: 不兼容的类型: lambda 表达式中的参数类型不兼容
        .blockstate((ctx, provider) -> {
                    ^
D:\Minecraft-Mods\AnvilCraft\src\main\java\dev\dubhe\anvilcraft\init\block\ModBlocks.java:2431: 错误: 不兼容的类型: lambda 表达式中的参数类型不兼容
        .blockstate((ctx, provider) -> {
                    ^
D:\Minecraft-Mods\AnvilCraft\src\main\java\dev\dubhe\anvilcraft\init\block\ModBlocks.java:2446: 错误: 不兼容的类型: lambda 表达式中的参数类型不兼容
        .blockstate((ctx, provider) -> {
                    ^
D:\Minecraft-Mods\AnvilCraft\src\main\java\dev\dubhe\anvilcraft\init\block\ModBlocks.java:2461: 错误: 不兼容的类型: lambda 表达式中的参数类型不兼容
        .blockstate((ctx, provider) -> {
                    ^
D:\Minecraft-Mods\AnvilCraft\src\main\java\dev\dubhe\anvilcraft\init\block\ModBlocks.java:2476: 错误: 不兼容的类型: lambda 表达式中的参数类型不兼容
        .blockstate((ctx, provider) -> {
                    ^
D:\Minecraft-Mods\AnvilCraft\src\main\java\dev\dubhe\anvilcraft\init\block\ModBlocks.java:2593: 错误: 不兼容的类型: lambda 表达式中的参数类型不兼容
        .blockstate((context, provider) -> provider.simpleBlock(
                    ^
D:\Minecraft-Mods\AnvilCraft\src\main\java\dev\dubhe\anvilcraft\init\block\ModBlocks.java:2791: 错误: 不兼容的类型: lambda 表达式中的参数类型不兼容
        .blockstate((context, provider) -> provider.simpleBlock(
                    ^
D:\Minecraft-Mods\AnvilCraft\src\main\java\dev\dubhe\anvilcraft\init\block\ModBlocks.java:2828: 错误: 不兼容的类型: lambda 表达式中的参数类型不兼容
        .blockstate((ctx, provider) -> provider.simpleBlock(
                    ^
D:\Minecraft-Mods\AnvilCraft\src\main\java\dev\dubhe\anvilcraft\init\block\ModBlocks.java:2853: 错误: 不兼容的类型: lambda 表达式中的参数类型不兼容
        .blockstate((context, provider) -> provider.simpleBlock(
                    ^
D:\Minecraft-Mods\AnvilCraft\src\main\java\dev\dubhe\anvilcraft\init\block\ModBlocks.java:2944: 错误: 不兼容的类型: lambda 表达式中的参数类型不兼容
            .blockstate((ctx, provider) -> {
                        ^
D:\Minecraft-Mods\AnvilCraft\src\main\java\dev\dubhe\anvilcraft\init\block\ModBlocks.java:2986: 错误: 不兼容的类型: lambda 表达式中的参数类型不兼容
            .blockstate((ctx, provider) -> provider.slabBlock(
                        ^
D:\Minecraft-Mods\AnvilCraft\src\main\java\dev\dubhe\anvilcraft\init\block\ModBlocks.java:3016: 错误: 不兼容的类型: lambda 表达式中的参数类型不兼容
            .blockstate((ctx, provider) -> provider.stairsBlock(ctx.get(), AnvilCraft.of("block/reinforced_concrete_" + color)))
                        ^
D:\Minecraft-Mods\AnvilCraft\src\main\java\dev\dubhe\anvilcraft\init\block\ModBlocks.java:3035: 错误: 不兼容的类型: lambda 表达式中的参数类型不兼容
            .blockstate((ctx, provider) -> provider.wallBlock(ctx.get(), AnvilCraft.of("block/reinforced_concrete_" + color + "_wall")))
                        ^
D:\Minecraft-Mods\AnvilCraft\src\main\java\dev\dubhe\anvilcraft\init\block\ModBlocks.java:3060: 错误: 不兼容的类型: lambda 表达式中的参数类型不兼容
            .blockstate((ctx, provider) -> {
                        ^
D:\Minecraft-Mods\AnvilCraft\src\main\java\dev\dubhe\anvilcraft\init\block\ModBlocks.java:3094: 错误: 不兼容的类型: lambda 表达式中的参数类型不兼容
            .blockstate((ctx, provider) -> provider.pressurePlateBlock(
                        ^
D:\Minecraft-Mods\AnvilCraft\src\main\java\dev\dubhe\anvilcraft\init\block\ModBlocks.java:3186: 错误: 不兼容的类型: lambda 表达式中的参数类型不兼容
        .model((ctx, provider) -> provider.blockItem(ctx))
               ^
D:\Minecraft-Mods\AnvilCraft\src\main\java\dev\dubhe\anvilcraft\init\block\ModBlocks.java:3203: 错误: 不兼容的类型: lambda 表达式中的参数类型不兼容
        .model((ctx, provider) -> provider.blockItem(ctx))
               ^
D:\Minecraft-Mods\AnvilCraft\src\main\java\dev\dubhe\anvilcraft\init\block\ModBlocks.java:3220: 错误: 不兼容的类型: lambda 表达式中的参数类型不兼容
        .model((ctx, provider) -> provider.blockItem(ctx))
               ^
D:\Minecraft-Mods\AnvilCraft\src\main\java\dev\dubhe\anvilcraft\init\block\ModBlocks.java:3297: 错误: 不兼容的类型: 方法引用中的参数类型不兼容
        .blockstate(DataGenUtil::simple)
                    ^
D:\Minecraft-Mods\AnvilCraft\src\main\java\dev\dubhe\anvilcraft\init\block\ModBlocks.java:3310: 错误: 不兼容的类型: 方法引用中的参数类型不兼容
        .blockstate(DataGenUtil::simple)
                    ^
D:\Minecraft-Mods\AnvilCraft\src\main\java\dev\dubhe\anvilcraft\init\block\ModBlocks.java:3323: 错误: 不兼容的类型: 方法引用中的参数类型不兼容
        .blockstate(DataGenUtil::simple)
                    ^
D:\Minecraft-Mods\AnvilCraft\src\main\java\dev\dubhe\anvilcraft\init\block\ModBlocks.java:3336: 错误: 不兼容的类型: 方法引用中的参数类型不兼容
        .blockstate(DataGenUtil::simple)
                    ^
D:\Minecraft-Mods\AnvilCraft\src\main\java\dev\dubhe\anvilcraft\init\block\ModBlocks.java:3349: 错误: 不兼容的类型: 方法引用中的参数类型不兼容
        .blockstate(DataGenUtil::simple)
                    ^
D:\Minecraft-Mods\AnvilCraft\src\main\java\dev\dubhe\anvilcraft\init\block\ModBlocks.java:3363: 错误: 不兼容的类型: 方法引用中的参数类型不兼容
        .blockstate(DataGenUtil::simple)
                    ^
D:\Minecraft-Mods\AnvilCraft\src\main\java\dev\dubhe\anvilcraft\init\block\ModBlocks.java:3373: 错误: 不兼容的类型: 方法引用中的参数类型不兼容
        .blockstate(DataGenUtil::simple)
                    ^
D:\Minecraft-Mods\AnvilCraft\src\main\java\dev\dubhe\anvilcraft\init\block\ModBlocks.java:3391: 错误: 不兼容的类型: lambda 表达式中的参数类型不兼容
        .blockstate((ctx, provider) -> {
                    ^
D:\Minecraft-Mods\AnvilCraft\src\main\java\dev\dubhe\anvilcraft\init\block\ModBlocks.java:3392: 错误: 找不到符号
            BlockModelBuilder sugarBlock = provider.models().cubeAll("sugar_block", of("block/sugar_block"));
            ^
  符号:   类 BlockModelBuilder
  位置: 类 ModBlocks
D:\Minecraft-Mods\AnvilCraft\src\main\java\dev\dubhe\anvilcraft\init\block\ModBlocks.java:3393: 错误: 找不到符号
            BlockModelBuilder sugarBlock1 = provider.models().cubeAll("sugar_block1", of("block/sugar_block_1"));
            ^
  符号:   类 BlockModelBuilder
  位置: 类 ModBlocks
D:\Minecraft-Mods\AnvilCraft\src\main\java\dev\dubhe\anvilcraft\init\block\ModBlocks.java:3394: 错误: 找不到符号
            BlockModelBuilder sugarBlock2 = provider.models().cubeAll("sugar_block2", of("block/sugar_block_2"));
            ^
  符号:   类 BlockModelBuilder
  位置: 类 ModBlocks
D:\Minecraft-Mods\AnvilCraft\src\main\java\dev\dubhe\anvilcraft\init\block\ModBlocks.java:3395: 错误: 找不到符号
            BlockModelBuilder sugarBlock3 = provider.models().cubeAll("sugar_block3", of("block/sugar_block_3"));
            ^
  符号:   类 BlockModelBuilder
  位置: 类 ModBlocks
D:\Minecraft-Mods\AnvilCraft\src\main\java\dev\dubhe\anvilcraft\init\block\ModBlocks.java:3467: 错误: 不兼容的类型: lambda 表达式中的参数类型不兼容
        .blockstate((ctx, provider) -> {
                    ^
D:\Minecraft-Mods\AnvilCraft\src\main\java\dev\dubhe\anvilcraft\init\block\ModBlocks.java:3482: 错误: 不兼容的类型: lambda 表达式中的参数类型不兼容
        .blockstate((ctx, provider) -> {
                    ^
D:\Minecraft-Mods\AnvilCraft\src\main\java\dev\dubhe\anvilcraft\init\block\ModBlocks.java:3499: 错误: 不兼容的类型: lambda 表达式中的参数类型不兼容
        .blockstate((ctx, provider) -> {
                    ^
D:\Minecraft-Mods\AnvilCraft\src\main\java\dev\dubhe\anvilcraft\init\block\ModBlocks.java:3511: 错误: 不兼容的类型: lambda 表达式中的参数类型不兼容
        .blockstate((ctx, provider) -> {
                    ^
D:\Minecraft-Mods\AnvilCraft\src\main\java\dev\dubhe\anvilcraft\init\block\ModBlocks.java:3512: 错误: 找不到符号
            ModelFile pulseGenerator = new ModelFile.ExistingModelFile(
            ^
  符号:   类 ModelFile
  位置: 类 ModBlocks
D:\Minecraft-Mods\AnvilCraft\src\main\java\dev\dubhe\anvilcraft\init\block\ModBlocks.java:3512: 错误: 程序包ModelFile不存在
            ModelFile pulseGenerator = new ModelFile.ExistingModelFile(
                                                    ^
D:\Minecraft-Mods\AnvilCraft\src\main\java\dev\dubhe\anvilcraft\init\block\ModBlocks.java:3516: 错误: 找不到符号
            ModelFile pulseGeneratorOn = new ModelFile.ExistingModelFile(
            ^
  符号:   类 ModelFile
  位置: 类 ModBlocks
D:\Minecraft-Mods\AnvilCraft\src\main\java\dev\dubhe\anvilcraft\init\block\ModBlocks.java:3516: 错误: 程序包ModelFile不存在
            ModelFile pulseGeneratorOn = new ModelFile.ExistingModelFile(
                                                      ^
D:\Minecraft-Mods\AnvilCraft\src\main\java\dev\dubhe\anvilcraft\init\block\ModBlocks.java:3553: 错误: 找不到符号
                .addModels(new ConfiguredModel(pulseGeneratorOn, 0, 270, false));
                               ^
  符号:   类 ConfiguredModel
  位置: 类 ModBlocks
D:\Minecraft-Mods\AnvilCraft\src\main\java\dev\dubhe\anvilcraft\init\block\ModBlocks.java:3549: 错误: 找不到符号
                .addModels(new ConfiguredModel(pulseGeneratorOn, 0, 180, false))
                               ^
  符号:   类 ConfiguredModel
  位置: 类 ModBlocks
D:\Minecraft-Mods\AnvilCraft\src\main\java\dev\dubhe\anvilcraft\init\block\ModBlocks.java:3545: 错误: 找不到符号
                .addModels(new ConfiguredModel(pulseGeneratorOn, 0, 90, false))
                               ^
  符号:   类 ConfiguredModel
  位置: 类 ModBlocks
D:\Minecraft-Mods\AnvilCraft\src\main\java\dev\dubhe\anvilcraft\init\block\ModBlocks.java:3541: 错误: 找不到符号
                .addModels(new ConfiguredModel(pulseGeneratorOn))
                               ^
  符号:   类 ConfiguredModel
  位置: 类 ModBlocks
D:\Minecraft-Mods\AnvilCraft\src\main\java\dev\dubhe\anvilcraft\init\block\ModBlocks.java:3537: 错误: 找不到符号
                .addModels(new ConfiguredModel(pulseGenerator, 0, 270, false))
                               ^
  符号:   类 ConfiguredModel
  位置: 类 ModBlocks
D:\Minecraft-Mods\AnvilCraft\src\main\java\dev\dubhe\anvilcraft\init\block\ModBlocks.java:3533: 错误: 找不到符号
                .addModels(new ConfiguredModel(pulseGenerator, 0, 180, false))
                               ^
  符号:   类 ConfiguredModel
  位置: 类 ModBlocks
D:\Minecraft-Mods\AnvilCraft\src\main\java\dev\dubhe\anvilcraft\init\block\ModBlocks.java:3529: 错误: 找不到符号
                .addModels(new ConfiguredModel(pulseGenerator, 0, 90, false))
                               ^
  符号:   类 ConfiguredModel
  位置: 类 ModBlocks
D:\Minecraft-Mods\AnvilCraft\src\main\java\dev\dubhe\anvilcraft\init\block\ModBlocks.java:3525: 错误: 找不到符号
                .addModels(new ConfiguredModel(pulseGenerator))
                               ^
  符号:   类 ConfiguredModel
  位置: 类 ModBlocks
D:\Minecraft-Mods\AnvilCraft\src\main\java\dev\dubhe\anvilcraft\init\block\ModBlocks.java:3565: 错误: 不兼容的类型: lambda 表达式中的参数类型不兼容
        .blockstate((ctx, provider) -> {
                    ^
D:\Minecraft-Mods\AnvilCraft\src\main\java\dev\dubhe\anvilcraft\init\block\ModBlocks.java:3583: 错误: 不兼容的类型: lambda 表达式中的参数类型不兼容
        .blockstate((ctx, provider) -> provider.pressurePlateBlock(ctx.get(), Identifier.withDefaultNamespace("block/copper_block")))
                    ^
D:\Minecraft-Mods\AnvilCraft\src\main\java\dev\dubhe\anvilcraft\init\block\ModBlocks.java:3629: 错误: 找不到符号
            entity -> entity.getType().is(TagKey.create(Registries.ENTITY_TYPE, Identifier.withDefaultNamespace("undead")))
                                      ^
  符号:   方法 is(TagKey<EntityType<?>>)
  位置: 类 EntityType<CAP#1>
  其中, CAP#1是新类型变量:
    CAP#1从?的捕获扩展Entity
D:\Minecraft-Mods\AnvilCraft\src\main\java\dev\dubhe\anvilcraft\init\block\ModBlocks.java:3660: 错误: 不兼容的类型: lambda 表达式中的参数类型不兼容
        .blockstate((ctx, provider) -> {
                    ^
D:\Minecraft-Mods\AnvilCraft\src\main\java\dev\dubhe\anvilcraft\init\block\ModBlocks.java:3668: 错误: 不兼容的类型: lambda 表达式中的参数类型不兼容
        .blockstate((ctx, provider) -> {
                    ^
D:\Minecraft-Mods\AnvilCraft\src\main\java\dev\dubhe\anvilcraft\init\block\ModFluids.java:297: 错误: 找不到符号
                    ColorUtil.mulValue(color.dyeItem().getDefaultInstance().get(DataComponents.DYE).getTextColor(), 0.6F),
                                            ^
  符号:   方法 dyeItem()
  位置: 类型为Color的变量 color
D:\Minecraft-Mods\AnvilCraft\src\main\java\dev\dubhe\anvilcraft\init\enchantment\ModEnchantments.java:61: 错误: 程序包ItemPredicate不存在
                    ItemPredicate.Builder.item()
                                 ^
D:\Minecraft-Mods\AnvilCraft\src\main\java\dev\dubhe\anvilcraft\init\enchantment\ModEnchantments.java:82: 错误: 程序包ItemPredicate不存在
                MatchTool.toolMatches(ItemPredicate.Builder.item().of(ItemTags.HOES))
                                                   ^
D:\Minecraft-Mods\AnvilCraft\src\main\java\dev\dubhe\anvilcraft\init\enchantment\ModEnchantments.java:86: 错误: 程序包ItemPredicate不存在
                MatchTool.toolMatches(ItemPredicate.Builder.item().of(ItemTags.HOES))
                                                   ^
D:\Minecraft-Mods\AnvilCraft\src\main\java\dev\dubhe\anvilcraft\init\enchantment\ModEnchantments.java:153: 错误: 找不到符号
        context.register(key, builder.build(key.location()));
                                               ^
  符号:   方法 location()
  位置: 类型为ResourceKey<Enchantment>的变量 key
D:\Minecraft-Mods\AnvilCraft\src\main\java\dev\dubhe\anvilcraft\init\entity\ModDamageTypes.java:40: 错误: 找不到符号
        Registry<DamageType> registry = level.registryAccess().registryOrThrow(Registries.DAMAGE_TYPE);
                                                              ^
  符号:   方法 registryOrThrow(ResourceKey<Registry<DamageType>>)
  位置: 接口 RegistryAccess
D:\Minecraft-Mods\AnvilCraft\src\main\java\dev\dubhe\anvilcraft\init\entity\ModDamageTypes.java:41: 错误: 找不到符号
        return new DamageSource(registry.getHolderOrThrow(key));
                                        ^
  符号:   方法 getHolderOrThrow(ResourceKey<DamageType>)
  位置: 类型为Registry<DamageType>的变量 registry
D:\Minecraft-Mods\AnvilCraft\src\main\java\dev\dubhe\anvilcraft\init\entity\ModEntities.java:47: 错误: 不兼容的类型: lambda 表达式中的返回类型错误
        .renderer(() -> SpectralBlockRenderer::new)
                        ^
    方法引用中的返回类型错误
      SpectralBlockRenderer无法转换为EntityRenderer<? super FallingSpectralBlockEntity,?>
D:\Minecraft-Mods\AnvilCraft\src\main\java\dev\dubhe\anvilcraft\init\entity\ModEntities.java:81: 错误: 类型参数? extends ThrownFrostMetalHeavyHalberdEntity不在类型变量T的范围内
    public static final EntityEntry<? extends ThrownFrostMetalHeavyHalberdEntity> THROWN_FROST_METAL_HEAVY_HALBERD = AnvilCraft.REGISTRUM
                                    ^
  其中, T是类型变量:
    T扩展已在类 EntityEntry中声明的Entity
D:\Minecraft-Mods\AnvilCraft\src\main\java\dev\dubhe\anvilcraft\init\entity\ModEntities.java:84: 错误: 不兼容的类型: 构造器引用无效
            (ThrownHeavyHalberdEntity.Factory<ThrownFrostMetalHeavyHalberdEntity>) ThrownFrostMetalHeavyHalberdEntity::new,
                                                                                   ^
    不兼容的类型: EntityType<ThrownFrostMetalHeavyHalberdEntity>无法转换为EntityType<? extends Entity>
D:\Minecraft-Mods\AnvilCraft\src\main\java\dev\dubhe\anvilcraft\init\entity\ModEntities.java:82: 错误: 对于entity(String,Factory<ThrownFrostMetalHeavyHalberdEntity>,MobCategory), 找不到合适的方法
        .entity(
        ^
    方法 AbstractRegistrum.<T#1>entity(EntityFactory<T#1>,MobCategory)不适用
      (无法推断类型变量 T#1
        (实际参数列表和形式参数列表长度不同))
    方法 AbstractRegistrum.<T#2>entity(String,EntityFactory<T#2>,MobCategory)不适用
      (推论变量 T#2 具有不兼容的上限
        等式约束条件：ThrownFrostMetalHeavyHalberdEntity
        上限：Entity)
    方法 AbstractRegistrum.<T#3,P#1>entity(P#1,EntityFactory<T#3>,MobCategory)不适用
      (推论变量 T#3 具有不兼容的上限
        等式约束条件：ThrownFrostMetalHeavyHalberdEntity
        上限：Entity)
    方法 AbstractRegistrum.<T#4,P#2>entity(P#2,String,EntityFactory<T#4>,MobCategory)不适用
      (无法推断类型变量 T#4,P#2
        (实际参数列表和形式参数列表长度不同))
  其中, T#1,S,T#2,T#3,P#1,T#4,P#2是类型变量:
    T#1扩展已在方法 <T#1>entity(EntityFactory<T#1>,MobCategory)中声明的Entity
    S扩展已在类 AbstractRegistrum中声明的AbstractRegistrum<S>
    T#2扩展已在方法 <T#2>entity(String,EntityFactory<T#2>,MobCategory)中声明的Entity
    T#3扩展已在方法 <T#3,P#1>entity(P#1,EntityFactory<T#3>,MobCategory)中声明的Entity
    P#1扩展已在方法 <T#3,P#1>entity(P#1,EntityFactory<T#3>,MobCategory)中声明的Object
    T#4扩展已在方法 <T#4,P#2>entity(P#2,String,EntityFactory<T#4>,MobCategory)中声明的Entity
    P#2扩展已在方法 <T#4,P#2>entity(P#2,String,EntityFactory<T#4>,MobCategory)中声明的Object
D:\Minecraft-Mods\AnvilCraft\src\main\java\dev\dubhe\anvilcraft\init\entity\ModEntities.java:94: 错误: 类型参数? extends ThrownEmberMetalHeavyHalberdEntity不在类型变量T的范围内
    public static final EntityEntry<? extends ThrownEmberMetalHeavyHalberdEntity> THROWN_EMBER_METAL_HEAVY_HALBERD = AnvilCraft.REGISTRUM
                                    ^
  其中, T是类型变量:
    T扩展已在类 EntityEntry中声明的Entity
D:\Minecraft-Mods\AnvilCraft\src\main\java\dev\dubhe\anvilcraft\init\entity\ModEntities.java:97: 错误: 不兼容的类型: 构造器引用无效
            (ThrownHeavyHalberdEntity.Factory<ThrownEmberMetalHeavyHalberdEntity>) ThrownEmberMetalHeavyHalberdEntity::new,
                                                                                   ^
    不兼容的类型: EntityType<ThrownEmberMetalHeavyHalberdEntity>无法转换为EntityType<? extends Entity>
D:\Minecraft-Mods\AnvilCraft\src\main\java\dev\dubhe\anvilcraft\init\entity\ModEntities.java:95: 错误: 对于entity(String,Factory<ThrownEmberMetalHeavyHalberdEntity>,MobCategory), 找不到合适的方法
        .entity(
        ^
    方法 AbstractRegistrum.<T#1>entity(EntityFactory<T#1>,MobCategory)不适用
      (无法推断类型变量 T#1
        (实际参数列表和形式参数列表长度不同))
    方法 AbstractRegistrum.<T#2>entity(String,EntityFactory<T#2>,MobCategory)不适用
      (推论变量 T#2 具有不兼容的上限
        等式约束条件：ThrownEmberMetalHeavyHalberdEntity
        上限：Entity)
    方法 AbstractRegistrum.<T#3,P#1>entity(P#1,EntityFactory<T#3>,MobCategory)不适用
      (推论变量 T#3 具有不兼容的上限
        等式约束条件：ThrownEmberMetalHeavyHalberdEntity
        上限：Entity)
    方法 AbstractRegistrum.<T#4,P#2>entity(P#2,String,EntityFactory<T#4>,MobCategory)不适用
      (无法推断类型变量 T#4,P#2
        (实际参数列表和形式参数列表长度不同))
  其中, T#1,S,T#2,T#3,P#1,T#4,P#2是类型变量:
    T#1扩展已在方法 <T#1>entity(EntityFactory<T#1>,MobCategory)中声明的Entity
    S扩展已在类 AbstractRegistrum中声明的AbstractRegistrum<S>
    T#2扩展已在方法 <T#2>entity(String,EntityFactory<T#2>,MobCategory)中声明的Entity
    T#3扩展已在方法 <T#3,P#1>entity(P#1,EntityFactory<T#3>,MobCategory)中声明的Entity
    P#1扩展已在方法 <T#3,P#1>entity(P#1,EntityFactory<T#3>,MobCategory)中声明的Object
    T#4扩展已在方法 <T#4,P#2>entity(P#2,String,EntityFactory<T#4>,MobCategory)中声明的Entity
    P#2扩展已在方法 <T#4,P#2>entity(P#2,String,EntityFactory<T#4>,MobCategory)中声明的Object
D:\Minecraft-Mods\AnvilCraft\src\main\java\dev\dubhe\anvilcraft\init\entity\ModEntities.java:107: 错误: 类型参数? extends ThrownTranscendenceHeavyHalberdEntity不在类型变量T的范围内
    public static final EntityEntry<? extends ThrownTranscendenceHeavyHalberdEntity> THROWN_TRANSCENDENCE_HEAVY_HALBERD =
                                    ^
  其中, T是类型变量:
    T扩展已在类 EntityEntry中声明的Entity
D:\Minecraft-Mods\AnvilCraft\src\main\java\dev\dubhe\anvilcraft\init\entity\ModEntities.java:111: 错误: 不兼容的类型: 构造器引用无效
                (ThrownHeavyHalberdEntity.Factory<ThrownTranscendenceHeavyHalberdEntity>) ThrownTranscendenceHeavyHalberdEntity::new,
                                                                                          ^
    不兼容的类型: EntityType<ThrownTranscendenceHeavyHalberdEntity>无法转换为EntityType<? extends Entity>
D:\Minecraft-Mods\AnvilCraft\src\main\java\dev\dubhe\anvilcraft\init\entity\ModEntities.java:109: 错误: 对于entity(String,Factory<ThrownTranscendenceHeavyHalberdEntity>,MobCategory), 找不到合适的方法
            .entity(
            ^
    方法 AbstractRegistrum.<T#1>entity(EntityFactory<T#1>,MobCategory)不适用
      (无法推断类型变量 T#1
        (实际参数列表和形式参数列表长度不同))
    方法 AbstractRegistrum.<T#2>entity(String,EntityFactory<T#2>,MobCategory)不适用
      (推论变量 T#2 具有不兼容的上限
        等式约束条件：ThrownTranscendenceHeavyHalberdEntity
        上限：Entity)
    方法 AbstractRegistrum.<T#3,P#1>entity(P#1,EntityFactory<T#3>,MobCategory)不适用
      (推论变量 T#3 具有不兼容的上限
        等式约束条件：ThrownTranscendenceHeavyHalberdEntity
        上限：Entity)
    方法 AbstractRegistrum.<T#4,P#2>entity(P#2,String,EntityFactory<T#4>,MobCategory)不适用
      (无法推断类型变量 T#4,P#2
        (实际参数列表和形式参数列表长度不同))
  其中, T#1,S,T#2,T#3,P#1,T#4,P#2是类型变量:
    T#1扩展已在方法 <T#1>entity(EntityFactory<T#1>,MobCategory)中声明的Entity
    S扩展已在类 AbstractRegistrum中声明的AbstractRegistrum<S>
    T#2扩展已在方法 <T#2>entity(String,EntityFactory<T#2>,MobCategory)中声明的Entity
    T#3扩展已在方法 <T#3,P#1>entity(P#1,EntityFactory<T#3>,MobCategory)中声明的Entity
    P#1扩展已在方法 <T#3,P#1>entity(P#1,EntityFactory<T#3>,MobCategory)中声明的Object
    T#4扩展已在方法 <T#4,P#2>entity(P#2,String,EntityFactory<T#4>,MobCategory)中声明的Entity
    P#2扩展已在方法 <T#4,P#2>entity(P#2,String,EntityFactory<T#4>,MobCategory)中声明的Object
D:\Minecraft-Mods\AnvilCraft\src\main\java\dev\dubhe\anvilcraft\init\entity\ModEntities.java:123: 错误: 不兼容的类型: lambda 表达式中的返回类型错误
        .renderer(() -> SlidingBlockRenderer::new)
                        ^
    方法引用中的返回类型错误
      SlidingBlockRenderer无法转换为EntityRenderer<? super SlidingBlockEntity,?>
D:\Minecraft-Mods\AnvilCraft\src\main\java\dev\dubhe\anvilcraft\init\entity\ModEntities.java:129: 错误: 不兼容的类型: lambda 表达式中的返回类型错误
        .renderer(() -> MagnetizedNodeEntityRenderer::new)
                        ^
    方法引用中的返回类型错误
      MagnetizedNodeEntityRenderer无法转换为EntityRenderer<? super MagnetizedNodeEntity,?>
D:\Minecraft-Mods\AnvilCraft\src\main\java\dev\dubhe\anvilcraft\init\entity\ModEntities.java:144: 错误: 不兼容的类型: lambda 表达式中的返回类型错误
        .renderer(() -> SpectralProjectileRenderer::new)
                        ^
    lambda 表达式中的返回类型错误
      不存在类型变量T的实例, 以使SpectralProjectileRenderer<T>与EntityRenderer<? super SpectralProjectileEntity,?>一致
  其中, T是类型变量:
    T扩展已在类 SpectralProjectileRenderer中声明的SpectralProjectileEntity
D:\Minecraft-Mods\AnvilCraft\src\main\java\dev\dubhe\anvilcraft\init\entity\ModVillagers.java:34: 错误: 找不到符号
        () -> new VillagerProfession(
                  ^
  符号:   类 VillagerProfession
  位置: 类 ModVillagers
D:\Minecraft-Mods\AnvilCraft\src\main\java\dev\dubhe\anvilcraft\init\ModDataAttachments.java:22: 错误: 对于serialize(PrimitiveCodec<Boolean>), 找不到合适的方法
        "zombificated_by_curse", () -> AttachmentType.builder(() -> false).serialize(Codec.BOOL).build());
                                                                          ^
    方法 Builder.serialize(IAttachmentSerializer<Boolean>)不适用
      (参数不匹配; PrimitiveCodec<Boolean>无法转换为IAttachmentSerializer<Boolean>)
    方法 Builder.serialize(MapCodec<Boolean>)不适用
      (参数不匹配; PrimitiveCodec<Boolean>无法转换为MapCodec<Boolean>)
D:\Minecraft-Mods\AnvilCraft\src\main\java\dev\dubhe\anvilcraft\init\ModDataAttachments.java:26: 错误: 对于serialize(Codec<AmuletRaffleProbability>), 找不到合适的方法
            .serialize(AmuletRaffleProbability.CODEC).copyOnDeath().build());
            ^
    方法 Builder.serialize(IAttachmentSerializer<AmuletRaffleProbability>)不适用
      (参数不匹配; Codec<AmuletRaffleProbability>无法转换为IAttachmentSerializer<AmuletRaffleProbability>)
    方法 Builder.serialize(MapCodec<AmuletRaffleProbability>)不适用
      (参数不匹配; Codec<AmuletRaffleProbability>无法转换为MapCodec<AmuletRaffleProbability>)
D:\Minecraft-Mods\AnvilCraft\src\main\java\dev\dubhe\anvilcraft\init\ModDataAttachments.java:29: 错误: 对于serialize(PrimitiveCodec<Boolean>), 找不到合适的方法
        "scare_skeletons", () -> AttachmentType.builder(() -> false).serialize(Codec.BOOL).build());
                                                                    ^
    方法 Builder.serialize(IAttachmentSerializer<Boolean>)不适用
      (参数不匹配; PrimitiveCodec<Boolean>无法转换为IAttachmentSerializer<Boolean>)
    方法 Builder.serialize(MapCodec<Boolean>)不适用
      (参数不匹配; PrimitiveCodec<Boolean>无法转换为MapCodec<Boolean>)
D:\Minecraft-Mods\AnvilCraft\src\main\java\dev\dubhe\anvilcraft\init\ModDataAttachments.java:32: 错误: 对于serialize(PrimitiveCodec<Boolean>), 找不到合适的方法
        "scare_creepers", () -> AttachmentType.builder(() -> false).serialize(Codec.BOOL).build());
                                                                   ^
    方法 Builder.serialize(IAttachmentSerializer<Boolean>)不适用
      (参数不匹配; PrimitiveCodec<Boolean>无法转换为IAttachmentSerializer<Boolean>)
    方法 Builder.serialize(MapCodec<Boolean>)不适用
      (参数不匹配; PrimitiveCodec<Boolean>无法转换为MapCodec<Boolean>)
D:\Minecraft-Mods\AnvilCraft\src\main\java\dev\dubhe\anvilcraft\init\ModDataAttachments.java:35: 错误: 对于serialize(PrimitiveCodec<Boolean>), 找不到合适的方法
        "scare_phantoms", () -> AttachmentType.builder(() -> false).serialize(Codec.BOOL).build());
                                                                   ^
    方法 Builder.serialize(IAttachmentSerializer<Boolean>)不适用
      (参数不匹配; PrimitiveCodec<Boolean>无法转换为IAttachmentSerializer<Boolean>)
    方法 Builder.serialize(MapCodec<Boolean>)不适用
      (参数不匹配; PrimitiveCodec<Boolean>无法转换为MapCodec<Boolean>)
D:\Minecraft-Mods\AnvilCraft\src\main\java\dev\dubhe\anvilcraft\item\property\component\DiskData.java:34: 错误: 不兼容的类型: String无法转换为Optional<String>
        Optional<String> storedType = this.tag.getStringOr("StoredFrom", "");
                                                          ^
D:\Minecraft-Mods\AnvilCraft\src\main\java\dev\dubhe\anvilcraft\item\property\component\OverLimitItemContainerContents.java:30: 错误: 方法引用无效
        .map(OverLimitItemContainerContents::new, OverLimitItemContainerContents::getItems);
                                                  ^
  找不到符号
    符号:   方法 getItems()
    位置: 类 OverLimitItemContainerContents
D:\Minecraft-Mods\AnvilCraft\src\main\java\dev\dubhe\anvilcraft\item\property\component\OverLimitItemContainerContents.java:83: 错误: 找不到符号
            contents.items.set(j, items.getUnlimitedStackInSlot(j).copy());
                                       ^
  符号:   方法 getUnlimitedStackInSlot(int)
  位置: 类型为OverLimitItemHandler的变量 items
D:\Minecraft-Mods\AnvilCraft\src\main\java\dev\dubhe\anvilcraft\item\property\component\OverLimitItemContainerContents.java:98: 错误: 找不到符号
        for (int i = items.getSlots() - 1; i >= 0; i--) {
                          ^
  符号:   方法 getSlots()
  位置: 类型为OverLimitItemHandler的变量 items
D:\Minecraft-Mods\AnvilCraft\src\main\java\dev\dubhe\anvilcraft\item\property\component\OverLimitItemContainerContents.java:99: 错误: 找不到符号
            if (!items.getStackInSlot(i).isEmpty()) return i;
                      ^
  符号:   方法 getStackInSlot(int)
  位置: 类型为OverLimitItemHandler的变量 items
D:\Minecraft-Mods\AnvilCraft\src\main\java\dev\dubhe\anvilcraft\item\property\component\OverLimitItemContainerContents.java:125: 错误: 找不到符号
        for (int i = 0; i < handler.getSlots(); i++) {
                                   ^
  符号:   方法 getSlots()
  位置: 类型为OverLimitItemHandler的变量 handler
D:\Minecraft-Mods\AnvilCraft\src\main\java\dev\dubhe\anvilcraft\item\property\component\OverLimitItemContainerContents.java:127: 错误: 找不到符号
            handler.setUnlimitedStackInSlot(i, stack.copy());
                   ^
  符号:   方法 setUnlimitedStackInSlot(int,UnlimitedItemStack)
  位置: 类型为OverLimitItemHandler的变量 handler
D:\Minecraft-Mods\AnvilCraft\src\main\java\dev\dubhe\anvilcraft\init\item\ModFoodItems.java:43: 错误: 对于shapeless(RecipeCategory,Item,int), 找不到合适的方法
            (ctx, provider) -> ShapelessRecipeBuilder.shapeless(RecipeCategory.FOOD, ctx.get(), 2)
                                                     ^
    方法 ShapelessRecipeBuilder.shapeless(HolderGetter<Item>,RecipeCategory,ItemStackTemplate)不适用
      (参数不匹配; RecipeCategory无法转换为HolderGetter<Item>)
    方法 ShapelessRecipeBuilder.shapeless(HolderGetter<Item>,RecipeCategory,ItemLike)不适用
      (参数不匹配; RecipeCategory无法转换为HolderGetter<Item>)
D:\Minecraft-Mods\AnvilCraft\src\main\java\dev\dubhe\anvilcraft\init\item\ModFoodItems.java:47: 错误: 找不到符号
                .unlockedBy("has_coco_powder", RegistrumRecipeProvider.has(ModFoodItems.COCOA_POWDER))
                                               ^
  符号:   变量 RegistrumRecipeProvider
  位置: 类 ModFoodItems
D:\Minecraft-Mods\AnvilCraft\src\main\java\dev\dubhe\anvilcraft\init\item\ModFoodItems.java:48: 错误: 找不到符号
                .unlockedBy("has_coco_butter", RegistrumRecipeProvider.has(ModFoodItems.COCOA_BUTTER))
                                               ^
  符号:   变量 RegistrumRecipeProvider
  位置: 类 ModFoodItems
D:\Minecraft-Mods\AnvilCraft\src\main\java\dev\dubhe\anvilcraft\init\item\ModFoodItems.java:65: 错误: 对于shaped(RecipeCategory,Item,int), 找不到合适的方法
            ShapedRecipeBuilder.shaped(RecipeCategory.FOOD, ctx.get(), 4)
                               ^
    方法 ShapedRecipeBuilder.shaped(HolderGetter<Item>,RecipeCategory,ItemLike)不适用
      (参数不匹配; RecipeCategory无法转换为HolderGetter<Item>)
    方法 ShapedRecipeBuilder.shaped(HolderGetter<Item>,RecipeCategory,ItemStackTemplate)不适用
      (参数不匹配; RecipeCategory无法转换为HolderGetter<Item>)
D:\Minecraft-Mods\AnvilCraft\src\main\java\dev\dubhe\anvilcraft\init\item\ModFoodItems.java:73: 错误: 找不到符号
                .unlockedBy("has_cocoa_liquor", RegistrumRecipeProvider.has(ModFoodItems.COCOA_LIQUOR))
                                                ^
  符号:   变量 RegistrumRecipeProvider
  位置: 类 ModFoodItems
D:\Minecraft-Mods\AnvilCraft\src\main\java\dev\dubhe\anvilcraft\init\item\ModFoodItems.java:74: 错误: 找不到符号
                .unlockedBy("has_cocoa_butter", RegistrumRecipeProvider.has(ModFoodItems.COCOA_BUTTER))
                                                ^
  符号:   变量 RegistrumRecipeProvider
  位置: 类 ModFoodItems
D:\Minecraft-Mods\AnvilCraft\src\main\java\dev\dubhe\anvilcraft\init\item\ModFoodItems.java:75: 错误: 找不到符号
                .unlockedBy("has_cream", RegistrumRecipeProvider.has(ModFoodItems.CREAM))
                                         ^
  符号:   变量 RegistrumRecipeProvider
  位置: 类 ModFoodItems
D:\Minecraft-Mods\AnvilCraft\src\main\java\dev\dubhe\anvilcraft\init\item\ModFoodItems.java:76: 错误: 找不到符号
                .unlockedBy("has_sugar", RegistrumRecipeProvider.has(Items.SUGAR))
                                         ^
  符号:   变量 RegistrumRecipeProvider
  位置: 类 ModFoodItems
D:\Minecraft-Mods\AnvilCraft\src\main\java\dev\dubhe\anvilcraft\init\item\ModFoodItems.java:78: 错误: 对于shapeless(RecipeCategory,Item,int), 找不到合适的方法
            ShapelessRecipeBuilder.shapeless(RecipeCategory.FOOD, ctx.get(), 9)
                                  ^
    方法 ShapelessRecipeBuilder.shapeless(HolderGetter<Item>,RecipeCategory,ItemStackTemplate)不适用
      (参数不匹配; RecipeCategory无法转换为HolderGetter<Item>)
    方法 ShapelessRecipeBuilder.shapeless(HolderGetter<Item>,RecipeCategory,ItemLike)不适用
      (参数不匹配; RecipeCategory无法转换为HolderGetter<Item>)
D:\Minecraft-Mods\AnvilCraft\src\main\java\dev\dubhe\anvilcraft\init\item\ModFoodItems.java:80: 错误: 对于has(BlockEntry<StepEffectBlock>), 找不到合适的方法
                .unlockedBy(AnvilCraftDatagen.hasItem(ModBlocks.CHOCOLATE_BLOCK), AnvilCraftDatagen.has(ModBlocks.CHOCOLATE_BLOCK))
                                                                                                   ^
    方法 AnvilCraftDatagen.has(HolderLookup<Item>,ItemLike)不适用
      (实际参数列表和形式参数列表长度不同)
    方法 AnvilCraftDatagen.has(HolderLookup<Item>,TagKey<Item>)不适用
      (实际参数列表和形式参数列表长度不同)
D:\Minecraft-Mods\AnvilCraft\src\main\java\dev\dubhe\anvilcraft\init\item\ModFoodItems.java:89: 错误: 对于shaped(RecipeCategory,Item,int), 找不到合适的方法
            ShapedRecipeBuilder.shaped(RecipeCategory.FOOD, ctx.get(), 4)
                               ^
    方法 ShapedRecipeBuilder.shaped(HolderGetter<Item>,RecipeCategory,ItemLike)不适用
      (参数不匹配; RecipeCategory无法转换为HolderGetter<Item>)
    方法 ShapedRecipeBuilder.shaped(HolderGetter<Item>,RecipeCategory,ItemStackTemplate)不适用
      (参数不匹配; RecipeCategory无法转换为HolderGetter<Item>)
D:\Minecraft-Mods\AnvilCraft\src\main\java\dev\dubhe\anvilcraft\init\item\ModFoodItems.java:96: 错误: 找不到符号
                .unlockedBy("has_cocoa_butter", RegistrumRecipeProvider.has(ModFoodItems.COCOA_LIQUOR))
                                                ^
  符号:   变量 RegistrumRecipeProvider
  位置: 类 ModFoodItems
D:\Minecraft-Mods\AnvilCraft\src\main\java\dev\dubhe\anvilcraft\init\item\ModFoodItems.java:97: 错误: 找不到符号
                .unlockedBy("has_cream", RegistrumRecipeProvider.has(ModFoodItems.CREAM))
                                         ^
  符号:   变量 RegistrumRecipeProvider
  位置: 类 ModFoodItems
D:\Minecraft-Mods\AnvilCraft\src\main\java\dev\dubhe\anvilcraft\init\item\ModFoodItems.java:98: 错误: 找不到符号
                .unlockedBy("has_sugar", RegistrumRecipeProvider.has(Items.SUGAR))
                                         ^
  符号:   变量 RegistrumRecipeProvider
  位置: 类 ModFoodItems
D:\Minecraft-Mods\AnvilCraft\src\main\java\dev\dubhe\anvilcraft\init\item\ModFoodItems.java:100: 错误: 对于shapeless(RecipeCategory,Item,int), 找不到合适的方法
            ShapelessRecipeBuilder.shapeless(RecipeCategory.FOOD, ctx.get(), 9)
                                  ^
    方法 ShapelessRecipeBuilder.shapeless(HolderGetter<Item>,RecipeCategory,ItemStackTemplate)不适用
      (参数不匹配; RecipeCategory无法转换为HolderGetter<Item>)
    方法 ShapelessRecipeBuilder.shapeless(HolderGetter<Item>,RecipeCategory,ItemLike)不适用
      (参数不匹配; RecipeCategory无法转换为HolderGetter<Item>)
D:\Minecraft-Mods\AnvilCraft\src\main\java\dev\dubhe\anvilcraft\init\item\ModFoodItems.java:104: 错误: 对于has(BlockEntry<StepEffectBlock>), 找不到合适的方法
                    AnvilCraftDatagen.has(ModBlocks.BLACK_CHOCOLATE_BLOCK)
                                     ^
    方法 AnvilCraftDatagen.has(HolderLookup<Item>,ItemLike)不适用
      (实际参数列表和形式参数列表长度不同)
    方法 AnvilCraftDatagen.has(HolderLookup<Item>,TagKey<Item>)不适用
      (实际参数列表和形式参数列表长度不同)
D:\Minecraft-Mods\AnvilCraft\src\main\java\dev\dubhe\anvilcraft\init\item\ModFoodItems.java:114: 错误: 对于shaped(RecipeCategory,Item,int), 找不到合适的方法
            ShapedRecipeBuilder.shaped(RecipeCategory.FOOD, ctx.get(), 4)
                               ^
    方法 ShapedRecipeBuilder.shaped(HolderGetter<Item>,RecipeCategory,ItemLike)不适用
      (参数不匹配; RecipeCategory无法转换为HolderGetter<Item>)
    方法 ShapedRecipeBuilder.shaped(HolderGetter<Item>,RecipeCategory,ItemStackTemplate)不适用
      (参数不匹配; RecipeCategory无法转换为HolderGetter<Item>)
D:\Minecraft-Mods\AnvilCraft\src\main\java\dev\dubhe\anvilcraft\init\item\ModFoodItems.java:121: 错误: 找不到符号
                .unlockedBy("has_butter", RegistrumRecipeProvider.has(ModFoodItems.COCOA_BUTTER))
                                          ^
  符号:   变量 RegistrumRecipeProvider
  位置: 类 ModFoodItems
D:\Minecraft-Mods\AnvilCraft\src\main\java\dev\dubhe\anvilcraft\init\item\ModFoodItems.java:122: 错误: 找不到符号
                .unlockedBy("has_cream", RegistrumRecipeProvider.has(ModFoodItems.CREAM))
                                         ^
  符号:   变量 RegistrumRecipeProvider
  位置: 类 ModFoodItems
D:\Minecraft-Mods\AnvilCraft\src\main\java\dev\dubhe\anvilcraft\init\item\ModFoodItems.java:123: 错误: 找不到符号
                .unlockedBy("has_sugar", RegistrumRecipeProvider.has(Items.SUGAR))
                                         ^
  符号:   变量 RegistrumRecipeProvider
  位置: 类 ModFoodItems
D:\Minecraft-Mods\AnvilCraft\src\main\java\dev\dubhe\anvilcraft\init\item\ModFoodItems.java:125: 错误: 对于shapeless(RecipeCategory,Item,int), 找不到合适的方法
            ShapelessRecipeBuilder.shapeless(RecipeCategory.FOOD, ctx.get(), 9)
                                  ^
    方法 ShapelessRecipeBuilder.shapeless(HolderGetter<Item>,RecipeCategory,ItemStackTemplate)不适用
      (参数不匹配; RecipeCategory无法转换为HolderGetter<Item>)
    方法 ShapelessRecipeBuilder.shapeless(HolderGetter<Item>,RecipeCategory,ItemLike)不适用
      (参数不匹配; RecipeCategory无法转换为HolderGetter<Item>)
D:\Minecraft-Mods\AnvilCraft\src\main\java\dev\dubhe\anvilcraft\init\item\ModFoodItems.java:129: 错误: 对于has(BlockEntry<StepEffectBlock>), 找不到合适的方法
                    AnvilCraftDatagen.has(ModBlocks.WHITE_CHOCOLATE_BLOCK)
                                     ^
    方法 AnvilCraftDatagen.has(HolderLookup<Item>,ItemLike)不适用
      (实际参数列表和形式参数列表长度不同)
    方法 AnvilCraftDatagen.has(HolderLookup<Item>,TagKey<Item>)不适用
      (实际参数列表和形式参数列表长度不同)
D:\Minecraft-Mods\AnvilCraft\src\main\java\dev\dubhe\anvilcraft\init\item\ModFoodItems.java:138: 错误: 对于shapeless(RecipeCategory,Item), 找不到合适的方法
            (ctx, provider) -> ShapelessRecipeBuilder.shapeless(RecipeCategory.FOOD, ctx.get())
                                                     ^
    方法 ShapelessRecipeBuilder.shapeless(HolderGetter<Item>,RecipeCategory,ItemStackTemplate)不适用
      (实际参数列表和形式参数列表长度不同)
    方法 ShapelessRecipeBuilder.shapeless(HolderGetter<Item>,RecipeCategory,ItemLike)不适用
      (实际参数列表和形式参数列表长度不同)
    方法 ShapelessRecipeBuilder.shapeless(HolderGetter<Item>,RecipeCategory,ItemLike,int)不适用
      (实际参数列表和形式参数列表长度不同)
D:\Minecraft-Mods\AnvilCraft\src\main\java\dev\dubhe\anvilcraft\init\item\ModFoodItems.java:142: 错误: 找不到符号
                .unlockedBy("hasitem", RegistrumRecipeProvider.has(ModFoodItems.CREAM))
                                       ^
  符号:   变量 RegistrumRecipeProvider
  位置: 类 ModFoodItems
D:\Minecraft-Mods\AnvilCraft\src\main\java\dev\dubhe\anvilcraft\item\UtusanItem.java:75: 错误: 找不到符号
        return UseAnim.EAT;
               ^
  符号:   变量 UseAnim
  位置: 类 UtusanItem
D:\Minecraft-Mods\AnvilCraft\src\main\java\dev\dubhe\anvilcraft\item\CannedFoodItem.java:24: 错误: 方法不会覆盖或实现超类型的方法
    @Override
    ^
D:\Minecraft-Mods\AnvilCraft\src\main\java\dev\dubhe\anvilcraft\item\CannedFoodItem.java:29: 错误: 找不到符号
        super.verifyComponentsAfterLoad(stack);
             ^
  符号: 方法 verifyComponentsAfterLoad(ItemStack)
D:\Minecraft-Mods\AnvilCraft\src\main\java\dev\dubhe\anvilcraft\item\CannedFoodItem.java:45: 错误: 找不到符号
        FoodProperties copiedFood = displayStack.getFoodProperties(null);
                                                ^
  符号:   方法 getFoodProperties(<空值>)
  位置: 类型为ItemStack的变量 displayStack
D:\Minecraft-Mods\AnvilCraft\src\main\java\dev\dubhe\anvilcraft\item\CannedFoodItem.java:56: 错误: 无法将记录 FoodProperties中的构造器 FoodProperties应用到给定类型;
            canStack.set(DataComponents.FOOD, new FoodProperties(
                                              ^
  需要: int,float,boolean
  找到:    int,float,boolean,float,Optional<Object>,List<Object>
  原因: 实际参数列表和形式参数列表长度不同
D:\Minecraft-Mods\AnvilCraft\src\main\java\dev\dubhe\anvilcraft\item\CannedFoodItem.java:68: 错误: 方法不会覆盖或实现超类型的方法
    @Override
    ^
D:\Minecraft-Mods\AnvilCraft\src\main\java\dev\dubhe\anvilcraft\item\PillItem.java:37: 错误: 对于addCooldown(Item,int), 找不到合适的方法
            player.getCooldowns().addCooldown(itemStack.getItem(), 40);
                                 ^
    方法 ItemCooldowns.addCooldown(ItemStack,int)不适用
      (参数不匹配; Item无法转换为ItemStack)
    方法 ItemCooldowns.addCooldown(Identifier,int)不适用
      (参数不匹配; Item无法转换为Identifier)
D:\Minecraft-Mods\AnvilCraft\src\main\java\dev\dubhe\anvilcraft\item\PillItem.java:38: 错误: 找不到符号
            return InteractionResultHolder.success(itemStack);
                   ^
  符号:   变量 InteractionResultHolder
  位置: 类 PillItem
D:\Minecraft-Mods\AnvilCraft\src\main\java\dev\dubhe\anvilcraft\item\PillItem.java:46: 错误: 无法将记录 PotionContents中的方法 forEachEffect应用到给定类型;
        potionContents.forEachEffect((effect) -> {
                      ^
  需要: Consumer<MobEffectInstance>,float
  找到:    (effect)->[...]; } }
  原因: 实际参数列表和形式参数列表长度不同
D:\Minecraft-Mods\AnvilCraft\src\main\java\dev\dubhe\anvilcraft\item\PillItem.java:57: 错误: 无法将类 MobEffect中的方法 applyInstantenousEffect应用到给定类型;
                effect.getEffect().value().applyInstantenousEffect(player, player, player, effect.getAmplifier(), 1);
                                          ^
  需要: ServerLevel,Entity,Entity,LivingEntity,int,double
  找到:    Player,Player,Player,int,int
  原因: 实际参数列表和形式参数列表长度不同
D:\Minecraft-Mods\AnvilCraft\src\main\java\dev\dubhe\anvilcraft\item\PillItem.java:57: 错误: 不兼容的类型: Player无法转换为ServerLevel
                effect.getEffect().value().applyInstantenousEffect(player, player, player, effect.getAmplifier(), 1);
                                                                   ^
D:\Minecraft-Mods\AnvilCraft\src\main\java\dev\dubhe\anvilcraft\item\PillItem.java:64: 错误: 方法不会覆盖或实现超类型的方法
    @Override
    ^
D:\Minecraft-Mods\AnvilCraft\src\main\java\dev\dubhe\anvilcraft\item\PillItem.java:72: 错误: 无法将记录 PotionContents中的方法 addPotionTooltip应用到给定类型;
                potionContents.addPotionTooltip(tooltipComponents::add, 0.25F, context.tickRate());
                              ^
  需要: Iterable<MobEffectInstance>,Consumer<Component>,float,float
  找到:    tooltipCom[...]::add,float,float
  原因: 实际参数列表和形式参数列表长度不同
D:\Minecraft-Mods\AnvilCraft\src\main\java\dev\dubhe\anvilcraft\item\PillItem.java:72: 错误: 不兼容的类型: 方法引用无效
                potionContents.addPotionTooltip(tooltipComponents::add, 0.25F, context.tickRate());
                                                ^
    对于add(没有参数), 找不到合适的方法
        方法 List.add(Component)不适用
          (实际参数列表和形式参数列表长度不同)
        方法 List.add(int,Component)不适用
          (实际参数列表和形式参数列表长度不同)
D:\Minecraft-Mods\AnvilCraft\src\main\java\dev\dubhe\anvilcraft\item\PillItem.java:74: 错误: 无法将记录 PotionContents中的方法 addPotionTooltip应用到给定类型;
                potionContents.addPotionTooltip(tooltipComponents::add, 1.0F, context.tickRate());
                              ^
  需要: Iterable<MobEffectInstance>,Consumer<Component>,float,float
  找到:    tooltipCom[...]::add,float,float
  原因: 实际参数列表和形式参数列表长度不同
D:\Minecraft-Mods\AnvilCraft\src\main\java\dev\dubhe\anvilcraft\item\PillItem.java:74: 错误: 不兼容的类型: 方法引用无效
                potionContents.addPotionTooltip(tooltipComponents::add, 1.0F, context.tickRate());
                                                ^
    对于add(没有参数), 找不到合适的方法
        方法 List.add(Component)不适用
          (实际参数列表和形式参数列表长度不同)
        方法 List.add(int,Component)不适用
          (实际参数列表和形式参数列表长度不同)
D:\Minecraft-Mods\AnvilCraft\src\main\java\dev\dubhe\anvilcraft\init\item\ModItems.java:159: 错误: 找不到符号
            (ctx, provider) -> enchanted(ctx.get(), Enchantments.FORTUNE, 3, provider.getProvider())
                                                                                     ^
  符号:   方法 getProvider()
  位置: 类型为RegistrumRecipeProvider的变量 provider
D:\Minecraft-Mods\AnvilCraft\src\main\java\dev\dubhe\anvilcraft\init\item\ModItems.java:171: 错误: 找不到符号
            (ctx, provider) -> enchanted(ctx.get(), ModEnchantments.FELLING_KEY, 1, provider.getProvider())
                                                                                            ^
  符号:   方法 getProvider()
  位置: 类型为RegistrumRecipeProvider的变量 provider
D:\Minecraft-Mods\AnvilCraft\src\main\java\dev\dubhe\anvilcraft\init\item\ModItems.java:195: 错误: 找不到符号
            (ctx, provider) -> enchanted(ctx.get(), ModEnchantments.BEHEADING_KEY, 1, provider.getProvider())
                                                                                              ^
  符号:   方法 getProvider()
  位置: 类型为RegistrumRecipeProvider的变量 provider
D:\Minecraft-Mods\AnvilCraft\src\main\java\dev\dubhe\anvilcraft\init\item\ModItems.java:438: 错误: 找不到符号
        ItemTags.SWORD_ENCHANTABLE,
                ^
  符号:   变量 SWORD_ENCHANTABLE
  位置: 类 ItemTags
D:\Minecraft-Mods\AnvilCraft\src\main\java\dev\dubhe\anvilcraft\init\item\ModItems.java:449: 错误: 找不到符号
        ItemTags.SWORD_ENCHANTABLE,
                ^
  符号:   变量 SWORD_ENCHANTABLE
  位置: 类 ItemTags
D:\Minecraft-Mods\AnvilCraft\src\main\java\dev\dubhe\anvilcraft\item\GuideBookItem.java:32: 错误: 找不到符号
                return new InteractionResultHolder<>(InteractionResult.CONSUME, player.getItemInHand(usedHand));
                           ^
  符号:   类 InteractionResultHolder
  位置: 类 GuideBookItem
D:\Minecraft-Mods\AnvilCraft\src\main\java\dev\dubhe\anvilcraft\item\GuideBookItem.java:37: 错误: 找不到符号
        return new InteractionResultHolder<>(InteractionResult.PASS, player.getItemInHand(usedHand));
                   ^
  符号:   类 InteractionResultHolder
  位置: 类 GuideBookItem
D:\Minecraft-Mods\AnvilCraft\src\main\java\dev\dubhe\anvilcraft\item\GuideBookItem.java:40: 错误: 方法不会覆盖或实现超类型的方法
    @Override
    ^
D:\Minecraft-Mods\AnvilCraft\src\main\java\dev\dubhe\anvilcraft\item\GuideBookItem.java:43: 错误: 无法将类 Item中的方法 appendHoverText应用到给定类型;
        super.appendHoverText(stack, context, tooltipComponents, tooltipFlag);
             ^
  需要: ItemStack,TooltipContext,TooltipDisplay,Consumer<Component>,TooltipFlag
  找到:    ItemStack,TooltipContext,List<Component>,TooltipFlag
  原因: 实际参数列表和形式参数列表长度不同
D:\Minecraft-Mods\AnvilCraft\src\main\java\dev\dubhe\anvilcraft\util\MagnetUtil.java:57: 错误: 对于addCooldown(Item,int), 找不到合适的方法
                player.getCooldowns().addCooldown(item, 5);
                                     ^
    方法 ItemCooldowns.addCooldown(ItemStack,int)不适用
      (参数不匹配; Item无法转换为ItemStack)
    方法 ItemCooldowns.addCooldown(Identifier,int)不适用
      (参数不匹配; Item无法转换为Identifier)
D:\Minecraft-Mods\AnvilCraft\src\main\java\dev\dubhe\anvilcraft\util\MagnetUtil.java:58: 错误: 找不到符号
                return InteractionResult.sidedSuccess(level.isClientSide());
                                        ^
  符号:   方法 sidedSuccess(boolean)
  位置: 接口 InteractionResult
D:\Minecraft-Mods\AnvilCraft\src\main\java\dev\dubhe\anvilcraft\util\MagnetUtil.java:64: 错误: 对于addCooldown(Item,int), 找不到合适的方法
        player.getCooldowns().addCooldown(item, 5);
                             ^
    方法 ItemCooldowns.addCooldown(ItemStack,int)不适用
      (参数不匹配; Item无法转换为ItemStack)
    方法 ItemCooldowns.addCooldown(Identifier,int)不适用
      (参数不匹配; Item无法转换为Identifier)
D:\Minecraft-Mods\AnvilCraft\src\main\java\dev\dubhe\anvilcraft\util\MagnetUtil.java:65: 错误: 找不到符号
        return InteractionResult.sidedSuccess(level.isClientSide());
                                ^
  符号:   方法 sidedSuccess(boolean)
  位置: 接口 InteractionResult
D:\Minecraft-Mods\AnvilCraft\src\main\java\dev\dubhe\anvilcraft\util\MagnetUtil.java:74: 错误: 找不到符号
        if (player.isShiftKeyDown()) return InteractionResultHolder.pass(player.getItemInHand(usedHand));
                                            ^
  符号:   变量 InteractionResultHolder
  位置: 类 MagnetUtil
D:\Minecraft-Mods\AnvilCraft\src\main\java\dev\dubhe\anvilcraft\util\MagnetUtil.java:79: 错误: 找不到符号
        if (event.isCanceled()) return InteractionResultHolder.pass(itemStack);
                                       ^
  符号:   变量 InteractionResultHolder
  位置: 类 MagnetUtil
D:\Minecraft-Mods\AnvilCraft\src\main\java\dev\dubhe\anvilcraft\util\MagnetUtil.java:80: 错误: 找不到符号
        radius = event.getAttractRadius();
                      ^
  符号:   方法 getAttractRadius()
  位置: 类型为UseMagnetEvent的变量 event
D:\Minecraft-Mods\AnvilCraft\src\main\java\dev\dubhe\anvilcraft\util\MagnetUtil.java:82: 错误: 找不到符号
        level.getEntities(EntityTypeTest.forClass(ItemEntity.class), aabb, Entity::isAlive).forEach(e -> e.moveTo(player.position()));
                                                                                                          ^
  符号:   方法 moveTo(Vec3)
  位置: 类型为ItemEntity的变量 e
D:\Minecraft-Mods\AnvilCraft\src\main\java\dev\dubhe\anvilcraft\util\MagnetUtil.java:84: 错误: 找不到符号
            int xp = Math.max(e.count * e.value, 1);
                                         ^
  符号:   变量 value
  位置: 类型为ExperienceOrb的变量 e
D:\Minecraft-Mods\AnvilCraft\src\main\java\dev\dubhe\anvilcraft\util\MagnetUtil.java:89: 错误: 找不到符号
        itemStack.hurtAndBreak(1, player, LivingEntity.getSlotForHand(usedHand));
                                                      ^
  符号:   方法 getSlotForHand(InteractionHand)
  位置: 类 LivingEntity
D:\Minecraft-Mods\AnvilCraft\src\main\java\dev\dubhe\anvilcraft\util\MagnetUtil.java:90: 错误: 对于addCooldown(Item,int), 找不到合适的方法
        player.getCooldowns().addCooldown(item, 5);
                             ^
    方法 ItemCooldowns.addCooldown(ItemStack,int)不适用
      (参数不匹配; Item无法转换为ItemStack)
    方法 ItemCooldowns.addCooldown(Identifier,int)不适用
      (参数不匹配; Item无法转换为Identifier)
D:\Minecraft-Mods\AnvilCraft\src\main\java\dev\dubhe\anvilcraft\util\MagnetUtil.java:91: 错误: 找不到符号
        return InteractionResultHolder.sidedSuccess(itemStack, level.isClientSide());
               ^
  符号:   变量 InteractionResultHolder
  位置: 类 MagnetUtil
D:\Minecraft-Mods\AnvilCraft\src\main\java\dev\dubhe\anvilcraft\item\MagnetItem.java:36: 错误: 方法不会覆盖或实现超类型的方法
    @Override
    ^
D:\Minecraft-Mods\AnvilCraft\src\main\java\dev\dubhe\anvilcraft\item\MagnetItem.java:41: 错误: 方法不会覆盖或实现超类型的方法
    @Override
    ^
D:\Minecraft-Mods\AnvilCraft\src\main\java\dev\dubhe\anvilcraft\item\GeodeItem.java:34: 错误: 对于addCooldown(Item,int), 找不到合适的方法
        player.getCooldowns().addCooldown(itemStack.getItem(), AnvilCraft.CONFIG.geodeCooldown * 20);
                             ^
    方法 ItemCooldowns.addCooldown(ItemStack,int)不适用
      (参数不匹配; Item无法转换为ItemStack)
    方法 ItemCooldowns.addCooldown(Identifier,int)不适用
      (参数不匹配; Item无法转换为Identifier)
D:\Minecraft-Mods\AnvilCraft\src\main\java\dev\dubhe\anvilcraft\item\GeodeItem.java:35: 错误: 找不到符号
        if (!level.isClientSide()) return InteractionResultHolder.success(itemStack);
                                          ^
  符号:   变量 InteractionResultHolder
  位置: 类 GeodeItem
D:\Minecraft-Mods\AnvilCraft\src\main\java\dev\dubhe\anvilcraft\item\GeodeItem.java:57: 错误: HoverEvent是抽象的; 无法实例化
                            .withHoverEvent(new HoverEvent(
                                            ^
D:\Minecraft-Mods\AnvilCraft\src\main\java\dev\dubhe\anvilcraft\item\GeodeItem.java:49: 错误: ClickEvent是抽象的; 无法实例化
                            .withClickEvent(new ClickEvent(
                                            ^
D:\Minecraft-Mods\AnvilCraft\src\main\java\dev\dubhe\anvilcraft\item\GeodeItem.java:67: 错误: 找不到符号
        return InteractionResultHolder.success(itemStack);
               ^
  符号:   变量 InteractionResultHolder
  位置: 类 GeodeItem
D:\Minecraft-Mods\AnvilCraft\src\main\java\dev\dubhe\anvilcraft\item\tool\ember\EmberMetalPickaxeItem.java:14: 错误: 对于component(DataComponentType<net.minecraft.util.Unit>,com.mojang.datafixers.util.Unit), 找不到合适的方法
                .component(ModComponents.FIRE_REFORGING, Unit.INSTANCE)
                ^
    方法 IItemPropertiesExtensions.<T#1>component(Supplier<? extends DataComponentType<T#1>>,T#1)不适用
      (无法推断类型变量 T#1
        (参数不匹配; DataComponentType<net.minecraft.util.Unit>无法转换为Supplier<? extends DataComponentType<T#1>>))
    方法 Properties.<T#2>component(DataComponentType<T#2>,T#2)不适用
      (推论变量 T#2 具有不兼容的上限
        等式约束条件：net.minecraft.util.Unit
        下限：com.mojang.datafixers.util.Unit)
  其中, T#1,T#2是类型变量:
    T#1扩展已在方法 <T#1>component(Supplier<? extends DataComponentType<T#1>>,T#1)中声明的Object
    T#2扩展已在方法 <T#2>component(DataComponentType<T#2>,T#2)中声明的Object
D:\Minecraft-Mods\AnvilCraft\src\main\java\dev\dubhe\anvilcraft\item\tool\ember\EmberMetalAxeItem.java:10: 错误: 对于component(DataComponentType<net.minecraft.util.Unit>,com.mojang.datafixers.util.Unit), 找不到合适的方法
        super(ModToolMaterials.EMBER_METAL, 6, -3F, properties.fireResistant().component(ModComponents.FIRE_REFORGING, Unit.INSTANCE));
                                                                              ^
    方法 IItemPropertiesExtensions.<T#1>component(Supplier<? extends DataComponentType<T#1>>,T#1)不适用
      (无法推断类型变量 T#1
        (参数不匹配; DataComponentType<net.minecraft.util.Unit>无法转换为Supplier<? extends DataComponentType<T#1>>))
    方法 Properties.<T#2>component(DataComponentType<T#2>,T#2)不适用
      (推论变量 T#2 具有不兼容的上限
        等式约束条件：net.minecraft.util.Unit
        下限：com.mojang.datafixers.util.Unit)
  其中, T#1,T#2是类型变量:
    T#1扩展已在方法 <T#1>component(Supplier<? extends DataComponentType<T#1>>,T#1)中声明的Object
    T#2扩展已在方法 <T#2>component(DataComponentType<T#2>,T#2)中声明的Object
D:\Minecraft-Mods\AnvilCraft\src\main\java\dev\dubhe\anvilcraft\item\tool\ember\EmberMetalShovelItem.java:14: 错误: 对于component(DataComponentType<net.minecraft.util.Unit>,com.mojang.datafixers.util.Unit), 找不到合适的方法
            properties.fireResistant().component(ModComponents.FIRE_REFORGING, Unit.INSTANCE)
                                      ^
    方法 IItemPropertiesExtensions.<T#1>component(Supplier<? extends DataComponentType<T#1>>,T#1)不适用
      (无法推断类型变量 T#1
        (参数不匹配; DataComponentType<net.minecraft.util.Unit>无法转换为Supplier<? extends DataComponentType<T#1>>))
    方法 Properties.<T#2>component(DataComponentType<T#2>,T#2)不适用
      (推论变量 T#2 具有不兼容的上限
        等式约束条件：net.minecraft.util.Unit
        下限：com.mojang.datafixers.util.Unit)
  其中, T#1,T#2是类型变量:
    T#1扩展已在方法 <T#1>component(Supplier<? extends DataComponentType<T#1>>,T#1)中声明的Object
    T#2扩展已在方法 <T#2>component(DataComponentType<T#2>,T#2)中声明的Object
D:\Minecraft-Mods\AnvilCraft\src\main\java\dev\dubhe\anvilcraft\item\tool\ember\EmberMetalHoeItem.java:10: 错误: 对于component(DataComponentType<net.minecraft.util.Unit>,com.mojang.datafixers.util.Unit), 找不到合适的方法
        super(ModToolMaterials.EMBER_METAL, -3, 0, properties.fireResistant().component(ModComponents.FIRE_REFORGING, Unit.INSTANCE));
                                                                             ^
    方法 IItemPropertiesExtensions.<T#1>component(Supplier<? extends DataComponentType<T#1>>,T#1)不适用
      (无法推断类型变量 T#1
        (参数不匹配; DataComponentType<net.minecraft.util.Unit>无法转换为Supplier<? extends DataComponentType<T#1>>))
    方法 Properties.<T#2>component(DataComponentType<T#2>,T#2)不适用
      (推论变量 T#2 具有不兼容的上限
        等式约束条件：net.minecraft.util.Unit
        下限：com.mojang.datafixers.util.Unit)
  其中, T#1,T#2是类型变量:
    T#1扩展已在方法 <T#1>component(Supplier<? extends DataComponentType<T#1>>,T#1)中声明的Object
    T#2扩展已在方法 <T#2>component(DataComponentType<T#2>,T#2)中声明的Object
D:\Minecraft-Mods\AnvilCraft\src\main\java\dev\dubhe\anvilcraft\item\tool\ember\EmberMetalSwordItem.java:13: 错误: 对于component(DataComponentType<net.minecraft.util.Unit>,com.mojang.datafixers.util.Unit), 找不到合适的方法
                .component(ModComponents.FIRE_REFORGING, Unit.INSTANCE)
                ^
    方法 IItemPropertiesExtensions.<T#1>component(Supplier<? extends DataComponentType<T#1>>,T#1)不适用
      (无法推断类型变量 T#1
        (参数不匹配; DataComponentType<net.minecraft.util.Unit>无法转换为Supplier<? extends DataComponentType<T#1>>))
    方法 Properties.<T#2>component(DataComponentType<T#2>,T#2)不适用
      (推论变量 T#2 具有不兼容的上限
        等式约束条件：net.minecraft.util.Unit
        下限：com.mojang.datafixers.util.Unit)
  其中, T#1,T#2是类型变量:
    T#1扩展已在方法 <T#1>component(Supplier<? extends DataComponentType<T#1>>,T#1)中声明的Object
    T#2扩展已在方法 <T#2>component(DataComponentType<T#2>,T#2)中声明的Object
D:\Minecraft-Mods\AnvilCraft\src\main\java\dev\dubhe\anvilcraft\item\tool\AnvilHammerItem.java:150: 错误: 不兼容的类型: AnvilHammerItem无法转换为ItemStack
        if (player.getCooldowns().isOnCooldown(anvilHammerItem)) return false;
                                               ^
D:\Minecraft-Mods\AnvilCraft\src\main\java\dev\dubhe\anvilcraft\item\tool\AnvilHammerItem.java:151: 错误: 对于addCooldown(Item,int), 找不到合适的方法
        player.getCooldowns().addCooldown(itemStack.getItem(), 5);
                             ^
    方法 ItemCooldowns.addCooldown(ItemStack,int)不适用
      (参数不匹配; Item无法转换为ItemStack)
    方法 ItemCooldowns.addCooldown(Identifier,int)不适用
      (参数不匹配; Item无法转换为Identifier)
D:\Minecraft-Mods\AnvilCraft\src\main\java\dev\dubhe\anvilcraft\item\tool\AnvilHammerItem.java:154: 错误: 不兼容的类型: 从double转换到float可能会有损失
        AnvilEvent.OnLand event = new AnvilEvent.OnLand(level, blockPos.above(), dummyAnvilEntity, player.fallDistance);
                                                                                                         ^
D:\Minecraft-Mods\AnvilCraft\src\main\java\dev\dubhe\anvilcraft\item\tool\AnvilHammerItem.java:157: 错误: 找不到符号
        itemStack.hurtAndBreak(1, player, LivingEntity.getSlotForHand(InteractionHand.MAIN_HAND));
                                                      ^
  符号:   方法 getSlotForHand(InteractionHand)
  位置: 类 LivingEntity
D:\Minecraft-Mods\AnvilCraft\src\main\java\dev\dubhe\anvilcraft\item\tool\AnvilHammerItem.java:185: 错误: 找不到符号
        if (state.useItemOn(anvilHammer, level, player, hand, result).result() != InteractionResult.PASS) {
                                                                     ^
  符号:   方法 result()
  位置: 接口 InteractionResult
D:\Minecraft-Mods\AnvilCraft\src\main\java\dev\dubhe\anvilcraft\item\tool\AnvilHammerItem.java:242: 错误: 方法不会覆盖或实现超类型的方法
    @Override
    ^
D:\Minecraft-Mods\AnvilCraft\src\main\java\dev\dubhe\anvilcraft\item\tool\AnvilHammerItem.java:247: 错误: 方法不会覆盖或实现超类型的方法
    @Override
    ^
D:\Minecraft-Mods\AnvilCraft\src\main\java\dev\dubhe\anvilcraft\item\tool\AnvilHammerItem.java:252: 错误: 方法不会覆盖或实现超类型的方法
    @Override
    ^
D:\Minecraft-Mods\AnvilCraft\src\main\java\dev\dubhe\anvilcraft\item\tool\AnvilHammerItem.java:265: 错误: 方法不会覆盖或实现超类型的方法
    @Override
    ^
D:\Minecraft-Mods\AnvilCraft\src\main\java\dev\dubhe\anvilcraft\item\tool\AnvilHammerItem.java:285: 错误: AnvilHammerItem中的hurtEnemy(ItemStack,LivingEntity,LivingEntity)无法覆盖Item中的hurtEnemy(ItemStack,LivingEntity,LivingEntity)
    public boolean hurtEnemy(ItemStack stack, LivingEntity target, LivingEntity attacker) {
                   ^
  返回类型boolean与void不兼容
D:\Minecraft-Mods\AnvilCraft\src\main\java\dev\dubhe\anvilcraft\item\tool\AnvilHammerItem.java:284: 错误: 方法不会覆盖或实现超类型的方法
    @Override
    ^
D:\Minecraft-Mods\AnvilCraft\src\main\java\dev\dubhe\anvilcraft\item\tool\AnvilHammerItem.java:286: 错误: 找不到符号
        stack.hurtAndBreak(1, attacker, LivingEntity.getSlotForHand(target.getUsedItemHand()));
                                                    ^
  符号:   方法 getSlotForHand(InteractionHand)
  位置: 类 LivingEntity
D:\Minecraft-Mods\AnvilCraft\src\main\java\dev\dubhe\anvilcraft\item\tool\AnvilHammerItem.java:287: 错误: 不兼容的类型: 从double转换到float可能会有损失
        float damageBonus = calculateFallDamageBonus(attacker.fallDistance);
                                                             ^
D:\Minecraft-Mods\AnvilCraft\src\main\java\dev\dubhe\anvilcraft\item\tool\AnvilHammerItem.java:294: 错误: 对于playSound(<空值>,BlockPos,SoundEvent,SoundSource,float,double), 找不到合适的方法
            attacker.level().playSound(
                            ^
    方法 Level.playSound(@org.jspecify.annotations.Nullable Entity,BlockPos,SoundEvent,SoundSource,float,float)不适用
      (参数不匹配; 条件表达式中的类型错误
          从double转换到float可能会有损失)
    方法 Level.playSound(@org.jspecify.annotations.Nullable Entity,double,double,double,SoundEvent,SoundSource)不适用
      (参数不匹配; BlockPos无法转换为double)
    方法 Level.playSound(@org.jspecify.annotations.Nullable Entity,Entity,SoundEvent,SoundSource,float,float)不适用
      (参数不匹配; BlockPos无法转换为Entity)
D:\Minecraft-Mods\AnvilCraft\src\main\java\dev\dubhe\anvilcraft\item\tool\AnvilHammerItem.java:300: 错误: 无法将类 Entity中的方法 killedEntity应用到给定类型;
            if (target.killedEntity(serverLevel, attacker)) {
                      ^
  需要: ServerLevel,LivingEntity,DamageSource
  找到:    ServerLevel,LivingEntity
  原因: 实际参数列表和形式参数列表长度不同
D:\Minecraft-Mods\AnvilCraft\src\main\java\dev\dubhe\anvilcraft\item\tool\AnvilHammerItem.java:318: 错误: 方法不会覆盖或实现超类型的方法
    @Override
    ^
D:\Minecraft-Mods\AnvilCraft\src\main\java\dev\dubhe\anvilcraft\item\tool\ember\EmberAnvilHammerItem.java:20: 错误: 对于component(DataComponentType<net.minecraft.util.Unit>,com.mojang.datafixers.util.Unit), 找不到合适的方法
                .component(ModComponents.FIRE_REFORGING, Unit.INSTANCE)
                ^
    方法 IItemPropertiesExtensions.<T#1>component(Supplier<? extends DataComponentType<T#1>>,T#1)不适用
      (无法推断类型变量 T#1
        (参数不匹配; DataComponentType<net.minecraft.util.Unit>无法转换为Supplier<? extends DataComponentType<T#1>>))
    方法 Properties.<T#2>component(DataComponentType<T#2>,T#2)不适用
      (推论变量 T#2 具有不兼容的上限
        等式约束条件：net.minecraft.util.Unit
        下限：com.mojang.datafixers.util.Unit)
  其中, T#1,T#2是类型变量:
    T#1扩展已在方法 <T#1>component(Supplier<? extends DataComponentType<T#1>>,T#1)中声明的Object
    T#2扩展已在方法 <T#2>component(DataComponentType<T#2>,T#2)中声明的Object
D:\Minecraft-Mods\AnvilCraft\src\main\java\dev\dubhe\anvilcraft\item\tool\DragonRodItem.java:51: 错误: 方法不会覆盖或实现超类型的方法
    @Override
    ^
D:\Minecraft-Mods\AnvilCraft\src\main\java\dev\dubhe\anvilcraft\item\tool\DragonRodItem.java:62: 错误: 找不到符号
        return super.isValidRepairItem(stack, repairCandidate);
                    ^
  符号: 方法 isValidRepairItem(ItemStack,ItemStack)
D:\Minecraft-Mods\AnvilCraft\src\main\java\dev\dubhe\anvilcraft\item\tool\DragonRodItem.java:65: 错误: 方法不会覆盖或实现超类型的方法
    @Override
    ^
D:\Minecraft-Mods\AnvilCraft\src\main\java\dev\dubhe\anvilcraft\item\tool\DragonRodItem.java:70: 错误: 方法不会覆盖或实现超类型的方法
    @Override
    ^
D:\Minecraft-Mods\AnvilCraft\src\main\java\dev\dubhe\anvilcraft\item\tool\DragonRodItem.java:77: 错误: 找不到符号
        InteractionResultHolder<ItemStack> superHolder = super.use(level, player, usedHand);
        ^
  符号:   类 InteractionResultHolder
  位置: 类 DragonRodItem
D:\Minecraft-Mods\AnvilCraft\src\main\java\dev\dubhe\anvilcraft\item\tool\DragonRodItem.java:86: 错误: 找不到符号
                log.warn("A dragon rod in player {} dose not have devour range, use default", player);
                ^
  符号:   变量 log
  位置: 类 DragonRodItem
D:\Minecraft-Mods\AnvilCraft\src\main\java\dev\dubhe\anvilcraft\item\tool\DragonRodItem.java:90: 错误: 找不到符号
        return new InteractionResultHolder<>(superHolder.getResult(), dragonRod);
                   ^
  符号:   类 InteractionResultHolder
  位置: 类 DragonRodItem
D:\Minecraft-Mods\AnvilCraft\src\main\java\dev\dubhe\anvilcraft\item\tool\DragonRodItem.java:133: 错误: random 在 Level 中是 protected 访问控制
                && level.random.nextDouble() > 0.05) {
                        ^
D:\Minecraft-Mods\AnvilCraft\src\main\java\dev\dubhe\anvilcraft\item\tool\DragonRodItem.java:158: 警告: [removal] net.neoforged.neoforge.items 中的 IItemHandler 已过时, 且标记为待删除
                IItemHandler source = level.getCapability(Capabilities.ItemHandler.BLOCK, devouringPos, null);
                ^
D:\Minecraft-Mods\AnvilCraft\src\main\java\dev\dubhe\anvilcraft\item\tool\DragonRodItem.java:158: 错误: 找不到符号
                IItemHandler source = level.getCapability(Capabilities.ItemHandler.BLOCK, devouringPos, null);
                                                                      ^
  符号:   变量 ItemHandler
  位置: 类 Capabilities
D:\Minecraft-Mods\AnvilCraft\src\main\java\dev\dubhe\anvilcraft\item\tool\DragonRodItem.java:160: 警告: [removal] IItemHandler 中的 getSlots() 已过时, 且标记为待删除
                    for (IntListIterator it = IntIterators.fromTo(0, source.getSlots()); it.hasNext(); ) {
                                                                           ^
D:\Minecraft-Mods\AnvilCraft\src\main\java\dev\dubhe\anvilcraft\item\tool\DragonRodItem.java:162: 警告: [removal] IItemHandler 中的 getStackInSlot(int) 已过时, 且标记为待删除
                        ItemStack stack = source.getStackInSlot(slot);
                                                ^
D:\Minecraft-Mods\AnvilCraft\src\main\java\dev\dubhe\anvilcraft\item\tool\DragonRodItem.java:189: 错误: 对于addCooldown(Item,int), 找不到合适的方法
        player.getCooldowns().addCooldown(ModItems.DRAGON_ROD.asItem(), cooldown);
                             ^
    方法 ItemCooldowns.addCooldown(ItemStack,int)不适用
      (参数不匹配; Item无法转换为ItemStack)
    方法 ItemCooldowns.addCooldown(Identifier,int)不适用
      (参数不匹配; Item无法转换为Identifier)
D:\Minecraft-Mods\AnvilCraft\src\main\java\dev\dubhe\anvilcraft\item\tool\DragonRodItem.java:190: 错误: 对于addCooldown(Item,int), 找不到合适的方法
        player.getCooldowns().addCooldown(ModItems.ROYAL_DRAGON_ROD.asItem(), cooldown);
                             ^
    方法 ItemCooldowns.addCooldown(ItemStack,int)不适用
      (参数不匹配; Item无法转换为ItemStack)
    方法 ItemCooldowns.addCooldown(Identifier,int)不适用
      (参数不匹配; Item无法转换为Identifier)
D:\Minecraft-Mods\AnvilCraft\src\main\java\dev\dubhe\anvilcraft\item\tool\DragonRodItem.java:191: 错误: 对于addCooldown(Item,int), 找不到合适的方法
        player.getCooldowns().addCooldown(ModItems.EMBER_DRAGON_ROD.asItem(), cooldown);
                             ^
    方法 ItemCooldowns.addCooldown(ItemStack,int)不适用
      (参数不匹配; Item无法转换为ItemStack)
    方法 ItemCooldowns.addCooldown(Identifier,int)不适用
      (参数不匹配; Item无法转换为Identifier)
D:\Minecraft-Mods\AnvilCraft\src\main\java\dev\dubhe\anvilcraft\item\tool\DragonRodItem.java:192: 错误: 对于addCooldown(Item,int), 找不到合适的方法
        player.getCooldowns().addCooldown(ModItems.TRANSCENDENCE_DRAGON_ROD.asItem(), calculateTranscendenceDragonRodCooldown(player));
                             ^
    方法 ItemCooldowns.addCooldown(ItemStack,int)不适用
      (参数不匹配; Item无法转换为ItemStack)
    方法 ItemCooldowns.addCooldown(Identifier,int)不适用
      (参数不匹配; Item无法转换为Identifier)
D:\Minecraft-Mods\AnvilCraft\src\main\java\dev\dubhe\anvilcraft\item\tool\DragonRodItem.java:194: 错误: 对于addCooldown(Item,int), 找不到合适的方法
            player.getCooldowns().addCooldown(dragonRod.getItem(), cooldown);
                                 ^
    方法 ItemCooldowns.addCooldown(ItemStack,int)不适用
      (参数不匹配; Item无法转换为ItemStack)
    方法 ItemCooldowns.addCooldown(Identifier,int)不适用
      (参数不匹配; Item无法转换为Identifier)
D:\Minecraft-Mods\AnvilCraft\src\main\java\dev\dubhe\anvilcraft\item\tool\DragonRodItem.java:198: 错误: 找不到符号
            player.onEquippedItemBroken(item, LivingEntity.getSlotForHand(hand));
                                                          ^
  符号:   方法 getSlotForHand(InteractionHand)
  位置: 类 LivingEntity
D:\Minecraft-Mods\AnvilCraft\src\main\java\dev\dubhe\anvilcraft\item\tool\DragonRodItem.java:206: 错误: 不兼容的类型: Item无法转换为ItemStack
            && !player.getCooldowns().isOnCooldown(dragonRod.getItem());
                                                                    ^
D:\Minecraft-Mods\AnvilCraft\src\main\java\dev\dubhe\anvilcraft\item\tool\DragonRodItem.java:222: 错误: 找不到符号
        if (player.hasEffect(MobEffects.DIG_SPEED)) {
                                       ^
  符号:   变量 DIG_SPEED
  位置: 类 MobEffects
D:\Minecraft-Mods\AnvilCraft\src\main\java\dev\dubhe\anvilcraft\item\tool\DragonRodItem.java:223: 错误: 找不到符号
            cooldown -= Objects.requireNonNull(player.getEffect(MobEffects.DIG_SPEED)).getAmplifier() * 4;
                                                                          ^
  符号:   变量 DIG_SPEED
  位置: 类 MobEffects
D:\Minecraft-Mods\AnvilCraft\src\main\java\dev\dubhe\anvilcraft\item\tool\DragonRodItem.java:225: 错误: 找不到符号
        if (player.hasEffect(MobEffects.DIG_SLOWDOWN)) {
                                       ^
  符号:   变量 DIG_SLOWDOWN
  位置: 类 MobEffects
D:\Minecraft-Mods\AnvilCraft\src\main\java\dev\dubhe\anvilcraft\item\tool\DragonRodItem.java:226: 错误: 找不到符号
            cooldown += Objects.requireNonNull(player.getEffect(MobEffects.DIG_SLOWDOWN)).getAmplifier() * 60;
                                                                          ^
  符号:   变量 DIG_SLOWDOWN
  位置: 类 MobEffects
D:\Minecraft-Mods\AnvilCraft\src\main\java\dev\dubhe\anvilcraft\item\tool\DragonRodItem.java:233: 错误: 找不到符号
        if (player.hasEffect(MobEffects.DIG_SPEED)) {
                                       ^
  符号:   变量 DIG_SPEED
  位置: 类 MobEffects
D:\Minecraft-Mods\AnvilCraft\src\main\java\dev\dubhe\anvilcraft\item\tool\DragonRodItem.java:234: 错误: 找不到符号
            cooldown -= Math.max(Objects.requireNonNull(player.getEffect(MobEffects.DIG_SPEED)).getAmplifier(), 1);
                                                                                   ^
  符号:   变量 DIG_SPEED
  位置: 类 MobEffects
D:\Minecraft-Mods\AnvilCraft\src\main\java\dev\dubhe\anvilcraft\item\tool\DragonRodItem.java:236: 错误: 找不到符号
        if (player.hasEffect(MobEffects.DIG_SLOWDOWN)) {
                                       ^
  符号:   变量 DIG_SLOWDOWN
  位置: 类 MobEffects
D:\Minecraft-Mods\AnvilCraft\src\main\java\dev\dubhe\anvilcraft\item\tool\DragonRodItem.java:237: 错误: 找不到符号
            cooldown += Objects.requireNonNull(player.getEffect(MobEffects.DIG_SLOWDOWN)).getAmplifier() * 4;
                                                                          ^
  符号:   变量 DIG_SLOWDOWN
  位置: 类 MobEffects
D:\Minecraft-Mods\AnvilCraft\src\main\java\dev\dubhe\anvilcraft\item\tool\HeavyHalberdItem.java:109: 错误: 找不到符号
        rules.addAll(SwordItem.createToolProperties().rules());
                     ^
  符号:   变量 SwordItem
  位置: 类 HeavyHalberdItem
D:\Minecraft-Mods\AnvilCraft\src\main\java\dev\dubhe\anvilcraft\item\tool\HeavyHalberdItem.java:111: 错误: 无法将记录 Tool中的构造器 Tool应用到给定类型;
        return new Tool(rules, 1.0F, 2);
               ^
  需要: List<Rule>,float,int,boolean
  找到:    ArrayList<Rule>,float,int
  原因: 实际参数列表和形式参数列表长度不同
D:\Minecraft-Mods\AnvilCraft\src\main\java\dev\dubhe\anvilcraft\item\tool\HeavyHalberdItem.java:182: 错误: 方法不会覆盖或实现超类型的方法
    @Override
    ^
D:\Minecraft-Mods\AnvilCraft\src\main\java\dev\dubhe\anvilcraft\item\tool\HeavyHalberdItem.java:185: 错误: 找不到符号
        ItemProperties.register(
        ^
  符号:   变量 ItemProperties
  位置: 类 HeavyHalberdItem
D:\Minecraft-Mods\AnvilCraft\src\main\java\dev\dubhe\anvilcraft\item\tool\HeavyHalberdItem.java:192: 错误: 方法不会覆盖或实现超类型的方法
    @Override
    ^
D:\Minecraft-Mods\AnvilCraft\src\main\java\dev\dubhe\anvilcraft\item\tool\HeavyHalberdItem.java:194: 错误: 无法将类 Item中的方法 inventoryTick应用到给定类型;
        super.inventoryTick(stack, level, entity, slotId, isSelected);
             ^
  需要: ItemStack,ServerLevel,Entity,EquipmentSlot
  找到:    ItemStack,Level,Entity,int,boolean
  原因: 实际参数列表和形式参数列表长度不同
D:\Minecraft-Mods\AnvilCraft\src\main\java\dev\dubhe\anvilcraft\item\tool\HeavyHalberdItem.java:195: 错误: 找不到符号
        if (!stack.has(DataComponents.UNBREAKABLE)) checkTooDamaged(this.getTier(), stack);
                                                                        ^
  符号: 方法 getTier()
D:\Minecraft-Mods\AnvilCraft\src\main\java\dev\dubhe\anvilcraft\item\tool\HeavyHalberdItem.java:198: 错误: 方法不会覆盖或实现超类型的方法
    @Override
    ^
D:\Minecraft-Mods\AnvilCraft\src\main\java\dev\dubhe\anvilcraft\item\tool\HeavyHalberdItem.java:208: 错误: 找不到符号
        return UseAnim.SPEAR;
               ^
  符号:   变量 UseAnim
  位置: 类 HeavyHalberdItem
D:\Minecraft-Mods\AnvilCraft\src\main\java\dev\dubhe\anvilcraft\item\tool\HeavyHalberdItem.java:220: 错误: HeavyHalberdItem中的releaseUsing(ItemStack,Level,LivingEntity,int)无法覆盖Item中的releaseUsing(ItemStack,Level,LivingEntity,int)
    public void releaseUsing(ItemStack stack, Level level, LivingEntity entityLiving, int timeLeft) {
                ^
  返回类型void与boolean不兼容
D:\Minecraft-Mods\AnvilCraft\src\main\java\dev\dubhe\anvilcraft\item\tool\HeavyHalberdItem.java:219: 错误: 方法不会覆盖或实现超类型的方法
    @Override
    ^
D:\Minecraft-Mods\AnvilCraft\src\main\java\dev\dubhe\anvilcraft\item\tool\HeavyHalberdItem.java:230: 错误: 找不到符号
            stack.hurtAndBreak(1, player, LivingEntity.getSlotForHand(entityLiving.getUsedItemHand()));
                                                      ^
  符号:   方法 getSlotForHand(InteractionHand)
  位置: 类 LivingEntity
D:\Minecraft-Mods\AnvilCraft\src\main\java\dev\dubhe\anvilcraft\item\tool\HeavyHalberdItem.java:233: 错误: 找不到符号
                thrown.shootFromRotation(player, player.getXRot(), player.getYRot(), 0.0F, 2.5F, 1.0F);
                      ^
  符号:   方法 shootFromRotation(Player,float,float,float,float,float)
  位置: 类型为ThrownHeavyHalberdEntity的变量 thrown
D:\Minecraft-Mods\AnvilCraft\src\main\java\dev\dubhe\anvilcraft\item\tool\HeavyHalberdItem.java:235: 错误: 找不到符号
                    thrown.pickup = AbstractArrow.Pickup.CREATIVE_ONLY;
                          ^
  符号:   变量 pickup
  位置: 类型为ThrownHeavyHalberdEntity的变量 thrown
D:\Minecraft-Mods\AnvilCraft\src\main\java\dev\dubhe\anvilcraft\item\tool\HeavyHalberdItem.java:235: 错误: 程序包AbstractArrow不存在
                    thrown.pickup = AbstractArrow.Pickup.CREATIVE_ONLY;
                                                 ^
D:\Minecraft-Mods\AnvilCraft\src\main\java\dev\dubhe\anvilcraft\item\tool\HeavyHalberdItem.java:238: 错误: 不兼容的类型: ThrownHeavyHalberdEntity无法转换为Entity
                level.addFreshEntity(thrown);
                                     ^
D:\Minecraft-Mods\AnvilCraft\src\main\java\dev\dubhe\anvilcraft\item\tool\HeavyHalberdItem.java:239: 错误: 对于playSound(<空值>,ThrownHeavyHalberdEntity,SoundEvent,SoundSource,float,float), 找不到合适的方法
                level.playSound(null, thrown, soundEvent.value(), SoundSource.PLAYERS, 1.0F, 1.0F);
                     ^
    方法 Level.playSound(@org.jspecify.annotations.Nullable Entity,BlockPos,SoundEvent,SoundSource,float,float)不适用
      (参数不匹配; ThrownHeavyHalberdEntity无法转换为BlockPos)
    方法 Level.playSound(@org.jspecify.annotations.Nullable Entity,double,double,double,SoundEvent,SoundSource)不适用
      (参数不匹配; ThrownHeavyHalberdEntity无法转换为double)
    方法 Level.playSound(@org.jspecify.annotations.Nullable Entity,Entity,SoundEvent,SoundSource,float,float)不适用
      (参数不匹配; ThrownHeavyHalberdEntity无法转换为Entity)
D:\Minecraft-Mods\AnvilCraft\src\main\java\dev\dubhe\anvilcraft\item\tool\HeavyHalberdItem.java:271: 错误: 找不到符号
            return InteractionResultHolder.fail(itemstack);
                   ^
  符号:   变量 InteractionResultHolder
  位置: 类 HeavyHalberdItem
D:\Minecraft-Mods\AnvilCraft\src\main\java\dev\dubhe\anvilcraft\item\tool\HeavyHalberdItem.java:273: 错误: 找不到符号
            return InteractionResultHolder.fail(itemstack);
                   ^
  符号:   变量 InteractionResultHolder
  位置: 类 HeavyHalberdItem
D:\Minecraft-Mods\AnvilCraft\src\main\java\dev\dubhe\anvilcraft\item\tool\HeavyHalberdItem.java:276: 错误: 找不到符号
            return InteractionResultHolder.consume(itemstack);
                   ^
  符号:   变量 InteractionResultHolder
  位置: 类 HeavyHalberdItem
D:\Minecraft-Mods\AnvilCraft\src\main\java\dev\dubhe\anvilcraft\item\tool\HeavyHalberdItem.java:291: 错误: HeavyHalberdItem中的hurtEnemy(ItemStack,LivingEntity,LivingEntity)无法覆盖Item中的hurtEnemy(ItemStack,LivingEntity,LivingEntity)
    public boolean hurtEnemy(ItemStack stack, LivingEntity target, LivingEntity attacker) {
                   ^
  返回类型boolean与void不兼容
D:\Minecraft-Mods\AnvilCraft\src\main\java\dev\dubhe\anvilcraft\item\tool\HeavyHalberdItem.java:290: 错误: 方法不会覆盖或实现超类型的方法
    @Override
    ^
D:\Minecraft-Mods\AnvilCraft\src\main\java\dev\dubhe\anvilcraft\item\tool\HeavyHalberdItem.java:302: 错误: 无法将类 LivingEntity中的方法 setIgnoreFallDamageFromCurrentImpulse应用到给定类型;
        player.setIgnoreFallDamageFromCurrentImpulse(true);
              ^
  需要: boolean,Vec3
  找到:    boolean
  原因: 实际参数列表和形式参数列表长度不同
D:\Minecraft-Mods\AnvilCraft\src\main\java\dev\dubhe\anvilcraft\item\tool\HeavyHalberdItem.java:317: 错误: knockback(Level,Entity,Entity) 在 MaceItem 中是 private 访问控制
        MaceItem.knockback(level, player, target);
                ^
D:\Minecraft-Mods\AnvilCraft\src\main\java\dev\dubhe\anvilcraft\item\tool\HeavyHalberdItem.java:336: 错误: 不兼容的类型: 从double转换到float可能会有损失
        float fallDistance = entity.fallDistance;
                                   ^
D:\Minecraft-Mods\AnvilCraft\src\main\java\dev\dubhe\anvilcraft\item\tool\HeavyHalberdItem.java:355: 错误: 找不到符号
        thrown.pickup = AbstractArrow.Pickup.ALLOWED;
              ^
  符号:   变量 pickup
  位置: 类型为ThrownHeavyHalberdEntity的变量 thrown
D:\Minecraft-Mods\AnvilCraft\src\main\java\dev\dubhe\anvilcraft\item\tool\HeavyHalberdItem.java:355: 错误: 程序包AbstractArrow不存在
        thrown.pickup = AbstractArrow.Pickup.ALLOWED;
                                     ^
D:\Minecraft-Mods\AnvilCraft\src\main\java\dev\dubhe\anvilcraft\item\tool\HeavyHalberdItem.java:356: 错误: 不兼容的类型: ThrownHeavyHalberdEntity无法转换为Projectile
        return thrown;
               ^
D:\Minecraft-Mods\AnvilCraft\src\main\java\dev\dubhe\anvilcraft\item\tool\HeavyHalberdItem.java:363: 错误: 方法不会覆盖或实现超类型的方法
    @Override
    ^
D:\Minecraft-Mods\AnvilCraft\src\main\java\dev\dubhe\anvilcraft\item\tool\HeavyHalberdItem.java:365: 错误: 找不到符号
        return ItemAbilities.DEFAULT_TRIDENT_ACTIONS.contains(itemAbility) || ItemAbilities.DEFAULT_SWORD_ACTIONS.contains(itemAbility);
                                                                                           ^
  符号:   变量 DEFAULT_SWORD_ACTIONS
  位置: 类 ItemAbilities
D:\Minecraft-Mods\AnvilCraft\src\main\java\dev\dubhe\anvilcraft\item\tool\frost\FrostMetalHeavyHalberdItem.java:18: 错误: 方法不会覆盖或实现超类型的方法
    @Override
    ^
D:\Minecraft-Mods\AnvilCraft\src\main\java\dev\dubhe\anvilcraft\item\tool\ember\EmberMetalHeavyHalberdItem.java:15: 错误: 对于component(DataComponentType<net.minecraft.util.Unit>,com.mojang.datafixers.util.Unit), 找不到合适的方法
        super(ModToolMaterials.EMBER_METAL, 10, -2.4F, properties.fireResistant().component(ModComponents.FIRE_REFORGING, Unit.INSTANCE));
                                                                                 ^
    方法 IItemPropertiesExtensions.<T#1>component(Supplier<? extends DataComponentType<T#1>>,T#1)不适用
      (无法推断类型变量 T#1
        (参数不匹配; DataComponentType<net.minecraft.util.Unit>无法转换为Supplier<? extends DataComponentType<T#1>>))
    方法 Properties.<T#2>component(DataComponentType<T#2>,T#2)不适用
      (推论变量 T#2 具有不兼容的上限
        等式约束条件：net.minecraft.util.Unit
        下限：com.mojang.datafixers.util.Unit)
  其中, T#1,T#2是类型变量:
    T#1扩展已在方法 <T#1>component(Supplier<? extends DataComponentType<T#1>>,T#1)中声明的Object
    T#2扩展已在方法 <T#2>component(DataComponentType<T#2>,T#2)中声明的Object
D:\Minecraft-Mods\AnvilCraft\src\main\java\dev\dubhe\anvilcraft\item\tool\trascendence\TranscendenceHeavyHalberdItem.java:29: 错误: 无法将类 HeavyHalberdItem中的构造器 HeavyHalberdItem应用到给定类型;
        super(
        ^
  需要: ToolMaterial,float,float,Properties
  找到:    ModTiers,Properties
  原因: 实际参数列表和形式参数列表长度不同
D:\Minecraft-Mods\AnvilCraft\src\main\java\dev\dubhe\anvilcraft\item\tool\trascendence\TranscendenceHeavyHalberdItem.java:30: 错误: 不兼容的类型: ModTiers无法转换为ToolMaterial
            ModTiers.TRANSCENDIUM,
                    ^
D:\Minecraft-Mods\AnvilCraft\src\main\java\dev\dubhe\anvilcraft\item\tool\trascendence\TranscendenceHeavyHalberdItem.java:42: 错误: 方法不会覆盖或实现超类型的方法
    @Override
    ^
D:\Minecraft-Mods\AnvilCraft\src\main\java\dev\dubhe\anvilcraft\item\tool\ResonatorItem.java:259: 错误: 找不到符号
        ResonatorItem.checkTooDamaged(this.getMaterial(), stack, level.registryAccess().lookupOrThrow(Registries.BLOCK));
                                          ^
  符号: 方法 getMaterial()
D:\Minecraft-Mods\AnvilCraft\src\main\java\dev\dubhe\anvilcraft\item\tool\ResonatorItem.java:265: 错误: 找不到符号
        return tool != null ? tool.getMiningSpeed(state) : this.getMaterial().speed();
                                                               ^
  符号: 方法 getMaterial()
D:\Minecraft-Mods\AnvilCraft\src\main\java\dev\dubhe\anvilcraft\item\tool\ResonatorItem.java:448: 错误: 找不到符号
            createToolProperties(mode, resonatorItem.getMaterial(), player.registryAccess().lookupOrThrow(Registries.BLOCK))
                                                    ^
  符号:   方法 getMaterial()
  位置: 类型为ResonatorItem的变量 resonatorItem
D:\Minecraft-Mods\AnvilCraft\src\main\java\dev\dubhe\anvilcraft\item\tool\ember\EmberMetalResonatorItem.java:14: 错误: 对于component(DataComponentType<net.minecraft.util.Unit>,com.mojang.datafixers.util.Unit), 找不到合适的方法
            properties.fireResistant().component(ModComponents.FIRE_REFORGING, Unit.INSTANCE)
                                      ^
    方法 IItemPropertiesExtensions.<T#1>component(Supplier<? extends DataComponentType<T#1>>,T#1)不适用
      (无法推断类型变量 T#1
        (参数不匹配; DataComponentType<net.minecraft.util.Unit>无法转换为Supplier<? extends DataComponentType<T#1>>))
    方法 Properties.<T#2>component(DataComponentType<T#2>,T#2)不适用
      (推论变量 T#2 具有不兼容的上限
        等式约束条件：net.minecraft.util.Unit
        下限：com.mojang.datafixers.util.Unit)
  其中, T#1,T#2是类型变量:
    T#1扩展已在方法 <T#1>component(Supplier<? extends DataComponentType<T#1>>,T#1)中声明的Object
    T#2扩展已在方法 <T#2>component(DataComponentType<T#2>,T#2)中声明的Object
D:\Minecraft-Mods\AnvilCraft\src\main\java\dev\dubhe\anvilcraft\item\tool\trascendence\TranscendenceResonatorItem.java:29: 错误: 不兼容的类型: ModTiers无法转换为ToolMaterial
                .attributes(ResonatorItem.createAttributes(ModTiers.TRANSCENDIUM, 17, -3F))
                                                                   ^
D:\Minecraft-Mods\AnvilCraft\src\main\java\dev\dubhe\anvilcraft\item\tool\trascendence\TranscendenceResonatorItem.java:27: 错误: 不兼容的类型: ModTiers无法转换为ToolMaterial
            ModTiers.TRANSCENDIUM,
                    ^
D:\Minecraft-Mods\AnvilCraft\src\main\java\dev\dubhe\anvilcraft\item\tool\trascendence\TranscendenceResonatorItem.java:39: 错误: 方法不会覆盖或实现超类型的方法
    @Override
    ^
D:\Minecraft-Mods\AnvilCraft\src\main\java\dev\dubhe\anvilcraft\item\tool\trascendence\TranscendenceResonatorItem.java:41: 错误: 无法将类 ResonatorItem中的方法 inventoryTick应用到给定类型;
        super.inventoryTick(stack, level, entity, slotId, isSelected);
             ^
  需要: ItemStack,ServerLevel,Entity,EquipmentSlot
  找到:    ItemStack,Level,Entity,int,boolean
  原因: 实际参数列表和形式参数列表长度不同
D:\Minecraft-Mods\AnvilCraft\src\main\java\dev\dubhe\anvilcraft\item\tool\MultitoolItem.java:85: 错误: 方法不会覆盖或实现超类型的方法
    @Override
    ^
D:\Minecraft-Mods\AnvilCraft\src\main\java\dev\dubhe\anvilcraft\item\tool\MultitoolItem.java:88: 错误: 找不到符号
        ItemProperties.register(
        ^
  符号:   变量 ItemProperties
  位置: 类 MultitoolItem
D:\Minecraft-Mods\AnvilCraft\src\main\java\dev\dubhe\anvilcraft\item\tool\MultitoolItem.java:106: 错误: MultitoolItem中的releaseUsing(ItemStack,Level,LivingEntity,int)无法覆盖Item中的releaseUsing(ItemStack,Level,LivingEntity,int)
    public void releaseUsing(ItemStack stack, Level level, LivingEntity livingEntity, int timeCharged) {
                ^
  返回类型void与boolean不兼容
D:\Minecraft-Mods\AnvilCraft\src\main\java\dev\dubhe\anvilcraft\item\tool\MultitoolItem.java:105: 错误: 方法不会覆盖或实现超类型的方法
    @Override
    ^
D:\Minecraft-Mods\AnvilCraft\src\main\java\dev\dubhe\anvilcraft\item\tool\MultitoolItem.java:138: 错误: 找不到符号
                yield InteractionResultHolder.pass(player.getItemInHand(usedHand));
                      ^
  符号:   变量 InteractionResultHolder
  位置: 类 MultitoolItem
D:\Minecraft-Mods\AnvilCraft\src\main\java\dev\dubhe\anvilcraft\item\tool\MultitoolItem.java:146: 错误: 找不到符号
        return switch (context.getItemInHand().getOrDefault(DataComponents.CUSTOM_MODEL_DATA, CustomModelData.DEFAULT).value()) {
                                                                                                             ^
  符号:   变量 DEFAULT
  位置: 类 CustomModelData
D:\Minecraft-Mods\AnvilCraft\src\main\java\dev\dubhe\anvilcraft\item\tool\MultitoolItem.java:155: 错误: 方法不会覆盖或实现超类型的方法
    @Override
    ^
D:\Minecraft-Mods\AnvilCraft\src\main\java\dev\dubhe\anvilcraft\item\tool\MultitoolItem.java:169: 错误: 找不到符号
            case BRUSH_MODE -> UseAnim.BRUSH;
                               ^
  符号:   变量 UseAnim
  位置: 类 MultitoolItem
D:\Minecraft-Mods\AnvilCraft\src\main\java\dev\dubhe\anvilcraft\item\tool\MultitoolItem.java:170: 错误: 找不到符号
            case SPYGLASS_MODE -> UseAnim.SPYGLASS;
                                  ^
  符号:   变量 UseAnim
  位置: 类 MultitoolItem
D:\Minecraft-Mods\AnvilCraft\src\main\java\dev\dubhe\anvilcraft\item\tool\MultitoolItem.java:216: 错误: 方法不会覆盖或实现超类型的方法
    @Override
    ^
D:\Minecraft-Mods\AnvilCraft\src\main\java\dev\dubhe\anvilcraft\item\tool\MultitoolItem.java:231: 错误: 找不到符号
                itemstack.hurtAndBreak(i, player, LivingEntity.getSlotForHand(usedHand));
                                                              ^
  符号:   方法 getSlotForHand(InteractionHand)
  位置: 类 LivingEntity
D:\Minecraft-Mods\AnvilCraft\src\main\java\dev\dubhe\anvilcraft\item\tool\MultitoolItem.java:268: 错误: 找不到符号
        return InteractionResultHolder.sidedSuccess(itemstack, level.isClientSide());
               ^
  符号:   变量 InteractionResultHolder
  位置: 类 MultitoolItem
D:\Minecraft-Mods\AnvilCraft\src\main\java\dev\dubhe\anvilcraft\item\tool\MultitoolItem.java:277: 错误: 找不到符号
                    EquipmentSlot equipmentslot = LivingEntity.getSlotForHand(usedHand);
                                                              ^
  符号:   方法 getSlotForHand(InteractionHand)
  位置: 类 LivingEntity
D:\Minecraft-Mods\AnvilCraft\src\main\java\dev\dubhe\anvilcraft\item\tool\MultitoolItem.java:279: 错误: 找不到符号
                    return InteractionResultHolder.success(itemStack);
                           ^
  符号:   变量 InteractionResultHolder
  位置: 类 MultitoolItem
D:\Minecraft-Mods\AnvilCraft\src\main\java\dev\dubhe\anvilcraft\item\tool\MultitoolItem.java:284: 错误: 找不到符号
        return InteractionResultHolder.pass(itemStack);
               ^
  符号:   变量 InteractionResultHolder
  位置: 类 MultitoolItem
D:\Minecraft-Mods\AnvilCraft\src\main\java\dev\dubhe\anvilcraft\item\tool\MultitoolItem.java:293: 错误: 找不到符号
                    EquipmentSlot equipmentslot = LivingEntity.getSlotForHand(usedHand);
                                                              ^
  符号:   方法 getSlotForHand(InteractionHand)
  位置: 类 LivingEntity
D:\Minecraft-Mods\AnvilCraft\src\main\java\dev\dubhe\anvilcraft\item\tool\MultitoolItem.java:295: 错误: 找不到符号
                    return InteractionResultHolder.success(itemStack);
                           ^
  符号:   变量 InteractionResultHolder
  位置: 类 MultitoolItem
D:\Minecraft-Mods\AnvilCraft\src\main\java\dev\dubhe\anvilcraft\item\tool\MultitoolItem.java:300: 错误: 找不到符号
        return InteractionResultHolder.pass(itemStack);
               ^
  符号:   变量 InteractionResultHolder
  位置: 类 MultitoolItem
D:\Minecraft-Mods\AnvilCraft\src\main\java\dev\dubhe\anvilcraft\item\tool\MultitoolItem.java:317: 错误: 找不到符号
                itemstack.hurtAndBreak(1, player, LivingEntity.getSlotForHand(context.getHand()));
                                                              ^
  符号:   方法 getSlotForHand(InteractionHand)
  位置: 类 LivingEntity
D:\Minecraft-Mods\AnvilCraft\src\main\java\dev\dubhe\anvilcraft\item\tool\MultitoolItem.java:320: 错误: 找不到符号
            return InteractionResult.sidedSuccess(level.isClientSide());
                                    ^
  符号:   方法 sidedSuccess(boolean)
  位置: 接口 InteractionResult
D:\Minecraft-Mods\AnvilCraft\src\main\java\dev\dubhe\anvilcraft\item\tool\MultitoolItem.java:349: 错误: 找不到符号
                    itemstack.hurtAndBreak(1, player, LivingEntity.getSlotForHand(context.getHand()));
                                                                  ^
  符号:   方法 getSlotForHand(InteractionHand)
  位置: 类 LivingEntity
D:\Minecraft-Mods\AnvilCraft\src\main\java\dev\dubhe\anvilcraft\item\tool\MultitoolItem.java:352: 错误: 找不到符号
                return InteractionResult.sidedSuccess(level.isClientSide());
                                        ^
  符号:   方法 sidedSuccess(boolean)
  位置: 接口 InteractionResult
D:\Minecraft-Mods\AnvilCraft\src\main\java\dev\dubhe\anvilcraft\item\tool\MultitoolItem.java:368: 错误: 找不到符号
                context.getItemInHand().hurtAndBreak(1, player, LivingEntity.getSlotForHand(context.getHand()));
                                                                            ^
  符号:   方法 getSlotForHand(InteractionHand)
  位置: 类 LivingEntity
D:\Minecraft-Mods\AnvilCraft\src\main\java\dev\dubhe\anvilcraft\item\tool\MultitoolItem.java:371: 错误: 找不到符号
            return InteractionResult.sidedSuccess(level.isClientSide());
                                    ^
  符号:   方法 sidedSuccess(boolean)
  位置: 接口 InteractionResult
D:\Minecraft-Mods\AnvilCraft\src\main\java\dev\dubhe\anvilcraft\item\tool\MultitoolItem.java:445: 错误: 无法将类 BrushableBlockEntity中的方法 brush应用到给定类型;
                                boolean flag1 = brushableBlockEntity.brush(level.getGameTime(), player, blockhitresult.getDirection());
                                                                    ^
  需要: long,ServerLevel,LivingEntity,Direction,ItemStack
  找到:    long,Player,Direction
  原因: 实际参数列表和形式参数列表长度不同
D:\Minecraft-Mods\AnvilCraft\src\main\java\dev\dubhe\anvilcraft\item\tool\MultitoolItem.java:445: 错误: 不兼容的类型: Player无法转换为ServerLevel
                                boolean flag1 = brushableBlockEntity.brush(level.getGameTime(), player, blockhitresult.getDirection());
                                                                                                ^
D:\Minecraft-Mods\AnvilCraft\src\main\java\dev\dubhe\anvilcraft\item\tool\MultitoolItem.java:493: 错误: 不兼容的类型: Level无法转换为ServerLevel
                        target.spawnShearedDrop(interactionTarget.level(), pos, drop);
                                                                       ^
D:\Minecraft-Mods\AnvilCraft\src\main\java\dev\dubhe\anvilcraft\item\tool\MultitoolItem.java:499: 错误: 找不到符号
                    stack.hurtAndBreak(1, player, LivingEntity.getSlotForHand(usedHand));
                                                              ^
  符号:   方法 getSlotForHand(InteractionHand)
  位置: 类 LivingEntity
D:\Minecraft-Mods\AnvilCraft\src\main\java\dev\dubhe\anvilcraft\item\tool\MultitoolItem.java:502: 错误: 找不到符号
                return InteractionResult.sidedSuccess(isClient);
                                        ^
  符号:   方法 sidedSuccess(boolean)
  位置: 接口 InteractionResult
D:\Minecraft-Mods\AnvilCraft\src\main\java\dev\dubhe\anvilcraft\item\tool\MultitoolItem.java:510: 错误: 找不到符号
        return Math.clamp(item.getOrDefault(DataComponents.CUSTOM_MODEL_DATA, CustomModelData.DEFAULT).value(), 0, 8);
                                                                                             ^
  符号:   变量 DEFAULT
  位置: 类 CustomModelData
D:\Minecraft-Mods\AnvilCraft\src\main\java\dev\dubhe\anvilcraft\item\tool\MultitoolItem.java:519: 错误: 无法将记录 CustomModelData中的构造器 CustomModelData应用到给定类型;
        item.set(DataComponents.CUSTOM_MODEL_DATA, new CustomModelData(mode));
                                                   ^
  需要: List<Float>,List<Boolean>,List<String>,List<Integer>
  找到:    int
  原因: 实际参数列表和形式参数列表长度不同
D:\Minecraft-Mods\AnvilCraft\src\main\java\dev\dubhe\anvilcraft\item\EnergyWeaponPlatformItem.java:22: 错误: 找不到符号
        if (level.isClientSide()) return InteractionResultHolder.pass(stack);
                                         ^
  符号:   变量 InteractionResultHolder
  位置: 类 EnergyWeaponPlatformItem
D:\Minecraft-Mods\AnvilCraft\src\main\java\dev\dubhe\anvilcraft\item\EnergyWeaponPlatformItem.java:30: 错误: 找不到符号
        return InteractionResultHolder.sidedSuccess(stack, false);
               ^
  符号:   变量 InteractionResultHolder
  位置: 类 EnergyWeaponPlatformItem
D:\Minecraft-Mods\AnvilCraft\src\main\java\dev\dubhe\anvilcraft\item\tool\SpectralSlingshotItem.java:128: 错误: 对于set(DataComponentType<CanTakeOutAmmo>,boolean), 找不到合适的方法
        stack.set(ModComponents.CAN_TAKE_OUT_AMMO, can);
             ^
    方法 MutableDataComponentHolder.<T#1>set(Supplier<? extends DataComponentType<T#1>>,@org.jspecify.annotations.Nullable T#1)不适用
      (无法推断类型变量 T#1
        (参数不匹配; DataComponentType<CanTakeOutAmmo>无法转换为Supplier<? extends DataComponentType<T#1>>))
    方法 ItemStack.<T#2>set(DataComponentType<T#2>,@org.jspecify.annotations.Nullable T#1)不适用
      (推论变量 T#2 具有不兼容的上限
        等式约束条件：CanTakeOutAmmo
        下限：Boolean)
    方法 ItemStack.<T#3>set(TypedDataComponent<T#3>)不适用
      (无法推断类型变量 T#3
        (实际参数列表和形式参数列表长度不同))
  其中, T#1,T#2,T#3是类型变量:
    T#1扩展已在方法 <T#1>set(Supplier<? extends DataComponentType<T#1>>,@org.jspecify.annotations.Nullable T#1)中声明的Object
    T#2扩展已在方法 <T#2>set(DataComponentType<T#2>,@org.jspecify.annotations.Nullable T#1)中声明的Object
    T#3扩展已在方法 <T#3>set(TypedDataComponent<T#3>)中声明的Object
D:\Minecraft-Mods\AnvilCraft\src\main\java\dev\dubhe\anvilcraft\item\tool\SpectralSlingshotItem.java:220: 错误: 对于set(DataComponentType<CanTakeOutAmmo>,boolean), 找不到合适的方法
                crossbowStack.set(ModComponents.CAN_TAKE_OUT_AMMO, notHasInfinity);
                             ^
    方法 MutableDataComponentHolder.<T#1>set(Supplier<? extends DataComponentType<T#1>>,@org.jspecify.annotations.Nullable T#1)不适用
      (无法推断类型变量 T#1
        (参数不匹配; DataComponentType<CanTakeOutAmmo>无法转换为Supplier<? extends DataComponentType<T#1>>))
    方法 ItemStack.<T#2>set(DataComponentType<T#2>,@org.jspecify.annotations.Nullable T#1)不适用
      (推论变量 T#2 具有不兼容的上限
        等式约束条件：CanTakeOutAmmo
        下限：Boolean)
    方法 ItemStack.<T#3>set(TypedDataComponent<T#3>)不适用
      (无法推断类型变量 T#3
        (实际参数列表和形式参数列表长度不同))
  其中, T#1,T#2,T#3是类型变量:
    T#1扩展已在方法 <T#1>set(Supplier<? extends DataComponentType<T#1>>,@org.jspecify.annotations.Nullable T#1)中声明的Object
    T#2扩展已在方法 <T#2>set(DataComponentType<T#2>,@org.jspecify.annotations.Nullable T#1)中声明的Object
    T#3扩展已在方法 <T#3>set(TypedDataComponent<T#3>)中声明的Object
D:\Minecraft-Mods\AnvilCraft\src\main\java\dev\dubhe\anvilcraft\item\tool\SpectralSlingshotItem.java:399: 错误: 方法不会覆盖或实现超类型的方法
    @Override
    ^
D:\Minecraft-Mods\AnvilCraft\src\main\java\dev\dubhe\anvilcraft\item\tool\SpectralSlingshotItem.java:403: 错误: 找不到符号
            ItemStack itemstack = chargedprojectiles.getItems().getFirst();
                                                    ^
  符号:   方法 getItems()
  位置: 类型为ChargedProjectiles的变量 chargedprojectiles
D:\Minecraft-Mods\AnvilCraft\src\main\java\dev\dubhe\anvilcraft\item\tool\SpectralSlingshotItem.java:411: 错误: 无法将类 Item中的方法 appendHoverText应用到给定类型;
                Items.FIREWORK_ROCKET.appendHoverText(itemstack, context, list, tooltipFlag);
                                     ^
  需要: ItemStack,TooltipContext,TooltipDisplay,Consumer<Component>,TooltipFlag
  找到:    ItemStack,TooltipContext,List<Component>,TooltipFlag
  原因: 实际参数列表和形式参数列表长度不同
D:\Minecraft-Mods\AnvilCraft\src\main\java\dev\dubhe\anvilcraft\item\weapon\SpectralWeaponLauncherItem.java:35: 错误: 找不到符号
                .component(DataComponents.CUSTOM_MODEL_DATA, CustomModelData.DEFAULT)
                                                                            ^
  符号:   变量 DEFAULT
  位置: 类 CustomModelData
D:\Minecraft-Mods\AnvilCraft\src\main\java\dev\dubhe\anvilcraft\item\weapon\SpectralWeaponLauncherItem.java:40: 错误: 方法不会覆盖或实现超类型的方法
    @Override
    ^
D:\Minecraft-Mods\AnvilCraft\src\main\java\dev\dubhe\anvilcraft\item\weapon\SpectralWeaponLauncherItem.java:64: 错误: 对于set(DataComponentType<StoredEnergy>,int), 找不到合适的方法
        weapon.set(ModComponents.STORED_ENERGY, newEnergy);
              ^
    方法 MutableDataComponentHolder.<T#1>set(Supplier<? extends DataComponentType<T#1>>,@org.jspecify.annotations.Nullable T#1)不适用
      (无法推断类型变量 T#1
        (参数不匹配; DataComponentType<StoredEnergy>无法转换为Supplier<? extends DataComponentType<T#1>>))
    方法 ItemStack.<T#2>set(DataComponentType<T#2>,@org.jspecify.annotations.Nullable T#1)不适用
      (推论变量 T#2 具有不兼容的上限
        等式约束条件：StoredEnergy
        下限：Integer)
    方法 ItemStack.<T#3>set(TypedDataComponent<T#3>)不适用
      (无法推断类型变量 T#3
        (实际参数列表和形式参数列表长度不同))
  其中, T#1,T#2,T#3是类型变量:
    T#1扩展已在方法 <T#1>set(Supplier<? extends DataComponentType<T#1>>,@org.jspecify.annotations.Nullable T#1)中声明的Object
    T#2扩展已在方法 <T#2>set(DataComponentType<T#2>,@org.jspecify.annotations.Nullable T#1)中声明的Object
    T#3扩展已在方法 <T#3>set(TypedDataComponent<T#3>)中声明的Object
D:\Minecraft-Mods\AnvilCraft\src\main\java\dev\dubhe\anvilcraft\item\weapon\SpectralWeaponLauncherItem.java:66: 错误: 无法将记录 CustomModelData中的构造器 CustomModelData应用到给定类型;
            weapon.set(DataComponents.CUSTOM_MODEL_DATA, new CustomModelData(SpectralWeaponLauncherItem.EXHAUSTED_MODEL));
                                                         ^
  需要: List<Float>,List<Boolean>,List<String>,List<Integer>
  找到:    int
  原因: 实际参数列表和形式参数列表长度不同
D:\Minecraft-Mods\AnvilCraft\src\main\java\dev\dubhe\anvilcraft\item\weapon\SpectralWeaponLauncherItem.java:68: 错误: 找不到符号
            weapon.set(DataComponents.CUSTOM_MODEL_DATA, CustomModelData.DEFAULT);
                                                                        ^
  符号:   变量 DEFAULT
  位置: 类 CustomModelData
D:\Minecraft-Mods\AnvilCraft\src\main\java\dev\dubhe\anvilcraft\item\weapon\SpectralWeaponLauncherItem.java:91: 错误: 找不到符号
        launcher.set(DataComponents.CUSTOM_MODEL_DATA, CustomModelData.DEFAULT);
                                                                      ^
  符号:   变量 DEFAULT
  位置: 类 CustomModelData
D:\Minecraft-Mods\AnvilCraft\src\main\java\dev\dubhe\anvilcraft\item\IonoCraftItem.java:34: 错误: 找不到符号
            return InteractionResultHolder.pass(itemstack);
                   ^
  符号:   变量 InteractionResultHolder
  位置: 类 IonoCraftItem
D:\Minecraft-Mods\AnvilCraft\src\main\java\dev\dubhe\anvilcraft\item\IonoCraftItem.java:47: 错误: 找不到符号
                        return InteractionResultHolder.pass(itemstack);
                               ^
  符号:   变量 InteractionResultHolder
  位置: 类 IonoCraftItem
D:\Minecraft-Mods\AnvilCraft\src\main\java\dev\dubhe\anvilcraft\item\IonoCraftItem.java:55: 错误: 找不到符号
                    return InteractionResultHolder.fail(itemstack);
                           ^
  符号:   变量 InteractionResultHolder
  位置: 类 IonoCraftItem
D:\Minecraft-Mods\AnvilCraft\src\main\java\dev\dubhe\anvilcraft\item\IonoCraftItem.java:64: 错误: 找不到符号
                    return InteractionResultHolder.sidedSuccess(itemstack, level.isClientSide());
                           ^
  符号:   变量 InteractionResultHolder
  位置: 类 IonoCraftItem
D:\Minecraft-Mods\AnvilCraft\src\main\java\dev\dubhe\anvilcraft\item\IonoCraftItem.java:67: 错误: 找不到符号
                return InteractionResultHolder.pass(itemstack);
                       ^
  符号:   变量 InteractionResultHolder
  位置: 类 IonoCraftItem
D:\Minecraft-Mods\AnvilCraft\src\main\java\dev\dubhe\anvilcraft\item\IonoCraftBackpackItem.java:69: 错误: 方法不会覆盖或实现超类型的方法
    @Override
    ^
D:\Minecraft-Mods\AnvilCraft\src\main\java\dev\dubhe\anvilcraft\item\IonoCraftBackpackItem.java:74: 错误: 方法不会覆盖或实现超类型的方法
    @Override
    ^
D:\Minecraft-Mods\AnvilCraft\src\main\java\dev\dubhe\anvilcraft\item\IonoCraftBackpackItem.java:77: 错误: 找不到符号
        ItemProperties.register(
        ^
  符号:   变量 ItemProperties
  位置: 类 IonoCraftBackpackItem
D:\Minecraft-Mods\AnvilCraft\src\main\java\dev\dubhe\anvilcraft\item\IonoCraftBackpackItem.java:84: 错误: 方法不会覆盖或实现超类型的方法
    @Override
    ^
D:\Minecraft-Mods\AnvilCraft\src\main\java\dev\dubhe\anvilcraft\item\IonoCraftBackpackItem.java:89: 错误: 方法不会覆盖或实现超类型的方法
    @Override
    ^
D:\Minecraft-Mods\AnvilCraft\src\main\java\dev\dubhe\anvilcraft\item\IonoCraftBackpackItem.java:99: 错误: 方法不会覆盖或实现超类型的方法
    @Override
    ^
D:\Minecraft-Mods\AnvilCraft\src\main\java\dev\dubhe\anvilcraft\item\IonoCraftBackpackItem.java:121: 错误: 找不到符号
            && component.getPowerGrid() != null
                        ^
  符号:   方法 getPowerGrid()
  位置: 类型为DynamicPowerComponent的变量 component
D:\Minecraft-Mods\AnvilCraft\src\main\java\dev\dubhe\anvilcraft\item\IonoCraftBackpackItem.java:122: 错误: 找不到符号
            && component.getPowerGrid().isWorking();
                        ^
  符号:   方法 getPowerGrid()
  位置: 类型为DynamicPowerComponent的变量 component
D:\Minecraft-Mods\AnvilCraft\src\main\java\dev\dubhe\anvilcraft\item\IonoCraftBackpackItem.java:148: 错误: 找不到符号
            powerComponent.getPowerConsumptions().remove(CONSUMPTION_64);
                          ^
  符号:   方法 getPowerConsumptions()
  位置: 类型为DynamicPowerComponent的变量 powerComponent
D:\Minecraft-Mods\AnvilCraft\src\main\java\dev\dubhe\anvilcraft\item\IonoCraftBackpackItem.java:149: 错误: 找不到符号
            powerComponent.getPowerConsumptions().remove(CONSUMPTION_128);
                          ^
  符号:   方法 getPowerConsumptions()
  位置: 类型为DynamicPowerComponent的变量 powerComponent
D:\Minecraft-Mods\AnvilCraft\src\main\java\dev\dubhe\anvilcraft\item\IonoCraftBackpackItem.java:150: 错误: 找不到符号
            powerComponent.getPowerConsumptions().remove(CONSUMPTION_256);
                          ^
  符号:   方法 getPowerConsumptions()
  位置: 类型为DynamicPowerComponent的变量 powerComponent
D:\Minecraft-Mods\AnvilCraft\src\main\java\dev\dubhe\anvilcraft\item\IonoCraftBackpackItem.java:151: 错误: 找不到符号
            powerComponent.getPowerConsumptions().remove(CONSUMPTION_512);
                          ^
  符号:   方法 getPowerConsumptions()
  位置: 类型为DynamicPowerComponent的变量 powerComponent
D:\Minecraft-Mods\AnvilCraft\src\main\java\dev\dubhe\anvilcraft\item\IonoCraftBackpackItem.java:157: 错误: 找不到符号
            powerComponent.getPowerConsumptions().remove(CONSUMPTION_64);
                          ^
  符号:   方法 getPowerConsumptions()
  位置: 类型为DynamicPowerComponent的变量 powerComponent
D:\Minecraft-Mods\AnvilCraft\src\main\java\dev\dubhe\anvilcraft\item\IonoCraftBackpackItem.java:158: 错误: 找不到符号
            powerComponent.getPowerConsumptions().remove(CONSUMPTION_128);
                          ^
  符号:   方法 getPowerConsumptions()
  位置: 类型为DynamicPowerComponent的变量 powerComponent
D:\Minecraft-Mods\AnvilCraft\src\main\java\dev\dubhe\anvilcraft\item\IonoCraftBackpackItem.java:159: 错误: 找不到符号
            powerComponent.getPowerConsumptions().remove(CONSUMPTION_256);
                          ^
  符号:   方法 getPowerConsumptions()
  位置: 类型为DynamicPowerComponent的变量 powerComponent
D:\Minecraft-Mods\AnvilCraft\src\main\java\dev\dubhe\anvilcraft\item\IonoCraftBackpackItem.java:160: 错误: 找不到符号
            powerComponent.getPowerConsumptions().remove(CONSUMPTION_512);
                          ^
  符号:   方法 getPowerConsumptions()
  位置: 类型为DynamicPowerComponent的变量 powerComponent
D:\Minecraft-Mods\AnvilCraft\src\main\java\dev\dubhe\anvilcraft\item\IonoCraftBackpackItem.java:164: 错误: 找不到符号
        if (powerComponent.getPowerGrid() == null) return;
                          ^
  符号:   方法 getPowerGrid()
  位置: 类型为DynamicPowerComponent的变量 powerComponent
D:\Minecraft-Mods\AnvilCraft\src\main\java\dev\dubhe\anvilcraft\item\IonoCraftBackpackItem.java:166: 错误: 找不到符号
        PowerGrid powerGrid = powerComponent.getPowerGrid();
                                            ^
  符号:   方法 getPowerGrid()
  位置: 类型为DynamicPowerComponent的变量 powerComponent
D:\Minecraft-Mods\AnvilCraft\src\main\java\dev\dubhe\anvilcraft\item\IonoCraftBackpackItem.java:168: 错误: 找不到符号
            boolean hasConsumption = powerComponent.getPowerConsumptions().contains(CONSUMPTION_64)
                                                   ^
  符号:   方法 getPowerConsumptions()
  位置: 类型为DynamicPowerComponent的变量 powerComponent
D:\Minecraft-Mods\AnvilCraft\src\main\java\dev\dubhe\anvilcraft\item\IonoCraftBackpackItem.java:169: 错误: 找不到符号
                                  || powerComponent.getPowerConsumptions().contains(CONSUMPTION_128)
                                                   ^
  符号:   方法 getPowerConsumptions()
  位置: 类型为DynamicPowerComponent的变量 powerComponent
D:\Minecraft-Mods\AnvilCraft\src\main\java\dev\dubhe\anvilcraft\item\IonoCraftBackpackItem.java:170: 错误: 找不到符号
                                  || powerComponent.getPowerConsumptions().contains(CONSUMPTION_256)
                                                   ^
  符号:   方法 getPowerConsumptions()
  位置: 类型为DynamicPowerComponent的变量 powerComponent
D:\Minecraft-Mods\AnvilCraft\src\main\java\dev\dubhe\anvilcraft\item\IonoCraftBackpackItem.java:171: 错误: 找不到符号
                                  || powerComponent.getPowerConsumptions().contains(CONSUMPTION_512);
                                                   ^
  符号:   方法 getPowerConsumptions()
  位置: 类型为DynamicPowerComponent的变量 powerComponent
D:\Minecraft-Mods\AnvilCraft\src\main\java\dev\dubhe\anvilcraft\item\IonoCraftBackpackItem.java:175: 错误: 找不到符号
                powerGrid.getDynamicComponents().forEach(component -> {
                         ^
  符号:   方法 getDynamicComponents()
  位置: 类型为PowerGrid的变量 powerGrid
D:\Minecraft-Mods\AnvilCraft\src\main\java\dev\dubhe\anvilcraft\item\IonoCraftBackpackItem.java:182: 错误: 找不到符号
                    powerComponent.getPowerConsumptions().add(CONSUMPTION_512);
                                  ^
  符号:   方法 getPowerConsumptions()
  位置: 类型为DynamicPowerComponent的变量 powerComponent
D:\Minecraft-Mods\AnvilCraft\src\main\java\dev\dubhe\anvilcraft\item\IonoCraftBackpackItem.java:184: 错误: 找不到符号
                    powerComponent.getPowerConsumptions().add(CONSUMPTION_256);
                                  ^
  符号:   方法 getPowerConsumptions()
  位置: 类型为DynamicPowerComponent的变量 powerComponent
D:\Minecraft-Mods\AnvilCraft\src\main\java\dev\dubhe\anvilcraft\item\IonoCraftBackpackItem.java:186: 错误: 找不到符号
                    powerComponent.getPowerConsumptions().add(CONSUMPTION_128);
                                  ^
  符号:   方法 getPowerConsumptions()
  位置: 类型为DynamicPowerComponent的变量 powerComponent
D:\Minecraft-Mods\AnvilCraft\src\main\java\dev\dubhe\anvilcraft\item\IonoCraftBackpackItem.java:188: 错误: 找不到符号
                    powerComponent.getPowerConsumptions().add(CONSUMPTION_64);
                                  ^
  符号:   方法 getPowerConsumptions()
  位置: 类型为DynamicPowerComponent的变量 powerComponent
D:\Minecraft-Mods\AnvilCraft\src\main\java\dev\dubhe\anvilcraft\item\IonoCraftBackpackItem.java:192: 错误: 找不到符号
            powerComponent.getPowerConsumptions().remove(CONSUMPTION_64);
                          ^
  符号:   方法 getPowerConsumptions()
  位置: 类型为DynamicPowerComponent的变量 powerComponent
D:\Minecraft-Mods\AnvilCraft\src\main\java\dev\dubhe\anvilcraft\item\IonoCraftBackpackItem.java:193: 错误: 找不到符号
            powerComponent.getPowerConsumptions().remove(CONSUMPTION_128);
                          ^
  符号:   方法 getPowerConsumptions()
  位置: 类型为DynamicPowerComponent的变量 powerComponent
D:\Minecraft-Mods\AnvilCraft\src\main\java\dev\dubhe\anvilcraft\item\IonoCraftBackpackItem.java:194: 错误: 找不到符号
            powerComponent.getPowerConsumptions().remove(CONSUMPTION_256);
                          ^
  符号:   方法 getPowerConsumptions()
  位置: 类型为DynamicPowerComponent的变量 powerComponent
D:\Minecraft-Mods\AnvilCraft\src\main\java\dev\dubhe\anvilcraft\item\IonoCraftBackpackItem.java:195: 错误: 找不到符号
            powerComponent.getPowerConsumptions().remove(CONSUMPTION_512);
                          ^
  符号:   方法 getPowerConsumptions()
  位置: 类型为DynamicPowerComponent的变量 powerComponent
D:\Minecraft-Mods\AnvilCraft\src\main\java\dev\dubhe\anvilcraft\item\template\RoyalSteelUpgradeTemplateItem.java:42: 错误: 不兼容的类型: Component无法转换为List<Identifier>
            UPGRADE_ADDITIONS_SLOT_DESCRIPTION,
            ^
D:\Minecraft-Mods\AnvilCraft\src\main\java\dev\dubhe\anvilcraft\item\template\RoyalSteelUpgradeTemplateItem.java:48: 错误: RoyalSteelUpgradeTemplateItem中的getDescriptionId()无法覆盖Item中的getDescriptionId()
    public String getDescriptionId() {
                  ^
  被覆盖的方法为final
D:\Minecraft-Mods\AnvilCraft\src\main\java\dev\dubhe\anvilcraft\item\template\RoyalSteelUpgradeTemplateItem.java:49: 错误: 找不到符号
        return this.getOrCreateDescriptionId();
                   ^
  符号: 方法 getOrCreateDescriptionId()
D:\Minecraft-Mods\AnvilCraft\src\main\java\dev\dubhe\anvilcraft\item\template\FrostMetalUpgradeTemplateItem.java:39: 错误: 不兼容的类型: Component无法转换为List<Identifier>
            UPGRADE_ADDITIONS_SLOT_DESCRIPTION,
            ^
D:\Minecraft-Mods\AnvilCraft\src\main\java\dev\dubhe\anvilcraft\item\template\FrostMetalUpgradeTemplateItem.java:45: 错误: FrostMetalUpgradeTemplateItem中的getDescriptionId()无法覆盖Item中的getDescriptionId()
    public String getDescriptionId() {
                  ^
  被覆盖的方法为final
D:\Minecraft-Mods\AnvilCraft\src\main\java\dev\dubhe\anvilcraft\item\template\FrostMetalUpgradeTemplateItem.java:46: 错误: 找不到符号
        return this.getOrCreateDescriptionId();
                   ^
  符号: 方法 getOrCreateDescriptionId()
D:\Minecraft-Mods\AnvilCraft\src\main\java\dev\dubhe\anvilcraft\item\template\EmberMetalUpgradeTemplateItem.java:41: 错误: 不兼容的类型: Component无法转换为List<Identifier>
            UPGRADE_ADDITIONS_SLOT_DESCRIPTION,
            ^
D:\Minecraft-Mods\AnvilCraft\src\main\java\dev\dubhe\anvilcraft\item\template\EmberMetalUpgradeTemplateItem.java:47: 错误: EmberMetalUpgradeTemplateItem中的getDescriptionId()无法覆盖Item中的getDescriptionId()
    public String getDescriptionId() {
                  ^
  被覆盖的方法为final
D:\Minecraft-Mods\AnvilCraft\src\main\java\dev\dubhe\anvilcraft\item\template\EmberMetalUpgradeTemplateItem.java:48: 错误: 找不到符号
        return this.getOrCreateDescriptionId();
                   ^
  符号: 方法 getOrCreateDescriptionId()
D:\Minecraft-Mods\AnvilCraft\src\main\java\dev\dubhe\anvilcraft\item\template\TranscendiumUpgradeTemplateItem.java:40: 错误: 不兼容的类型: Component无法转换为List<Identifier>
            UPGRADE_ADDITIONS_SLOT_DESCRIPTION,
            ^
D:\Minecraft-Mods\AnvilCraft\src\main\java\dev\dubhe\anvilcraft\item\template\TranscendiumUpgradeTemplateItem.java:47: 错误: TranscendiumUpgradeTemplateItem中的getDescriptionId()无法覆盖Item中的getDescriptionId()
    public String getDescriptionId() {
                  ^
  被覆盖的方法为final
D:\Minecraft-Mods\AnvilCraft\src\main\java\dev\dubhe\anvilcraft\item\template\TranscendiumUpgradeTemplateItem.java:48: 错误: 找不到符号
        return this.getOrCreateDescriptionId();
                   ^
  符号: 方法 getOrCreateDescriptionId()
D:\Minecraft-Mods\AnvilCraft\src\main\java\dev\dubhe\anvilcraft\item\template\mto\EightToOneTemplateItem.java:92: 错误: random 在 Level 中是 protected 访问控制
                    int randomIndex = level.random.nextIntBetweenInclusive(0, enchantments.size() - 1);
                                           ^
D:\Minecraft-Mods\AnvilCraft\src\main\java\dev\dubhe\anvilcraft\item\template\mto\EightToOneTemplateItem.java:103: 错误: random 在 Level 中是 protected 访问控制
                        randomIndex = level.random.nextIntBetweenInclusive(0, otherTemplate.size() - 1);
                                           ^
D:\Minecraft-Mods\AnvilCraft\src\main\java\dev\dubhe\anvilcraft\item\DiskItem.java:90: 错误: 找不到符号
                new ProblemReporter.ScopedCollector(log),
                                                    ^
  符号:   变量 log
  位置: 类 DiskItem
D:\Minecraft-Mods\AnvilCraft\src\main\java\dev\dubhe\anvilcraft\item\DiskItem.java:102: 错误: 找不到符号
            TagValueOutput output = TagValueOutput.createWithContext(new ProblemReporter.ScopedCollector(log), level.registryAccess());
                                                                                                         ^
  符号:   变量 log
  位置: 类 DiskItem
D:\Minecraft-Mods\AnvilCraft\src\main\java\dev\dubhe\anvilcraft\item\FilterItem.java:44: 错误: 方法不会覆盖或实现超类型的方法
    @Override
    ^
D:\Minecraft-Mods\AnvilCraft\src\main\java\dev\dubhe\anvilcraft\item\FilterItem.java:54: 错误: 找不到符号
        if (!itemstack.is(ModItems.FILTER)) return InteractionResultHolder.pass(itemstack);
                                                   ^
  符号:   变量 InteractionResultHolder
  位置: 类 FilterItem
D:\Minecraft-Mods\AnvilCraft\src\main\java\dev\dubhe\anvilcraft\item\FilterItem.java:55: 错误: 找不到符号
        if (level.isClientSide()) return InteractionResultHolder.success(itemstack);
                                         ^
  符号:   变量 InteractionResultHolder
  位置: 类 FilterItem
D:\Minecraft-Mods\AnvilCraft\src\main\java\dev\dubhe\anvilcraft\item\FilterItem.java:56: 错误: selected 在 Inventory 中是 private 访问控制
        int position = usedHand == InteractionHand.MAIN_HAND ? player.getInventory().selected : 151;
                                                                                    ^
D:\Minecraft-Mods\AnvilCraft\src\main\java\dev\dubhe\anvilcraft\item\FilterItem.java:58: 错误: 找不到符号
        return InteractionResultHolder.success(itemstack);
               ^
  符号:   变量 InteractionResultHolder
  位置: 类 FilterItem
D:\Minecraft-Mods\AnvilCraft\src\main\java\dev\dubhe\anvilcraft\item\FilterItem.java:69: 错误: 方法不会覆盖或实现超类型的方法
    @Override
    ^
D:\Minecraft-Mods\AnvilCraft\src\main\java\dev\dubhe\anvilcraft\item\FilterItem.java:71: 错误: 无法将类 Item中的方法 appendHoverText应用到给定类型;
        super.appendHoverText(stack, context, tooltipComponents, tooltipFlag);
             ^
  需要: ItemStack,TooltipContext,TooltipDisplay,Consumer<Component>,TooltipFlag
  找到:    ItemStack,TooltipContext,List<Component>,TooltipFlag
  原因: 实际参数列表和形式参数列表长度不同
D:\Minecraft-Mods\AnvilCraft\src\main\java\dev\dubhe\anvilcraft\item\FilterItem.java:110: 错误: 找不到符号
            buffer.writeInt(filterMenu.getContainer().getPosition());
                                      ^
  符号:   方法 getContainer()
  位置: 类型为FilterMenu的变量 filterMenu
D:\Minecraft-Mods\AnvilCraft\src\main\java\dev\dubhe\anvilcraft\item\CrabClawItem.java:89: 错误: 找不到符号
            return InteractionResult.sidedSuccess(player.level().isClientSide());
                                    ^
  符号:   方法 sidedSuccess(boolean)
  位置: 接口 InteractionResult
D:\Minecraft-Mods\AnvilCraft\src\main\java\dev\dubhe\anvilcraft\item\CrabClawItem.java:95: 错误: 方法不会覆盖或实现超类型的方法
    @Override
    ^
D:\Minecraft-Mods\AnvilCraft\src\main\java\dev\dubhe\anvilcraft\item\CrabClawItem.java:109: 错误: 无法将类 Item中的方法 appendHoverText应用到给定类型;
        super.appendHoverText(stack, context, tooltipComponents, tooltipFlag);
             ^
  需要: ItemStack,TooltipContext,TooltipDisplay,Consumer<Component>,TooltipFlag
  找到:    ItemStack,TooltipContext,List<Component>,TooltipFlag
  原因: 实际参数列表和形式参数列表长度不同
D:\Minecraft-Mods\AnvilCraft\src\main\java\dev\dubhe\anvilcraft\item\amulet\AmuletBoxItem.java:123: 错误: 找不到符号
            return InteractionResultHolder.success(box);
                   ^
  符号:   变量 InteractionResultHolder
  位置: 类 AmuletBoxItem
D:\Minecraft-Mods\AnvilCraft\src\main\java\dev\dubhe\anvilcraft\item\amulet\AmuletBoxItem.java:148: 错误: 找不到符号
        return UseAnim.NONE;
               ^
  符号:   变量 UseAnim
  位置: 类 AmuletBoxItem
D:\Minecraft-Mods\AnvilCraft\src\main\java\dev\dubhe\anvilcraft\item\amulet\AmuletBoxItem.java:151: 错误: 方法不会覆盖或实现超类型的方法
    @Override
    ^
D:\Minecraft-Mods\AnvilCraft\src\main\java\dev\dubhe\anvilcraft\item\amulet\AmuletBoxItem.java:154: 错误: 找不到符号
        if (Screen.hasShiftDown()) {
                  ^
  符号:   方法 hasShiftDown()
  位置: 类 Screen
D:\Minecraft-Mods\AnvilCraft\src\main\java\dev\dubhe\anvilcraft\item\amulet\AmuletBoxItem.java:172: 错误: 不兼容的类型: List<ItemStack>无法转换为Stream<ItemStack>
            ItemUtils.onContainerDestroyed(itemEntity, contents.allItems());
                                                                        ^
D:\Minecraft-Mods\AnvilCraft\src\main\java\dev\dubhe\anvilcraft\item\amulet\ComradeAmuletItem.java:64: 错误: 方法不会覆盖或实现超类型的方法
    @Override
    ^
D:\Minecraft-Mods\AnvilCraft\src\main\java\dev\dubhe\anvilcraft\item\amulet\ComradeAmuletItem.java:66: 错误: 无法将类 Item中的方法 appendHoverText应用到给定类型;
        super.appendHoverText(stack, context, tooltipComponents, tooltipFlag);
             ^
  需要: ItemStack,TooltipContext,TooltipDisplay,Consumer<Component>,TooltipFlag
  找到:    ItemStack,TooltipContext,List<Component>,TooltipFlag
  原因: 实际参数列表和形式参数列表长度不同
D:\Minecraft-Mods\AnvilCraft\src\main\java\dev\dubhe\anvilcraft\item\amulet\ComradeAmuletItem.java:69: 错误: 不兼容的类型: SignedPlayers无法转换为HashBiMap<Component,UUID>
        HashBiMap<Component, UUID> signedPlayers = ComradeAmuletItem.getSignedPlayers(stack);
                                                                                     ^
D:\Minecraft-Mods\AnvilCraft\src\main\java\dev\dubhe\anvilcraft\item\RecoveryPearl.java:32: 错误: 找不到符号
            DimensionTransition dimensionTransition = serverPlayer
            ^
  符号:   类 DimensionTransition
  位置: 类 RecoveryPearl
D:\Minecraft-Mods\AnvilCraft\src\main\java\dev\dubhe\anvilcraft\item\RecoveryPearl.java:33: 错误: 找不到符号
                .findRespawnPositionAndUseSpawnBlock(false, DimensionTransition.DO_NOTHING);
                                                            ^
  符号:   变量 DimensionTransition
  位置: 类 RecoveryPearl
D:\Minecraft-Mods\AnvilCraft\src\main\java\dev\dubhe\anvilcraft\item\RecoveryPearl.java:58: 错误: 对于addCooldown(RecoveryPearl,int), 找不到合适的方法
        player.getCooldowns().addCooldown(this, 20);
                             ^
    方法 ItemCooldowns.addCooldown(ItemStack,int)不适用
      (参数不匹配; RecoveryPearl无法转换为ItemStack)
    方法 ItemCooldowns.addCooldown(Identifier,int)不适用
      (参数不匹配; RecoveryPearl无法转换为Identifier)
D:\Minecraft-Mods\AnvilCraft\src\main\java\dev\dubhe\anvilcraft\item\RecoveryPearl.java:60: 错误: 找不到符号
        return InteractionResultHolder.sidedSuccess(itemStack, level.isClientSide());
               ^
  符号:   变量 InteractionResultHolder
  位置: 类 RecoveryPearl
D:\Minecraft-Mods\AnvilCraft\src\main\java\dev\dubhe\anvilcraft\item\RecoveryPearl.java:73: 错误: 找不到符号
                player.changeDimension(new DimensionTransition(serverLevel, player, DimensionTransition.DO_NOTHING));
                                           ^
  符号:   类 DimensionTransition
  位置: 类 RecoveryPearl
D:\Minecraft-Mods\AnvilCraft\src\main\java\dev\dubhe\anvilcraft\item\RecoveryPearl.java:73: 错误: 找不到符号
                player.changeDimension(new DimensionTransition(serverLevel, player, DimensionTransition.DO_NOTHING));
                                                                                    ^
  符号:   变量 DimensionTransition
  位置: 类 RecoveryPearl
D:\Minecraft-Mods\AnvilCraft\src\main\java\dev\dubhe\anvilcraft\item\SeedsPackItem.java:31: 错误: 找不到符号
            items = BuiltInRegistries.ITEM.getOrCreateTag(ModItemTags.SEEDS_PACK_CONTENT)
                                          ^
  符号:   方法 getOrCreateTag(TagKey<Item>)
  位置: 类型为DefaultedRegistry<Item>的变量 ITEM
D:\Minecraft-Mods\AnvilCraft\src\main\java\dev\dubhe\anvilcraft\item\SeedsPackItem.java:40: 错误: 找不到符号
        if (items.isEmpty()) return InteractionResultHolder.fail(stack);
                                    ^
  符号:   变量 InteractionResultHolder
  位置: 类 SeedsPackItem
D:\Minecraft-Mods\AnvilCraft\src\main\java\dev\dubhe\anvilcraft\item\SeedsPackItem.java:46: 错误: 找不到符号
        return InteractionResultHolder.consume(stack);
               ^
  符号:   变量 InteractionResultHolder
  位置: 类 SeedsPackItem
D:\Minecraft-Mods\AnvilCraft\src\main\java\dev\dubhe\anvilcraft\item\StructureToolItem.java:62: 错误: 找不到符号
                player.displayClientMessage(
                      ^
  符号:   方法 displayClientMessage(MutableComponent,boolean)
  位置: 类型为Player的变量 player
D:\Minecraft-Mods\AnvilCraft\src\main\java\dev\dubhe\anvilcraft\item\StructureToolItem.java:82: 错误: 找不到符号
                player.displayClientMessage(
                      ^
  符号:   方法 displayClientMessage(MutableComponent,boolean)
  位置: 类型为Player的变量 player
D:\Minecraft-Mods\AnvilCraft\src\main\java\dev\dubhe\anvilcraft\item\StructureToolItem.java:84: 错误: 找不到符号
                return InteractionResultHolder.success(itemstack);
                       ^
  符号:   变量 InteractionResultHolder
  位置: 类 StructureToolItem
D:\Minecraft-Mods\AnvilCraft\src\main\java\dev\dubhe\anvilcraft\item\StructureToolItem.java:90: 错误: 找不到符号
                    player.displayClientMessage(
                          ^
  符号:   方法 displayClientMessage(MutableComponent,boolean)
  位置: 类型为Player的变量 player
D:\Minecraft-Mods\AnvilCraft\src\main\java\dev\dubhe\anvilcraft\item\StructureToolItem.java:94: 错误: 找不到符号
                    return InteractionResultHolder.fail(itemstack);
                           ^
  符号:   变量 InteractionResultHolder
  位置: 类 StructureToolItem
D:\Minecraft-Mods\AnvilCraft\src\main\java\dev\dubhe\anvilcraft\item\StructureToolItem.java:97: 错误: 找不到符号
                    player.displayClientMessage(
                          ^
  符号:   方法 displayClientMessage(MutableComponent,boolean)
  位置: 类型为Player的变量 player
D:\Minecraft-Mods\AnvilCraft\src\main\java\dev\dubhe\anvilcraft\item\StructureToolItem.java:101: 错误: 找不到符号
                    return InteractionResultHolder.fail(itemstack);
                           ^
  符号:   变量 InteractionResultHolder
  位置: 类 StructureToolItem
D:\Minecraft-Mods\AnvilCraft\src\main\java\dev\dubhe\anvilcraft\item\StructureToolItem.java:109: 错误: 找不到符号
                            getDescription()));
                            ^
  符号:   方法 getDescription()
  位置: 类 StructureToolItem
D:\Minecraft-Mods\AnvilCraft\src\main\java\dev\dubhe\anvilcraft\item\StructureToolItem.java:112: 错误: 找不到符号
                return InteractionResultHolder.success(itemstack);
                       ^
  符号:   变量 InteractionResultHolder
  位置: 类 StructureToolItem
D:\Minecraft-Mods\AnvilCraft\src\main\java\dev\dubhe\anvilcraft\item\StructureToolItem.java:118: 错误: 方法不会覆盖或实现超类型的方法
    @Override
    ^
D:\Minecraft-Mods\AnvilCraft\src\main\java\dev\dubhe\anvilcraft\item\PillBoxItem.java:35: 错误: 找不到符号
            return InteractionResultHolder.pass(pillBox);
                   ^
  符号:   变量 InteractionResultHolder
  位置: 类 PillBoxItem
D:\Minecraft-Mods\AnvilCraft\src\main\java\dev\dubhe\anvilcraft\item\PillBoxItem.java:39: 错误: 找不到符号
            return InteractionResultHolder.pass(pillBox);
                   ^
  符号:   变量 InteractionResultHolder
  位置: 类 PillBoxItem
D:\Minecraft-Mods\AnvilCraft\src\main\java\dev\dubhe\anvilcraft\item\PillBoxItem.java:44: 错误: 对于addCooldown(Item,int), 找不到合适的方法
        player.getCooldowns().addCooldown(ModItems.PILL_BOX.asItem(), 40);
                             ^
    方法 ItemCooldowns.addCooldown(ItemStack,int)不适用
      (参数不匹配; Item无法转换为ItemStack)
    方法 ItemCooldowns.addCooldown(Identifier,int)不适用
      (参数不匹配; Item无法转换为Identifier)
D:\Minecraft-Mods\AnvilCraft\src\main\java\dev\dubhe\anvilcraft\item\PillBoxItem.java:45: 错误: 找不到符号
        return InteractionResultHolder.success(pillBox);
               ^
  符号:   变量 InteractionResultHolder
  位置: 类 PillBoxItem
D:\Minecraft-Mods\AnvilCraft\src\main\java\dev\dubhe\anvilcraft\item\PillBoxItem.java:118: 错误: 方法不会覆盖或实现超类型的方法
    @Override
    ^
D:\Minecraft-Mods\AnvilCraft\src\main\java\dev\dubhe\anvilcraft\item\abnormal\CursedItem.java:13: 错误: 方法不会覆盖或实现超类型的方法
    @Override
    ^
D:\Minecraft-Mods\AnvilCraft\src\main\java\dev\dubhe\anvilcraft\item\abnormal\CursedItem.java:15: 错误: 无法将类 Item中的方法 inventoryTick应用到给定类型;
        super.inventoryTick(stack, level, entity, slotId, isSelected);
             ^
  需要: ItemStack,ServerLevel,Entity,EquipmentSlot
  找到:    ItemStack,Level,Entity,int,boolean
  原因: 实际参数列表和形式参数列表长度不同
D:\Minecraft-Mods\AnvilCraft\src\main\java\dev\dubhe\anvilcraft\item\abnormal\CursedItem.java:16: 错误: 无法将接口 IAbnormal中的方法 inventoryTick应用到给定类型;
        ICursed.super.inventoryTick(stack, level, entity, slotId, isSelected);
                     ^
  需要: ItemStack,ServerLevel,Entity,EquipmentSlot
  找到:    ItemStack,Level,Entity,int,boolean
  原因: 实际参数列表和形式参数列表长度不同
D:\Minecraft-Mods\AnvilCraft\src\main\java\dev\dubhe\anvilcraft\item\TopazItem.java:59: 错误: random 在 Level 中是 protected 访问控制
                        0.8F + player.level().random.nextFloat() * 0.4F,
                                             ^
D:\Minecraft-Mods\AnvilCraft\src\main\java\dev\dubhe\anvilcraft\item\TopazItem.java:56: 错误: 不兼容的类型: Reference<SoundEvent>无法转换为SoundEvent
                        SoundEvents.ITEM_BREAK,
                                   ^
D:\Minecraft-Mods\AnvilCraft\src\main\java\dev\dubhe\anvilcraft\item\TopazItem.java:78: 错误: 对于ItemParticleOption(ParticleType<ItemParticleOption>,ItemStack), 找不到合适的构造器
                    new ItemParticleOption(ParticleTypes.ITEM, stack),
                    ^
    构造器 ItemParticleOption.ItemParticleOption(ParticleType<ItemParticleOption>,Item)不适用
      (参数不匹配; ItemStack无法转换为Item)
    构造器 ItemParticleOption.ItemParticleOption(ParticleType<ItemParticleOption>,ItemStackTemplate)不适用
      (参数不匹配; ItemStack无法转换为ItemStackTemplate)
D:\Minecraft-Mods\AnvilCraft\src\main\java\dev\dubhe\anvilcraft\item\ExpGemItem.java:36: 错误: 对于addCooldown(ExpGemItem,int), 找不到合适的方法
        player.getCooldowns().addCooldown(this, 5);
                             ^
    方法 ItemCooldowns.addCooldown(ItemStack,int)不适用
      (参数不匹配; ExpGemItem无法转换为ItemStack)
    方法 ItemCooldowns.addCooldown(Identifier,int)不适用
      (参数不匹配; ExpGemItem无法转换为Identifier)
D:\Minecraft-Mods\AnvilCraft\src\main\java\dev\dubhe\anvilcraft\item\ExpGemItem.java:37: 错误: 找不到符号
        return InteractionResultHolder.sidedSuccess(itemStack, level.isClientSide());
               ^
  符号:   变量 InteractionResultHolder
  位置: 类 ExpGemItem
D:\Minecraft-Mods\AnvilCraft\src\main\java\dev\dubhe\anvilcraft\item\ExpGemItem.java:44: 错误: 找不到符号
        if (!(target instanceof Villager villager)) return InteractionResult.PASS;
                                ^
  符号:   类 Villager
  位置: 类 ExpGemItem
D:\Minecraft-Mods\AnvilCraft\src\main\java\dev\dubhe\anvilcraft\item\ExpGemItem.java:48: 错误: 找不到符号
            VillagerData villagerData = villager.getVillagerData();
            ^
  符号:   类 VillagerData
  位置: 类 ExpGemItem
D:\Minecraft-Mods\AnvilCraft\src\main\java\dev\dubhe\anvilcraft\item\ExpGemItem.java:50: 错误: 找不到符号
            if (villagerData.getProfession() == VillagerProfession.NONE) return InteractionResult.PASS;
                                                ^
  符号:   变量 VillagerProfession
  位置: 类 ExpGemItem
D:\Minecraft-Mods\AnvilCraft\src\main\java\dev\dubhe\anvilcraft\item\ExpGemItem.java:51: 错误: 找不到符号
            if (!VillagerData.canLevelUp(villagerLevel)) return InteractionResult.PASS;
                 ^
  符号:   变量 VillagerData
  位置: 类 ExpGemItem
D:\Minecraft-Mods\AnvilCraft\src\main\java\dev\dubhe\anvilcraft\item\abnormal\RadiationItem.java:13: 错误: 方法不会覆盖或实现超类型的方法
    @Override
    ^
D:\Minecraft-Mods\AnvilCraft\src\main\java\dev\dubhe\anvilcraft\item\abnormal\RadiationItem.java:15: 错误: 无法将类 Item中的方法 inventoryTick应用到给定类型;
        super.inventoryTick(stack, level, entity, slotId, isSelected);
             ^
  需要: ItemStack,ServerLevel,Entity,EquipmentSlot
  找到:    ItemStack,Level,Entity,int,boolean
  原因: 实际参数列表和形式参数列表长度不同
D:\Minecraft-Mods\AnvilCraft\src\main\java\dev\dubhe\anvilcraft\item\abnormal\RadiationItem.java:16: 错误: 无法将接口 IAbnormal中的方法 inventoryTick应用到给定类型;
        IRadiation.super.inventoryTick(stack, level, entity, slotId, isSelected);
                        ^
  需要: ItemStack,ServerLevel,Entity,EquipmentSlot
  找到:    ItemStack,Level,Entity,int,boolean
  原因: 实际参数列表和形式参数列表长度不同
D:\Minecraft-Mods\AnvilCraft\src\main\java\dev\dubhe\anvilcraft\item\abnormal\LevitationItem.java:13: 错误: 方法不会覆盖或实现超类型的方法
    @Override
    ^
D:\Minecraft-Mods\AnvilCraft\src\main\java\dev\dubhe\anvilcraft\item\abnormal\LevitationItem.java:15: 错误: 无法将类 Item中的方法 inventoryTick应用到给定类型;
        super.inventoryTick(stack, level, entity, slotId, isSelected);
             ^
  需要: ItemStack,ServerLevel,Entity,EquipmentSlot
  找到:    ItemStack,Level,Entity,int,boolean
  原因: 实际参数列表和形式参数列表长度不同
D:\Minecraft-Mods\AnvilCraft\src\main\java\dev\dubhe\anvilcraft\item\abnormal\LevitationItem.java:16: 错误: 无法将接口 IAbnormal中的方法 inventoryTick应用到给定类型;
        ILevitation.super.inventoryTick(stack, level, entity, slotId, isSelected);
                         ^
  需要: ItemStack,ServerLevel,Entity,EquipmentSlot
  找到:    ItemStack,Level,Entity,int,boolean
  原因: 实际参数列表和形式参数列表长度不同
D:\Minecraft-Mods\AnvilCraft\src\main\java\dev\dubhe\anvilcraft\item\MultiphaseTranscendiumItem.java:39: 错误: 找不到符号
        TriState tool = TriState.DEFAULT;
        ^
  符号:   类 TriState
  位置: 类 MultiphaseTranscendiumItem
D:\Minecraft-Mods\AnvilCraft\src\main\java\dev\dubhe\anvilcraft\item\MultiphaseTranscendiumItem.java:39: 错误: 找不到符号
        TriState tool = TriState.DEFAULT;
                        ^
  符号:   变量 TriState
  位置: 类 MultiphaseTranscendiumItem
D:\Minecraft-Mods\AnvilCraft\src\main\java\dev\dubhe\anvilcraft\item\MultiphaseTranscendiumItem.java:42: 错误: 找不到符号
                tool = TriState.TRUE;
                       ^
  符号:   变量 TriState
  位置: 类 MultiphaseTranscendiumItem
D:\Minecraft-Mods\AnvilCraft\src\main\java\dev\dubhe\anvilcraft\item\MultiphaseTranscendiumItem.java:46: 错误: 找不到符号
                tool = TriState.FALSE;
                       ^
  符号:   变量 TriState
  位置: 类 MultiphaseTranscendiumItem
D:\Minecraft-Mods\AnvilCraft\src\main\java\dev\dubhe\anvilcraft\item\abnormal\SuperHeavyItem.java:13: 错误: 方法不会覆盖或实现超类型的方法
    @Override
    ^
D:\Minecraft-Mods\AnvilCraft\src\main\java\dev\dubhe\anvilcraft\item\abnormal\SuperHeavyItem.java:15: 错误: 无法将类 Item中的方法 inventoryTick应用到给定类型;
        super.inventoryTick(stack, level, entity, slotId, isSelected);
             ^
  需要: ItemStack,ServerLevel,Entity,EquipmentSlot
  找到:    ItemStack,Level,Entity,int,boolean
  原因: 实际参数列表和形式参数列表长度不同
D:\Minecraft-Mods\AnvilCraft\src\main\java\dev\dubhe\anvilcraft\item\abnormal\SuperHeavyItem.java:16: 错误: 无法将接口 IAbnormal中的方法 inventoryTick应用到给定类型;
        ISuperHeavy.super.inventoryTick(stack, level, entity, slotId, isSelected);
                         ^
  需要: ItemStack,ServerLevel,Entity,EquipmentSlot
  找到:    ItemStack,Level,Entity,int,boolean
  原因: 实际参数列表和形式参数列表长度不同
D:\Minecraft-Mods\AnvilCraft\src\main\java\dev\dubhe\anvilcraft\init\loot\ModLootContextParamSets.java:29: 错误: 程序包LootContextParamSet不存在
        LootContextParamSet.Builder builder = new LootContextParamSet.Builder();
                           ^
D:\Minecraft-Mods\AnvilCraft\src\main\java\dev\dubhe\anvilcraft\init\loot\ModLootContextParamSets.java:29: 错误: 程序包LootContextParamSet不存在
        LootContextParamSet.Builder builder = new LootContextParamSet.Builder();
                                                                     ^
D:\Minecraft-Mods\AnvilCraft\src\main\java\dev\dubhe\anvilcraft\init\loot\ModLootContextParamSets.java:31: 错误: 找不到符号
        LootContextParamSet paramSet = builder.build();
        ^
  符号:   类 LootContextParamSet
  位置: 类 ModLootContextParamSets
D:\Minecraft-Mods\AnvilCraft\src\main\java\dev\dubhe\anvilcraft\init\loot\ModLootItemConditions.java:16: 错误: 找不到符号
        LOOT_CONDITION_TYPES.register("match_data_component", () -> new LootItemConditionType(MatchDataComponent.CODEC));
                                                                        ^
  符号:   类 LootItemConditionType
  位置: 类 ModLootItemConditions
D:\Minecraft-Mods\AnvilCraft\src\main\java\dev\dubhe\anvilcraft\init\loot\ModLootItemFunctions.java:16: 错误: 找不到符号
        LOOT_FUNCTION_TYPES.register("curse_loot", () -> new LootItemFunctionType<>(CurseLootItemFunction.CODEC));
                                                             ^
  符号:   类 LootItemFunctionType
  位置: 类 ModLootItemFunctions
D:\Minecraft-Mods\AnvilCraft\src\main\java\dev\dubhe\anvilcraft\loot\functions\CurseLootItemFunction.java:17: 错误: CurseLootItemFunction不是抽象的, 并且未覆盖LootItemConditionalFunction中的抽象方法codec()
public class CurseLootItemFunction extends LootItemConditionalFunction {
       ^
D:\Minecraft-Mods\AnvilCraft\src\main\java\dev\dubhe\anvilcraft\loot\functions\CurseLootItemFunction.java:27: 错误: 方法不会覆盖或实现超类型的方法
    @Override
    ^
D:\Minecraft-Mods\AnvilCraft\src\main\java\dev\dubhe\anvilcraft\loot\modifiers\SmeltingLootModifier.java:34: 错误: 对于apply(Instance<SmeltingLootModifier>,SmeltingLo[...]::new), 找不到合适的方法
        inst -> LootModifier.codecStart(inst).apply(inst, SmeltingLootModifier::new)
                                             ^
    方法 P2.<R#1>apply(Applicative<Mu<SmeltingLootModifier>,?>,BiFunction<LootItemCondition[],Integer,R#1>)不适用
      (无法推断类型变量 R#1
        (参数不匹配; 构造器引用无效
          无法将 类 SmeltingLootModifier中的 构造器 SmeltingLootModifier应用到给定类型
            需要: LootItemCondition[]
            找到:    LootItemCondition[],Integer
            原因: 实际参数列表和形式参数列表长度不同))
    方法 P2.<R#2>apply(Applicative<Mu<SmeltingLootModifier>,?>,App<Mu<SmeltingLootModifier>,BiFunction<LootItemCondition[],Integer,R#2>>)不适用
      (无法推断类型变量 R#2
        (参数不匹配; App 不是函数接口
          在 接口 App 中找不到抽象方法))
  其中, R#1,F,T1,T2,R#2是类型变量:
    R#1扩展已在方法 <R#1>apply(Applicative<F,?>,BiFunction<T1,T2,R#1>)中声明的Object
    F扩展已在类 P2中声明的K1
    T1扩展已在类 P2中声明的Object
    T2扩展已在类 P2中声明的Object
    R#2扩展已在方法 <R#2>apply(Applicative<F,?>,App<F,BiFunction<T1,T2,R#2>>)中声明的Object
D:\Minecraft-Mods\AnvilCraft\src\main\java\dev\dubhe\anvilcraft\loot\modifiers\SmeltingLootModifier.java:38: 错误: 无法将类 LootModifier中的构造器 LootModifier应用到给定类型;
        super(conditions);
        ^
  需要: LootItemCondition[],int
  找到:    LootItemCondition[]
  原因: 实际参数列表和形式参数列表长度不同
D:\Minecraft-Mods\AnvilCraft\src\main\java\dev\dubhe\anvilcraft\loot\modifiers\SmeltingLootModifier.java:43: 错误: 找不到符号
        if (!ctx.hasParam(LootContextParams.BLOCK_STATE)) return generatedLoot;
                ^
  符号:   方法 hasParam(ContextKey<BlockState>)
  位置: 类型为LootContext的变量 ctx
D:\Minecraft-Mods\AnvilCraft\src\main\java\dev\dubhe\anvilcraft\loot\modifiers\SmeltingLootModifier.java:44: 错误: 找不到符号
        if (!ctx.hasParam(LootContextParams.ORIGIN)) return generatedLoot;
                ^
  符号:   方法 hasParam(ContextKey<Vec3>)
  位置: 类型为LootContext的变量 ctx
D:\Minecraft-Mods\AnvilCraft\src\main\java\dev\dubhe\anvilcraft\loot\modifiers\SmeltingLootModifier.java:46: 错误: 找不到符号
        ItemStack tool = ctx.getParamOrNull(LootContextParams.TOOL);
                            ^
  符号:   方法 getParamOrNull(ContextKey<ItemInstance>)
  位置: 类型为LootContext的变量 ctx
D:\Minecraft-Mods\AnvilCraft\src\main\java\dev\dubhe\anvilcraft\loot\modifiers\SmeltingLootModifier.java:58: 错误: 找不到符号
                BlockPos.containing(ctx.getParam(LootContextParams.ORIGIN)),
                                       ^
  符号:   方法 getParam(ContextKey<Vec3>)
  位置: 类型为LootContext的变量 ctx
D:\Minecraft-Mods\AnvilCraft\src\main\java\dev\dubhe\anvilcraft\loot\modifiers\SmeltingLootModifier.java:64: 错误: 找不到符号
                        BlockPos.containing(ctx.getParam(LootContextParams.ORIGIN)),
                                               ^
  符号:   方法 getParam(ContextKey<Vec3>)
  位置: 类型为LootContext的变量 ctx
D:\Minecraft-Mods\AnvilCraft\src\main\java\dev\dubhe\anvilcraft\loot\modifiers\SmeltingLootModifier.java:70: 错误: 不兼容的类型: ObjectArrayList<Object>无法转换为ObjectArrayList<ItemStack>
            )).orElseGet(ObjectArrayList::of);
                        ^
D:\Minecraft-Mods\AnvilCraft\src\main\java\dev\dubhe\anvilcraft\loot\modifiers\SmeltingLootModifier.java:76: 错误: 找不到符号
            RecipeHolder<SmeltingRecipe> h = level.getRecipeManager()
                                                  ^
  符号:   方法 getRecipeManager()
  位置: 类型为ServerLevel的变量 level
D:\Minecraft-Mods\AnvilCraft\src\main\java\dev\dubhe\anvilcraft\loot\modifiers\SmeltingLootModifier.java:90: 错误: 找不到符号
            ItemStack stack = h.value().result.copy();
                                              ^
  符号:   方法 copy()
  位置: 类型为ItemStackTemplate的变量 result
D:\Minecraft-Mods\AnvilCraft\src\main\java\dev\dubhe\anvilcraft\loot\modifiers\DisintegrationLootModifier.java:23: 错误: 对于apply(Instance<DisintegrationLootModifier>,Disintegra[...]::new), 找不到合适的方法
        inst -> LootModifier.codecStart(inst).apply(inst, DisintegrationLootModifier::new)
                                             ^
    方法 P2.<R#1>apply(Applicative<Mu<DisintegrationLootModifier>,?>,BiFunction<LootItemCondition[],Integer,R#1>)不适用
      (无法推断类型变量 R#1
        (参数不匹配; 构造器引用无效
          无法将 类 DisintegrationLootModifier中的 构造器 DisintegrationLootModifier应用到给定类型
            需要: LootItemCondition[]
            找到:    LootItemCondition[],Integer
            原因: 实际参数列表和形式参数列表长度不同))
    方法 P2.<R#2>apply(Applicative<Mu<DisintegrationLootModifier>,?>,App<Mu<DisintegrationLootModifier>,BiFunction<LootItemCondition[],Integer,R#2>>)不适用
      (无法推断类型变量 R#2
        (参数不匹配; App 不是函数接口
          在 接口 App 中找不到抽象方法))
  其中, R#1,F,T1,T2,R#2是类型变量:
    R#1扩展已在方法 <R#1>apply(Applicative<F,?>,BiFunction<T1,T2,R#1>)中声明的Object
    F扩展已在类 P2中声明的K1
    T1扩展已在类 P2中声明的Object
    T2扩展已在类 P2中声明的Object
    R#2扩展已在方法 <R#2>apply(Applicative<F,?>,App<F,BiFunction<T1,T2,R#2>>)中声明的Object
D:\Minecraft-Mods\AnvilCraft\src\main\java\dev\dubhe\anvilcraft\loot\modifiers\DisintegrationLootModifier.java:27: 错误: 无法将类 LootModifier中的构造器 LootModifier应用到给定类型;
        super(conditionsIn);
        ^
  需要: LootItemCondition[],int
  找到:    LootItemCondition[]
  原因: 实际参数列表和形式参数列表长度不同
D:\Minecraft-Mods\AnvilCraft\src\main\java\dev\dubhe\anvilcraft\loot\modifiers\DisintegrationLootModifier.java:33: 错误: 找不到符号
        ItemStack tool = ctx.getParamOrNull(LootContextParams.TOOL);
                            ^
  符号:   方法 getParamOrNull(ContextKey<ItemInstance>)
  位置: 类型为LootContext的变量 ctx
D:\Minecraft-Mods\AnvilCraft\src\main\java\dev\dubhe\anvilcraft\loot\modifiers\DisintegrationLootModifier.java:35: 错误: 找不到符号
            tool = Optional.ofNullable(ctx.getParamOrNull(LootContextParams.DIRECT_ATTACKING_ENTITY))
                                          ^
  符号:   方法 getParamOrNull(ContextKey<Entity>)
  位置: 类型为LootContext的变量 ctx
D:\Minecraft-Mods\AnvilCraft\src\main\java\dev\dubhe\anvilcraft\loot\modifiers\DisintegrationLootModifier.java:40: 错误: 找不到符号
            tool = Optional.ofNullable(ctx.getParamOrNull(LootContextParams.ATTACKING_ENTITY))
                                          ^
  符号:   方法 getParamOrNull(ContextKey<Entity>)
  位置: 类型为LootContext的变量 ctx
D:\Minecraft-Mods\AnvilCraft\src\main\java\dev\dubhe\anvilcraft\init\ModAttachments.java:18: 错误: 对于serialize(Codec<DfuMetadata>), 找不到合适的方法
        "dfu_metadata", () -> AttachmentType.builder(() -> DfuMetadata.DEFAULT).serialize(DfuMetadata.CODEC).build()
                                                                               ^
    方法 Builder.serialize(IAttachmentSerializer<DfuMetadata>)不适用
      (参数不匹配; Codec<DfuMetadata>无法转换为IAttachmentSerializer<DfuMetadata>)
    方法 Builder.serialize(MapCodec<DfuMetadata>)不适用
      (参数不匹配; Codec<DfuMetadata>无法转换为MapCodec<DfuMetadata>)
D:\Minecraft-Mods\AnvilCraft\src\main\java\dev\dubhe\anvilcraft\init\ModDispenserBehavior.java:101: 错误: 找不到符号
        List<IronGolem> entities =
             ^
  符号:   类 IronGolem
  位置: 类 ModDispenserBehavior
D:\Minecraft-Mods\AnvilCraft\src\main\java\dev\dubhe\anvilcraft\init\ModDispenserBehavior.java:103: 错误: 找不到符号
                .getEntities(EntityTypeTest.forClass(IronGolem.class), new AABB(blockPos), Entity::isAlive)
                                                     ^
  符号:   类 IronGolem
  位置: 类 ModDispenserBehavior
D:\Minecraft-Mods\AnvilCraft\src\main\java\dev\dubhe\anvilcraft\init\ModDispenserBehavior.java:103: 错误: 不兼容的类型: 不存在类型变量B,T的实例, 以使EntityTypeTest<B,T>与Entity一致
                .getEntities(EntityTypeTest.forClass(IronGolem.class), new AABB(blockPos), Entity::isAlive)
                                                    ^
  其中, B,T是类型变量:
    B扩展已在方法 <B,T>forClass(Class<T>)中声明的Object
    T扩展已在方法 <B,T>forClass(Class<T>)中声明的B
D:\Minecraft-Mods\AnvilCraft\src\main\java\dev\dubhe\anvilcraft\init\ModDispenserBehavior.java:108: 错误: 找不到符号
        IronGolem ironGolem = entities.get(level.random.nextInt(0, entities.size()));
        ^
  符号:   类 IronGolem
  位置: 类 ModDispenserBehavior
D:\Minecraft-Mods\AnvilCraft\src\main\java\dev\dubhe\anvilcraft\init\ModDispenserBehavior.java:108: 错误: random 在 Level 中是 protected 访问控制
        IronGolem ironGolem = entities.get(level.random.nextInt(0, entities.size()));
                                                ^
D:\Minecraft-Mods\AnvilCraft\src\main\java\dev\dubhe\anvilcraft\init\ModDispenserBehavior.java:110: 错误: random 在 Level 中是 protected 访问控制
        float g = 1.0F + (level.random.nextFloat() - level.random.nextFloat()) * 0.2F;
                               ^
D:\Minecraft-Mods\AnvilCraft\src\main\java\dev\dubhe\anvilcraft\init\ModDispenserBehavior.java:110: 错误: random 在 Level 中是 protected 访问控制
        float g = 1.0F + (level.random.nextFloat() - level.random.nextFloat()) * 0.2F;
                                                          ^
D:\Minecraft-Mods\AnvilCraft\src\main\java\dev\dubhe\anvilcraft\init\ModDispenserBehavior.java:121: 错误: 找不到符号
        MushroomCow mushroomCow = EntityUtil.getAnyEntityOfClass(
        ^
  符号:   类 MushroomCow
  位置: 类 ModDispenserBehavior
D:\Minecraft-Mods\AnvilCraft\src\main\java\dev\dubhe\anvilcraft\init\ModDispenserBehavior.java:122: 错误: 找不到符号
            blockSource.level(), MushroomCow.class,
                                 ^
  符号:   类 MushroomCow
  位置: 类 ModDispenserBehavior
D:\Minecraft-Mods\AnvilCraft\src\main\java\dev\dubhe\anvilcraft\init\ModDispenserBehavior.java:124: 错误: 找不到符号
            m -> !m.isBaby()
                   ^
  符号:   方法 isBaby()
  位置: 类型为Entity的变量 m
D:\Minecraft-Mods\AnvilCraft\src\main\java\dev\dubhe\anvilcraft\init\ModDispenserBehavior.java:151: 错误: 找不到符号
        ZombieVillager zombieVillager = EntityUtil.getAnyEntityOfClass(
        ^
  符号:   类 ZombieVillager
  位置: 类 ModDispenserBehavior
D:\Minecraft-Mods\AnvilCraft\src\main\java\dev\dubhe\anvilcraft\init\ModDispenserBehavior.java:152: 错误: 找不到符号
            blockSource.level(), ZombieVillager.class,
                                 ^
  符号:   类 ZombieVillager
  位置: 类 ModDispenserBehavior
D:\Minecraft-Mods\AnvilCraft\src\main\java\dev\dubhe\anvilcraft\init\ModDispenserBehavior.java:154: 错误: 找不到符号
            z -> z.hasEffect(MobEffects.WEAKNESS) && !z.isConverting()
                  ^
  符号:   方法 hasEffect(Holder<MobEffect>)
  位置: 类型为Entity的变量 z
D:\Minecraft-Mods\AnvilCraft\src\main\java\dev\dubhe\anvilcraft\init\ModDispenserBehavior.java:154: 错误: 找不到符号
            z -> z.hasEffect(MobEffects.WEAKNESS) && !z.isConverting()
                                                       ^
  符号:   方法 isConverting()
  位置: 类型为Entity的变量 z
D:\Minecraft-Mods\AnvilCraft\src\main\java\dev\dubhe\anvilcraft\init\ModHeaterInfos.java:25: 错误: 找不到符号
            heliostats -> Set.of(heliostats.getIrritatePos(), heliostats.getIrritatePos().above()),
                                           ^
  符号:   方法 getIrritatePos()
  位置: 类型为HeliostatsBlockEntity的变量 heliostats
D:\Minecraft-Mods\AnvilCraft\src\main\java\dev\dubhe\anvilcraft\init\ModHeaterInfos.java:25: 错误: 找不到符号
            heliostats -> Set.of(heliostats.getIrritatePos(), heliostats.getIrritatePos().above()),
                                                                        ^
  符号:   方法 getIrritatePos()
  位置: 类型为HeliostatsBlockEntity的变量 heliostats
D:\Minecraft-Mods\AnvilCraft\src\main\java\dev\dubhe\anvilcraft\init\ModHeaterInfos.java:71: 错误: 方法引用无效
            BaseLaserBlockEntity::getLaserLevel
            ^
  找不到符号
    符号:   方法 getLaserLevel()
    位置: 类 BaseLaserBlockEntity
D:\Minecraft-Mods\AnvilCraft\src\main\java\dev\dubhe\anvilcraft\recipe\anvil\outcome\RoyalPreferenceOutcome.java:52: 错误: 找不到符号
            ItemStack stackToDrop = result.stack().copyWithCount(count);
                                                  ^
  符号:   方法 copyWithCount(int)
  位置: 类 ItemStackTemplate
D:\Minecraft-Mods\AnvilCraft\src\main\java\dev\dubhe\anvilcraft\init\recipe\ModRecipeSerializers.java:82: 错误: 找不到符号
        () -> StampingUniqueItemsRecipe.SERIALIZER
                                       ^
  符号:   变量 SERIALIZER
  位置: 类 StampingUniqueItemsRecipe
D:\Minecraft-Mods\AnvilCraft\src\main\java\dev\dubhe\anvilcraft\init\recipe\ModRecipeSerializers.java:94: 错误: 找不到符号
        () -> MassInjectRecipe.SERIALIZER
                              ^
  符号:   变量 SERIALIZER
  位置: 类 MassInjectRecipe
D:\Minecraft-Mods\AnvilCraft\src\main\java\dev\dubhe\anvilcraft\init\recipe\ModRecipeSerializers.java:126: 错误: 找不到符号
        () -> MobTransformRecipe.SERIALIZER
                                ^
  符号:   变量 SERIALIZER
  位置: 类 MobTransformRecipe
D:\Minecraft-Mods\AnvilCraft\src\main\java\dev\dubhe\anvilcraft\init\recipe\ModRecipeSerializers.java:130: 错误: 找不到符号
        () -> MobTransformWithItemRecipe.SERIALIZER
                                        ^
  符号:   变量 SERIALIZER
  位置: 类 MobTransformWithItemRecipe
D:\Minecraft-Mods\AnvilCraft\src\main\java\dev\dubhe\anvilcraft\init\recipe\ModRecipeSerializers.java:138: 错误: 找不到符号
        () -> MultiblockConversionRecipe.SERIALIZER
                                        ^
  符号:   变量 SERIALIZER
  位置: 类 MultiblockConversionRecipe
D:\Minecraft-Mods\AnvilCraft\src\main\java\dev\dubhe\anvilcraft\init\recipe\ModRecipeSerializers.java:142: 错误: 找不到符号
        () -> MineralFountainRecipe.SERIALIZER
                                   ^
  符号:   变量 SERIALIZER
  位置: 类 MineralFountainRecipe
D:\Minecraft-Mods\AnvilCraft\src\main\java\dev\dubhe\anvilcraft\init\recipe\ModRecipeSerializers.java:146: 错误: 找不到符号
        () -> MineralFountainChanceRecipe.SERIALIZER
                                         ^
  符号:   变量 SERIALIZER
  位置: 类 MineralFountainChanceRecipe
D:\Minecraft-Mods\AnvilCraft\src\main\java\dev\dubhe\anvilcraft\init\recipe\ModRecipeSerializers.java:150: 错误: 找不到符号
        () -> JewelCraftingRecipe.SERIALIZER
                                 ^
  符号:   变量 SERIALIZER
  位置: 类 JewelCraftingRecipe
D:\Minecraft-Mods\AnvilCraft\src\main\java\dev\dubhe\anvilcraft\init\recipe\ModRecipeSerializers.java:162: 错误: 找不到符号
        () -> ChargerChargingRecipe.SERIALIZER
                                   ^
  符号:   变量 SERIALIZER
  位置: 类 ChargerChargingRecipe
D:\Minecraft-Mods\AnvilCraft\src\main\java\dev\dubhe\anvilcraft\init\recipe\ModRecipeSerializers.java:166: 错误: 找不到符号
        () -> TwoToOneSmithingRecipe.SERIALIZER
                                    ^
  符号:   变量 SERIALIZER
  位置: 类 TwoToOneSmithingRecipe
D:\Minecraft-Mods\AnvilCraft\src\main\java\dev\dubhe\anvilcraft\init\recipe\ModRecipeSerializers.java:170: 错误: 找不到符号
        () -> FourToOneSmithingRecipe.SERIALIZER
                                     ^
  符号:   变量 SERIALIZER
  位置: 类 FourToOneSmithingRecipe
D:\Minecraft-Mods\AnvilCraft\src\main\java\dev\dubhe\anvilcraft\init\recipe\ModRecipeSerializers.java:174: 错误: 找不到符号
        () -> EightToOneSmithingRecipe.SERIALIZER
                                      ^
  符号:   变量 SERIALIZER
  位置: 类 EightToOneSmithingRecipe
D:\Minecraft-Mods\AnvilCraft\src\main\java\dev\dubhe\anvilcraft\init\recipe\ModRecipeSerializers.java:178: 错误: 找不到符号
        () -> PermutationRecipe.SERIALIZER
                               ^
  符号:   变量 SERIALIZER
  位置: 类 PermutationRecipe
D:\Minecraft-Mods\AnvilCraft\src\main\java\dev\dubhe\anvilcraft\init\recipe\ModRecipeSerializers.java:182: 错误: 找不到符号
        () -> DeformationRecipe.SERIALIZER
                               ^
  符号:   变量 SERIALIZER
  位置: 类 DeformationRecipe
D:\Minecraft-Mods\AnvilCraft\src\main\java\dev\dubhe\anvilcraft\init\recipe\ModRecipeSerializers.java:186: 错误: 找不到符号
        () -> EnergyWeaponMakeRecipe.SERIALIZER
                                    ^
  符号:   变量 SERIALIZER
  位置: 类 EnergyWeaponMakeRecipe
D:\Minecraft-Mods\AnvilCraft\src\main\java\dev\dubhe\anvilcraft\init\recipe\ModRecipeSerializers.java:190: 错误: 找不到符号
        () -> AnvilCollisionCraftRecipe.SERIALIZER
                                       ^
  符号:   变量 SERIALIZER
  位置: 类 AnvilCollisionCraftRecipe
D:\Minecraft-Mods\AnvilCraft\src\main\java\dev\dubhe\anvilcraft\init\recipe\ModRecipeSerializers.java:194: 错误: 找不到符号
        () -> PortalConversionRecipe.SERIALIZER
                                    ^
  符号:   变量 SERIALIZER
  位置: 类 PortalConversionRecipe
D:\Minecraft-Mods\AnvilCraft\src\main\java\dev\dubhe\anvilcraft\recipe\anvil\wrap\AbstractProcessRecipe.java:88: 错误: 找不到符号
        return Objects.requireNonNullElseGet(this.property.getInputItems(), List::of);
                                                          ^
  符号:   方法 getInputItems()
  位置: 类型为Property的变量 property
D:\Minecraft-Mods\AnvilCraft\src\main\java\dev\dubhe\anvilcraft\recipe\anvil\wrap\AbstractProcessRecipe.java:97: 错误: 找不到符号
        return Objects.requireNonNullElseGet(this.property.getResultItems(), List::of);
                                                          ^
  符号:   方法 getResultItems()
  位置: 类型为Property的变量 property
D:\Minecraft-Mods\AnvilCraft\src\main\java\dev\dubhe\anvilcraft\recipe\anvil\wrap\AbstractProcessRecipe.java:106: 错误: 找不到符号
        return Objects.requireNonNullElseGet(this.property.getInputBlocks(), List::of);
                                                          ^
  符号:   方法 getInputBlocks()
  位置: 类型为Property的变量 property
D:\Minecraft-Mods\AnvilCraft\src\main\java\dev\dubhe\anvilcraft\recipe\anvil\wrap\AbstractProcessRecipe.java:127: 错误: 找不到符号
        return Objects.requireNonNullElseGet(this.property.getResultBlocks(), List::of);
                                                          ^
  符号:   方法 getResultBlocks()
  位置: 类型为Property的变量 property
D:\Minecraft-Mods\AnvilCraft\src\main\java\dev\dubhe\anvilcraft\recipe\anvil\wrap\AbstractProcessRecipe.java:148: 错误: 找不到符号
        return this.property.getHasCauldron();
                            ^
  符号:   方法 getHasCauldron()
  位置: 类型为Property的变量 property
D:\Minecraft-Mods\AnvilCraft\src\main\java\dev\dubhe\anvilcraft\recipe\anvil\wrap\AbstractProcessRecipe.java:157: 错误: 找不到符号
        return this.property.getHasAnvil();
                            ^
  符号:   方法 getHasAnvil()
  位置: 类型为Property的变量 property
D:\Minecraft-Mods\AnvilCraft\src\main\java\dev\dubhe\anvilcraft\recipe\anvil\wrap\AbstractProcessRecipe.java:166: 错误: 找不到符号
        return this.property.getProduceHeat();
                            ^
  符号:   方法 getProduceHeat()
  位置: 类型为Property的变量 property
D:\Minecraft-Mods\AnvilCraft\src\main\java\dev\dubhe\anvilcraft\recipe\anvil\MassInjectRecipe.java:40: 错误: MassInjectRecipe不是抽象的, 并且未覆盖SingleItemRecipe中的抽象方法getType()
public class MassInjectRecipe extends SingleItemRecipe {
       ^
D:\Minecraft-Mods\AnvilCraft\src\main\java\dev\dubhe\anvilcraft\recipe\anvil\MassInjectRecipe.java:109: 错误: MassInjectRecipe中的getType()无法覆盖SingleItemRecipe中的getType()
    public RecipeType<?> getType() {
                         ^
  返回类型RecipeType<?>与RecipeType<? extends SingleItemRecipe>不兼容
D:\Minecraft-Mods\AnvilCraft\src\main\java\dev\dubhe\anvilcraft\recipe\anvil\MassInjectRecipe.java:119: 错误: MassInjectRecipe中的getSerializer()无法覆盖SingleItemRecipe中的getSerializer()
    public RecipeSerializer<?> getSerializer() {
                               ^
  返回类型RecipeSerializer<?>与RecipeSerializer<? extends SingleItemRecipe>不兼容
D:\Minecraft-Mods\AnvilCraft\src\main\java\dev\dubhe\anvilcraft\recipe\anvil\MassInjectRecipe.java:54: 错误: 找不到符号
            ModRecipeTypes.MASS_INJECT_SERIALIZER.get(),
                          ^
  符号:   变量 MASS_INJECT_SERIALIZER
  位置: 类 ModRecipeTypes
D:\Minecraft-Mods\AnvilCraft\src\main\java\dev\dubhe\anvilcraft\recipe\anvil\MassInjectRecipe.java:100: 错误: 找不到符号
        return this.ingredient;
                   ^
  符号: 变量 ingredient
D:\Minecraft-Mods\AnvilCraft\src\main\java\dev\dubhe\anvilcraft\recipe\anvil\MassInjectRecipe.java:108: 错误: 方法不会覆盖或实现超类型的方法
    @Override
    ^
D:\Minecraft-Mods\AnvilCraft\src\main\java\dev\dubhe\anvilcraft\recipe\anvil\MassInjectRecipe.java:118: 错误: 方法不会覆盖或实现超类型的方法
    @Override
    ^
D:\Minecraft-Mods\AnvilCraft\src\main\java\dev\dubhe\anvilcraft\recipe\anvil\MassInjectRecipe.java:120: 错误: 找不到符号
        return ModRecipeTypes.MASS_INJECT_SERIALIZER.get();
                             ^
  符号:   变量 MASS_INJECT_SERIALIZER
  位置: 类 ModRecipeTypes
D:\Minecraft-Mods\AnvilCraft\src\main\java\dev\dubhe\anvilcraft\recipe\anvil\MassInjectRecipe.java:132: 错误: 找不到符号
        return this.ingredient.test(input.item());
                   ^
  符号: 变量 ingredient
D:\Minecraft-Mods\AnvilCraft\src\main\java\dev\dubhe\anvilcraft\recipe\anvil\MassInjectRecipe.java:141: 错误: 方法不会覆盖或实现超类型的方法
    @Override
    ^
D:\Minecraft-Mods\AnvilCraft\src\main\java\dev\dubhe\anvilcraft\recipe\anvil\MassInjectRecipe.java:153: 错误: 方法不会覆盖或实现超类型的方法
    @Override
    ^
D:\Minecraft-Mods\AnvilCraft\src\main\java\dev\dubhe\anvilcraft\recipe\anvil\MassInjectRecipe.java:178: 错误: 找不到符号
                        Ingredient.CODEC_NONEMPTY.fieldOf("ingredient")
                                  ^
  符号:   变量 CODEC_NONEMPTY
  位置: 类 Ingredient
D:\Minecraft-Mods\AnvilCraft\src\main\java\dev\dubhe\anvilcraft\recipe\anvil\MassInjectRecipe.java:180: 错误: 方法引用无效
                        Codec.INT.fieldOf("mass").forGetter(MassInjectRecipe::getMass)
                                                            ^
  找不到符号
    符号:   方法 getMass()
    位置: 类 MassInjectRecipe
D:\Minecraft-Mods\AnvilCraft\src\main\java\dev\dubhe\anvilcraft\recipe\anvil\MassInjectRecipe.java:193: 错误: 方法引用无效
                MassInjectRecipe::getMass,
                ^
  找不到符号
    符号:   方法 getMass()
    位置: 类 MassInjectRecipe
D:\Minecraft-Mods\AnvilCraft\src\main\java\dev\dubhe\anvilcraft\recipe\anvil\MassInjectRecipe.java:202: 错误: 方法不会覆盖或实现超类型的方法
        @Override
        ^
D:\Minecraft-Mods\AnvilCraft\src\main\java\dev\dubhe\anvilcraft\recipe\anvil\MassInjectRecipe.java:212: 错误: 方法不会覆盖或实现超类型的方法
        @Override
        ^
D:\Minecraft-Mods\AnvilCraft\src\main\java\dev\dubhe\anvilcraft\recipe\anvil\MassInjectRecipe.java:222: 错误: Builder不是抽象的, 并且未覆盖AbstractRecipeBuilder中的抽象方法getResult()
    public static class Builder extends AbstractRecipeBuilder<MassInjectRecipe> {
                  ^
D:\Minecraft-Mods\AnvilCraft\src\main\java\dev\dubhe\anvilcraft\recipe\anvil\MassInjectRecipe.java:330: 错误: Builder中的getResult()无法覆盖AbstractRecipeBuilder中的getResult()
        public Item getResult() {
                    ^
  返回类型Item与ItemStackTemplate不兼容
D:\Minecraft-Mods\AnvilCraft\src\main\java\dev\dubhe\anvilcraft\recipe\anvil\MassInjectRecipe.java:274: 错误: 对于of(TagKey<Item>), 找不到合适的方法
            return requires(Ingredient.of(tag));
                                      ^
    方法 Ingredient.of(ItemLike)不适用
      (参数不匹配; TagKey<Item>无法转换为ItemLike)
    方法 Ingredient.of(ItemLike...)不适用
      (varargs 不匹配; TagKey<Item>无法转换为ItemLike)
    方法 Ingredient.of(Stream<? extends ItemLike>)不适用
      (参数不匹配; TagKey<Item>无法转换为Stream<? extends ItemLike>)
    方法 Ingredient.of(HolderSet<Item>)不适用
      (参数不匹配; TagKey<Item>无法转换为HolderSet<Item>)
D:\Minecraft-Mods\AnvilCraft\src\main\java\dev\dubhe\anvilcraft\recipe\anvil\MassInjectRecipe.java:329: 错误: 方法不会覆盖或实现超类型的方法
        @Override
        ^
D:\Minecraft-Mods\AnvilCraft\src\main\java\dev\dubhe\anvilcraft\recipe\transform\MobTransformRecipe.java:36: 错误: MobTransformRecipe不是抽象的, 并且未覆盖Recipe中的抽象方法recipeBookCategory()
public record MobTransformRecipe(
       ^
D:\Minecraft-Mods\AnvilCraft\src\main\java\dev\dubhe\anvilcraft\recipe\transform\MobTransformRecipe.java:87: 错误: MobTransformRecipe中的getType()无法实现Recipe中的getType()
    public RecipeType<?> getType() {
                         ^
  返回类型RecipeType<?>与RecipeType<? extends Recipe<MobTransformInput>>不兼容
  其中, T是类型变量:
    T扩展已在接口 Recipe中声明的RecipeInput
D:\Minecraft-Mods\AnvilCraft\src\main\java\dev\dubhe\anvilcraft\recipe\transform\MobTransformRecipe.java:82: 错误: MobTransformRecipe中的getSerializer()无法实现Recipe中的getSerializer()
    public RecipeSerializer<?> getSerializer() {
                               ^
  返回类型RecipeSerializer<?>与RecipeSerializer<? extends Recipe<MobTransformInput>>不兼容
  其中, T是类型变量:
    T扩展已在接口 Recipe中声明的RecipeInput
D:\Minecraft-Mods\AnvilCraft\src\main\java\dev\dubhe\anvilcraft\recipe\transform\MobTransformRecipe.java:66: 错误: 方法不会覆盖或实现超类型的方法
    @Override
    ^
D:\Minecraft-Mods\AnvilCraft\src\main\java\dev\dubhe\anvilcraft\recipe\transform\MobTransformRecipe.java:71: 错误: 方法不会覆盖或实现超类型的方法
    @Override
    ^
D:\Minecraft-Mods\AnvilCraft\src\main\java\dev\dubhe\anvilcraft\recipe\transform\MobTransformRecipe.java:76: 错误: 方法不会覆盖或实现超类型的方法
    @Override
    ^
D:\Minecraft-Mods\AnvilCraft\src\main\java\dev\dubhe\anvilcraft\recipe\transform\MobTransformRecipe.java:81: 错误: 方法不会覆盖或实现超类型的方法
    @Override
    ^
D:\Minecraft-Mods\AnvilCraft\src\main\java\dev\dubhe\anvilcraft\recipe\transform\MobTransformRecipe.java:83: 错误: 找不到符号
        return ModRecipeTypes.MOB_TRANSFORM_SERIALIZER.get();
                             ^
  符号:   变量 MOB_TRANSFORM_SERIALIZER
  位置: 类 ModRecipeTypes
D:\Minecraft-Mods\AnvilCraft\src\main\java\dev\dubhe\anvilcraft\recipe\transform\MobTransformRecipe.java:86: 错误: 方法不会覆盖或实现超类型的方法
    @Override
    ^
D:\Minecraft-Mods\AnvilCraft\src\main\java\dev\dubhe\anvilcraft\recipe\transform\MobTransformRecipe.java:118: 错误: 对于loadEntityRecursive(CompoundTag,ServerLevel,(e)->{ e.m[...] e; }), 找不到合适的方法
        Entity newEntity = EntityType.loadEntityRecursive(
                                     ^
    方法 EntityType.loadEntityRecursive(CompoundTag,Level,EntitySpawnReason,EntityProcessor)不适用
      (实际参数列表和形式参数列表长度不同)
    方法 EntityType.loadEntityRecursive(EntityType<?>,CompoundTag,Level,EntitySpawnReason,EntityProcessor)不适用
      (实际参数列表和形式参数列表长度不同)
    方法 EntityType.loadEntityRecursive(ValueInput,Level,EntitySpawnReason,EntityProcessor)不适用
      (实际参数列表和形式参数列表长度不同)
    方法 EntityType.loadEntityRecursive(EntityType<?>,ValueInput,Level,EntitySpawnReason,EntityProcessor)不适用
      (实际参数列表和形式参数列表长度不同)
D:\Minecraft-Mods\AnvilCraft\src\main\java\dev\dubhe\anvilcraft\recipe\transform\MobTransformRecipe.java:136: 错误: 找不到符号
                MobSpawnType.NATURAL,
                ^
  符号:   变量 MobSpawnType
  位置: 类 MobTransformRecipe
D:\Minecraft-Mods\AnvilCraft\src\main\java\dev\dubhe\anvilcraft\recipe\transform\MobTransformRecipe.java:142: 错误: 方法引用无效
            .sorted(Comparator.comparingInt(TransformOptions::getPriority).reversed())
                                            ^
  找不到符号
    符号:   方法 getPriority()
    位置: 类 TransformOptions
D:\Minecraft-Mods\AnvilCraft\src\main\java\dev\dubhe\anvilcraft\recipe\transform\MobTransformRecipe.java:147: 错误: 不兼容的类型: CompoundTag无法转换为ValueOutput
        CompoundTag compoundTag = newEntity.saveWithoutId(new CompoundTag());
                                                          ^
D:\Minecraft-Mods\AnvilCraft\src\main\java\dev\dubhe\anvilcraft\recipe\transform\MobTransformRecipe.java:152: 错误: 不兼容的类型: CompoundTag无法转换为ValueInput
        newEntity.load(compoundTag);
                       ^
D:\Minecraft-Mods\AnvilCraft\src\main\java\dev\dubhe\anvilcraft\recipe\transform\MobTransformRecipe.java:189: 错误: 方法不会覆盖或实现超类型的方法
        @Override
        ^
D:\Minecraft-Mods\AnvilCraft\src\main\java\dev\dubhe\anvilcraft\recipe\transform\MobTransformRecipe.java:194: 错误: 方法不会覆盖或实现超类型的方法
        @Override
        ^
D:\Minecraft-Mods\AnvilCraft\src\main\java\dev\dubhe\anvilcraft\recipe\transform\TagModification.java:61: 错误: 无法将类 TagParser<T>中的构造器 TagParser应用到给定类型;
            TagParser parser = new TagParser(reader);
                               ^
  需要: DynamicOps,Grammar
  找到:    StringReader
  原因: 实际参数列表和形式参数列表长度不同
  其中, T是类型变量:
    T扩展已在类 TagParser中声明的Object
D:\Minecraft-Mods\AnvilCraft\src\main\java\dev\dubhe\anvilcraft\recipe\transform\TagModification.java:62: 错误: 找不到符号
            Tag parseTag = parser.readValue();
                                 ^
  符号:   方法 readValue()
  位置: 类型为TagParser的变量 parser
D:\Minecraft-Mods\AnvilCraft\src\main\java\dev\dubhe\anvilcraft\recipe\transform\TagModification.java:115: 错误: 找不到符号
                    throw new RuntimeException("Expected CompoundTag, got " + inputSrc.getAsString());
                                                                                      ^
  符号:   方法 getAsString()
  位置: 类型为Tag的变量 inputSrc
D:\Minecraft-Mods\AnvilCraft\src\main\java\dev\dubhe\anvilcraft\recipe\transform\TagModification.java:125: 错误: 找不到符号
                    throw new RuntimeException("Expected list, got " + inputSrc.getAsString());
                                                                               ^
  符号:   方法 getAsString()
  位置: 类型为Tag的变量 inputSrc
D:\Minecraft-Mods\AnvilCraft\src\main\java\dev\dubhe\anvilcraft\recipe\transform\TagModification.java:135: 错误: 找不到符号
                    throw new RuntimeException("Expected list, got " + inputSrc.getAsString());
                                                                               ^
  符号:   方法 getAsString()
  位置: 类型为Tag的变量 inputSrc
D:\Minecraft-Mods\AnvilCraft\src\main\java\dev\dubhe\anvilcraft\recipe\transform\TagModification.java:146: 错误: 找不到符号
                        "Expected list, got " + inputSrc.getAsString() + ", " + tag.getAsString());
                                                        ^
  符号:   方法 getAsString()
  位置: 类型为Tag的变量 inputSrc
D:\Minecraft-Mods\AnvilCraft\src\main\java\dev\dubhe\anvilcraft\recipe\transform\TagModification.java:146: 错误: 找不到符号
                        "Expected list, got " + inputSrc.getAsString() + ", " + tag.getAsString());
                                                                                   ^
  符号:   方法 getAsString()
  位置: 类型为Tag的变量 tag
D:\Minecraft-Mods\AnvilCraft\src\main\java\dev\dubhe\anvilcraft\recipe\transform\TagModification.java:156: 错误: 找不到符号
                    throw new RuntimeException("Expected list, got " + inputSrc.getAsString());
                                                                               ^
  符号:   方法 getAsString()
  位置: 类型为Tag的变量 inputSrc
D:\Minecraft-Mods\AnvilCraft\src\main\java\dev\dubhe\anvilcraft\recipe\transform\TagModification.java:166: 错误: 找不到符号
                    throw new RuntimeException("Expected Compound Tag, got " + inputSrc.getAsString() + " and " + tag.getAsString()
                                                                                       ^
  符号:   方法 getAsString()
  位置: 类型为Tag的变量 inputSrc
D:\Minecraft-Mods\AnvilCraft\src\main\java\dev\dubhe\anvilcraft\recipe\transform\TagModification.java:166: 错误: 找不到符号
                    throw new RuntimeException("Expected Compound Tag, got " + inputSrc.getAsString() + " and " + tag.getAsString()
                                                                                                                     ^
  符号:   方法 getAsString()
  位置: 类型为Tag的变量 tag
D:\Minecraft-Mods\AnvilCraft\src\main\java\dev\dubhe\anvilcraft\recipe\transform\TransformOptions.java:33: 错误: 找不到符号
                    nm.setDropChance(value, om.getEquipmentDropChance(value));
                                              ^
  符号:   方法 getEquipmentDropChance(EquipmentSlot)
  位置: 类型为Mob的变量 om
D:\Minecraft-Mods\AnvilCraft\src\main\java\dev\dubhe\anvilcraft\recipe\transform\MobTransformWithItemRecipe.java:43: 错误: MobTransformWithItemRecipe不是抽象的, 并且未覆盖Recipe中的抽象方法recipeBookCategory()
public record MobTransformWithItemRecipe(
       ^
D:\Minecraft-Mods\AnvilCraft\src\main\java\dev\dubhe\anvilcraft\recipe\transform\MobTransformWithItemRecipe.java:117: 错误: MobTransformWithItemRecipe中的getType()无法实现Recipe中的getType()
    public RecipeType<?> getType() {
                         ^
  返回类型RecipeType<?>与RecipeType<? extends Recipe<Input>>不兼容
  其中, T是类型变量:
    T扩展已在接口 Recipe中声明的RecipeInput
D:\Minecraft-Mods\AnvilCraft\src\main\java\dev\dubhe\anvilcraft\recipe\transform\MobTransformWithItemRecipe.java:112: 错误: MobTransformWithItemRecipe中的getSerializer()无法实现Recipe中的getSerializer()
    public RecipeSerializer<?> getSerializer() {
                               ^
  返回类型RecipeSerializer<?>与RecipeSerializer<? extends Recipe<Input>>不兼容
  其中, T是类型变量:
    T扩展已在接口 Recipe中声明的RecipeInput
D:\Minecraft-Mods\AnvilCraft\src\main\java\dev\dubhe\anvilcraft\recipe\transform\MobTransformWithItemRecipe.java:96: 错误: 方法不会覆盖或实现超类型的方法
    @Override
    ^
D:\Minecraft-Mods\AnvilCraft\src\main\java\dev\dubhe\anvilcraft\recipe\transform\MobTransformWithItemRecipe.java:101: 错误: 方法不会覆盖或实现超类型的方法
    @Override
    ^
D:\Minecraft-Mods\AnvilCraft\src\main\java\dev\dubhe\anvilcraft\recipe\transform\MobTransformWithItemRecipe.java:106: 错误: 方法不会覆盖或实现超类型的方法
    @Override
    ^
D:\Minecraft-Mods\AnvilCraft\src\main\java\dev\dubhe\anvilcraft\recipe\transform\MobTransformWithItemRecipe.java:111: 错误: 方法不会覆盖或实现超类型的方法
    @Override
    ^
D:\Minecraft-Mods\AnvilCraft\src\main\java\dev\dubhe\anvilcraft\recipe\transform\MobTransformWithItemRecipe.java:113: 错误: 找不到符号
        return ModRecipeTypes.MOB_TRANSFORM_WITH_ITEM_SERIALIZER.get();
                             ^
  符号:   变量 MOB_TRANSFORM_WITH_ITEM_SERIALIZER
  位置: 类 ModRecipeTypes
D:\Minecraft-Mods\AnvilCraft\src\main\java\dev\dubhe\anvilcraft\recipe\transform\MobTransformWithItemRecipe.java:116: 错误: 方法不会覆盖或实现超类型的方法
    @Override
    ^
D:\Minecraft-Mods\AnvilCraft\src\main\java\dev\dubhe\anvilcraft\recipe\transform\MobTransformWithItemRecipe.java:143: 错误: 对于loadEntityRecursive(CompoundTag,ServerLevel,(e)->{ e.m[...] e; }), 找不到合适的方法
        Entity newEntity = EntityType.loadEntityRecursive(
                                     ^
    方法 EntityType.loadEntityRecursive(CompoundTag,Level,EntitySpawnReason,EntityProcessor)不适用
      (实际参数列表和形式参数列表长度不同)
    方法 EntityType.loadEntityRecursive(EntityType<?>,CompoundTag,Level,EntitySpawnReason,EntityProcessor)不适用
      (实际参数列表和形式参数列表长度不同)
    方法 EntityType.loadEntityRecursive(ValueInput,Level,EntitySpawnReason,EntityProcessor)不适用
      (实际参数列表和形式参数列表长度不同)
    方法 EntityType.loadEntityRecursive(EntityType<?>,ValueInput,Level,EntitySpawnReason,EntityProcessor)不适用
      (实际参数列表和形式参数列表长度不同)
D:\Minecraft-Mods\AnvilCraft\src\main\java\dev\dubhe\anvilcraft\recipe\transform\MobTransformWithItemRecipe.java:161: 错误: 找不到符号
                MobSpawnType.NATURAL,
                ^
  符号:   变量 MobSpawnType
  位置: 类 MobTransformWithItemRecipe
D:\Minecraft-Mods\AnvilCraft\src\main\java\dev\dubhe\anvilcraft\recipe\transform\MobTransformWithItemRecipe.java:167: 错误: 方法引用无效
            .sorted(Comparator.comparingInt(TransformOptions::getPriority).reversed())
                                            ^
  找不到符号
    符号:   方法 getPriority()
    位置: 类 TransformOptions
D:\Minecraft-Mods\AnvilCraft\src\main\java\dev\dubhe\anvilcraft\recipe\transform\MobTransformWithItemRecipe.java:179: 错误: 不兼容的类型: CompoundTag无法转换为ValueOutput
        CompoundTag compoundTag = newEntity.saveWithoutId(new CompoundTag());
                                                          ^
D:\Minecraft-Mods\AnvilCraft\src\main\java\dev\dubhe\anvilcraft\recipe\transform\MobTransformWithItemRecipe.java:184: 错误: 不兼容的类型: CompoundTag无法转换为ValueInput
        newEntity.load(compoundTag);
                       ^
D:\Minecraft-Mods\AnvilCraft\src\main\java\dev\dubhe\anvilcraft\recipe\transform\MobTransformWithItemRecipe.java:260: 错误: 方法不会覆盖或实现超类型的方法
        @Override
        ^
D:\Minecraft-Mods\AnvilCraft\src\main\java\dev\dubhe\anvilcraft\recipe\transform\MobTransformWithItemRecipe.java:265: 错误: 方法不会覆盖或实现超类型的方法
        @Override
        ^
D:\Minecraft-Mods\AnvilCraft\src\main\java\dev\dubhe\anvilcraft\recipe\multiblock\MultiblockRecipe.java:32: 错误: 方法引用无效
            .forGetter(MultiblockRecipe::getPattern),
                       ^
  找不到符号
    符号:   方法 getPattern()
    位置: 类 MultiblockRecipe
D:\Minecraft-Mods\AnvilCraft\src\main\java\dev\dubhe\anvilcraft\recipe\multiblock\MultiblockRecipe.java:35: 错误: 方法引用无效
            .forGetter(MultiblockRecipe::getResult)
                       ^
  找不到符号
    符号:   方法 getResult()
    位置: 类 MultiblockRecipe
D:\Minecraft-Mods\AnvilCraft\src\main\java\dev\dubhe\anvilcraft\recipe\multiblock\MultiblockRecipe.java:39: 错误: 方法引用无效
        MultiblockRecipe::getPattern,
        ^
  找不到符号
    符号:   方法 getPattern()
    位置: 类 MultiblockRecipe
D:\Minecraft-Mods\AnvilCraft\src\main\java\dev\dubhe\anvilcraft\recipe\multiblock\MultiblockRecipe.java:41: 错误: 方法引用无效
        MultiblockRecipe::getResult,
        ^
  找不到符号
    符号:   方法 getResult()
    位置: 类 MultiblockRecipe
D:\Minecraft-Mods\AnvilCraft\src\main\java\dev\dubhe\anvilcraft\recipe\multiblock\MultiblockRecipe.java:87: 错误: 找不到符号
        return ModRecipeTypes.MULTIBLOCK_SERIALIZER.get();
                             ^
  符号:   变量 MULTIBLOCK_SERIALIZER
  位置: 类 ModRecipeTypes
D:\Minecraft-Mods\AnvilCraft\src\main\java\dev\dubhe\anvilcraft\recipe\multiblock\MultiblockRecipe.java:94: 错误: 找不到符号
        if (pattern.getLayers().size() != size) {
                   ^
  符号:   方法 getLayers()
  位置: 类型为BlockPattern的变量 pattern
D:\Minecraft-Mods\AnvilCraft\src\main\java\dev\dubhe\anvilcraft\recipe\multiblock\MultiblockRecipe.java:177: 错误: 找不到符号
        for (List<String> layer : this.pattern.getLayers()) {
                                              ^
  符号:   方法 getLayers()
  位置: 类型为BlockPattern的变量 pattern
D:\Minecraft-Mods\AnvilCraft\src\main\java\dev\dubhe\anvilcraft\recipe\multiblock\MultiblockRecipe.java:183: 错误: 找不到符号
        this.pattern.getSymbols().forEach((symbol, predicate) -> {
                    ^
  符号:   方法 getSymbols()
  位置: 类型为BlockPattern的变量 pattern
D:\Minecraft-Mods\AnvilCraft\src\main\java\dev\dubhe\anvilcraft\recipe\multiblock\MultiblockConversionRecipe.java:33: 错误: MultiblockConversionRecipe不是抽象的, 并且未覆盖Recipe中的抽象方法recipeBookCategory()
public class MultiblockConversionRecipe implements Recipe<MultiblockInput>, IDatagen {
       ^
D:\Minecraft-Mods\AnvilCraft\src\main\java\dev\dubhe\anvilcraft\recipe\multiblock\MultiblockConversionRecipe.java:67: 错误: MultiblockConversionRecipe中的getType()无法实现Recipe中的getType()
    public RecipeType<?> getType() {
                         ^
  返回类型RecipeType<?>与RecipeType<? extends Recipe<MultiblockInput>>不兼容
  其中, T是类型变量:
    T扩展已在接口 Recipe中声明的RecipeInput
D:\Minecraft-Mods\AnvilCraft\src\main\java\dev\dubhe\anvilcraft\recipe\multiblock\MultiblockConversionRecipe.java:72: 错误: MultiblockConversionRecipe中的getSerializer()无法实现Recipe中的getSerializer()
    public RecipeSerializer<?> getSerializer() {
                               ^
  返回类型RecipeSerializer<?>与RecipeSerializer<? extends Recipe<MultiblockInput>>不兼容
  其中, T是类型变量:
    T扩展已在接口 Recipe中声明的RecipeInput
D:\Minecraft-Mods\AnvilCraft\src\main\java\dev\dubhe\anvilcraft\recipe\multiblock\MultiblockConversionRecipe.java:66: 错误: 方法不会覆盖或实现超类型的方法
    @Override
    ^
D:\Minecraft-Mods\AnvilCraft\src\main\java\dev\dubhe\anvilcraft\recipe\multiblock\MultiblockConversionRecipe.java:71: 错误: 方法不会覆盖或实现超类型的方法
    @Override
    ^
D:\Minecraft-Mods\AnvilCraft\src\main\java\dev\dubhe\anvilcraft\recipe\multiblock\MultiblockConversionRecipe.java:73: 错误: 找不到符号
        return ModRecipeTypes.MULTIBLOCK_CONVERSION_SERIALIZER.get();
                             ^
  符号:   变量 MULTIBLOCK_CONVERSION_SERIALIZER
  位置: 类 ModRecipeTypes
D:\Minecraft-Mods\AnvilCraft\src\main\java\dev\dubhe\anvilcraft\recipe\multiblock\MultiblockConversionRecipe.java:76: 错误: 方法不会覆盖或实现超类型的方法
    @Override
    ^
D:\Minecraft-Mods\AnvilCraft\src\main\java\dev\dubhe\anvilcraft\recipe\multiblock\MultiblockConversionRecipe.java:81: 错误: 方法不会覆盖或实现超类型的方法
    @Override
    ^
D:\Minecraft-Mods\AnvilCraft\src\main\java\dev\dubhe\anvilcraft\recipe\multiblock\MultiblockConversionRecipe.java:165: 错误: 找不到符号
        return this.getOutputPattern().getPredicate(t, t, t).getBlock();
                   ^
  符号: 方法 getOutputPattern()
D:\Minecraft-Mods\AnvilCraft\src\main\java\dev\dubhe\anvilcraft\recipe\multiblock\MultiblockConversionRecipe.java:168: 错误: 方法不会覆盖或实现超类型的方法
    @Override
    ^
D:\Minecraft-Mods\AnvilCraft\src\main\java\dev\dubhe\anvilcraft\recipe\multiblock\MultiblockConversionRecipe.java:180: 错误: 找不到符号
        for (List<String> layer : pattern.getLayers()) {
                                         ^
  符号:   方法 getLayers()
  位置: 类型为BlockPattern的变量 pattern
D:\Minecraft-Mods\AnvilCraft\src\main\java\dev\dubhe\anvilcraft\recipe\multiblock\MultiblockConversionRecipe.java:187: 错误: 找不到符号
        pattern.getSymbols().forEach((symbol, predicate) -> {
               ^
  符号:   方法 getSymbols()
  位置: 类型为BlockPattern的变量 pattern
D:\Minecraft-Mods\AnvilCraft\src\main\java\dev\dubhe\anvilcraft\recipe\multiblock\MultiblockConversionRecipe.java:230: 错误: Builder不是抽象的, 并且未覆盖AbstractRecipeBuilder中的抽象方法getResult()
    public static class Builder extends AbstractRecipeBuilder<MultiblockConversionRecipe> {
                  ^
D:\Minecraft-Mods\AnvilCraft\src\main\java\dev\dubhe\anvilcraft\recipe\multiblock\MultiblockConversionRecipe.java:330: 错误: Builder中的getResult()无法覆盖AbstractRecipeBuilder中的getResult()
        public Item getResult() {
                    ^
  返回类型Item与ItemStackTemplate不兼容
D:\Minecraft-Mods\AnvilCraft\src\main\java\dev\dubhe\anvilcraft\recipe\multiblock\MultiblockConversionRecipe.java:329: 错误: 方法不会覆盖或实现超类型的方法
        @Override
        ^
D:\Minecraft-Mods\AnvilCraft\src\main\java\dev\dubhe\anvilcraft\recipe\multiblock\MultiblockConversionRecipe.java:339: 错误: 方法引用无效
                    BlockPattern.CODEC.fieldOf("inputPattern").forGetter(MultiblockConversionRecipe::getInputPattern),
                                                                         ^
  找不到符号
    符号:   方法 getInputPattern()
    位置: 类 MultiblockConversionRecipe
D:\Minecraft-Mods\AnvilCraft\src\main\java\dev\dubhe\anvilcraft\recipe\multiblock\MultiblockConversionRecipe.java:340: 错误: 方法引用无效
                    BlockPattern.CODEC.fieldOf("outputPattern").forGetter(MultiblockConversionRecipe::getOutputPattern),
                                                                          ^
  找不到符号
    符号:   方法 getOutputPattern()
    位置: 类 MultiblockConversionRecipe
D:\Minecraft-Mods\AnvilCraft\src\main\java\dev\dubhe\anvilcraft\recipe\multiblock\MultiblockConversionRecipe.java:342: 错误: 方法引用无效
                        .forGetter(MultiblockConversionRecipe::getModifySpawnerAction)
                                   ^
  找不到符号
    符号:   方法 getModifySpawnerAction()
    位置: 类 MultiblockConversionRecipe
D:\Minecraft-Mods\AnvilCraft\src\main\java\dev\dubhe\anvilcraft\recipe\multiblock\MultiblockConversionRecipe.java:349: 错误: 方法引用无效
                MultiblockConversionRecipe::getInputPattern,
                ^
  找不到符号
    符号:   方法 getInputPattern()
    位置: 类 MultiblockConversionRecipe
D:\Minecraft-Mods\AnvilCraft\src\main\java\dev\dubhe\anvilcraft\recipe\multiblock\MultiblockConversionRecipe.java:351: 错误: 方法引用无效
                MultiblockConversionRecipe::getOutputPattern,
                ^
  找不到符号
    符号:   方法 getOutputPattern()
    位置: 类 MultiblockConversionRecipe
D:\Minecraft-Mods\AnvilCraft\src\main\java\dev\dubhe\anvilcraft\recipe\multiblock\MultiblockConversionRecipe.java:353: 错误: 方法引用无效
                MultiblockConversionRecipe::getModifySpawnerAction,
                ^
  找不到符号
    符号:   方法 getModifySpawnerAction()
    位置: 类 MultiblockConversionRecipe
D:\Minecraft-Mods\AnvilCraft\src\main\java\dev\dubhe\anvilcraft\recipe\multiblock\MultiblockConversionRecipe.java:357: 错误: 方法不会覆盖或实现超类型的方法
        @Override
        ^
D:\Minecraft-Mods\AnvilCraft\src\main\java\dev\dubhe\anvilcraft\recipe\multiblock\MultiblockConversionRecipe.java:362: 错误: 方法不会覆盖或实现超类型的方法
        @Override
        ^
D:\Minecraft-Mods\AnvilCraft\src\main\java\dev\dubhe\anvilcraft\recipe\mineral\MineralFountainRecipe.java:29: 错误: MineralFountainRecipe不是抽象的, 并且未覆盖Recipe中的抽象方法recipeBookCategory()
public class MineralFountainRecipe implements Recipe<MineralFountainRecipe.Input> {
       ^
D:\Minecraft-Mods\AnvilCraft\src\main\java\dev\dubhe\anvilcraft\recipe\mineral\MineralFountainRecipe.java:46: 错误: MineralFountainRecipe中的getType()无法实现Recipe中的getType()
    public RecipeType<?> getType() {
                         ^
  返回类型RecipeType<?>与RecipeType<? extends Recipe<Input>>不兼容
  其中, T是类型变量:
    T扩展已在接口 Recipe中声明的RecipeInput
D:\Minecraft-Mods\AnvilCraft\src\main\java\dev\dubhe\anvilcraft\recipe\mineral\MineralFountainRecipe.java:51: 错误: MineralFountainRecipe中的getSerializer()无法实现Recipe中的getSerializer()
    public RecipeSerializer<?> getSerializer() {
                               ^
  返回类型RecipeSerializer<?>与RecipeSerializer<? extends Recipe<Input>>不兼容
  其中, T是类型变量:
    T扩展已在接口 Recipe中声明的RecipeInput
D:\Minecraft-Mods\AnvilCraft\src\main\java\dev\dubhe\anvilcraft\recipe\mineral\MineralFountainRecipe.java:45: 错误: 方法不会覆盖或实现超类型的方法
    @Override
    ^
D:\Minecraft-Mods\AnvilCraft\src\main\java\dev\dubhe\anvilcraft\recipe\mineral\MineralFountainRecipe.java:50: 错误: 方法不会覆盖或实现超类型的方法
    @Override
    ^
D:\Minecraft-Mods\AnvilCraft\src\main\java\dev\dubhe\anvilcraft\recipe\mineral\MineralFountainRecipe.java:52: 错误: 找不到符号
        return ModRecipeTypes.MINERAL_FOUNTAIN_SERIALIZER.get();
                             ^
  符号:   变量 MINERAL_FOUNTAIN_SERIALIZER
  位置: 类 ModRecipeTypes
D:\Minecraft-Mods\AnvilCraft\src\main\java\dev\dubhe\anvilcraft\recipe\mineral\MineralFountainRecipe.java:55: 错误: 方法不会覆盖或实现超类型的方法
    @Override
    ^
D:\Minecraft-Mods\AnvilCraft\src\main\java\dev\dubhe\anvilcraft\recipe\mineral\MineralFountainRecipe.java:62: 错误: 方法不会覆盖或实现超类型的方法
    @Override
    ^
D:\Minecraft-Mods\AnvilCraft\src\main\java\dev\dubhe\anvilcraft\recipe\mineral\MineralFountainRecipe.java:67: 错误: 方法不会覆盖或实现超类型的方法
    @Override
    ^
D:\Minecraft-Mods\AnvilCraft\src\main\java\dev\dubhe\anvilcraft\recipe\mineral\MineralFountainRecipe.java:109: 错误: 方法引用无效
                .forGetter(MineralFountainRecipe::getNeedBlock),
                           ^
  找不到符号
    符号:   方法 getNeedBlock()
    位置: 类 MineralFountainRecipe
D:\Minecraft-Mods\AnvilCraft\src\main\java\dev\dubhe\anvilcraft\recipe\mineral\MineralFountainRecipe.java:112: 错误: 方法引用无效
                .forGetter(MineralFountainRecipe::getFromBlock),
                           ^
  找不到符号
    符号:   方法 getFromBlock()
    位置: 类 MineralFountainRecipe
D:\Minecraft-Mods\AnvilCraft\src\main\java\dev\dubhe\anvilcraft\recipe\mineral\MineralFountainRecipe.java:115: 错误: 方法引用无效
                .forGetter(MineralFountainRecipe::getToBlock)
                           ^
  找不到符号
    符号:   方法 getToBlock()
    位置: 类 MineralFountainRecipe
D:\Minecraft-Mods\AnvilCraft\src\main\java\dev\dubhe\anvilcraft\recipe\mineral\MineralFountainRecipe.java:121: 错误: 方法引用无效
                MineralFountainRecipe::getNeedBlock,
                ^
  找不到符号
    符号:   方法 getNeedBlock()
    位置: 类 MineralFountainRecipe
D:\Minecraft-Mods\AnvilCraft\src\main\java\dev\dubhe\anvilcraft\recipe\mineral\MineralFountainRecipe.java:123: 错误: 方法引用无效
                MineralFountainRecipe::getFromBlock,
                ^
  找不到符号
    符号:   方法 getFromBlock()
    位置: 类 MineralFountainRecipe
D:\Minecraft-Mods\AnvilCraft\src\main\java\dev\dubhe\anvilcraft\recipe\mineral\MineralFountainRecipe.java:125: 错误: 方法引用无效
                MineralFountainRecipe::getToBlock,
                ^
  找不到符号
    符号:   方法 getToBlock()
    位置: 类 MineralFountainRecipe
D:\Minecraft-Mods\AnvilCraft\src\main\java\dev\dubhe\anvilcraft\recipe\mineral\MineralFountainRecipe.java:129: 错误: 方法不会覆盖或实现超类型的方法
        @Override
        ^
D:\Minecraft-Mods\AnvilCraft\src\main\java\dev\dubhe\anvilcraft\recipe\mineral\MineralFountainRecipe.java:134: 错误: 方法不会覆盖或实现超类型的方法
        @Override
        ^
D:\Minecraft-Mods\AnvilCraft\src\main\java\dev\dubhe\anvilcraft\recipe\mineral\MineralFountainRecipe.java:142: 错误: Builder不是抽象的, 并且未覆盖AbstractRecipeBuilder中的抽象方法getResult()
    public static class Builder extends AbstractRecipeBuilder<MineralFountainRecipe> {
                  ^
D:\Minecraft-Mods\AnvilCraft\src\main\java\dev\dubhe\anvilcraft\recipe\mineral\MineralFountainRecipe.java:212: 错误: Builder中的getResult()无法覆盖AbstractRecipeBuilder中的getResult()
        public Item getResult() {
                    ^
  返回类型Item与ItemStackTemplate不兼容
D:\Minecraft-Mods\AnvilCraft\src\main\java\dev\dubhe\anvilcraft\recipe\mineral\MineralFountainRecipe.java:211: 错误: 方法不会覆盖或实现超类型的方法
        @Override
        ^
D:\Minecraft-Mods\AnvilCraft\src\main\java\dev\dubhe\anvilcraft\recipe\mineral\MineralFountainChanceRecipe.java:34: 错误: MineralFountainChanceRecipe不是抽象的, 并且未覆盖Recipe中的抽象方法recipeBookCategory()
public class MineralFountainChanceRecipe implements Recipe<MineralFountainChanceRecipe.Input> {
       ^
D:\Minecraft-Mods\AnvilCraft\src\main\java\dev\dubhe\anvilcraft\recipe\mineral\MineralFountainChanceRecipe.java:55: 错误: MineralFountainChanceRecipe中的getType()无法实现Recipe中的getType()
    public RecipeType<?> getType() {
                         ^
  返回类型RecipeType<?>与RecipeType<? extends Recipe<Input>>不兼容
  其中, T是类型变量:
    T扩展已在接口 Recipe中声明的RecipeInput
D:\Minecraft-Mods\AnvilCraft\src\main\java\dev\dubhe\anvilcraft\recipe\mineral\MineralFountainChanceRecipe.java:60: 错误: MineralFountainChanceRecipe中的getSerializer()无法实现Recipe中的getSerializer()
    public RecipeSerializer<?> getSerializer() {
                               ^
  返回类型RecipeSerializer<?>与RecipeSerializer<? extends Recipe<Input>>不兼容
  其中, T是类型变量:
    T扩展已在接口 Recipe中声明的RecipeInput
D:\Minecraft-Mods\AnvilCraft\src\main\java\dev\dubhe\anvilcraft\recipe\mineral\MineralFountainChanceRecipe.java:54: 错误: 方法不会覆盖或实现超类型的方法
    @Override
    ^
D:\Minecraft-Mods\AnvilCraft\src\main\java\dev\dubhe\anvilcraft\recipe\mineral\MineralFountainChanceRecipe.java:59: 错误: 方法不会覆盖或实现超类型的方法
    @Override
    ^
D:\Minecraft-Mods\AnvilCraft\src\main\java\dev\dubhe\anvilcraft\recipe\mineral\MineralFountainChanceRecipe.java:61: 错误: 找不到符号
        return ModRecipeTypes.MINERAL_FOUNTAIN_CHANCE_SERIALIZER.get();
                             ^
  符号:   变量 MINERAL_FOUNTAIN_CHANCE_SERIALIZER
  位置: 类 ModRecipeTypes
D:\Minecraft-Mods\AnvilCraft\src\main\java\dev\dubhe\anvilcraft\recipe\mineral\MineralFountainChanceRecipe.java:64: 错误: 方法不会覆盖或实现超类型的方法
    @Override
    ^
D:\Minecraft-Mods\AnvilCraft\src\main\java\dev\dubhe\anvilcraft\recipe\mineral\MineralFountainChanceRecipe.java:69: 错误: 方法不会覆盖或实现超类型的方法
    @Override
    ^
D:\Minecraft-Mods\AnvilCraft\src\main\java\dev\dubhe\anvilcraft\recipe\mineral\MineralFountainChanceRecipe.java:76: 错误: 方法不会覆盖或实现超类型的方法
    @Override
    ^
D:\Minecraft-Mods\AnvilCraft\src\main\java\dev\dubhe\anvilcraft\recipe\mineral\MineralFountainChanceRecipe.java:114: 错误: 方法引用无效
                    .forGetter(MineralFountainChanceRecipe::getDimension),
                               ^
  找不到符号
    符号:   方法 getDimension()
    位置: 类 MineralFountainChanceRecipe
D:\Minecraft-Mods\AnvilCraft\src\main\java\dev\dubhe\anvilcraft\recipe\mineral\MineralFountainChanceRecipe.java:117: 错误: 方法引用无效
                    .forGetter(MineralFountainChanceRecipe::getFromBlock),
                               ^
  找不到符号
    符号:   方法 getFromBlock()
    位置: 类 MineralFountainChanceRecipe
D:\Minecraft-Mods\AnvilCraft\src\main\java\dev\dubhe\anvilcraft\recipe\mineral\MineralFountainChanceRecipe.java:120: 错误: 方法引用无效
                    .forGetter(MineralFountainChanceRecipe::getToBlock)
                               ^
  找不到符号
    符号:   方法 getToBlock()
    位置: 类 MineralFountainChanceRecipe
D:\Minecraft-Mods\AnvilCraft\src\main\java\dev\dubhe\anvilcraft\recipe\mineral\MineralFountainChanceRecipe.java:127: 错误: 方法引用无效
                MineralFountainChanceRecipe::getDimension,
                ^
  找不到符号
    符号:   方法 getDimension()
    位置: 类 MineralFountainChanceRecipe
D:\Minecraft-Mods\AnvilCraft\src\main\java\dev\dubhe\anvilcraft\recipe\mineral\MineralFountainChanceRecipe.java:129: 错误: 方法引用无效
                MineralFountainChanceRecipe::getFromBlock,
                ^
  找不到符号
    符号:   方法 getFromBlock()
    位置: 类 MineralFountainChanceRecipe
D:\Minecraft-Mods\AnvilCraft\src\main\java\dev\dubhe\anvilcraft\recipe\mineral\MineralFountainChanceRecipe.java:131: 错误: 方法引用无效
                MineralFountainChanceRecipe::getToBlock,
                ^
  找不到符号
    符号:   方法 getToBlock()
    位置: 类 MineralFountainChanceRecipe
D:\Minecraft-Mods\AnvilCraft\src\main\java\dev\dubhe\anvilcraft\recipe\mineral\MineralFountainChanceRecipe.java:135: 错误: 方法不会覆盖或实现超类型的方法
        @Override
        ^
D:\Minecraft-Mods\AnvilCraft\src\main\java\dev\dubhe\anvilcraft\recipe\mineral\MineralFountainChanceRecipe.java:140: 错误: 方法不会覆盖或实现超类型的方法
        @Override
        ^
D:\Minecraft-Mods\AnvilCraft\src\main\java\dev\dubhe\anvilcraft\recipe\mineral\MineralFountainChanceRecipe.java:148: 错误: Builder不是抽象的, 并且未覆盖AbstractRecipeBuilder中的抽象方法getResult()
    public static class Builder extends AbstractRecipeBuilder<MineralFountainChanceRecipe> {
                  ^
D:\Minecraft-Mods\AnvilCraft\src\main\java\dev\dubhe\anvilcraft\recipe\mineral\MineralFountainChanceRecipe.java:229: 错误: Builder中的getResult()无法覆盖AbstractRecipeBuilder中的getResult()
        public Item getResult() {
                    ^
  返回类型Item与ItemStackTemplate不兼容
D:\Minecraft-Mods\AnvilCraft\src\main\java\dev\dubhe\anvilcraft\recipe\mineral\MineralFountainChanceRecipe.java:228: 错误: 方法不会覆盖或实现超类型的方法
        @Override
        ^
D:\Minecraft-Mods\AnvilCraft\src\main\java\dev\dubhe\anvilcraft\recipe\CanningFoodRecipe.java:101: 错误: 找不到符号
        return ModRecipeTypes.CANNING_FOOD_SERIALIZER.get();
                             ^
  符号:   变量 CANNING_FOOD_SERIALIZER
  位置: 类 ModRecipeTypes
D:\Minecraft-Mods\AnvilCraft\src\main\java\dev\dubhe\anvilcraft\recipe\PillRecipe.java:114: 错误: 找不到符号
        return ModRecipeTypes.PILL_RECIPE_SERIALIZER.get();
                             ^
  符号:   变量 PILL_RECIPE_SERIALIZER
  位置: 类 ModRecipeTypes
D:\Minecraft-Mods\AnvilCraft\src\main\java\dev\dubhe\anvilcraft\recipe\multiple\TwoToOneSmithingRecipe.java:11: 错误: TwoToOneSmithingRecipe不是抽象的, 并且未覆盖Recipe中的抽象方法recipeBookCategory()
public class TwoToOneSmithingRecipe extends BaseMultipleToOneSmithingRecipe {
       ^
D:\Minecraft-Mods\AnvilCraft\src\main\java\dev\dubhe\anvilcraft\recipe\multiple\TwoToOneSmithingRecipe.java:34: 错误: TwoToOneSmithingRecipe中的getSerializer()无法实现Recipe中的getSerializer()
    public RecipeSerializer<?> getSerializer() {
                               ^
  返回类型RecipeSerializer<?>与RecipeSerializer<? extends Recipe<MultipleToOneSmithingRecipeInput>>不兼容
  其中, T是类型变量:
    T扩展已在接口 Recipe中声明的RecipeInput
D:\Minecraft-Mods\AnvilCraft\src\main\java\dev\dubhe\anvilcraft\recipe\multiple\TwoToOneSmithingRecipe.java:33: 错误: 方法不会覆盖或实现超类型的方法
    @Override
    ^
D:\Minecraft-Mods\AnvilCraft\src\main\java\dev\dubhe\anvilcraft\recipe\multiple\TwoToOneSmithingRecipe.java:35: 错误: 找不到符号
        return ModRecipeTypes.TWO_TO_ONE_SMITHING_SERIALIZER.get();
                             ^
  符号:   变量 TWO_TO_ONE_SMITHING_SERIALIZER
  位置: 类 ModRecipeTypes
D:\Minecraft-Mods\AnvilCraft\src\main\java\dev\dubhe\anvilcraft\recipe\multiple\TwoToOneSmithingRecipe.java:45: 错误: Builder不是抽象的, 并且未覆盖AbstractRecipeBuilder中的抽象方法getResult()
    public static class Builder extends BaseBuilder<TwoToOneSmithingRecipe> {
                  ^
D:\Minecraft-Mods\AnvilCraft\src\main\java\dev\dubhe\anvilcraft\recipe\multiple\FourToOneSmithingRecipe.java:11: 错误: FourToOneSmithingRecipe不是抽象的, 并且未覆盖Recipe中的抽象方法recipeBookCategory()
public class FourToOneSmithingRecipe extends BaseMultipleToOneSmithingRecipe {
       ^
D:\Minecraft-Mods\AnvilCraft\src\main\java\dev\dubhe\anvilcraft\recipe\multiple\FourToOneSmithingRecipe.java:34: 错误: FourToOneSmithingRecipe中的getSerializer()无法实现Recipe中的getSerializer()
    public RecipeSerializer<?> getSerializer() {
                               ^
  返回类型RecipeSerializer<?>与RecipeSerializer<? extends Recipe<MultipleToOneSmithingRecipeInput>>不兼容
  其中, T是类型变量:
    T扩展已在接口 Recipe中声明的RecipeInput
D:\Minecraft-Mods\AnvilCraft\src\main\java\dev\dubhe\anvilcraft\recipe\multiple\FourToOneSmithingRecipe.java:33: 错误: 方法不会覆盖或实现超类型的方法
    @Override
    ^
D:\Minecraft-Mods\AnvilCraft\src\main\java\dev\dubhe\anvilcraft\recipe\multiple\FourToOneSmithingRecipe.java:35: 错误: 找不到符号
        return ModRecipeTypes.FOUR_TO_ONE_SMITHING_SERIALIZER.get();
                             ^
  符号:   变量 FOUR_TO_ONE_SMITHING_SERIALIZER
  位置: 类 ModRecipeTypes
D:\Minecraft-Mods\AnvilCraft\src\main\java\dev\dubhe\anvilcraft\recipe\multiple\FourToOneSmithingRecipe.java:45: 错误: Builder不是抽象的, 并且未覆盖AbstractRecipeBuilder中的抽象方法getResult()
    public static class Builder extends BaseBuilder<FourToOneSmithingRecipe> {
                  ^
D:\Minecraft-Mods\AnvilCraft\src\main\java\dev\dubhe\anvilcraft\recipe\multiple\EightToOneSmithingRecipe.java:11: 错误: EightToOneSmithingRecipe不是抽象的, 并且未覆盖Recipe中的抽象方法recipeBookCategory()
public class EightToOneSmithingRecipe extends BaseMultipleToOneSmithingRecipe {
       ^
D:\Minecraft-Mods\AnvilCraft\src\main\java\dev\dubhe\anvilcraft\recipe\multiple\EightToOneSmithingRecipe.java:34: 错误: EightToOneSmithingRecipe中的getSerializer()无法实现Recipe中的getSerializer()
    public RecipeSerializer<?> getSerializer() {
                               ^
  返回类型RecipeSerializer<?>与RecipeSerializer<? extends Recipe<MultipleToOneSmithingRecipeInput>>不兼容
  其中, T是类型变量:
    T扩展已在接口 Recipe中声明的RecipeInput
D:\Minecraft-Mods\AnvilCraft\src\main\java\dev\dubhe\anvilcraft\recipe\multiple\EightToOneSmithingRecipe.java:33: 错误: 方法不会覆盖或实现超类型的方法
    @Override
    ^
D:\Minecraft-Mods\AnvilCraft\src\main\java\dev\dubhe\anvilcraft\recipe\multiple\EightToOneSmithingRecipe.java:35: 错误: 找不到符号
        return ModRecipeTypes.EIGHT_TO_ONE_SMITHING_SERIALIZER.get();
                             ^
  符号:   变量 EIGHT_TO_ONE_SMITHING_SERIALIZER
  位置: 类 ModRecipeTypes
D:\Minecraft-Mods\AnvilCraft\src\main\java\dev\dubhe\anvilcraft\recipe\multiple\EightToOneSmithingRecipe.java:45: 错误: Builder不是抽象的, 并且未覆盖AbstractRecipeBuilder中的抽象方法getResult()
    public static class Builder extends BaseBuilder<EightToOneSmithingRecipe> {
                  ^
D:\Minecraft-Mods\AnvilCraft\src\main\java\dev\dubhe\anvilcraft\recipe\frost\DeformationRecipe.java:18: 错误: DeformationRecipe不是抽象的, 并且未覆盖Recipe中的抽象方法recipeBookCategory()
public record DeformationRecipe(
       ^
D:\Minecraft-Mods\AnvilCraft\src\main\java\dev\dubhe\anvilcraft\recipe\frost\DeformationRecipe.java:46: 错误: DeformationRecipe中的getType()无法实现Recipe中的getType()
    public RecipeType<?> getType() {
                         ^
  返回类型RecipeType<?>与RecipeType<? extends Recipe<FrostSmithingRecipeInput>>不兼容
  其中, T是类型变量:
    T扩展已在接口 Recipe中声明的RecipeInput
D:\Minecraft-Mods\AnvilCraft\src\main\java\dev\dubhe\anvilcraft\recipe\frost\DeformationRecipe.java:41: 错误: DeformationRecipe中的getSerializer()无法实现Recipe中的getSerializer()
    public RecipeSerializer<?> getSerializer() {
                               ^
  返回类型RecipeSerializer<?>与RecipeSerializer<? extends Recipe<FrostSmithingRecipeInput>>不兼容
  其中, T是类型变量:
    T扩展已在接口 Recipe中声明的RecipeInput
D:\Minecraft-Mods\AnvilCraft\src\main\java\dev\dubhe\anvilcraft\recipe\frost\DeformationRecipe.java:40: 错误: 方法不会覆盖或实现超类型的方法
    @Override
    ^
D:\Minecraft-Mods\AnvilCraft\src\main\java\dev\dubhe\anvilcraft\recipe\frost\DeformationRecipe.java:42: 错误: 找不到符号
        return ModRecipeTypes.DEFORMATION_SERIALIZER.get();
                             ^
  符号:   变量 DEFORMATION_SERIALIZER
  位置: 类 ModRecipeTypes
D:\Minecraft-Mods\AnvilCraft\src\main\java\dev\dubhe\anvilcraft\recipe\frost\DeformationRecipe.java:45: 错误: 方法不会覆盖或实现超类型的方法
    @Override
    ^
D:\Minecraft-Mods\AnvilCraft\src\main\java\dev\dubhe\anvilcraft\recipe\frost\DeformationRecipe.java:73: 错误: 方法不会覆盖或实现超类型的方法
        @Override
        ^
D:\Minecraft-Mods\AnvilCraft\src\main\java\dev\dubhe\anvilcraft\recipe\frost\DeformationRecipe.java:78: 错误: 方法不会覆盖或实现超类型的方法
        @Override
        ^
D:\Minecraft-Mods\AnvilCraft\src\main\java\dev\dubhe\anvilcraft\recipe\frost\DeformationRecipe.java:84: 错误: Builder不是抽象的, 并且未覆盖AbstractRecipeBuilder中的抽象方法getResult()
    public static class Builder extends BaseBuilder<Builder, DeformationRecipe> {
                  ^
D:\Minecraft-Mods\AnvilCraft\src\main\java\dev\dubhe\anvilcraft\recipe\PortalConversionRecipe.java:40: 错误: PortalConversionRecipe不是抽象的, 并且未覆盖Recipe中的抽象方法recipeBookCategory()
public class PortalConversionRecipe implements Recipe<PortalConversionRecipe.Input> {
       ^
D:\Minecraft-Mods\AnvilCraft\src\main\java\dev\dubhe\anvilcraft\recipe\PortalConversionRecipe.java:104: 错误: PortalConversionRecipe中的getType()无法实现Recipe中的getType()
    public RecipeType<?> getType() {
                         ^
  返回类型RecipeType<?>与RecipeType<? extends Recipe<Input>>不兼容
  其中, T是类型变量:
    T扩展已在接口 Recipe中声明的RecipeInput
D:\Minecraft-Mods\AnvilCraft\src\main\java\dev\dubhe\anvilcraft\recipe\PortalConversionRecipe.java:99: 错误: PortalConversionRecipe中的getSerializer()无法实现Recipe中的getSerializer()
    public RecipeSerializer<?> getSerializer() {
                               ^
  返回类型RecipeSerializer<?>与RecipeSerializer<? extends Recipe<Input>>不兼容
  其中, T是类型变量:
    T扩展已在接口 Recipe中声明的RecipeInput
D:\Minecraft-Mods\AnvilCraft\src\main\java\dev\dubhe\anvilcraft\recipe\PortalConversionRecipe.java:46: 错误: 方法引用无效
            .forGetter(PortalConversionRecipe::getInput),
                       ^
  找不到符号
    符号:   方法 getInput()
    位置: 类 PortalConversionRecipe
D:\Minecraft-Mods\AnvilCraft\src\main\java\dev\dubhe\anvilcraft\recipe\PortalConversionRecipe.java:47: 错误: 程序包WeightedChanceBlockStates不存在
        WeightedChanceBlockStates.CODEC
                                 ^
D:\Minecraft-Mods\AnvilCraft\src\main\java\dev\dubhe\anvilcraft\recipe\PortalConversionRecipe.java:49: 错误: 方法引用无效
            .forGetter(PortalConversionRecipe::getResults)
                       ^
  找不到符号
    符号:   方法 getResults()
    位置: 类 PortalConversionRecipe
D:\Minecraft-Mods\AnvilCraft\src\main\java\dev\dubhe\anvilcraft\recipe\PortalConversionRecipe.java:56: 错误: 找不到符号
        WeightedChanceBlockStates.STREAM_CODEC,
        ^
  符号:   变量 WeightedChanceBlockStates
  位置: 类 PortalConversionRecipe
D:\Minecraft-Mods\AnvilCraft\src\main\java\dev\dubhe\anvilcraft\recipe\PortalConversionRecipe.java:55: 错误: 方法引用无效
        PortalConversionRecipe::getInput,
        ^
  找不到符号
    符号:   方法 getInput()
    位置: 类 PortalConversionRecipe
D:\Minecraft-Mods\AnvilCraft\src\main\java\dev\dubhe\anvilcraft\recipe\PortalConversionRecipe.java:57: 错误: 方法引用无效
        PortalConversionRecipe::getResults,
        ^
  找不到符号
    符号:   方法 getResults()
    位置: 类 PortalConversionRecipe
D:\Minecraft-Mods\AnvilCraft\src\main\java\dev\dubhe\anvilcraft\recipe\PortalConversionRecipe.java:81: 错误: 方法不会覆盖或实现超类型的方法
    @Override
    ^
D:\Minecraft-Mods\AnvilCraft\src\main\java\dev\dubhe\anvilcraft\recipe\PortalConversionRecipe.java:87: 错误: 方法不会覆盖或实现超类型的方法
    @Override
    ^
D:\Minecraft-Mods\AnvilCraft\src\main\java\dev\dubhe\anvilcraft\recipe\PortalConversionRecipe.java:93: 错误: 方法不会覆盖或实现超类型的方法
    @Override
    ^
D:\Minecraft-Mods\AnvilCraft\src\main\java\dev\dubhe\anvilcraft\recipe\PortalConversionRecipe.java:98: 错误: 方法不会覆盖或实现超类型的方法
    @Override
    ^
D:\Minecraft-Mods\AnvilCraft\src\main\java\dev\dubhe\anvilcraft\recipe\PortalConversionRecipe.java:100: 错误: 找不到符号
        return ModRecipeTypes.PORTAL_CONVERSION_SERIALIZER.get();
                             ^
  符号:   变量 PORTAL_CONVERSION_SERIALIZER
  位置: 类 ModRecipeTypes
D:\Minecraft-Mods\AnvilCraft\src\main\java\dev\dubhe\anvilcraft\recipe\PortalConversionRecipe.java:103: 错误: 方法不会覆盖或实现超类型的方法
    @Override
    ^
D:\Minecraft-Mods\AnvilCraft\src\main\java\dev\dubhe\anvilcraft\recipe\PortalConversionRecipe.java:130: 错误: 方法不会覆盖或实现超类型的方法
        @Override
        ^
D:\Minecraft-Mods\AnvilCraft\src\main\java\dev\dubhe\anvilcraft\recipe\PortalConversionRecipe.java:135: 错误: 方法不会覆盖或实现超类型的方法
        @Override
        ^
D:\Minecraft-Mods\AnvilCraft\src\main\java\dev\dubhe\anvilcraft\recipe\PortalConversionRecipe.java:143: 错误: Builder不是抽象的, 并且未覆盖AbstractRecipeBuilder中的抽象方法getResult()
    public static class Builder extends AbstractRecipeBuilder<PortalConversionRecipe> {
                  ^
D:\Minecraft-Mods\AnvilCraft\src\main\java\dev\dubhe\anvilcraft\recipe\PortalConversionRecipe.java:442: 错误: Builder中的getResult()无法覆盖AbstractRecipeBuilder中的getResult()
        public Item getResult() {
                    ^
  返回类型Item与ItemStackTemplate不兼容
D:\Minecraft-Mods\AnvilCraft\src\main\java\dev\dubhe\anvilcraft\recipe\PortalConversionRecipe.java:147: 错误: 找不到符号
        private final WeightedChanceBlockStates.Builder results = WeightedChanceBlockStates.builder();
                                                                  ^
  符号:   变量 WeightedChanceBlockStates
  位置: 类 Builder
D:\Minecraft-Mods\AnvilCraft\src\main\java\dev\dubhe\anvilcraft\recipe\PortalConversionRecipe.java:177: 错误: 对于with(BlockState), 找不到合适的方法
            this.input.with(state);
                      ^
    方法 Builder.<T#1>with(Property<T#1>,T#1)不适用
      (无法推断类型变量 T#1
        (实际参数列表和形式参数列表长度不同))
    方法 Builder.<T#2>with(Property<T#2>,@org.jetbrains.annotations.Nullable T#1,@org.jetbrains.annotations.Nullable T#1)不适用
      (无法推断类型变量 T#2
        (实际参数列表和形式参数列表长度不同))
  其中, T#1,T#2是类型变量:
    T#1扩展已在方法 <T#1>with(Property<T#1>,T#1)中声明的Comparable<T#1>
    T#2扩展已在方法 <T#2>with(Property<T#2>,@org.jetbrains.annotations.Nullable T#1,@org.jetbrains.annotations.Nullable T#1)中声明的Comparable<T#2>
D:\Minecraft-Mods\AnvilCraft\src\main\java\dev\dubhe\anvilcraft\recipe\PortalConversionRecipe.java:441: 错误: 方法不会覆盖或实现超类型的方法
        @Override
        ^
D:\Minecraft-Mods\AnvilCraft\src\main\java\dev\dubhe\anvilcraft\recipe\transform\TransformWithItemRecipeBuilder.java:101: 错误: 找不到符号
            .addCriterion("has_the_recipe", RecipeUnlockedTrigger.unlocked(id))
                                            ^
  符号:   变量 RecipeUnlockedTrigger
  位置: 类 TransformWithItemRecipeBuilder
D:\Minecraft-Mods\AnvilCraft\src\main\java\dev\dubhe\anvilcraft\recipe\transform\TransformWithItemRecipeBuilder.java:102: 错误: 不兼容的类型: Identifier无法转换为ResourceKey<Recipe<?>>
            .rewards(AdvancementRewards.Builder.recipe(id))
                                                       ^
D:\Minecraft-Mods\AnvilCraft\src\main\java\dev\dubhe\anvilcraft\recipe\transform\TransformWithItemRecipeBuilder.java:106: 错误: 对于accept(Identifier,MobTransformWithItemRecipe,AdvancementHolder), 找不到合适的方法
        output.accept(id, recipe, advancement.build(id.withPrefix("recipe/")));
              ^
    方法 IRecipeOutputExtension.accept(ResourceKey<Recipe<?>>,Recipe<?>,@org.jspecify.annotations.Nullable AdvancementHolder,ICondition...)不适用
      (参数不匹配; Identifier无法转换为ResourceKey<Recipe<?>>)
    方法 RecipeOutput.accept(ResourceKey<Recipe<?>>,Recipe<?>,@org.jspecify.annotations.Nullable AdvancementHolder)不适用
      (参数不匹配; Identifier无法转换为ResourceKey<Recipe<?>>)
D:\Minecraft-Mods\AnvilCraft\src\main\java\dev\dubhe\anvilcraft\integration\jade\provider\CrabTrapStorageProvider.java:24: 警告: [removal] net.neoforged.neoforge.items 中的 IItemHandler 已过时, 且标记为待删除
        IItemHandler itemHandler = crabTrap.getItemHandler();
        ^
D:\Minecraft-Mods\AnvilCraft\src\main\java\dev\dubhe\anvilcraft\integration\jade\provider\CrabTrapStorageProvider.java:24: 错误: 找不到符号
        IItemHandler itemHandler = crabTrap.getItemHandler();
                                           ^
  符号:   方法 getItemHandler()
  位置: 类型为CrabTrapBlockEntity的变量 crabTrap
D:\Minecraft-Mods\AnvilCraft\src\main\java\dev\dubhe\anvilcraft\integration\jade\provider\CrabTrapStorageProvider.java:25: 警告: [removal] IItemHandler 中的 getSlots() 已过时, 且标记为待删除
        List<ItemStack> items = new ArrayList<>(itemHandler.getSlots());
                                                           ^
D:\Minecraft-Mods\AnvilCraft\src\main\java\dev\dubhe\anvilcraft\integration\jade\provider\CrabTrapStorageProvider.java:26: 警告: [removal] IItemHandler 中的 getSlots() 已过时, 且标记为待删除
        for (int slot = 0; slot < itemHandler.getSlots(); slot++) {
                                             ^
D:\Minecraft-Mods\AnvilCraft\src\main\java\dev\dubhe\anvilcraft\integration\jade\provider\CrabTrapStorageProvider.java:27: 警告: [removal] IItemHandler 中的 getStackInSlot(int) 已过时, 且标记为待删除
            ItemStack stack = itemHandler.getStackInSlot(slot);
                                         ^
D:\Minecraft-Mods\AnvilCraft\src\main\java\dev\dubhe\anvilcraft\integration\jade\provider\HeatableBlockProvider.java:34: 错误: 找不到符号
            tag.putInt("duration", entity.getDuration());
                                         ^
  符号:   方法 getDuration()
  位置: 类型为HeatableBlockEntity的变量 entity
D:\Minecraft-Mods\AnvilCraft\src\main\java\dev\dubhe\anvilcraft\integration\jade\provider\ItemDetectorProvider.java:49: 错误: 找不到符号
            compoundTag.putInt("Range", blockEntity.getRange());
                                                   ^
  符号:   方法 getRange()
  位置: 类型为ItemDetectorBlockEntity的变量 blockEntity
D:\Minecraft-Mods\AnvilCraft\src\main\java\dev\dubhe\anvilcraft\integration\jade\provider\ItemDetectorProvider.java:50: 错误: 找不到符号
            compoundTag.putInt("FilterMode", blockEntity.getFilterMode().ordinal());
                                                        ^
  符号:   方法 getFilterMode()
  位置: 类型为ItemDetectorBlockEntity的变量 blockEntity
D:\Minecraft-Mods\AnvilCraft\src\main\java\dev\dubhe\anvilcraft\integration\jade\provider\PowerBlockProvider.java:23: 错误: 找不到符号
    private static final BoxStyle.GradientBorder STYLE = BoxStyle.GradientBorder.TRANSPARENT.clone();
                                                                 ^
  符号:   变量 GradientBorder
  位置: 类 BoxStyle
D:\Minecraft-Mods\AnvilCraft\src\main\java\dev\dubhe\anvilcraft\integration\jade\provider\PowerBlockProvider.java:31: 错误: 找不到符号
            IElementHelper elementHelper = IElementHelper.get();
            ^
  符号:   类 IElementHelper
  位置: 类 PowerBlockProvider
D:\Minecraft-Mods\AnvilCraft\src\main\java\dev\dubhe\anvilcraft\integration\jade\provider\PowerBlockProvider.java:31: 错误: 找不到符号
            IElementHelper elementHelper = IElementHelper.get();
                                           ^
  符号:   变量 IElementHelper
  位置: 类 PowerBlockProvider
D:\Minecraft-Mods\AnvilCraft\src\main\java\dev\dubhe\anvilcraft\integration\jade\provider\PowerBlockProvider.java:47: 错误: 找不到符号
                Util.make(STYLE, boxStyle -> {
                ^
  符号:   变量 Util
  位置: 类 PowerBlockProvider
D:\Minecraft-Mods\AnvilCraft\src\main\java\dev\dubhe\anvilcraft\integration\jade\provider\PowerBlockProvider.java:63: 错误: 找不到符号
            compoundTag.putInt("generate", powerGrid.getGenerate());
                                                    ^
  符号:   方法 getGenerate()
  位置: 类型为PowerGrid的变量 powerGrid
D:\Minecraft-Mods\AnvilCraft\src\main\java\dev\dubhe\anvilcraft\integration\jade\provider\PowerBlockProvider.java:64: 错误: 找不到符号
            compoundTag.putInt("consume", powerGrid.getConsume());
                                                   ^
  符号:   方法 getConsume()
  位置: 类型为PowerGrid的变量 powerGrid
D:\Minecraft-Mods\AnvilCraft\src\main\java\dev\dubhe\anvilcraft\integration\jade\provider\SpaceOvercompressorProvider.java:31: 错误: 找不到符号
            compoundTag.putLong("storedMass", blockEntity.getStoredMass());
                                                         ^
  符号:   方法 getStoredMass()
  位置: 类型为SpaceOvercompressorBlockEntity的变量 blockEntity
D:\Minecraft-Mods\AnvilCraft\src\main\java\dev\dubhe\anvilcraft\integration\jei\AnvilCraftJeiPlugin.java:115: 警告: [removal] mezz.jei.api.recipe 中的 RecipeType 已过时, 且标记为待删除
    public static final RecipeType<MeshRecipeGroup> MESH = createRecipeType("mesh", MeshRecipeGroup.class);
                        ^
D:\Minecraft-Mods\AnvilCraft\src\main\java\dev\dubhe\anvilcraft\integration\jei\AnvilCraftJeiPlugin.java:116: 警告: [removal] mezz.jei.api.recipe 中的 RecipeType 已过时, 且标记为待删除
    public static final RecipeType<CementStainingRecipe> CEMENT_STAINING =
                        ^
D:\Minecraft-Mods\AnvilCraft\src\main\java\dev\dubhe\anvilcraft\integration\jei\AnvilCraftJeiPlugin.java:118: 警告: [removal] mezz.jei.api.recipe 中的 RecipeType 已过时, 且标记为待删除
    public static final RecipeType<ColoredConcreteRecipe> COLORED_CONCRETE =
                        ^
D:\Minecraft-Mods\AnvilCraft\src\main\java\dev\dubhe\anvilcraft\integration\jei\AnvilCraftJeiPlugin.java:120: 警告: [removal] mezz.jei.api.recipe 中的 RecipeType 已过时, 且标记为待删除
    public static final RecipeType<BeaconConversionRecipe> BEACON_CONVERSION =
                        ^
D:\Minecraft-Mods\AnvilCraft\src\main\java\dev\dubhe\anvilcraft\integration\jei\AnvilCraftJeiPlugin.java:122: 警告: [removal] mezz.jei.api.recipe 中的 RecipeType 已过时, 且标记为待删除
    public static final RecipeType<VoidDecayRecipe> VOID_DECAY =
                        ^
D:\Minecraft-Mods\AnvilCraft\src\main\java\dev\dubhe\anvilcraft\integration\jei\AnvilCraftJeiPlugin.java:124: 警告: [removal] mezz.jei.api.recipe 中的 RecipeType 已过时, 且标记为待删除
    public static final RecipeType<TranscendiumRecipe> TRANSCENDIUM_RECIPE =
                        ^
D:\Minecraft-Mods\AnvilCraft\src\main\java\dev\dubhe\anvilcraft\integration\jei\AnvilCraftJeiPlugin.java:127: 警告: [removal] mezz.jei.api.recipe 中的 RecipeType 已过时, 且标记为待删除
    public static final RecipeType<RecipeHolder<BlockCompressRecipe>> BLOCK_COMPRESS =
                        ^
D:\Minecraft-Mods\AnvilCraft\src\main\java\dev\dubhe\anvilcraft\integration\jei\AnvilCraftJeiPlugin.java:129: 警告: [removal] mezz.jei.api.recipe 中的 RecipeType 已过时, 且标记为待删除
    public static final RecipeType<RecipeHolder<BlockCrushRecipe>> BLOCK_CRUSH = createRecipeHolderType("block_crush");
                        ^
D:\Minecraft-Mods\AnvilCraft\src\main\java\dev\dubhe\anvilcraft\integration\jei\AnvilCraftJeiPlugin.java:130: 警告: [removal] mezz.jei.api.recipe 中的 RecipeType 已过时, 且标记为待删除
    public static final RecipeType<RecipeHolder<BlockSmearRecipe>> BLOCK_SMEAR = createRecipeHolderType("block_smear");
                        ^
D:\Minecraft-Mods\AnvilCraft\src\main\java\dev\dubhe\anvilcraft\integration\jei\AnvilCraftJeiPlugin.java:131: 警告: [removal] mezz.jei.api.recipe 中的 RecipeType 已过时, 且标记为待删除
    public static final RecipeType<RecipeHolder<ItemCrushRecipe>> ITEM_CRUSH = createRecipeHolderType("item_crush");
                        ^
D:\Minecraft-Mods\AnvilCraft\src\main\java\dev\dubhe\anvilcraft\integration\jei\AnvilCraftJeiPlugin.java:132: 警告: [removal] mezz.jei.api.recipe 中的 RecipeType 已过时, 且标记为待删除
    public static final RecipeType<RecipeHolder<ItemInjectRecipe>> ITEM_INJECT = createRecipeHolderType("item_inject");
                        ^
D:\Minecraft-Mods\AnvilCraft\src\main\java\dev\dubhe\anvilcraft\integration\jei\AnvilCraftJeiPlugin.java:133: 警告: [removal] mezz.jei.api.recipe 中的 RecipeType 已过时, 且标记为待删除
    public static final RecipeType<RecipeHolder<MassInjectRecipe>> MASS_INJECT = createRecipeHolderType("mass_inject");
                        ^
D:\Minecraft-Mods\AnvilCraft\src\main\java\dev\dubhe\anvilcraft\integration\jei\AnvilCraftJeiPlugin.java:134: 警告: [removal] mezz.jei.api.recipe 中的 RecipeType 已过时, 且标记为待删除
    public static final RecipeType<RecipeHolder<ItemCompressRecipe>> ITEM_COMPRESS =
                        ^
D:\Minecraft-Mods\AnvilCraft\src\main\java\dev\dubhe\anvilcraft\integration\jei\AnvilCraftJeiPlugin.java:136: 警告: [removal] mezz.jei.api.recipe 中的 RecipeType 已过时, 且标记为待删除
    public static final RecipeType<RecipeHolder<UnpackRecipe>> UNPACK = createRecipeHolderType("unpack");
                        ^
D:\Minecraft-Mods\AnvilCraft\src\main\java\dev\dubhe\anvilcraft\integration\jei\AnvilCraftJeiPlugin.java:137: 警告: [removal] mezz.jei.api.recipe 中的 RecipeType 已过时, 且标记为待删除
    public static final RecipeType<RecipeHolder<CookingRecipe>> COOKING = createRecipeHolderType("cooking");
                        ^
D:\Minecraft-Mods\AnvilCraft\src\main\java\dev\dubhe\anvilcraft\integration\jei\AnvilCraftJeiPlugin.java:138: 警告: [removal] mezz.jei.api.recipe 中的 RecipeType 已过时, 且标记为待删除
    public static final RecipeType<RecipeHolder<BoilingRecipe>> BOILING = createRecipeHolderType("boiling");
                        ^
D:\Minecraft-Mods\AnvilCraft\src\main\java\dev\dubhe\anvilcraft\integration\jei\AnvilCraftJeiPlugin.java:139: 警告: [removal] mezz.jei.api.recipe 中的 RecipeType 已过时, 且标记为待删除
    public static final RecipeType<RecipeHolder<StampingRecipe>> STAMPING = createRecipeHolderType("stamping");
                        ^
D:\Minecraft-Mods\AnvilCraft\src\main\java\dev\dubhe\anvilcraft\integration\jei\AnvilCraftJeiPlugin.java:140: 警告: [removal] mezz.jei.api.recipe 中的 RecipeType 已过时, 且标记为待删除
    public static final RecipeType<RecipeHolder<SuperHeatingRecipe>> SUPER_HEATING =
                        ^
D:\Minecraft-Mods\AnvilCraft\src\main\java\dev\dubhe\anvilcraft\integration\jei\recipe\MeshRecipeGroup.java:51: 错误: 找不到符号
                    results.add(new Result(stack.stack().copyWithCount(resultCount), stack.count()));
                                                        ^
  符号:   方法 copyWithCount(int)
  位置: 类 ItemStackTemplate
D:\Minecraft-Mods\AnvilCraft\src\main\java\dev\dubhe\anvilcraft\integration\jei\recipe\CementStainingRecipe.java:21: 错误: 找不到符号
                List.of(ItemIngredientPredicate.Builder.item().of(color.dyeItem()).build()),
                                                                       ^
  符号:   方法 dyeItem()
  位置: 类型为Color的变量 color
D:\Minecraft-Mods\AnvilCraft\src\main\java\dev\dubhe\anvilcraft\integration\jei\recipe\BeaconConversionRecipe.java:23: 错误: 对于of(ItemStack,float), 找不到合适的方法
        this.corruptedBeaconOutput = ChanceItemStack.of(ModBlocks.CORRUPTED_BEACON.asStack(), chance);
                                                    ^
    方法 ChanceItemStack.of(ItemLike,NumberProvider)不适用
      (参数不匹配; ItemStack无法转换为ItemLike)
    方法 ChanceItemStack.of(ItemLike,int)不适用
      (参数不匹配; ItemStack无法转换为ItemLike)
    方法 ChanceItemStack.of(ItemStackTemplate,NumberProvider)不适用
      (参数不匹配; ItemStack无法转换为ItemStackTemplate)
    方法 ChanceItemStack.of(ItemStackTemplate,int)不适用
      (参数不匹配; ItemStack无法转换为ItemStackTemplate)
    方法 ChanceItemStack.of(ItemStackTemplate,float)不适用
      (参数不匹配; ItemStack无法转换为ItemStackTemplate)
D:\Minecraft-Mods\AnvilCraft\src\main\java\dev\dubhe\anvilcraft\integration\jei\recipe\BeaconConversionRecipe.java:24: 错误: 对于of(ItemStack,float), 找不到合适的方法
        this.beaconOutput = ChanceItemStack.of(Blocks.BEACON.asItem().getDefaultInstance(), 1.0F - chance);
                                           ^
    方法 ChanceItemStack.of(ItemLike,NumberProvider)不适用
      (参数不匹配; ItemStack无法转换为ItemLike)
    方法 ChanceItemStack.of(ItemLike,int)不适用
      (参数不匹配; ItemStack无法转换为ItemLike)
    方法 ChanceItemStack.of(ItemStackTemplate,NumberProvider)不适用
      (参数不匹配; ItemStack无法转换为ItemStackTemplate)
    方法 ChanceItemStack.of(ItemStackTemplate,int)不适用
      (参数不匹配; ItemStack无法转换为ItemStackTemplate)
    方法 ChanceItemStack.of(ItemStackTemplate,float)不适用
      (参数不匹配; ItemStack无法转换为ItemStackTemplate)
D:\Minecraft-Mods\AnvilCraft\src\main\java\dev\dubhe\anvilcraft\integration\jei\category\anvil\AbstractProgressCategory.java:77: 错误: 不兼容的类型: ItemStackTemplate无法转换为ItemStack
            for (ItemStack stack : ingredient.getItems()) {
                                                      ^
D:\Minecraft-Mods\AnvilCraft\src\main\java\dev\dubhe\anvilcraft\integration\jei\category\anvil\AbstractProgressCategory.java:78: 错误: 找不到符号
                if (stack.hasCraftingRemainingItem()) {
                         ^
  符号:   方法 hasCraftingRemainingItem()
  位置: 类型为ItemStack的变量 stack
D:\Minecraft-Mods\AnvilCraft\src\main\java\dev\dubhe\anvilcraft\integration\jei\category\anvil\AbstractProgressCategory.java:79: 错误: 找不到符号
                    ItemStack remain = stack.getCraftingRemainingItem();
                                            ^
  符号:   方法 getCraftingRemainingItem()
  位置: 类型为ItemStack的变量 stack
D:\Minecraft-Mods\AnvilCraft\src\main\java\dev\dubhe\anvilcraft\integration\jei\category\anvil\AbstractProgressCategory.java:85: 错误: 对于of(ItemStack,int), 找不到合适的方法
            results.add(ChanceItemStack.of(new ItemStack(entry.getKey(), entry.getIntValue()), 1))
                                       ^
    方法 ChanceItemStack.of(ItemLike,NumberProvider)不适用
      (参数不匹配; ItemStack无法转换为ItemLike)
    方法 ChanceItemStack.of(ItemLike,int)不适用
      (参数不匹配; ItemStack无法转换为ItemLike)
    方法 ChanceItemStack.of(ItemStackTemplate,NumberProvider)不适用
      (参数不匹配; ItemStack无法转换为ItemStackTemplate)
    方法 ChanceItemStack.of(ItemStackTemplate,int)不适用
      (参数不匹配; ItemStack无法转换为ItemStackTemplate)
    方法 ChanceItemStack.of(ItemStackTemplate,float)不适用
      (参数不匹配; ItemStack无法转换为ItemStackTemplate)
D:\Minecraft-Mods\AnvilCraft\src\main\java\dev\dubhe\anvilcraft\integration\jei\category\anvil\BlockCompressCategory.java:84: 错误: 对于of(ItemStack[]), 找不到合适的方法
                .addIngredients(Ingredient.of(
                                          ^
    方法 Ingredient.of(ItemLike)不适用
      (参数不匹配; 不存在类型变量A的实例, 以使A[]与ItemLike一致)
    方法 Ingredient.of(ItemLike...)不适用
      (varargs 不匹配; 不存在类型变量A的实例, 以使A[]与ItemLike一致)
    方法 Ingredient.of(Stream<? extends ItemLike>)不适用
      (参数不匹配; 不存在类型变量A的实例, 以使A[]与Stream<? extends ItemLike>一致)
    方法 Ingredient.of(HolderSet<Item>)不适用
      (参数不匹配; 不存在类型变量A的实例, 以使A[]与HolderSet<Item>一致)
  其中, A是类型变量:
    A扩展已在方法 <A>toArray(IntFunction<A[]>)中声明的Object
D:\Minecraft-Mods\AnvilCraft\src\main\java\dev\dubhe\anvilcraft\integration\jei\category\anvil\BulgingCategory.java:232: 错误: 找不到符号
        holders.removeIf(holder -> holder.id().getPath().startsWith("concrete/"));
                                              ^
  符号:   方法 getPath()
  位置: 类 ResourceKey<Recipe<?>>
D:\Minecraft-Mods\AnvilCraft\src\main\java\dev\dubhe\anvilcraft\integration\jei\category\anvil\ItemInjectCategory.java:89: 错误: 对于of(ItemStack[]), 找不到合适的方法
            .addIngredients(Ingredient.of(
                                      ^
    方法 Ingredient.of(ItemLike)不适用
      (参数不匹配; 不存在类型变量A的实例, 以使A[]与ItemLike一致)
    方法 Ingredient.of(ItemLike...)不适用
      (varargs 不匹配; 不存在类型变量A的实例, 以使A[]与ItemLike一致)
    方法 Ingredient.of(Stream<? extends ItemLike>)不适用
      (参数不匹配; 不存在类型变量A的实例, 以使A[]与Stream<? extends ItemLike>一致)
    方法 Ingredient.of(HolderSet<Item>)不适用
      (参数不匹配; 不存在类型变量A的实例, 以使A[]与HolderSet<Item>一致)
  其中, A是类型变量:
    A扩展已在方法 <A>toArray(IntFunction<A[]>)中声明的Object
D:\Minecraft-Mods\AnvilCraft\src\main\java\dev\dubhe\anvilcraft\integration\jei\category\anvil\MassInjectCategory.java:138: 错误: 找不到符号
            Component.translatable(KEY_ITEMS_NEEDED, Math.ceilDiv(NEUTRONIUM_INGOT_MASS, recipe.getMass())),
                                                                                               ^
  符号:   方法 getMass()
  位置: 类型为MassInjectRecipe的变量 recipe
D:\Minecraft-Mods\AnvilCraft\src\main\java\dev\dubhe\anvilcraft\integration\jei\category\anvil\MassInjectCategory.java:146: 错误: 找不到符号
        recipes.sort(Comparator.comparingInt(recipe -> recipe.value().getMass()));
                                                                     ^
  符号:   方法 getMass()
  位置: 类 MassInjectRecipe
D:\Minecraft-Mods\AnvilCraft\src\main\java\dev\dubhe\anvilcraft\integration\jei\category\anvil\MeshRecipeCategory.java:79: 错误: 对于of(ItemStackTemplate[]), 找不到合适的方法
        builder.addSlot(RecipeIngredientRole.INPUT, 37, 14).addIngredients(Ingredient.of(recipe.ingredient().getItems()));
                                                                                     ^
    方法 Ingredient.of(ItemLike)不适用
      (参数不匹配; ItemStackTemplate[]无法转换为ItemLike)
    方法 Ingredient.of(ItemLike...)不适用
      (varargs 不匹配; ItemStackTemplate[]无法转换为ItemLike)
    方法 Ingredient.of(Stream<? extends ItemLike>)不适用
      (参数不匹配; ItemStackTemplate[]无法转换为Stream<? extends ItemLike>)
    方法 Ingredient.of(HolderSet<Item>)不适用
      (参数不匹配; ItemStackTemplate[]无法转换为HolderSet<Item>)
D:\Minecraft-Mods\AnvilCraft\src\main\java\dev\dubhe\anvilcraft\integration\jei\category\anvil\SqueezingCategory.java:89: 错误: 对于of(ItemStack[]), 找不到合适的方法
                .addIngredients(Ingredient.of(
                                          ^
    方法 Ingredient.of(ItemLike)不适用
      (参数不匹配; 不存在类型变量A的实例, 以使A[]与ItemLike一致)
    方法 Ingredient.of(ItemLike...)不适用
      (varargs 不匹配; 不存在类型变量A的实例, 以使A[]与ItemLike一致)
    方法 Ingredient.of(Stream<? extends ItemLike>)不适用
      (参数不匹配; 不存在类型变量A的实例, 以使A[]与Stream<? extends ItemLike>一致)
    方法 Ingredient.of(HolderSet<Item>)不适用
      (参数不匹配; 不存在类型变量A的实例, 以使A[]与HolderSet<Item>一致)
  其中, A是类型变量:
    A扩展已在方法 <A>toArray(IntFunction<A[]>)中声明的Object
D:\Minecraft-Mods\AnvilCraft\src\main\java\dev\dubhe\anvilcraft\integration\jei\category\anvil\SqueezingCategory.java:94: 错误: 找不到符号
                .addItemStack(output.stack().copyWithCount(output.getMaxCount()));
                                            ^
  符号:   方法 copyWithCount(int)
  位置: 类 ItemStackTemplate
D:\Minecraft-Mods\AnvilCraft\src\main\java\dev\dubhe\anvilcraft\integration\jei\category\AnvilCollisionCraftCategory.java:107: 错误: 不兼容的类型: 推论变量 R 具有不兼容的上限
                recipe.anvil().getBlocks().stream().map(
                                                       ^
    上限：ItemLike,Object
    下限：ItemStack
  其中, R,T是类型变量:
    R扩展已在方法 <R>map(Function<? super T,? extends R>)中声明的Object
    T扩展已在接口 Stream中声明的Object
D:\Minecraft-Mods\AnvilCraft\src\main\java\dev\dubhe\anvilcraft\integration\jei\category\AnvilCollisionCraftCategory.java:131: 错误: 不兼容的类型: 推论变量 R 具有不兼容的上限
                recipe.hitBlock().getBlocks().stream().map(
                                                          ^
    上限：ItemLike,Object
    下限：ItemStack
  其中, R,T是类型变量:
    R扩展已在方法 <R>map(Function<? super T,? extends R>)中声明的Object
    T扩展已在接口 Stream中声明的Object
D:\Minecraft-Mods\AnvilCraft\src\main\java\dev\dubhe\anvilcraft\integration\jei\category\AnvilCollisionCraftCategory.java:141: 错误: 不兼容的类型: 推论变量 R 具有不兼容的上限
                Ingredient.of(inputBlock.getBlocks().stream().map(
                                                                 ^
    上限：ItemLike,Object
    下限：ItemStack
  其中, R,T是类型变量:
    R扩展已在方法 <R>map(Function<? super T,? extends R>)中声明的Object
    T扩展已在接口 Stream中声明的Object
D:\Minecraft-Mods\AnvilCraft\src\main\java\dev\dubhe\anvilcraft\integration\jei\category\AnvilCollisionCraftCategory.java:148: 错误: 不兼容的类型: 推论变量 R 具有不兼容的上限
                    recipe.transformBlocks().stream().map(
                                                         ^
    上限：ItemLike,Object
    下限：ItemStack
  其中, R,T是类型变量:
    R扩展已在方法 <R>map(Function<? super T,? extends R>)中声明的Object
    T扩展已在接口 Stream中声明的Object
D:\Minecraft-Mods\AnvilCraft\src\main\java\dev\dubhe\anvilcraft\integration\jei\category\BeaconConversionCategory.java:100: 错误: 找不到符号
        builder.addSlot(RecipeIngredientRole.CATALYST, 10, 110)
                                            ^
  符号:   变量 CATALYST
  位置: 类 RecipeIngredientRole
D:\Minecraft-Mods\AnvilCraft\src\main\java\dev\dubhe\anvilcraft\integration\jei\category\BeaconConversionCategory.java:108: 错误: 找不到符号
        JeiRecipeUtil.addTooltips(slot, recipe.corruptedBeaconOutput.stack().getCount(), recipe.corruptedBeaconOutput.count());
                                                                            ^
  符号:   方法 getCount()
  位置: 类 ItemStackTemplate
D:\Minecraft-Mods\AnvilCraft\src\main\java\dev\dubhe\anvilcraft\integration\jei\category\BeaconConversionCategory.java:112: 错误: 找不到符号
            JeiRecipeUtil.addTooltips(slot, recipe.beaconOutput.stack().getCount(), recipe.beaconOutput.count());
                                                                       ^
  符号:   方法 getCount()
  位置: 类 ItemStackTemplate
D:\Minecraft-Mods\AnvilCraft\src\main\java\dev\dubhe\anvilcraft\integration\jei\category\ChargerChargingCategory.java:85: 错误: 找不到符号
            .addIngredients(recipe.getIngredient());
                                  ^
  符号:   方法 getIngredient()
  位置: 类型为ChargerChargingRecipe的变量 recipe
D:\Minecraft-Mods\AnvilCraft\src\main\java\dev\dubhe\anvilcraft\integration\jei\category\ChargerChargingCategory.java:87: 错误: 找不到符号
            .addItemStack(recipe.getResult());
                                ^
  符号:   方法 getResult()
  位置: 类型为ChargerChargingRecipe的变量 recipe
D:\Minecraft-Mods\AnvilCraft\src\main\java\dev\dubhe\anvilcraft\integration\jei\category\ChargerChargingCategory.java:88: 错误: 找不到符号
        builder.addInvisibleIngredients(RecipeIngredientRole.CATALYST)
                                                            ^
  符号:   变量 CATALYST
  位置: 类 RecipeIngredientRole
D:\Minecraft-Mods\AnvilCraft\src\main\java\dev\dubhe\anvilcraft\integration\jei\category\ChargerChargingCategory.java:119: 错误: 找不到符号
            Component.translatable(recipe.getPower() < 0 ? KEY_POWER_CONSUME : KEY_POWER_PRODUCE,
                                         ^
  符号:   方法 getPower()
  位置: 类型为ChargerChargingRecipe的变量 recipe
D:\Minecraft-Mods\AnvilCraft\src\main\java\dev\dubhe\anvilcraft\integration\jei\category\ChargerChargingCategory.java:120: 错误: 找不到符号
                Math.abs(recipe.getPower())),
                               ^
  符号:   方法 getPower()
  位置: 类型为ChargerChargingRecipe的变量 recipe
D:\Minecraft-Mods\AnvilCraft\src\main\java\dev\dubhe\anvilcraft\integration\jei\category\ChargerChargingCategory.java:123: 错误: 找不到符号
            Component.translatable(KEY_TIME, 0.05 * recipe.getTime()),
                                                          ^
  符号:   方法 getTime()
  位置: 类型为ChargerChargingRecipe的变量 recipe
D:\Minecraft-Mods\AnvilCraft\src\main\java\dev\dubhe\anvilcraft\integration\jei\category\extension\CanningFoodExtension.java:25: 错误: CanningFoodExtension不是抽象的, 并且未覆盖ICraftingCategoryExtension中的抽象方法getIngredients(RecipeHolder<CanningFoodRecipe>)
public class CanningFoodExtension implements ICraftingCategoryExtension<CanningFoodRecipe> {
       ^
D:\Minecraft-Mods\AnvilCraft\src\main\java\dev\dubhe\anvilcraft\integration\jei\category\extension\CanningFoodExtension.java:39: 错误: 找不到符号
                .getTag(Tags.Items.FOODS)
                ^
  符号:   方法 getTag(TagKey<Item>)
  位置: 接口 Registry<Item>
D:\Minecraft-Mods\AnvilCraft\src\main\java\dev\dubhe\anvilcraft\integration\jei\category\extension\PillRecipeExtension.java:28: 错误: PillRecipeExtension不是抽象的, 并且未覆盖ICraftingCategoryExtension中的抽象方法getIngredients(RecipeHolder<PillRecipe>)
public class PillRecipeExtension implements ICraftingCategoryExtension<PillRecipe> {
       ^
D:\Minecraft-Mods\AnvilCraft\src\main\java\dev\dubhe\anvilcraft\integration\jei\category\extension\PillRecipeExtension.java:36: 错误: 找不到符号
        List<Holder.Reference<Potion>> potions = RegistryUtil.getRegistry(Registries.POTION).asLookup()
                                                                                            ^
  符号:   方法 asLookup()
  位置: 接口 Registry<Potion>
D:\Minecraft-Mods\AnvilCraft\src\main\java\dev\dubhe\anvilcraft\integration\jei\category\MobTransformCategory.java:95: 错误: 不兼容的类型: Optional<Holder<Item>>无法转换为SpawnEggItem
        SpawnEggItem spawnEggItemInput = SpawnEggItem.byId(recipe.value().input());
                                                          ^
D:\Minecraft-Mods\AnvilCraft\src\main\java\dev\dubhe\anvilcraft\integration\jei\category\MobTransformCategory.java:100: 错误: 对于of(ItemStack), 找不到合适的方法
            inputIngredient = Ingredient.of(x);
                                        ^
    方法 Ingredient.of(ItemLike)不适用
      (参数不匹配; ItemStack无法转换为ItemLike)
    方法 Ingredient.of(ItemLike...)不适用
      (varargs 不匹配; ItemStack无法转换为ItemLike)
    方法 Ingredient.of(Stream<? extends ItemLike>)不适用
      (参数不匹配; ItemStack无法转换为Stream<? extends ItemLike>)
    方法 Ingredient.of(HolderSet<Item>)不适用
      (参数不匹配; ItemStack无法转换为HolderSet<Item>)
D:\Minecraft-Mods\AnvilCraft\src\main\java\dev\dubhe\anvilcraft\integration\jei\category\MobTransformCategory.java:107: 错误: 不兼容的类型: Optional<Holder<Item>>无法转换为SpawnEggItem
            SpawnEggItem spawnEggOutput = SpawnEggItem.byId(result.resultEntityType());
                                                           ^
D:\Minecraft-Mods\AnvilCraft\src\main\java\dev\dubhe\anvilcraft\integration\jei\category\MobTransformCategory.java:112: 错误: 对于of(ItemStack,float), 找不到合适的方法
                outputStacks.add(ChanceItemStack.of(x, (float) result.probability()));
                                                ^
    方法 ChanceItemStack.of(ItemLike,NumberProvider)不适用
      (参数不匹配; ItemStack无法转换为ItemLike)
    方法 ChanceItemStack.of(ItemLike,int)不适用
      (参数不匹配; ItemStack无法转换为ItemLike)
    方法 ChanceItemStack.of(ItemStackTemplate,NumberProvider)不适用
      (参数不匹配; ItemStack无法转换为ItemStackTemplate)
    方法 ChanceItemStack.of(ItemStackTemplate,int)不适用
      (参数不匹配; ItemStack无法转换为ItemStackTemplate)
    方法 ChanceItemStack.of(ItemStackTemplate,float)不适用
      (参数不匹配; ItemStack无法转换为ItemStackTemplate)
D:\Minecraft-Mods\AnvilCraft\src\main\java\dev\dubhe\anvilcraft\integration\jei\category\MobTransformCategory.java:113: 错误: 对于of(ItemStack,float), 找不到合适的方法
            } else outputStacks.add(ChanceItemStack.of(spawnEggOutput.getDefaultInstance(), (float) result.probability()));
                                                   ^
    方法 ChanceItemStack.of(ItemLike,NumberProvider)不适用
      (参数不匹配; ItemStack无法转换为ItemLike)
    方法 ChanceItemStack.of(ItemLike,int)不适用
      (参数不匹配; ItemStack无法转换为ItemLike)
    方法 ChanceItemStack.of(ItemStackTemplate,NumberProvider)不适用
      (参数不匹配; ItemStack无法转换为ItemStackTemplate)
    方法 ChanceItemStack.of(ItemStackTemplate,int)不适用
      (参数不匹配; ItemStack无法转换为ItemStackTemplate)
    方法 ChanceItemStack.of(ItemStackTemplate,float)不适用
      (参数不匹配; ItemStack无法转换为ItemStackTemplate)
D:\Minecraft-Mods\AnvilCraft\src\main\java\dev\dubhe\anvilcraft\integration\jei\category\MobTransformCategory.java:117: 错误: 找不到符号
        builder.addInvisibleIngredients(RecipeIngredientRole.CATALYST)
                                                            ^
  符号:   变量 CATALYST
  位置: 类 RecipeIngredientRole
D:\Minecraft-Mods\AnvilCraft\src\main\java\dev\dubhe\anvilcraft\integration\jei\category\MobTransformWithItemCategory.java:96: 错误: 不兼容的类型: Optional<Holder<Item>>无法转换为SpawnEggItem
        SpawnEggItem spawnEggItemInput = SpawnEggItem.byId(recipe.value().input());
                                                          ^
D:\Minecraft-Mods\AnvilCraft\src\main\java\dev\dubhe\anvilcraft\integration\jei\category\MobTransformWithItemCategory.java:101: 错误: 找不到符号
                        DataComponentPredicate.builder()
                        ^
  符号:   变量 DataComponentPredicate
  位置: 类 MobTransformWithItemCategory
D:\Minecraft-Mods\AnvilCraft\src\main\java\dev\dubhe\anvilcraft\integration\jei\category\MobTransformWithItemCategory.java:112: 错误: 不兼容的类型: Optional<Holder<Item>>无法转换为SpawnEggItem
        SpawnEggItem spawnEggItemOutput = SpawnEggItem.byId(recipe.value().specialResult().resultEntityType());
                                                           ^
D:\Minecraft-Mods\AnvilCraft\src\main\java\dev\dubhe\anvilcraft\integration\jei\category\MobTransformWithItemCategory.java:117: 错误: 不兼容的类型: ItemStack无法转换为ItemStackTemplate
            outputStacks.add(ChanceItemStack.of(x.copyWithCount(1)));
                                                               ^
D:\Minecraft-Mods\AnvilCraft\src\main\java\dev\dubhe\anvilcraft\integration\jei\category\MobTransformWithItemCategory.java:119: 错误: 不兼容的类型: ItemStack无法转换为ItemStackTemplate
            outputStacks.add(ChanceItemStack.of(spawnEggItemOutput.getDefaultInstance().copyWithCount(1)));
                                                                                                     ^
D:\Minecraft-Mods\AnvilCraft\src\main\java\dev\dubhe\anvilcraft\integration\jei\category\MobTransformWithItemCategory.java:121: 错误: 不兼容的类型: ItemStack无法转换为ItemStackTemplate
        outputStacks.add(ChanceItemStack.of(recipe.value().itemResult().copyWithCount(1)));
                                                                                     ^
D:\Minecraft-Mods\AnvilCraft\src\main\java\dev\dubhe\anvilcraft\integration\jei\category\MobTransformWithItemCategory.java:124: 错误: 找不到符号
        builder.addInvisibleIngredients(RecipeIngredientRole.CATALYST)
                                                            ^
  符号:   变量 CATALYST
  位置: 类 RecipeIngredientRole
D:\Minecraft-Mods\AnvilCraft\src\main\java\dev\dubhe\anvilcraft\integration\jei\category\multiblock\MultiBlockConversionCategory.java:57: 错误: 方法引用无效
        Comparator.comparing(ItemStack::getCount).thenComparing(ItemStack::getDescriptionId).reversed();
                                                                ^
  找不到符号
    符号:   方法 getDescriptionId()
    位置: 类 ItemStack
D:\Minecraft-Mods\AnvilCraft\src\main\java\dev\dubhe\anvilcraft\integration\jei\category\multiblock\MultiBlockConversionCategory.java:171: 错误: 找不到符号
            it -> RecipeUtil.asLevelLike(it.value().getInputPattern())
                                                   ^
  符号:   方法 getInputPattern()
  位置: 类 MultiblockConversionRecipe
D:\Minecraft-Mods\AnvilCraft\src\main\java\dev\dubhe\anvilcraft\integration\jei\category\multiblock\MultiBlockConversionCategory.java:175: 错误: 找不到符号
            it -> RecipeUtil.asLevelLike(it.value().getOutputPattern())
                                                   ^
  符号:   方法 getOutputPattern()
  位置: 类 MultiblockConversionRecipe
D:\Minecraft-Mods\AnvilCraft\src\main\java\dev\dubhe\anvilcraft\integration\jei\category\multiblock\MultiBlockConversionCategory.java:178: 错误: 找不到符号
        List<ItemStack> inputItems = recipe.value().getInputPattern().toIngredientList();
                                                   ^
  符号:   方法 getInputPattern()
  位置: 类 MultiblockConversionRecipe
D:\Minecraft-Mods\AnvilCraft\src\main\java\dev\dubhe\anvilcraft\integration\jei\category\multiblock\MultiBlockConversionCategory.java:187: 错误: 找不到符号
        List<ItemStack> outputItems = recipe.value().getOutputPattern().toIngredientList();
                                                    ^
  符号:   方法 getOutputPattern()
  位置: 类 MultiblockConversionRecipe
D:\Minecraft-Mods\AnvilCraft\src\main\java\dev\dubhe\anvilcraft\integration\jei\category\multiblock\MultiBlockConversionCategory.java:221: 错误: 找不到符号
            it -> RecipeUtil.asLevelLike(it.value().getInputPattern())
                                                   ^
  符号:   方法 getInputPattern()
  位置: 类 MultiblockConversionRecipe
D:\Minecraft-Mods\AnvilCraft\src\main\java\dev\dubhe\anvilcraft\integration\jei\category\multiblock\MultiBlockConversionCategory.java:225: 错误: 找不到符号
            it -> RecipeUtil.asLevelLike(it.value().getOutputPattern())
                                                   ^
  符号:   方法 getOutputPattern()
  位置: 类 MultiblockConversionRecipe
D:\Minecraft-Mods\AnvilCraft\src\main\java\dev\dubhe\anvilcraft\integration\jei\category\multiblock\MultiBlockConversionCategory.java:242: 错误: 找不到符号
                final boolean modifiedInput = !input.isAllLayersVisible();
                                                    ^
  符号:   方法 isAllLayersVisible()
  位置: 类型为LevelLike的变量 input
D:\Minecraft-Mods\AnvilCraft\src\main\java\dev\dubhe\anvilcraft\integration\jei\category\multiblock\MultiBlockConversionCategory.java:243: 错误: 找不到符号
                final boolean modifiedOutput = !output.isAllLayersVisible();
                                                      ^
  符号:   方法 isAllLayersVisible()
  位置: 类型为LevelLike的变量 output
D:\Minecraft-Mods\AnvilCraft\src\main\java\dev\dubhe\anvilcraft\integration\jei\category\multiblock\MultiBlockConversionCategory.java:244: 错误: 找不到符号
                input.setAllLayersVisible(true);
                     ^
  符号:   方法 setAllLayersVisible(boolean)
  位置: 类型为LevelLike的变量 input
D:\Minecraft-Mods\AnvilCraft\src\main\java\dev\dubhe\anvilcraft\integration\jei\category\multiblock\MultiBlockConversionCategory.java:245: 错误: 找不到符号
                output.setAllLayersVisible(true);
                      ^
  符号:   方法 setAllLayersVisible(boolean)
  位置: 类型为LevelLike的变量 output
D:\Minecraft-Mods\AnvilCraft\src\main\java\dev\dubhe\anvilcraft\integration\jei\category\multiblock\MultiBlockConversionCategory.java:249: 错误: 找不到符号
                    input.setAllLayersVisible(false);
                         ^
  符号:   方法 setAllLayersVisible(boolean)
  位置: 类型为LevelLike的变量 input
D:\Minecraft-Mods\AnvilCraft\src\main\java\dev\dubhe\anvilcraft\integration\jei\category\multiblock\MultiBlockConversionCategory.java:252: 错误: 找不到符号
                    output.setAllLayersVisible(false);
                          ^
  符号:   方法 setAllLayersVisible(boolean)
  位置: 类型为LevelLike的变量 output
D:\Minecraft-Mods\AnvilCraft\src\main\java\dev\dubhe\anvilcraft\integration\jei\category\multiblock\MultiBlockConversionCategory.java:307: 错误: 找不到符号
        if (!rendered.isAllLayersVisible()) {
                     ^
  符号:   方法 isAllLayersVisible()
  位置: 类型为LevelLike的变量 rendered
D:\Minecraft-Mods\AnvilCraft\src\main\java\dev\dubhe\anvilcraft\integration\jei\category\multiblock\MultiBlockConversionCategory.java:314: 错误: 找不到符号
        return level.isAllLayersVisible() ? renderSwitchOff : renderSwitchOn;
                    ^
  符号:   方法 isAllLayersVisible()
  位置: 类型为LevelLike的变量 level
D:\Minecraft-Mods\AnvilCraft\src\main\java\dev\dubhe\anvilcraft\integration\jei\category\multiblock\MultiBlockConversionCategory.java:335: 错误: 找不到符号
        if (level.isAllLayersVisible()) return ALL_LAYERS;
                 ^
  符号:   方法 isAllLayersVisible()
  位置: 类型为LevelLike的变量 level
D:\Minecraft-Mods\AnvilCraft\src\main\java\dev\dubhe\anvilcraft\integration\jei\category\multiblock\MultiBlockConversionCategory.java:338: 错误: 找不到符号
            level.getCurrentVisibleLayer() + 1,
                 ^
  符号:   方法 getCurrentVisibleLayer()
  位置: 类型为LevelLike的变量 level
D:\Minecraft-Mods\AnvilCraft\src\main\java\dev\dubhe\anvilcraft\integration\jei\category\multiblock\MultiBlockConversionCategory.java:367: 错误: 找不到符号
                            a -> RecipeUtil.asLevelLike(a.value().getInputPattern())
                                                                 ^
  符号:   方法 getInputPattern()
  位置: 类 MultiblockConversionRecipe
D:\Minecraft-Mods\AnvilCraft\src\main\java\dev\dubhe\anvilcraft\integration\jei\category\multiblock\MultiBlockConversionCategory.java:369: 错误: 找不到符号
                        inputLevel.setAllLayersVisible(!inputLevel.isAllLayersVisible());
                                                                  ^
  符号:   方法 isAllLayersVisible()
  位置: 类型为LevelLike的变量 inputLevel
D:\Minecraft-Mods\AnvilCraft\src\main\java\dev\dubhe\anvilcraft\integration\jei\category\multiblock\MultiBlockConversionCategory.java:374: 错误: 找不到符号
                            a -> RecipeUtil.asLevelLike(a.value().getOutputPattern())
                                                                 ^
  符号:   方法 getOutputPattern()
  位置: 类 MultiblockConversionRecipe
D:\Minecraft-Mods\AnvilCraft\src\main\java\dev\dubhe\anvilcraft\integration\jei\category\multiblock\MultiBlockConversionCategory.java:376: 错误: 找不到符号
                        outputLevel.setAllLayersVisible(!outputLevel.isAllLayersVisible());
                                                                    ^
  符号:   方法 isAllLayersVisible()
  位置: 类型为LevelLike的变量 outputLevel
D:\Minecraft-Mods\AnvilCraft\src\main\java\dev\dubhe\anvilcraft\integration\jei\category\multiblock\MultiBlockConversionCategory.java:393: 错误: 找不到符号
                            a -> RecipeUtil.asLevelLike(a.value().getInputPattern())
                                                                 ^
  符号:   方法 getInputPattern()
  位置: 类 MultiblockConversionRecipe
D:\Minecraft-Mods\AnvilCraft\src\main\java\dev\dubhe\anvilcraft\integration\jei\category\multiblock\MultiBlockConversionCategory.java:395: 错误: 找不到符号
                        if (!inputLevel.isAllLayersVisible()) inputLevel.nextLayer();
                                       ^
  符号:   方法 isAllLayersVisible()
  位置: 类型为LevelLike的变量 inputLevel
D:\Minecraft-Mods\AnvilCraft\src\main\java\dev\dubhe\anvilcraft\integration\jei\category\multiblock\MultiBlockConversionCategory.java:400: 错误: 找不到符号
                            a -> RecipeUtil.asLevelLike(a.value().getOutputPattern())
                                                                 ^
  符号:   方法 getOutputPattern()
  位置: 类 MultiblockConversionRecipe
D:\Minecraft-Mods\AnvilCraft\src\main\java\dev\dubhe\anvilcraft\integration\jei\category\multiblock\MultiBlockConversionCategory.java:402: 错误: 找不到符号
                        if (!outputLevel.isAllLayersVisible()) outputLevel.nextLayer();
                                        ^
  符号:   方法 isAllLayersVisible()
  位置: 类型为LevelLike的变量 outputLevel
D:\Minecraft-Mods\AnvilCraft\src\main\java\dev\dubhe\anvilcraft\integration\jei\category\multiblock\MultiBlockConversionCategory.java:419: 错误: 找不到符号
                            a -> RecipeUtil.asLevelLike(a.value().getInputPattern())
                                                                 ^
  符号:   方法 getInputPattern()
  位置: 类 MultiblockConversionRecipe
D:\Minecraft-Mods\AnvilCraft\src\main\java\dev\dubhe\anvilcraft\integration\jei\category\multiblock\MultiBlockConversionCategory.java:421: 错误: 找不到符号
                        if (!inputLevel.isAllLayersVisible()) inputLevel.previousLayer();
                                       ^
  符号:   方法 isAllLayersVisible()
  位置: 类型为LevelLike的变量 inputLevel
D:\Minecraft-Mods\AnvilCraft\src\main\java\dev\dubhe\anvilcraft\integration\jei\category\multiblock\MultiBlockConversionCategory.java:426: 错误: 找不到符号
                            a -> RecipeUtil.asLevelLike(a.value().getOutputPattern())
                                                                 ^
  符号:   方法 getOutputPattern()
  位置: 类 MultiblockConversionRecipe
D:\Minecraft-Mods\AnvilCraft\src\main\java\dev\dubhe\anvilcraft\integration\jei\category\multiblock\MultiBlockConversionCategory.java:428: 错误: 找不到符号
                        if (!outputLevel.isAllLayersVisible()) outputLevel.previousLayer();
                                        ^
  符号:   方法 isAllLayersVisible()
  位置: 类型为LevelLike的变量 outputLevel
D:\Minecraft-Mods\AnvilCraft\src\main\java\dev\dubhe\anvilcraft\integration\jei\category\multiblock\MultiBlockCraftingCategory.java:47: 错误: 方法引用无效
        Comparator.comparing(ItemStack::getCount).thenComparing(ItemStack::getDescriptionId).reversed();
                                                                ^
  找不到符号
    符号:   方法 getDescriptionId()
    位置: 类 ItemStack
D:\Minecraft-Mods\AnvilCraft\src\main\java\dev\dubhe\anvilcraft\integration\jei\category\multiblock\MultiBlockCraftingCategory.java:123: 错误: 找不到符号
        cache.computeIfAbsent(recipe, it -> RecipeUtil.asLevelLike(it.value().getPattern()));
                                                                             ^
  符号:   方法 getPattern()
  位置: 类 MultiblockRecipe
D:\Minecraft-Mods\AnvilCraft\src\main\java\dev\dubhe\anvilcraft\integration\jei\category\multiblock\MultiBlockCraftingCategory.java:125: 错误: 找不到符号
            .addItemStack(recipe.value().getResult().copy());
                                        ^
  符号:   方法 getResult()
  位置: 类 MultiblockRecipe
D:\Minecraft-Mods\AnvilCraft\src\main\java\dev\dubhe\anvilcraft\integration\jei\category\multiblock\MultiBlockCraftingCategory.java:127: 错误: 找不到符号
        List<ItemStack> ingredientList = recipe.value().getPattern().toIngredientList();
                                                       ^
  符号:   方法 getPattern()
  位置: 类 MultiblockRecipe
D:\Minecraft-Mods\AnvilCraft\src\main\java\dev\dubhe\anvilcraft\integration\jei\category\multiblock\MultiBlockCraftingCategory.java:152: 错误: 找不到符号
        final boolean renderAllLayers = level.isAllLayersVisible();
                                             ^
  符号:   方法 isAllLayersVisible()
  位置: 类型为LevelLike的变量 level
D:\Minecraft-Mods\AnvilCraft\src\main\java\dev\dubhe\anvilcraft\integration\jei\category\multiblock\MultiBlockCraftingCategory.java:153: 错误: 找不到符号
        final int visibleLayer = level.getCurrentVisibleLayer();
                                      ^
  符号:   方法 getCurrentVisibleLayer()
  位置: 类型为LevelLike的变量 level
D:\Minecraft-Mods\AnvilCraft\src\main\java\dev\dubhe\anvilcraft\integration\jei\category\multiblock\MultiBlockCraftingCategory.java:223: 错误: 找不到符号
                level.setAllLayersVisible(!level.isAllLayersVisible());
                                                ^
  符号:   方法 isAllLayersVisible()
  位置: 类型为LevelLike的变量 level
D:\Minecraft-Mods\AnvilCraft\src\main\java\dev\dubhe\anvilcraft\integration\jei\category\multiblock\MultiBlockCraftingCategory.java:234: 错误: 找不到符号
                if (level.isAllLayersVisible()) return;
                         ^
  符号:   方法 isAllLayersVisible()
  位置: 类型为LevelLike的变量 level
D:\Minecraft-Mods\AnvilCraft\src\main\java\dev\dubhe\anvilcraft\integration\jei\category\multiblock\MultiBlockCraftingCategory.java:246: 错误: 找不到符号
                if (level.isAllLayersVisible()) return;
                         ^
  符号:   方法 isAllLayersVisible()
  位置: 类型为LevelLike的变量 level
D:\Minecraft-Mods\AnvilCraft\src\main\java\dev\dubhe\anvilcraft\integration\jei\category\MultipleToOneSmithingCategory.java:28: 错误: MultipleToOneSmithingCategory不是抽象的, 并且未覆盖IRecipeCategory中的抽象方法getIcon()
public class MultipleToOneSmithingCategory implements IRecipeCategory<RecipeHolder<BaseMultipleToOneSmithingRecipe>> {
       ^
D:\Minecraft-Mods\AnvilCraft\src\main\java\dev\dubhe\anvilcraft\integration\jei\category\MultipleToOneSmithingCategory.java:84: 错误: 找不到符号
        builder.addSlot(RecipeIngredientRole.CATALYST, TEMPLATE_X, TEMPLATE_Y)
                                            ^
  符号:   变量 CATALYST
  位置: 类 RecipeIngredientRole
D:\Minecraft-Mods\AnvilCraft\src\main\java\dev\dubhe\anvilcraft\integration\jei\category\MultipleToOneSmithingCategory.java:85: 错误: 找不到符号
            .addIngredients(Ingredient.of(smithingRecipe.getTemplate().getItems()))
                                                        ^
  符号:   方法 getTemplate()
  位置: 类型为BaseMultipleToOneSmithingRecipe的变量 smithingRecipe
D:\Minecraft-Mods\AnvilCraft\src\main\java\dev\dubhe\anvilcraft\integration\jei\category\MultipleToOneSmithingCategory.java:88: 错误: 找不到符号
            .addIngredients(Ingredient.of(smithingRecipe.getMaterial().getItems()));
                                                        ^
  符号:   方法 getMaterial()
  位置: 类型为BaseMultipleToOneSmithingRecipe的变量 smithingRecipe
D:\Minecraft-Mods\AnvilCraft\src\main\java\dev\dubhe\anvilcraft\integration\jei\category\MultipleToOneSmithingCategory.java:89: 错误: 找不到符号
        for (int i = 0; i < Math.min(8, smithingRecipe.getInputs().size()); i++) {
                                                      ^
  符号:   方法 getInputs()
  位置: 类型为BaseMultipleToOneSmithingRecipe的变量 smithingRecipe
D:\Minecraft-Mods\AnvilCraft\src\main\java\dev\dubhe\anvilcraft\integration\jei\category\MultipleToOneSmithingCategory.java:91: 错误: 找不到符号
                .addIngredients(Ingredient.of(smithingRecipe.getInputs().get(i).getItems()));
                                                            ^
  符号:   方法 getInputs()
  位置: 类型为BaseMultipleToOneSmithingRecipe的变量 smithingRecipe
D:\Minecraft-Mods\AnvilCraft\src\main\java\dev\dubhe\anvilcraft\integration\jei\category\MultipleToOneSmithingCategory.java:94: 错误: 找不到符号
            .addItemStack(smithingRecipe.getResult().result().getDefaultInstance());
                                        ^
  符号:   方法 getResult()
  位置: 类型为BaseMultipleToOneSmithingRecipe的变量 smithingRecipe
D:\Minecraft-Mods\AnvilCraft\src\main\java\dev\dubhe\anvilcraft\integration\jei\category\MultipleToOneSmithingCategory.java:106: 错误: 找不到符号
        for (int i = Math.min(8, recipe.value().getInputs().size()); i < 8; i++) {
                                               ^
  符号:   方法 getInputs()
  位置: 类 BaseMultipleToOneSmithingRecipe
D:\Minecraft-Mods\AnvilCraft\src\main\java\dev\dubhe\anvilcraft\integration\jei\category\PortalConversionCategory.java:81: 错误: 找不到符号
        for (Holder<Block> block : recipe.getInput().getBlocks()) {
                                         ^
  符号:   方法 getInput()
  位置: 类型为PortalConversionRecipe的变量 recipe
D:\Minecraft-Mods\AnvilCraft\src\main\java\dev\dubhe\anvilcraft\integration\jei\category\PortalConversionCategory.java:85: 错误: 找不到符号
        for (WeightedChanceBlockStates.Entry state : recipe.getResults().states()) {
                                                           ^
  符号:   方法 getResults()
  位置: 类型为PortalConversionRecipe的变量 recipe
D:\Minecraft-Mods\AnvilCraft\src\main\java\dev\dubhe\anvilcraft\integration\jei\category\PortalConversionCategory.java:85: 错误: 程序包WeightedChanceBlockStates不存在
        for (WeightedChanceBlockStates.Entry state : recipe.getResults().states()) {
                                      ^
D:\Minecraft-Mods\AnvilCraft\src\main\java\dev\dubhe\anvilcraft\integration\jei\category\PortalConversionCategory.java:100: 错误: 找不到符号
            List<BlockState> input = recipe.getInput().constructStatesForRender();
                                           ^
  符号:   方法 getInput()
  位置: 类型为PortalConversionRecipe的变量 recipe
D:\Minecraft-Mods\AnvilCraft\src\main\java\dev\dubhe\anvilcraft\integration\jei\category\PortalConversionCategory.java:117: 错误: 程序包WeightedChanceBlockStates不存在
        List<WeightedChanceBlockStates.Entry> results = recipe.getResults().states();
                                      ^
D:\Minecraft-Mods\AnvilCraft\src\main\java\dev\dubhe\anvilcraft\integration\jei\category\PortalConversionCategory.java:117: 错误: 找不到符号
        List<WeightedChanceBlockStates.Entry> results = recipe.getResults().states();
                                                              ^
  符号:   方法 getResults()
  位置: 类型为PortalConversionRecipe的变量 recipe
D:\Minecraft-Mods\AnvilCraft\src\main\java\dev\dubhe\anvilcraft\integration\jei\category\PortalConversionCategory.java:119: 错误: 程序包WeightedChanceBlockStates不存在
            WeightedChanceBlockStates.Entry result = results.getFirst();
                                     ^
D:\Minecraft-Mods\AnvilCraft\src\main\java\dev\dubhe\anvilcraft\integration\jei\category\PortalConversionCategory.java:141: 错误: 找不到符号
            List<BlockState> input = recipe.value().getInput().constructStatesForRender();
                                                   ^
  符号:   方法 getInput()
  位置: 类 PortalConversionRecipe
D:\Minecraft-Mods\AnvilCraft\src\main\java\dev\dubhe\anvilcraft\integration\jei\category\PortalConversionCategory.java:155: 错误: 程序包WeightedChanceBlockStates不存在
        List<WeightedChanceBlockStates.Entry> results = recipe.value().getResults().states();
                                      ^
D:\Minecraft-Mods\AnvilCraft\src\main\java\dev\dubhe\anvilcraft\integration\jei\category\PortalConversionCategory.java:155: 错误: 找不到符号
        List<WeightedChanceBlockStates.Entry> results = recipe.value().getResults().states();
                                                                      ^
  符号:   方法 getResults()
  位置: 类 PortalConversionRecipe
D:\Minecraft-Mods\AnvilCraft\src\main\java\dev\dubhe\anvilcraft\integration\jei\category\PortalConversionCategory.java:158: 错误: 程序包WeightedChanceBlockStates不存在
            WeightedChanceBlockStates.Entry result = results.getFirst();
                                     ^
D:\Minecraft-Mods\AnvilCraft\src\main\java\dev\dubhe\anvilcraft\integration\jei\category\VoidDecayCategory.java:112: 错误: 找不到符号
        builder.addSlot(RecipeIngredientRole.CATALYST, 8, 102)
                                            ^
  符号:   变量 CATALYST
  位置: 类 RecipeIngredientRole
D:\Minecraft-Mods\AnvilCraft\src\main\java\dev\dubhe\anvilcraft\integration\jei\category\VoidDecayCategory.java:117: 错误: 找不到符号
            .getTag(recipe.result)
            ^
  符号:   方法 getTag(TagKey<Block>)
  位置: 接口 Registry<Block>
D:\Minecraft-Mods\AnvilCraft\src\main\java\dev\dubhe\anvilcraft\integration\jei\handlers\GhostIngredientHandler.java:44: 错误: GhostTarget不是抽象的, 并且未覆盖Target中的抽象方法getArea()
    public static class GhostTarget<
                  ^
D:\Minecraft-Mods\AnvilCraft\src\main\java\dev\dubhe\anvilcraft\integration\jei\util\BlockTagUtil.java:43: 错误: 找不到符号
            .getTag(tag)
            ^
  符号:   方法 getTag(TagKey<Block>)
  位置: 接口 Registry<Block>
D:\Minecraft-Mods\AnvilCraft\src\main\java\dev\dubhe\anvilcraft\integration\jei\util\JeiRecipeUtil.java:30: 错误: 找不到符号
            .getRecipeManager()
            ^
  符号:   方法 getRecipeManager()
  位置: 类 ClientPacketListener
D:\Minecraft-Mods\AnvilCraft\src\main\java\dev\dubhe\anvilcraft\integration\jei\util\JeiRecipeUtil.java:43: 错误: 找不到符号
                .getRecipeManager()
                ^
  符号:   方法 getRecipeManager()
  位置: 类 ClientPacketListener
D:\Minecraft-Mods\AnvilCraft\src\main\java\dev\dubhe\anvilcraft\integration\jei\util\JeiSlotUtil.java:82: 错误: 对于of(ItemStackTemplate[]), 找不到合适的方法
        slot.addIngredients(Ingredient.of(entry.getItems()));
                                      ^
    方法 Ingredient.of(ItemLike)不适用
      (参数不匹配; ItemStackTemplate[]无法转换为ItemLike)
    方法 Ingredient.of(ItemLike...)不适用
      (varargs 不匹配; ItemStackTemplate[]无法转换为ItemLike)
    方法 Ingredient.of(Stream<? extends ItemLike>)不适用
      (参数不匹配; ItemStackTemplate[]无法转换为Stream<? extends ItemLike>)
    方法 Ingredient.of(HolderSet<Item>)不适用
      (参数不匹配; ItemStackTemplate[]无法转换为HolderSet<Item>)
D:\Minecraft-Mods\AnvilCraft\src\main\java\dev\dubhe\anvilcraft\integration\jei\util\JeiSlotUtil.java:92: 错误: 对于of(ItemStackTemplate[]), 找不到合适的方法
            slot.addIngredients(Ingredient.of(ingredient.getItems()));
                                          ^
    方法 Ingredient.of(ItemLike)不适用
      (参数不匹配; ItemStackTemplate[]无法转换为ItemLike)
    方法 Ingredient.of(ItemLike...)不适用
      (varargs 不匹配; ItemStackTemplate[]无法转换为ItemLike)
    方法 Ingredient.of(Stream<? extends ItemLike>)不适用
      (参数不匹配; ItemStackTemplate[]无法转换为Stream<? extends ItemLike>)
    方法 Ingredient.of(HolderSet<Item>)不适用
      (参数不匹配; ItemStackTemplate[]无法转换为HolderSet<Item>)
D:\Minecraft-Mods\AnvilCraft\src\main\java\dev\dubhe\anvilcraft\integration\jei\util\JeiSlotUtil.java:126: 错误: 找不到符号
            ItemStack itemStack = stack.stack().copy();
                                               ^
  符号:   方法 copy()
  位置: 类 ItemStackTemplate
D:\Minecraft-Mods\AnvilCraft\src\main\java\dev\dubhe\anvilcraft\integration\jei\util\JeiSlotUtil.java:140: 错误: 找不到符号
                ItemStack itemStack = stack.stack().copy();
                                                   ^
  符号:   方法 copy()
  位置: 类 ItemStackTemplate
D:\Minecraft-Mods\AnvilCraft\src\main\java\dev\dubhe\anvilcraft\integration\jei\util\JeiSlotUtil.java:155: 错误: 找不到符号
                ItemStack itemStack = stack.stack().copy();
                                                   ^
  符号:   方法 copy()
  位置: 类 ItemStackTemplate
D:\Minecraft-Mods\AnvilCraft\src\main\java\dev\dubhe\anvilcraft\integration\jei\util\JeiSlotUtil.java:171: 错误: 找不到符号
                ItemStack itemStack = stack.stack().copy();
                                                   ^
  符号:   方法 copy()
  位置: 类 ItemStackTemplate
D:\Minecraft-Mods\AnvilCraft\src\main\java\dev\dubhe\anvilcraft\inventory\component\jewel\JewelInputSlot.java:42: 错误: 找不到符号
        RecipeHolder<JewelCraftingRecipe> recipe = sourceContainer.getRecipe();
                                                                  ^
  符号:   方法 getRecipe()
  位置: 类型为JewelSourceContainer的变量 sourceContainer
D:\Minecraft-Mods\AnvilCraft\src\main\java\dev\dubhe\anvilcraft\inventory\component\jewel\JewelInputSlot.java:44: 错误: 找不到符号
            var mergedIngredients = sourceContainer.getRecipe().value().mergedIngredients;
                                                   ^
  符号:   方法 getRecipe()
  位置: 类型为JewelSourceContainer的变量 sourceContainer
D:\Minecraft-Mods\AnvilCraft\src\main\java\dev\dubhe\anvilcraft\inventory\component\jewel\JewelInputSlot.java:51: 错误: 找不到符号
                ingredientItems = ingredient.getItems();
                                            ^
  符号:   方法 getItems()
  位置: 类型为Ingredient的变量 ingredient
D:\Minecraft-Mods\AnvilCraft\src\main\java\dev\dubhe\anvilcraft\inventory\component\jewel\JewelResultSlot.java:34: 错误: 找不到符号
        if (sourceContainer.getRecipe() != null) {
                           ^
  符号:   方法 getRecipe()
  位置: 类型为JewelSourceContainer的变量 sourceContainer
D:\Minecraft-Mods\AnvilCraft\src\main\java\dev\dubhe\anvilcraft\inventory\component\jewel\JewelResultSlot.java:35: 错误: 找不到符号
            for (int i = 0; i < sourceContainer.getRecipe().value().mergedIngredients.size(); i++) {
                                               ^
  符号:   方法 getRecipe()
  位置: 类型为JewelSourceContainer的变量 sourceContainer
D:\Minecraft-Mods\AnvilCraft\src\main\java\dev\dubhe\anvilcraft\inventory\component\jewel\JewelResultSlot.java:36: 错误: 找不到符号
                var entry = sourceContainer.getRecipe().value().mergedIngredients.get(i);
                                           ^
  符号:   方法 getRecipe()
  位置: 类型为JewelSourceContainer的变量 sourceContainer
D:\Minecraft-Mods\AnvilCraft\src\main\java\dev\dubhe\anvilcraft\inventory\NeoforgeMenu.java:19: 错误: random 在 Level 中是 protected 访问控制
            if (level.random.nextDouble() < 0.01) {
                     ^
D:\Minecraft-Mods\AnvilCraft\src\main\java\dev\dubhe\anvilcraft\item\FishTankBlockItem.java:21: 错误: 方法不会覆盖或实现超类型的方法
    @Override
    ^
D:\Minecraft-Mods\AnvilCraft\src\main\java\dev\dubhe\anvilcraft\item\FishTankBlockItem.java:31: 错误: 方法不会覆盖或实现超类型的方法
    @Override
    ^
D:\Minecraft-Mods\AnvilCraft\src\main\java\dev\dubhe\anvilcraft\item\FishTankBlockItem.java:33: 错误: 无法将类 Item中的方法 inventoryTick应用到给定类型;
        super.inventoryTick(stack, level, entity, slotId, isSelected);
             ^
  需要: ItemStack,ServerLevel,Entity,EquipmentSlot
  找到:    ItemStack,Level,Entity,int,boolean
  原因: 实际参数列表和形式参数列表长度不同
D:\Minecraft-Mods\AnvilCraft\src\main\java\dev\dubhe\anvilcraft\item\ModFoods.java:13: 错误: 找不到符号
        .fast()
        ^
  符号:   方法 fast()
  位置: 类 Builder
D:\Minecraft-Mods\AnvilCraft\src\main\java\dev\dubhe\anvilcraft\item\ModFoods.java:14: 错误: 找不到符号
        .effect(() -> new MobEffectInstance(MobEffects.MOVEMENT_SPEED, 600, 3), 1.0F)
                                                      ^
  符号:   变量 MOVEMENT_SPEED
  位置: 类 MobEffects
D:\Minecraft-Mods\AnvilCraft\src\main\java\dev\dubhe\anvilcraft\item\ModFoods.java:20: 错误: 找不到符号
        .fast()
        ^
  符号:   方法 fast()
  位置: 类 Builder
D:\Minecraft-Mods\AnvilCraft\src\main\java\dev\dubhe\anvilcraft\item\ModFoods.java:21: 错误: 找不到符号
        .effect(() -> new MobEffectInstance(MobEffects.MOVEMENT_SPEED, 600, 1), 1.0F)
                                                      ^
  符号:   变量 MOVEMENT_SPEED
  位置: 类 MobEffects
D:\Minecraft-Mods\AnvilCraft\src\main\java\dev\dubhe\anvilcraft\item\ModFoods.java:22: 错误: 找不到符号
        .effect(() -> new MobEffectInstance(MobEffects.DIG_SPEED, 600, 2), 1.0F)
                                                      ^
  符号:   变量 DIG_SPEED
  位置: 类 MobEffects
D:\Minecraft-Mods\AnvilCraft\src\main\java\dev\dubhe\anvilcraft\item\ModFoods.java:28: 错误: 找不到符号
        .fast()
        ^
  符号:   方法 fast()
  位置: 类 Builder
D:\Minecraft-Mods\AnvilCraft\src\main\java\dev\dubhe\anvilcraft\item\ModFoods.java:29: 错误: 找不到符号
        .effect(() -> new MobEffectInstance(MobEffects.MOVEMENT_SPEED, 600, 1), 1.0F)
                                                      ^
  符号:   变量 MOVEMENT_SPEED
  位置: 类 MobEffects
D:\Minecraft-Mods\AnvilCraft\src\main\java\dev\dubhe\anvilcraft\item\ModFoods.java:30: 错误: 找不到符号
        .effect(() -> new MobEffectInstance(MobEffects.JUMP, 600, 3), 1.0F)
                                                      ^
  符号:   变量 JUMP
  位置: 类 MobEffects
D:\Minecraft-Mods\AnvilCraft\src\main\java\dev\dubhe\anvilcraft\item\ModFoods.java:35: 错误: 找不到符号
        new FoodProperties.Builder().nutrition(10).saturationModifier(0.8F).usingConvertsTo(Items.BOWL).build();
                                                                           ^
  符号:   方法 usingConvertsTo(Item)
  位置: 类 Builder
D:\Minecraft-Mods\AnvilCraft\src\main\java\dev\dubhe\anvilcraft\item\ModTiers.java:82: 错误: 方法不会覆盖或实现超类型的方法
    @Override
    ^
D:\Minecraft-Mods\AnvilCraft\src\main\java\dev\dubhe\anvilcraft\item\ModTiers.java:87: 错误: 方法不会覆盖或实现超类型的方法
    @Override
    ^
D:\Minecraft-Mods\AnvilCraft\src\main\java\dev\dubhe\anvilcraft\item\ModTiers.java:92: 错误: 方法不会覆盖或实现超类型的方法
    @Override
    ^
D:\Minecraft-Mods\AnvilCraft\src\main\java\dev\dubhe\anvilcraft\item\ModTiers.java:97: 错误: 方法不会覆盖或实现超类型的方法
    @Override
    ^
D:\Minecraft-Mods\AnvilCraft\src\main\java\dev\dubhe\anvilcraft\item\ModTiers.java:102: 错误: 方法不会覆盖或实现超类型的方法
    @Override
    ^
D:\Minecraft-Mods\AnvilCraft\src\main\java\dev\dubhe\anvilcraft\item\ModTiers.java:107: 错误: 方法不会覆盖或实现超类型的方法
    @Override
    ^
D:\Minecraft-Mods\AnvilCraft\src\main\java\dev\dubhe\anvilcraft\item\property\component\Providence.java:9: 错误: 找不到符号
    public static final Codec<Providence> CODEC = Codec.unit(INSTANCE);
                                                       ^
  符号:   方法 unit(Providence)
  位置: 接口 Codec
D:\Minecraft-Mods\AnvilCraft\src\main\java\dev\dubhe\anvilcraft\item\property\FlightTimePropertyFunction.java:12: 错误: 方法不会覆盖或实现超类型的方法
    @Override
    ^
D:\Minecraft-Mods\AnvilCraft\src\main\java\dev\dubhe\anvilcraft\loot\conditions\MatchDataComponent.java:15: 错误: MatchDataComponent不是抽象的, 并且未覆盖LootItemCondition中的抽象方法codec()
public record MatchDataComponent(Optional<DataComponentPredicate> predicate) implements LootItemCondition {
       ^
D:\Minecraft-Mods\AnvilCraft\src\main\java\dev\dubhe\anvilcraft\loot\conditions\MatchDataComponent.java:17: 错误: 程序包DataComponentPredicate不存在
        DataComponentPredicate.CODEC.optionalFieldOf("predicate").forGetter(MatchDataComponent::predicate)
                              ^
D:\Minecraft-Mods\AnvilCraft\src\main\java\dev\dubhe\anvilcraft\loot\conditions\MatchDataComponent.java:20: 错误: 方法不会覆盖或实现超类型的方法
    @Override
    ^
D:\Minecraft-Mods\AnvilCraft\src\main\java\dev\dubhe\anvilcraft\loot\conditions\MatchDataComponent.java:28: 错误: 找不到符号
        if (context.hasParam(LootContextParams.TOOL)) {
                   ^
  符号:   方法 hasParam(ContextKey<ItemInstance>)
  位置: 类型为LootContext的变量 context
D:\Minecraft-Mods\AnvilCraft\src\main\java\dev\dubhe\anvilcraft\loot\conditions\MatchDataComponent.java:29: 错误: 找不到符号
            tool = context.getParam(LootContextParams.TOOL);
                          ^
  符号:   方法 getParam(ContextKey<ItemInstance>)
  位置: 类型为LootContext的变量 context
D:\Minecraft-Mods\AnvilCraft\src\main\java\dev\dubhe\anvilcraft\loot\conditions\MatchDataComponent.java:30: 错误: 找不到符号
        } else if (context.hasParam(LootContextParams.DIRECT_ATTACKING_ENTITY)) {
                          ^
  符号:   方法 hasParam(ContextKey<Entity>)
  位置: 类型为LootContext的变量 context
D:\Minecraft-Mods\AnvilCraft\src\main\java\dev\dubhe\anvilcraft\loot\conditions\MatchDataComponent.java:31: 错误: 找不到符号
            tool = context.getParam(LootContextParams.DIRECT_ATTACKING_ENTITY).getWeaponItem();
                          ^
  符号:   方法 getParam(ContextKey<Entity>)
  位置: 类型为LootContext的变量 context
D:\Minecraft-Mods\AnvilCraft\src\main\java\dev\dubhe\anvilcraft\loot\conditions\MatchDataComponent.java:32: 错误: 找不到符号
        } else if (context.hasParam(LootContextParams.ATTACKING_ENTITY)) {
                          ^
  符号:   方法 hasParam(ContextKey<Entity>)
  位置: 类型为LootContext的变量 context
D:\Minecraft-Mods\AnvilCraft\src\main\java\dev\dubhe\anvilcraft\loot\conditions\MatchDataComponent.java:33: 错误: 找不到符号
            tool = context.getParam(LootContextParams.ATTACKING_ENTITY).getWeaponItem();
                          ^
  符号:   方法 getParam(ContextKey<Entity>)
  位置: 类型为LootContext的变量 context
D:\Minecraft-Mods\AnvilCraft\src\main\java\dev\dubhe\anvilcraft\mixin\AnvilBlockMixin.java:40: 错误: 方法不会覆盖或实现超类型的方法
    @Override
    ^
D:\Minecraft-Mods\AnvilCraft\src\main\java\dev\dubhe\anvilcraft\mixin\AnvilBlockMixin.java:49: 错误: 不兼容的类型: BlockPos无法转换为Orientation
        super.neighborChanged(state, level, pos, neighborBlock, neighborPos, movedByPiston);
                                                                ^
D:\Minecraft-Mods\AnvilCraft\src\main\java\dev\dubhe\anvilcraft\mixin\AvoidEntityGoalMixin.java:56: 错误: 找不到符号
        if (this.avoidClass.isAssignableFrom(Cat.class)) {
                                             ^
  符号:   类 Cat
  位置: 类 AvoidEntityGoalMixin<T>
  其中, T是类型变量:
    T扩展已在类 AvoidEntityGoalMixin中声明的LivingEntity
D:\Minecraft-Mods\AnvilCraft\src\main\java\dev\dubhe\anvilcraft\mixin\AvoidEntityGoalMixin.java:59: 错误: 不兼容的类型: lambda 表达式中的参数类型不兼容
                    player -> player.getData(ModDataAttachments.SCARE_CREEPERS)
                    ^
D:\Minecraft-Mods\AnvilCraft\src\main\java\dev\dubhe\anvilcraft\mixin\AvoidEntityGoalMixin.java:72: 错误: 找不到符号
        } else if (this.avoidClass.isAssignableFrom(Wolf.class)) {
                                                    ^
  符号:   类 Wolf
  位置: 类 AvoidEntityGoalMixin<T>
  其中, T是类型变量:
    T扩展已在类 AvoidEntityGoalMixin中声明的LivingEntity
D:\Minecraft-Mods\AnvilCraft\src\main\java\dev\dubhe\anvilcraft\mixin\AvoidEntityGoalMixin.java:75: 错误: 不兼容的类型: lambda 表达式中的参数类型不兼容
                    player -> player.getData(ModDataAttachments.SCARE_SKELETONS)
                    ^
D:\Minecraft-Mods\AnvilCraft\src\main\java\dev\dubhe\anvilcraft\mixin\BeaconMenuMixin.java:56: 错误: 程序包GameRules不存在
                GameRules.BooleanValue rule = server.getGameRules().getRule(GameRules.RULE_WEATHER_CYCLE);
                         ^
D:\Minecraft-Mods\AnvilCraft\src\main\java\dev\dubhe\anvilcraft\mixin\BeaconMenuMixin.java:56: 错误: 找不到符号
                GameRules.BooleanValue rule = server.getGameRules().getRule(GameRules.RULE_WEATHER_CYCLE);
                                                                            ^
  符号:   变量 GameRules
  位置: 类 BeaconMenuMixin
D:\Minecraft-Mods\AnvilCraft\src\main\java\dev\dubhe\anvilcraft\mixin\BeaconMenuMixin.java:58: 错误: 找不到符号
                serverLevel.setWeatherParameters(
                           ^
  符号:   方法 setWeatherParameters(int,int,boolean,boolean)
  位置: 类型为ServerLevel的变量 serverLevel
D:\Minecraft-Mods\AnvilCraft\src\main\java\dev\dubhe\anvilcraft\mixin\BlockMixin.java:63: 错误: 找不到符号
            Block.BlockStatePairKey blockstatepairkey = new Block.BlockStatePairKey(state, blockstate, face);
                 ^
  符号:   类 BlockStatePairKey
  位置: 类 Block
D:\Minecraft-Mods\AnvilCraft\src\main\java\dev\dubhe\anvilcraft\mixin\BlockMixin.java:63: 错误: 找不到符号
            Block.BlockStatePairKey blockstatepairkey = new Block.BlockStatePairKey(state, blockstate, face);
                                                                 ^
  符号:   类 BlockStatePairKey
  位置: 类 Block
D:\Minecraft-Mods\AnvilCraft\src\main\java\dev\dubhe\anvilcraft\mixin\BlockMixin.java:64: 错误: 找不到符号
            Object2ByteLinkedOpenHashMap<Block.BlockStatePairKey> object2bytelinkedopenhashmap =
                                              ^
  符号:   类 BlockStatePairKey
  位置: 类 Block
D:\Minecraft-Mods\AnvilCraft\src\main\java\dev\dubhe\anvilcraft\mixin\BlockMixin.java:71: 错误: 无法将类 BlockStateBase中的方法 getFaceOcclusionShape应用到给定类型;
            VoxelShape voxelshape = state.getFaceOcclusionShape(level, offset, face);
                                         ^
  需要: Direction
  找到:    BlockGetter,BlockPos,Direction
  原因: 实际参数列表和形式参数列表长度不同
D:\Minecraft-Mods\AnvilCraft\src\main\java\dev\dubhe\anvilcraft\mixin\BlockMixin.java:76: 错误: 无法将类 BlockStateBase中的方法 getFaceOcclusionShape应用到给定类型;
            VoxelShape voxelshape1 = blockstate.getFaceOcclusionShape(level, pos, face.getOpposite());
                                               ^
  需要: Direction
  找到:    BlockGetter,BlockPos,Direction
  原因: 实际参数列表和形式参数列表长度不同
D:\Minecraft-Mods\AnvilCraft\src\main\java\dev\dubhe\anvilcraft\mixin\CandleCakeBlockMixin.java:37: 错误: 找不到符号
            cir.setReturnValue(ItemInteractionResult.SKIP_DEFAULT_BLOCK_INTERACTION);
                               ^
  符号:   变量 ItemInteractionResult
  位置: 类 CandleCakeBlockMixin
D:\Minecraft-Mods\AnvilCraft\src\main\java\dev\dubhe\anvilcraft\mixin\DefaultDispenseItemBehaviorMixin.java:47: 错误: useItemOn(ItemStack,BlockState,Level,BlockPos,Player,InteractionHand,BlockHitResult) 在 AbstractCauldronBlock 中是 protected 访问控制
        cauldronBlock.useItemOn(itemStack, targetState, blockSource.level(), targetBlockPos, player, player.getUsedItemHand(), null);
                     ^
D:\Minecraft-Mods\AnvilCraft\src\main\java\dev\dubhe\anvilcraft\mixin\DispenseItemEmptyBucketBehaviorMixin.java:46: 错误: 找不到符号
        List<Cow> cows =
             ^
  符号:   类 Cow
  位置: 类 DispenseItemEmptyBucketBehaviorMixin
D:\Minecraft-Mods\AnvilCraft\src\main\java\dev\dubhe\anvilcraft\mixin\DispenseItemEmptyBucketBehaviorMixin.java:47: 错误: 找不到符号
            level.getEntities(EntityTypeTest.forClass(Cow.class), new AABB(blockPos), Entity::isAlive).stream()
                                                      ^
  符号:   类 Cow
  位置: 类 DispenseItemEmptyBucketBehaviorMixin
D:\Minecraft-Mods\AnvilCraft\src\main\java\dev\dubhe\anvilcraft\mixin\DispenseItemEmptyBucketBehaviorMixin.java:47: 错误: 不兼容的类型: 不存在类型变量B,T的实例, 以使EntityTypeTest<B,T>与Entity一致
            level.getEntities(EntityTypeTest.forClass(Cow.class), new AABB(blockPos), Entity::isAlive).stream()
                                                     ^
  其中, B,T是类型变量:
    B扩展已在方法 <B,T>forClass(Class<T>)中声明的Object
    T扩展已在方法 <B,T>forClass(Class<T>)中声明的B
D:\Minecraft-Mods\AnvilCraft\src\main\java\dev\dubhe\anvilcraft\mixin\EnchantmentHelperMixin.java:99: 错误: enchantment 在 EnchantmentInstance 中是 private 访问控制
            if (instance.enchantment.is(key)) {
                        ^
D:\Minecraft-Mods\AnvilCraft\src\main\java\dev\dubhe\anvilcraft\mixin\EntityMixin.java:282: 错误: 找不到符号
        double baseGravity = cir.getReturnValue() * GravityManager.getGravityType(entity).getScalar();
                                                                                         ^
  符号:   方法 getScalar()
  位置: 类 GravityType
D:\Minecraft-Mods\AnvilCraft\src\main\java\dev\dubhe\anvilcraft\mixin\ExplosionMixin.java:99: 错误: random 在 Level 中是 protected 访问控制
        BlockTransform blockTransform = blockTransforms.get(level.random.nextInt(blockTransforms.size()));
                                                                 ^
D:\Minecraft-Mods\AnvilCraft\src\main\java\dev\dubhe\anvilcraft\mixin\FallingBlockEntityMixin.java:82: 错误: 对于getNearest(double,double,double), 找不到合适的方法
        return instance.relative(Direction.getNearest(netGravityVector.x, netGravityVector.y, netGravityVector.z));
                                          ^
    方法 Direction.getNearest(int,int,int,@org.jspecify.annotations.Nullable Direction)不适用
      (实际参数列表和形式参数列表长度不同)
    方法 Direction.getNearest(Vec3i,@org.jspecify.annotations.Nullable Direction)不适用
      (实际参数列表和形式参数列表长度不同)
D:\Minecraft-Mods\AnvilCraft\src\main\java\dev\dubhe\anvilcraft\mixin\FallingBlockEntityMixin.java:101: 错误: 对于getNearest(double,double,double), 找不到合适的方法
        Direction gravityDir = Direction.getNearest(gravityVec.x, gravityVec.y, gravityVec.z);
                                        ^
    方法 Direction.getNearest(int,int,int,@org.jspecify.annotations.Nullable Direction)不适用
      (实际参数列表和形式参数列表长度不同)
    方法 Direction.getNearest(Vec3i,@org.jspecify.annotations.Nullable Direction)不适用
      (实际参数列表和形式参数列表长度不同)
D:\Minecraft-Mods\AnvilCraft\src\main\java\dev\dubhe\anvilcraft\mixin\FallingBlockEntityMixin.java:114: 错误: 找不到符号
        AABB checkArea = instance.getBoundingBox().expandTowards(Vec3.atLowerCornerOf(gravityDir.getNormal()).scale(0.025)).inflate(1.0E-7);
                                                                                                ^
  符号:   方法 getNormal()
  位置: 类型为Direction的变量 gravityDir
D:\Minecraft-Mods\AnvilCraft\src\main\java\dev\dubhe\anvilcraft\mixin\FallingBlockEntityMixin.java:115: 错误: 无法将类 Entity中的方法 canBeCollidedWith应用到给定类型;
        if (!level.getEntities(instance, checkArea, e -> e.canBeCollidedWith() && !e.isSpectator()).isEmpty()) {
                                                          ^
  需要: Entity
  找到:    没有参数
  原因: 实际参数列表和形式参数列表长度不同
D:\Minecraft-Mods\AnvilCraft\src\main\java\dev\dubhe\anvilcraft\mixin\FallingBlockEntityMixin.java:223: 错误: 对于getNearest(double,double,double), 找不到合适的方法
        Direction dir = Direction.getNearest(blockGravity.x, blockGravity.y, blockGravity.z);
                                 ^
    方法 Direction.getNearest(int,int,int,@org.jspecify.annotations.Nullable Direction)不适用
      (实际参数列表和形式参数列表长度不同)
    方法 Direction.getNearest(Vec3i,@org.jspecify.annotations.Nullable Direction)不适用
      (实际参数列表和形式参数列表长度不同)
D:\Minecraft-Mods\AnvilCraft\src\main\java\dev\dubhe\anvilcraft\mixin\FallingBlockEntityMixin.java:243: 错误: 找不到符号
        if (this.dropItem && instance.level().getGameRules().getBoolean(GameRules.RULE_DOENTITYDROPS)) {
                                                                        ^
  符号:   变量 GameRules
  位置: 类 FallingBlockEntityMixin
D:\Minecraft-Mods\AnvilCraft\src\main\java\dev\dubhe\anvilcraft\mixin\FallingBlockEntityMixin.java:243: 错误: 找不到符号
        if (this.dropItem && instance.level().getGameRules().getBoolean(GameRules.RULE_DOENTITYDROPS)) {
                                             ^
  符号:   方法 getGameRules()
  位置: 类 Level
D:\Minecraft-Mods\AnvilCraft\src\main\java\dev\dubhe\anvilcraft\mixin\FallingBlockEntityMixin.java:244: 错误: 对于spawnAtLocation(Block), 找不到合适的方法
            instance.spawnAtLocation(instance.getBlockState().getBlock());
                    ^
    方法 Entity.spawnAtLocation(ServerLevel,ItemLike)不适用
      (实际参数列表和形式参数列表长度不同)
    方法 Entity.spawnAtLocation(ServerLevel,ItemStack)不适用
      (实际参数列表和形式参数列表长度不同)
    方法 Entity.spawnAtLocation(ServerLevel,ItemStack,Vec3)不适用
      (实际参数列表和形式参数列表长度不同)
    方法 Entity.spawnAtLocation(ServerLevel,ItemStack,float)不适用
      (实际参数列表和形式参数列表长度不同)
D:\Minecraft-Mods\AnvilCraft\src\main\java\dev\dubhe\anvilcraft\mixin\FallingBlockEntityMixin.java:259: 错误: 不兼容的类型: 从double转换到float可能会有损失
        this.anvilcraft$fallDistance = this.fallDistance;
                                           ^
D:\Minecraft-Mods\AnvilCraft\src\main\java\dev\dubhe\anvilcraft\mixin\FallingBlockEntityMixin.java:287: 错误: 找不到符号
        if (event.isAnvilDamage()) {
                 ^
  符号:   方法 isAnvilDamage()
  位置: 类型为OnLand的变量 event
D:\Minecraft-Mods\AnvilCraft\src\main\java\dev\dubhe\anvilcraft\mixin\FallingBlockEntityMixin.java:337: 错误: 对于getEntityHitResult(Level,FallingBlockEntityMixin,Vec3,Vec3,AABB,Entity::is[...]kable), 找不到合适的方法
        EntityHitResult hitResult = ProjectileUtil.getEntityHitResult(
                                                  ^
    方法 ProjectileUtil.getEntityHitResult(Entity,Vec3,Vec3,AABB,Predicate<Entity>,double)不适用
      (参数不匹配; Level无法转换为Entity)
    方法 ProjectileUtil.getEntityHitResult(Level,Projectile,Vec3,Vec3,AABB,Predicate<Entity>)不适用
      (参数不匹配; FallingBlockEntityMixin无法转换为Projectile)
D:\Minecraft-Mods\AnvilCraft\src\main\java\dev\dubhe\anvilcraft\mixin\FallingBlockMixin.java:51: 错误: 对于getNearest(double,double,double), 找不到合适的方法
        Direction primaryDir = Direction.getNearest(netGravity.x, netGravity.y, netGravity.z);
                                        ^
    方法 Direction.getNearest(int,int,int,@org.jspecify.annotations.Nullable Direction)不适用
      (实际参数列表和形式参数列表长度不同)
    方法 Direction.getNearest(Vec3i,@org.jspecify.annotations.Nullable Direction)不适用
      (实际参数列表和形式参数列表长度不同)
D:\Minecraft-Mods\AnvilCraft\src\main\java\dev\dubhe\anvilcraft\mixin\GameRendererMixin.java:38: 错误: 找不到符号
        if (ModRenderTargets.getTempTarget() != null) {
                            ^
  符号:   方法 getTempTarget()
  位置: 类 ModRenderTargets
D:\Minecraft-Mods\AnvilCraft\src\main\java\dev\dubhe\anvilcraft\mixin\GameRendererMixin.java:39: 错误: 找不到符号
            ModRenderTargets.getTempTarget().resize(width, height, Minecraft.ON_OSX);
                                                                            ^
  符号:   变量 ON_OSX
  位置: 类 Minecraft
D:\Minecraft-Mods\AnvilCraft\src\main\java\dev\dubhe\anvilcraft\mixin\GameRendererMixin.java:39: 错误: 找不到符号
            ModRenderTargets.getTempTarget().resize(width, height, Minecraft.ON_OSX);
                            ^
  符号:   方法 getTempTarget()
  位置: 类 ModRenderTargets
D:\Minecraft-Mods\AnvilCraft\src\main\java\dev\dubhe\anvilcraft\mixin\ItemEntityMixin.java:181: 错误: 找不到符号
        this.level().getProfiler().push("entityBaseTick");
                    ^
  符号:   方法 getProfiler()
  位置: 类 Level
D:\Minecraft-Mods\AnvilCraft\src\main\java\dev\dubhe\anvilcraft\mixin\ItemEntityMixin.java:190: 错误: 找不到符号
        this.walkDistO = this.walkDist;
            ^
  符号: 变量 walkDistO
D:\Minecraft-Mods\AnvilCraft\src\main\java\dev\dubhe\anvilcraft\mixin\ItemEntityMixin.java:190: 错误: 找不到符号
        this.walkDistO = this.walkDist;
                             ^
  符号: 变量 walkDist
D:\Minecraft-Mods\AnvilCraft\src\main\java\dev\dubhe\anvilcraft\mixin\ItemEntityMixin.java:198: 错误: 找不到符号
        this.level().getProfiler().pop();
                    ^
  符号:   方法 getProfiler()
  位置: 类 Level
D:\Minecraft-Mods\AnvilCraft\src\main\java\dev\dubhe\anvilcraft\mixin\ItemEntityMixin.java:242: 错误: 找不到符号
                this.hasImpulse = true;
                    ^
  符号: 变量 hasImpulse
D:\Minecraft-Mods\AnvilCraft\src\main\java\dev\dubhe\anvilcraft\mixin\ItemEntityMixin.java:273: 错误: 找不到符号
        this.level().getProfiler().push("move");
                    ^
  符号:   方法 getProfiler()
  位置: 类 Level
D:\Minecraft-Mods\AnvilCraft\src\main\java\dev\dubhe\anvilcraft\mixin\ItemEntityMixin.java:301: 错误: 找不到符号
        this.level().getProfiler().popPush("rest");
                    ^
  符号:   方法 getProfiler()
  位置: 类 Level
D:\Minecraft-Mods\AnvilCraft\src\main\java\dev\dubhe\anvilcraft\mixin\ItemEntityMixin.java:318: 错误: 找不到符号
            block.updateEntityAfterFallOn(this.level(), this);
                 ^
  符号:   方法 updateEntityAfterFallOn(Level,ItemEntityMixin)
  位置: 类型为Block的变量 block
D:\Minecraft-Mods\AnvilCraft\src\main\java\dev\dubhe\anvilcraft\mixin\ItemEntityMixin.java:323: 错误: 找不到符号
        this.tryCheckInsideBlocks();
            ^
  符号: 方法 tryCheckInsideBlocks()
D:\Minecraft-Mods\AnvilCraft\src\main\java\dev\dubhe\anvilcraft\mixin\ItemEntityMixin.java:325: 错误: 找不到符号
        this.level().getProfiler().pop();
                    ^
  符号:   方法 getProfiler()
  位置: 类 Level
D:\Minecraft-Mods\AnvilCraft\src\main\java\dev\dubhe\anvilcraft\mixin\ItemEntityMixin.java:366: 错误: 找不到符号
                    itemStack = collector.getItemHandler().insertItem(slotIndex++, itemStack, false);
                                         ^
  符号:   方法 getItemHandler()
  位置: 类型为ItemCollectorBlockEntity的变量 collector
D:\Minecraft-Mods\AnvilCraft\src\main\java\dev\dubhe\anvilcraft\mixin\ItemEntityMixin.java:494: 错误: 找不到符号
                && stack.getDescriptionId().contains("ingot")
                        ^
  符号:   方法 getDescriptionId()
  位置: 类型为ItemStack的变量 stack
D:\Minecraft-Mods\AnvilCraft\src\main\java\dev\dubhe\anvilcraft\mixin\LevelChunkMixin.java:96: 错误: 找不到符号
            CacheableBERenderingPipeline.getInstance().blockRemoved(laserStateAccess);
                                        ^
  符号:   方法 getInstance()
  位置: 类 CacheableBERenderingPipeline
D:\Minecraft-Mods\AnvilCraft\src\main\java\dev\dubhe\anvilcraft\mixin\LevelRendererMixin.java:66: 错误: 找不到符号
            CacheableBERenderingPipeline.getInstance().render(frustumMatrix, projectionMatrix);
                                        ^
  符号:   方法 getInstance()
  位置: 类 CacheableBERenderingPipeline
D:\Minecraft-Mods\AnvilCraft\src\main\java\dev\dubhe\anvilcraft\mixin\LevelRendererMixin.java:87: 错误: 找不到符号
        CacheableBERenderingPipeline.getInstance().runTasks();
                                    ^
  符号:   方法 getInstance()
  位置: 类 CacheableBERenderingPipeline
D:\Minecraft-Mods\AnvilCraft\src\main\java\dev\dubhe\anvilcraft\mixin\LevelRendererMixin.java:116: 错误: 找不到符号
        if (ModRenderTargets.getBloomTarget() != null) {
                            ^
  符号:   方法 getBloomTarget()
  位置: 类 ModRenderTargets
D:\Minecraft-Mods\AnvilCraft\src\main\java\dev\dubhe\anvilcraft\mixin\LevelRendererMixin.java:117: 错误: 找不到符号
            ModRenderTargets.getBloomTarget().copyDepthFrom(Minecraft.getInstance().getMainRenderTarget());
                            ^
  符号:   方法 getBloomTarget()
  位置: 类 ModRenderTargets
D:\Minecraft-Mods\AnvilCraft\src\main\java\dev\dubhe\anvilcraft\mixin\LevelRendererMixin.java:122: 错误: 找不到符号
            camera.getPosition()
                  ^
  符号:   方法 getPosition()
  位置: 类型为Camera的变量 camera
D:\Minecraft-Mods\AnvilCraft\src\main\java\dev\dubhe\anvilcraft\mixin\LevelRendererMixin.java:124: 错误: 找不到符号
        CacheableBERenderingPipeline.getInstance().renderBloomed(frustumMatrix, projectionMatrix);
                                    ^
  符号:   方法 getInstance()
  位置: 类 CacheableBERenderingPipeline
D:\Minecraft-Mods\AnvilCraft\src\main\java\dev\dubhe\anvilcraft\mixin\LevelRendererMixin.java:125: 错误: 找不到符号
        RenderTarget mcInput = ModShaders.getBloomChain().getTempTarget("mcinput");
                                         ^
  符号:   方法 getBloomChain()
  位置: 类 ModShaders
D:\Minecraft-Mods\AnvilCraft\src\main\java\dev\dubhe\anvilcraft\mixin\LevelRendererMixin.java:126: 错误: 找不到符号
        mcInput.setClearColor(0, 0, 0, 0);
               ^
  符号:   方法 setClearColor(int,int,int,int)
  位置: 类型为RenderTarget的变量 mcInput
D:\Minecraft-Mods\AnvilCraft\src\main\java\dev\dubhe\anvilcraft\mixin\LevelRendererMixin.java:127: 错误: 找不到符号
        mcInput.clear(Minecraft.ON_OSX);
                               ^
  符号:   变量 ON_OSX
  位置: 类 Minecraft
D:\Minecraft-Mods\AnvilCraft\src\main\java\dev\dubhe\anvilcraft\mixin\LevelRendererMixin.java:128: 错误: 找不到符号
        final int oldTexture = GlStateManager._getActiveTexture();
                               ^
  符号:   变量 GlStateManager
  位置: 类 LevelRendererMixin
D:\Minecraft-Mods\AnvilCraft\src\main\java\dev\dubhe\anvilcraft\mixin\LevelRendererMixin.java:129: 错误: 找不到符号
        if (ModRenderTargets.getTempTarget() != null) {
                            ^
  符号:   方法 getTempTarget()
  位置: 类 ModRenderTargets
D:\Minecraft-Mods\AnvilCraft\src\main\java\dev\dubhe\anvilcraft\mixin\LevelRendererMixin.java:130: 错误: 找不到符号
            ModRenderTargets.getTempTarget().copyDepthFrom(Minecraft.getInstance().getMainRenderTarget());
                            ^
  符号:   方法 getTempTarget()
  位置: 类 ModRenderTargets
D:\Minecraft-Mods\AnvilCraft\src\main\java\dev\dubhe\anvilcraft\mixin\LevelRendererMixin.java:132: 错误: 找不到符号
        ModShaders.getBloomChain().process(RenderSupport.getPartialTick());
                  ^
  符号:   方法 getBloomChain()
  位置: 类 ModShaders
D:\Minecraft-Mods\AnvilCraft\src\main\java\dev\dubhe\anvilcraft\mixin\LevelRendererMixin.java:134: 错误: 找不到符号
            FogRenderer.fogRed,
            ^
  符号:   变量 FogRenderer
  位置: 类 LevelRendererMixin
D:\Minecraft-Mods\AnvilCraft\src\main\java\dev\dubhe\anvilcraft\mixin\LevelRendererMixin.java:135: 错误: 找不到符号
            FogRenderer.fogGreen,
            ^
  符号:   变量 FogRenderer
  位置: 类 LevelRendererMixin
D:\Minecraft-Mods\AnvilCraft\src\main\java\dev\dubhe\anvilcraft\mixin\LevelRendererMixin.java:136: 错误: 找不到符号
            FogRenderer.fogBlue,
            ^
  符号:   变量 FogRenderer
  位置: 类 LevelRendererMixin
D:\Minecraft-Mods\AnvilCraft\src\main\java\dev\dubhe\anvilcraft\mixin\LevelRendererMixin.java:139: 错误: 找不到符号
        RenderTarget result = ModShaders.getBloomChain().getTempTarget("result");
                                        ^
  符号:   方法 getBloomChain()
  位置: 类 ModShaders
D:\Minecraft-Mods\AnvilCraft\src\main\java\dev\dubhe\anvilcraft\mixin\LevelRendererMixin.java:141: 错误: 找不到符号
        result.unbindRead();
              ^
  符号:   方法 unbindRead()
  位置: 类型为RenderTarget的变量 result
D:\Minecraft-Mods\AnvilCraft\src\main\java\dev\dubhe\anvilcraft\mixin\LevelRendererMixin.java:144: 错误: 找不到符号
        ShaderInstance blitShader = ModShaders.getBlitShader();
        ^
  符号:   类 ShaderInstance
  位置: 类 LevelRendererMixin
D:\Minecraft-Mods\AnvilCraft\src\main\java\dev\dubhe\anvilcraft\mixin\LevelRendererMixin.java:144: 错误: 找不到符号
        ShaderInstance blitShader = ModShaders.getBlitShader();
                                              ^
  符号:   方法 getBlitShader()
  位置: 类 ModShaders
D:\Minecraft-Mods\AnvilCraft\src\main\java\dev\dubhe\anvilcraft\mixin\LevelRendererMixin.java:145: 错误: 找不到符号
        RenderSystem.viewport(0, 0, (int) width, (int) height);
                    ^
  符号:   方法 viewport(int,int,int,int)
  位置: 类 RenderSystem
D:\Minecraft-Mods\AnvilCraft\src\main\java\dev\dubhe\anvilcraft\mixin\LevelRendererMixin.java:147: 错误: 找不到符号
        blitShader.safeGetUniform("ProjMat").set(ModShaders.getOrthoMatrix());
                                                           ^
  符号:   方法 getOrthoMatrix()
  位置: 类 ModShaders
D:\Minecraft-Mods\AnvilCraft\src\main\java\dev\dubhe\anvilcraft\mixin\LevelRendererMixin.java:149: 错误: 找不到符号
        RenderSystem.depthFunc(GL11.GL_ALWAYS);
                    ^
  符号:   方法 depthFunc(int)
  位置: 类 RenderSystem
D:\Minecraft-Mods\AnvilCraft\src\main\java\dev\dubhe\anvilcraft\mixin\LevelRendererMixin.java:156: 错误: 找不到符号
        main.bindWrite(false);
            ^
  符号:   方法 bindWrite(boolean)
  位置: 类型为RenderTarget的变量 main
D:\Minecraft-Mods\AnvilCraft\src\main\java\dev\dubhe\anvilcraft\mixin\LevelRendererMixin.java:157: 错误: 找不到符号
        BufferUploader.draw(bufferbuilder.buildOrThrow());
        ^
  符号:   变量 BufferUploader
  位置: 类 LevelRendererMixin
D:\Minecraft-Mods\AnvilCraft\src\main\java\dev\dubhe\anvilcraft\mixin\LevelRendererMixin.java:158: 错误: 找不到符号
        main.unbindWrite();
            ^
  符号:   方法 unbindWrite()
  位置: 类型为RenderTarget的变量 main
D:\Minecraft-Mods\AnvilCraft\src\main\java\dev\dubhe\anvilcraft\mixin\LevelRendererMixin.java:159: 错误: 找不到符号
        result.unbindRead();
              ^
  符号:   方法 unbindRead()
  位置: 类型为RenderTarget的变量 result
D:\Minecraft-Mods\AnvilCraft\src\main\java\dev\dubhe\anvilcraft\mixin\LevelRendererMixin.java:160: 错误: 找不到符号
        RenderSystem.depthFunc(GL11.GL_LEQUAL);
                    ^
  符号:   方法 depthFunc(int)
  位置: 类 RenderSystem
D:\Minecraft-Mods\AnvilCraft\src\main\java\dev\dubhe\anvilcraft\mixin\LevelRendererMixin.java:161: 错误: 找不到符号
        ProgramManager.glUseProgram(0);
        ^
  符号:   变量 ProgramManager
  位置: 类 LevelRendererMixin
D:\Minecraft-Mods\AnvilCraft\src\main\java\dev\dubhe\anvilcraft\mixin\LevelRendererMixin.java:162: 错误: 找不到符号
        Minecraft.getInstance().getMainRenderTarget().copyDepthFrom(ModRenderTargets.getTempTarget());
                                                                                    ^
  符号:   方法 getTempTarget()
  位置: 类 ModRenderTargets
D:\Minecraft-Mods\AnvilCraft\src\main\java\dev\dubhe\anvilcraft\mixin\LevelRendererMixin.java:163: 错误: 找不到符号
        RenderSystem.activeTexture(oldTexture);
                    ^
  符号:   方法 activeTexture(int)
  位置: 类 RenderSystem
D:\Minecraft-Mods\AnvilCraft\src\main\java\dev\dubhe\anvilcraft\mixin\LevelRendererMixin.java:164: 错误: 找不到符号
        RenderSystem.enableDepthTest();
                    ^
  符号:   方法 enableDepthTest()
  位置: 类 RenderSystem
D:\Minecraft-Mods\AnvilCraft\src\main\java\dev\dubhe\anvilcraft\mixin\LevelRendererMixin.java:165: 错误: 找不到符号
        minecraft.getMainRenderTarget().bindWrite(false);
                                       ^
  符号:   方法 bindWrite(boolean)
  位置: 类 RenderTarget
D:\Minecraft-Mods\AnvilCraft\src\main\java\dev\dubhe\anvilcraft\mixin\LivingEntityMixin.java:135: 错误: 不兼容的类型: 方法引用中的参数类型不兼容
        beheadingLoot.getRandomItems(lootParams, thiz.getLootTableSeed(), thiz::spawnAtLocation);
                                                                          ^
D:\Minecraft-Mods\AnvilCraft\src\main\java\dev\dubhe\anvilcraft\mixin\LivingEntityMixin.java:147: 错误: 找不到符号
        Map<Item, TotemHandler> totemMap = TotemManager.INSTANCE.getTotemMap();
                                                                ^
  符号:   方法 getTotemMap()
  位置: 类型为TotemManager的变量 INSTANCE
D:\Minecraft-Mods\AnvilCraft\src\main\java\dev\dubhe\anvilcraft\mixin\LivingEntityMixin.java:195: 错误: 无法将类 LivingEntity中的方法 kill应用到给定类型;
                        player.kill();
                              ^
  需要: ServerLevel
  找到:    没有参数
  原因: 实际参数列表和形式参数列表长度不同
D:\Minecraft-Mods\AnvilCraft\src\main\java\dev\dubhe\anvilcraft\mixin\MouseHandlerMixin.java:44: 错误: 找不到符号
            if (!Minecraft.ON_OSX) {
                          ^
  符号:   变量 ON_OSX
  位置: 类 Minecraft
D:\Minecraft-Mods\AnvilCraft\src\main\java\dev\dubhe\anvilcraft\mixin\MouseHandlerMixin.java:50: 错误: 找不到符号
            InputConstants.grabOrReleaseMouse(this.minecraft.getWindow().getWindow(), 212995, this.xpos, this.ypos);
                                                                        ^
  符号:   方法 getWindow()
  位置: 类 Window
D:\Minecraft-Mods\AnvilCraft\src\main\java\dev\dubhe\anvilcraft\mixin\NearestAttackableTargetGoalMixin.java:47: 错误: 找不到符号
            case Class<?> clazz when clazz.isAssignableFrom(AbstractSkeleton.class) -> type = ModDataAttachments.SCARE_SKELETONS.get();
                                                            ^
  符号:   类 AbstractSkeleton
  位置: 类 NearestAttackableTargetGoalMixin
D:\Minecraft-Mods\AnvilCraft\src\main\java\dev\dubhe\anvilcraft\mixin\NearestAttackableTargetGoalMixin.java:58: 错误: 不兼容的类型: SafePredicate<LivingEntity>无法转换为Selector
                .orElse(entity -> !entity.getData(type))
                       ^
D:\Minecraft-Mods\AnvilCraft\src\main\java\dev\dubhe\anvilcraft\mixin\PhantomGoalMixin.java:44: 错误: 找不到符号
            player.makeSound(SoundEvents.CAT_HISS);
                                        ^
  符号:   变量 CAT_HISS
  位置: 类 SoundEvents
D:\Minecraft-Mods\AnvilCraft\src\main\java\dev\dubhe\anvilcraft\mixin\PlayerMixin.java:56: 错误: 不兼容的类型: ServerPlayer无法转换为EntityReference<Player>
            this.lastHurtByPlayer = killer;
                                    ^
D:\Minecraft-Mods\AnvilCraft\src\main\java\dev\dubhe\anvilcraft\mixin\PlayerMixin.java:57: 错误: 找不到符号
            this.lastHurtByPlayerTime = 1;
                ^
  符号: 变量 lastHurtByPlayerTime
D:\Minecraft-Mods\AnvilCraft\src\main\java\dev\dubhe\anvilcraft\mixin\providence\ApplyBonusCountMixin.java:40: 错误: 找不到符号
            || !(context.getParamOrNull(LootContextParams.TOOL) instanceof ItemStack stack)
                        ^
  符号:   方法 getParamOrNull(ContextKey<ItemInstance>)
  位置: 类型为LootContext的变量 context
D:\Minecraft-Mods\AnvilCraft\src\main\java\dev\dubhe\anvilcraft\mixin\providence\EnchantedCountIncreaseFunctionMixin.java:35: 错误: 找不到符号
        if (!(context.getParamOrNull(LootContextParams.TOOL) instanceof ItemStack stack)
                     ^
  符号:   方法 getParamOrNull(ContextKey<ItemInstance>)
  位置: 类型为LootContext的变量 context
D:\Minecraft-Mods\AnvilCraft\src\main\java\dev\dubhe\anvilcraft\mixin\RecipeManagerMixin.java:73: 错误: 不兼容的类型: ResourceKey<Recipe<?>>无法转换为Identifier
                    byNameBuilder.put(holder.id(), holder);
                                               ^
D:\Minecraft-Mods\AnvilCraft\src\main\java\dev\dubhe\anvilcraft\recipe\generate\JewelCraftingRecipeGeneratingCache.java:33: 错误: 找不到符号
            if (holder.value() instanceof BannerPatternItem bannerPattern) {
                                          ^
  符号:   类 BannerPatternItem
  位置: 类 JewelCraftingRecipeGeneratingCache
D:\Minecraft-Mods\AnvilCraft\src\main\java\dev\dubhe\anvilcraft\recipe\generate\JewelCraftingRecipeGeneratingCache.java:48: 错误: 找不到符号
            } else if (TrimPatterns.getFromTemplate(registries, holder.value().getDefaultInstance()).isPresent()) {
                       ^
  符号:   变量 TrimPatterns
  位置: 类 JewelCraftingRecipeGeneratingCache
D:\Minecraft-Mods\AnvilCraft\src\main\java\dev\dubhe\anvilcraft\recipe\generate\JewelCraftingRecipeGeneratingCache.java:72: 错误: 找不到符号
                .result(bannerPattern.getDefaultInstance())
                ^
  符号:   方法 result(ItemStack)
  位置: 类 Builder
D:\Minecraft-Mods\AnvilCraft\src\main\java\dev\dubhe\anvilcraft\recipe\generate\JewelCraftingRecipeGeneratingCache.java:74: 错误: 不兼容的类型: Identifier无法转换为ResourceKey<Recipe<?>>
            recipeHolders.add(new RecipeHolder<>(generateRecipeId("banner_patterns", bannerPattern, bannerPattern), recipe));
                                                                 ^
D:\Minecraft-Mods\AnvilCraft\src\main\java\dev\dubhe\anvilcraft\recipe\generate\JewelCraftingRecipeGeneratingCache.java:80: 错误: 找不到符号
                .result(musicDisc.getDefaultInstance())
                ^
  符号:   方法 result(ItemStack)
  位置: 类 Builder
D:\Minecraft-Mods\AnvilCraft\src\main\java\dev\dubhe\anvilcraft\recipe\generate\JewelCraftingRecipeGeneratingCache.java:82: 错误: 不兼容的类型: Identifier无法转换为ResourceKey<Recipe<?>>
            recipeHolders.add(new RecipeHolder<>(generateRecipeId("music_discs", musicDisc, musicDisc), recipe));
                                                                 ^
D:\Minecraft-Mods\AnvilCraft\src\main\java\dev\dubhe\anvilcraft\recipe\generate\JewelCraftingRecipeGeneratingCache.java:87: 错误: 找不到符号
                .result(potterySherd.getDefaultInstance())
                ^
  符号:   方法 result(ItemStack)
  位置: 类 Builder
D:\Minecraft-Mods\AnvilCraft\src\main\java\dev\dubhe\anvilcraft\recipe\generate\JewelCraftingRecipeGeneratingCache.java:89: 错误: 不兼容的类型: Identifier无法转换为ResourceKey<Recipe<?>>
            recipeHolders.add(new RecipeHolder<>(generateRecipeId("pottery_sherds", potterySherd, potterySherd), recipe));
                                                                 ^
D:\Minecraft-Mods\AnvilCraft\src\main\java\dev\dubhe\anvilcraft\recipe\generate\JewelCraftingRecipeGeneratingCache.java:95: 错误: 找不到符号
                .result(trimTemplate.getDefaultInstance())
                ^
  符号:   方法 result(ItemStack)
  位置: 类 Builder
D:\Minecraft-Mods\AnvilCraft\src\main\java\dev\dubhe\anvilcraft\recipe\generate\JewelCraftingRecipeGeneratingCache.java:97: 错误: 不兼容的类型: Identifier无法转换为ResourceKey<Recipe<?>>
            recipeHolders.add(new RecipeHolder<>(generateRecipeId("trim_templates", trimTemplate, trimTemplate), recipe));
                                                                 ^
D:\Minecraft-Mods\AnvilCraft\src\main\java\dev\dubhe\anvilcraft\mixin\ServerGamePacketListenerMixin.java:28: 错误: 找不到符号
        ItemStack itemStack = packet.getCarriedItem();
                                    ^
  符号:   方法 getCarriedItem()
  位置: 类型为ServerboundContainerClickPacket的变量 packet
D:\Minecraft-Mods\AnvilCraft\src\main\java\dev\dubhe\anvilcraft\mixin\ServerPlayerMixin.java:74: 错误: 找不到符号
            PowerGrid powerGrid = this.anvilcraft$component.getPowerGrid();
                                                           ^
  符号:   方法 getPowerGrid()
  位置: 类型为DynamicPowerComponent的变量 anvilcraft$component
D:\Minecraft-Mods\AnvilCraft\src\main\java\dev\dubhe\anvilcraft\mixin\ServerPlayerMixin.java:100: 错误: 不兼容的类型: ServerPlayer无法转换为EntityReference<Player>
            this.lastHurtByPlayer = killer;
                                    ^
D:\Minecraft-Mods\AnvilCraft\src\main\java\dev\dubhe\anvilcraft\mixin\ServerPlayerMixin.java:101: 错误: 找不到符号
            this.lastHurtByPlayerTime = 1;
                ^
  符号: 变量 lastHurtByPlayerTime
D:\Minecraft-Mods\AnvilCraft\src\main\java\dev\dubhe\anvilcraft\mixin\TntBlockMixin.java:49: 错误: 找不到符号
            stack.hurtAndBreak(1, player, LivingEntity.getSlotForHand(hand));
                                                      ^
  符号:   方法 getSlotForHand(InteractionHand)
  位置: 类 LivingEntity
D:\Minecraft-Mods\AnvilCraft\src\main\java\dev\dubhe\anvilcraft\mixin\TntBlockMixin.java:52: 错误: isClientSide 在 Level 中是 private 访问控制
            cir.setReturnValue(ItemInteractionResult.sidedSuccess(level.isClientSide));
                                                                       ^
D:\Minecraft-Mods\AnvilCraft\src\main\java\dev\dubhe\anvilcraft\mixin\TntBlockMixin.java:52: 错误: 找不到符号
            cir.setReturnValue(ItemInteractionResult.sidedSuccess(level.isClientSide));
                               ^
  符号:   变量 ItemInteractionResult
  位置: 类 TntBlockMixin
D:\Minecraft-Mods\AnvilCraft\src\main\java\dev\dubhe\anvilcraft\mixin\VillagerMixin.java:31: 错误: 找不到符号
            for (MerchantOffer merchantOffer : this.getOffers()) {
                                                   ^
  符号: 方法 getOffers()
D:\Minecraft-Mods\AnvilCraft\src\main\java\dev\dubhe\anvilcraft\network\AdvancedComparatorUpdatePacket.java:47: 错误: 找不到符号
        AdvancedComparatorBlockEntity repeater = menu.getBlockEntity();
                                                     ^
  符号:   方法 getBlockEntity()
  位置: 类型为AdvancedComparatorMenu的变量 menu
D:\Minecraft-Mods\AnvilCraft\src\main\java\dev\dubhe\anvilcraft\network\AdvancedComparatorUpdatePacket.java:48: 错误: 找不到符号
        repeater.setCompareMode(AdvancedComparatorBlockEntity.Mode.fromIndex(this.compareMode));
                ^
  符号:   方法 setCompareMode(Mode)
  位置: 类型为AdvancedComparatorBlockEntity的变量 repeater
D:\Minecraft-Mods\AnvilCraft\src\main\java\dev\dubhe\anvilcraft\network\AdvancedComparatorUpdatePacket.java:49: 错误: 找不到符号
        repeater.setOutputInvert(this.outputInvert);
                ^
  符号:   方法 setOutputInvert(boolean)
  位置: 类型为AdvancedComparatorBlockEntity的变量 repeater
D:\Minecraft-Mods\AnvilCraft\src\main\java\dev\dubhe\anvilcraft\network\AdvancedComparatorUpdatePacket.java:50: 错误: 找不到符号
        repeater.setRedstoneControl(this.redstoneControl);
                ^
  符号:   方法 setRedstoneControl(boolean)
  位置: 类型为AdvancedComparatorBlockEntity的变量 repeater
D:\Minecraft-Mods\AnvilCraft\src\main\java\dev\dubhe\anvilcraft\network\AdvancedComparatorUpdatePacket.java:51: 错误: 找不到符号
        repeater.setHighLimit(this.highLimit);
                ^
  符号:   方法 setHighLimit(int)
  位置: 类型为AdvancedComparatorBlockEntity的变量 repeater
D:\Minecraft-Mods\AnvilCraft\src\main\java\dev\dubhe\anvilcraft\network\AdvancedComparatorUpdatePacket.java:52: 错误: 找不到符号
        repeater.setLowLimit(this.lowLimit);
                ^
  符号:   方法 setLowLimit(int)
  位置: 类型为AdvancedComparatorBlockEntity的变量 repeater
D:\Minecraft-Mods\AnvilCraft\src\main\java\dev\dubhe\anvilcraft\network\AdvancedComparatorUpdatePacket.java:53: 错误: 找不到符号
        repeater.setInputtingSignal(this.inputSignal);
                ^
  符号:   方法 setInputtingSignal(int)
  位置: 类型为AdvancedComparatorBlockEntity的变量 repeater
D:\Minecraft-Mods\AnvilCraft\src\main\java\dev\dubhe\anvilcraft\network\ChargerSyncPacket.java:33: 错误: 找不到符号
        charger.setTimeLeft(this.timeLeft);
               ^
  符号:   方法 setTimeLeft(int)
  位置: 类型为ChargerBlockEntity的变量 charger
D:\Minecraft-Mods\AnvilCraft\src\main\java\dev\dubhe\anvilcraft\network\ChargerSyncPacket.java:34: 错误: 找不到符号
        charger.setTimeTotalCache(this.timeTotal);
               ^
  符号:   方法 setTimeTotalCache(int)
  位置: 类型为ChargerBlockEntity的变量 charger
D:\Minecraft-Mods\AnvilCraft\src\main\java\dev\dubhe\anvilcraft\network\DeflectionRingUpdateLastSpeedPacket.java:33: 错误: 找不到符号
        deflectionRing.setLastEntitySpeed(this.speed);
                      ^
  符号:   方法 setLastEntitySpeed(double)
  位置: 类型为DeflectionRingBlockEntity的变量 deflectionRing
D:\Minecraft-Mods\AnvilCraft\src\main\java\dev\dubhe\anvilcraft\network\HeliostatsIrradiationPacket.java:53: 错误: 找不到符号
            new HeliostatsIrradiationPacket(this.pos, heliostats.getIrritatePos())
                                                                ^
  符号:   方法 getIrritatePos()
  位置: 类型为HeliostatsBlockEntity的变量 heliostats
D:\Minecraft-Mods\AnvilCraft\src\main\java\dev\dubhe\anvilcraft\network\MachineOutputDirectionPacket.java:32: 错误: 找不到符号
        if (screen.getDirectionButton() == null) return;
                  ^
  符号:   方法 getDirectionButton()
  位置: 类型为BaseMachineScreen<?>的变量 screen
D:\Minecraft-Mods\AnvilCraft\src\main\java\dev\dubhe\anvilcraft\network\MachineOutputDirectionPacket.java:33: 错误: 找不到符号
        screen.getDirectionButton().setDirection(this.direction);
              ^
  符号:   方法 getDirectionButton()
  位置: 类型为BaseMachineScreen<?>的变量 screen
D:\Minecraft-Mods\AnvilCraft\src\main\java\dev\dubhe\anvilcraft\network\multiple\MultiphasePackets.java:154: 错误: 找不到符号
                ref = new MultiphaseRef(stack.getItem().getDescription());
                                                       ^
  符号:   方法 getDescription()
  位置: 类 Item
D:\Minecraft-Mods\AnvilCraft\src\main\java\dev\dubhe\anvilcraft\network\PowerGridSyncPacket.java:35: 错误: 找不到符号
            this.grid.getId(),
                     ^
  符号:   方法 getId()
  位置: 类型为SimplePowerGrid的记录组件 grid
D:\Minecraft-Mods\AnvilCraft\src\main\java\dev\dubhe\anvilcraft\network\PulseGeneratorUpdatePacket.java:49: 错误: 找不到符号
        PulseGeneratorBlockEntity repeater = menu.getBlockEntity();
                                                 ^
  符号:   方法 getBlockEntity()
  位置: 类型为PulseGeneratorMenu的变量 menu
D:\Minecraft-Mods\AnvilCraft\src\main\java\dev\dubhe\anvilcraft\network\SliderUpdatePacket.java:29: 错误: 找不到符号
        Callback<Integer> callback = menu.getCallback();
                                         ^
  符号:   方法 getCallback()
  位置: 类型为SliderMenu的变量 menu
D:\Minecraft-Mods\AnvilCraft\src\main\java\dev\dubhe\anvilcraft\network\SlidingEntitySyncPacket.java:37: 错误: 找不到符号
        sliding.setSection(new SlidingBlockSection(this.infos));
               ^
  符号:   方法 setSection(SlidingBlockSection)
  位置: 类型为SlidingBlockEntity的变量 sliding
D:\Minecraft-Mods\AnvilCraft\src\main\java\dev\dubhe\anvilcraft\network\split\PacketCollector.java:73: 错误: 不兼容的类型: ClientboundCustomPayloadPacket无法转换为ServerboundCustomPayloadPacket
            NetworkRegistry.handleModdedPayload(Util.cast(this.listener), packet.toVanillaClientbound());
                                                                                                     ^
D:\Minecraft-Mods\AnvilCraft\src\main\java\dev\dubhe\anvilcraft\network\StructureDataSyncPacket.java:31: 错误: 找不到符号
            structureToolScreen.setStructureData(this.structureData());
                               ^
  符号:   方法 setStructureData(StructureData)
  位置: 类型为StructureToolScreen的变量 structureToolScreen
D:\Minecraft-Mods\AnvilCraft\src\main\java\dev\dubhe\anvilcraft\recipe\anvil\cache\JewelCraftingRecipeCache.java:51: 错误: 找不到符号
        jewelCraftingCache = recipeManager.getAllRecipesFor(ModRecipeTypes.JEWEL_CRAFTING.get())
                                          ^
  符号:   方法 getAllRecipesFor(RecipeType<JewelCraftingRecipe>)
  位置: 类型为RecipeManager的变量 recipeManager
D:\Minecraft-Mods\AnvilCraft\src\main\java\dev\dubhe\anvilcraft\recipe\anvil\cache\JewelCraftingRecipeCache.java:54: 错误: 找不到符号
            .collect(Util.toMap());
                     ^
  符号:   变量 Util
  位置: 类 JewelCraftingRecipeCache
D:\Minecraft-Mods\AnvilCraft\src\main\java\dev\dubhe\anvilcraft\recipe\anvil\cache\JewelCraftingRecipeCache.java:66: 错误: 找不到符号
            .collect(Util.toMap());
                     ^
  符号:   变量 Util
  位置: 类 JewelCraftingRecipeCache
D:\Minecraft-Mods\AnvilCraft\src\main\java\dev\dubhe\anvilcraft\recipe\anvil\cache\JewelCraftingRecipeCache.java:79: 错误: 找不到符号
                .collect(Util.toMap())
                         ^
  符号:   变量 Util
  位置: 类 JewelCraftingRecipeCache
D:\Minecraft-Mods\AnvilCraft\src\main\java\dev\dubhe\anvilcraft\recipe\anvil\wrap\VanillaRecipesWrap.java:103: 错误: 不兼容的类型: List<Optional<Ingredient>>无法转换为NonNullList<Ingredient>
        NonNullList<Ingredient> ingredients = recipe.getIngredients();
                                                                   ^
D:\Minecraft-Mods\AnvilCraft\src\main\java\dev\dubhe\anvilcraft\recipe\anvil\wrap\VanillaRecipesWrap.java:106: 错误: 找不到符号
        ItemStack result = recipe.getResultItem(registries);
                                 ^
  符号:   方法 getResultItem(Provider)
  位置: 类型为ShapedRecipe的变量 recipe
D:\Minecraft-Mods\AnvilCraft\src\main\java\dev\dubhe\anvilcraft\recipe\anvil\wrap\VanillaRecipesWrap.java:117: 错误: 找不到符号
        for (Ingredient.Value value : first.getValues()) {
                       ^
  符号:   类 Value
  位置: 类 Ingredient
D:\Minecraft-Mods\AnvilCraft\src\main\java\dev\dubhe\anvilcraft\recipe\anvil\wrap\VanillaRecipesWrap.java:118: 错误: 找不到符号
            if (value instanceof Ingredient.ItemValue(ItemStack item)) {
                                           ^
  符号:   类 ItemValue
  位置: 类 Ingredient
D:\Minecraft-Mods\AnvilCraft\src\main\java\dev\dubhe\anvilcraft\recipe\anvil\wrap\VanillaRecipesWrap.java:118: 错误: 解构模式只能应用于记录，ItemValue 不是记录
            if (value instanceof Ingredient.ItemValue(ItemStack item)) {
                                 ^
D:\Minecraft-Mods\AnvilCraft\src\main\java\dev\dubhe\anvilcraft\recipe\anvil\wrap\VanillaRecipesWrap.java:120: 错误: 对于of(ItemStack), 找不到合适的方法
                builder1.of(item);
                        ^
    方法 Builder.of(ItemLike...)不适用
      (varargs 不匹配; ItemStack无法转换为ItemLike)
    方法 Builder.of(TagKey<Item>)不适用
      (参数不匹配; ItemStack无法转换为TagKey<Item>)
    方法 Builder.<D>of(ItemStackTemplate)不适用
      (无法推断类型变量 D
        (参数不匹配; ItemStack无法转换为ItemStackTemplate))
  其中, D是类型变量:
    D扩展已在方法 <D>of(ItemStackTemplate)中声明的Object
D:\Minecraft-Mods\AnvilCraft\src\main\java\dev\dubhe\anvilcraft\recipe\anvil\wrap\VanillaRecipesWrap.java:122: 错误: 找不到符号
            if (value instanceof Ingredient.TagValue(TagKey<Item> tag)) {
                                           ^
  符号:   类 TagValue
  位置: 类 Ingredient
D:\Minecraft-Mods\AnvilCraft\src\main\java\dev\dubhe\anvilcraft\recipe\anvil\wrap\VanillaRecipesWrap.java:122: 错误: 解构模式只能应用于记录，TagValue 不是记录
            if (value instanceof Ingredient.TagValue(TagKey<Item> tag)) {
                                 ^
D:\Minecraft-Mods\AnvilCraft\src\main\java\dev\dubhe\anvilcraft\recipe\anvil\wrap\VanillaRecipesWrap.java:128: 错误: 对于result(ItemStack), 找不到合适的方法
        builder.result(result);
               ^
    方法 AbstractBuilder.result(ItemStackTemplate)不适用
      (参数不匹配; ItemStack无法转换为ItemStackTemplate)
    方法 AbstractBuilder.result(ItemLike)不适用
      (参数不匹配; ItemStack无法转换为ItemLike)
D:\Minecraft-Mods\AnvilCraft\src\main\java\dev\dubhe\anvilcraft\recipe\anvil\wrap\VanillaRecipesWrap.java:132: 错误: 不兼容的类型: Identifier无法转换为ResourceKey<Recipe<?>>
        VanillaRecipesWrap.recipes.add(new RecipeHolder<>(location, itemCompressRecipe));
                                                          ^
D:\Minecraft-Mods\AnvilCraft\src\main\java\dev\dubhe\anvilcraft\recipe\anvil\wrap\VanillaRecipesWrap.java:137: 错误: 找不到符号
        NonNullList<Ingredient> ingredients = recipe.getIngredients();
                                                    ^
  符号:   方法 getIngredients()
  位置: 类型为BlastingRecipe的变量 recipe
D:\Minecraft-Mods\AnvilCraft\src\main\java\dev\dubhe\anvilcraft\recipe\anvil\wrap\VanillaRecipesWrap.java:138: 错误: 找不到符号
        ItemStack result = recipe.getResultItem(registries);
                                 ^
  符号:   方法 getResultItem(Provider)
  位置: 类型为BlastingRecipe的变量 recipe
D:\Minecraft-Mods\AnvilCraft\src\main\java\dev\dubhe\anvilcraft\recipe\anvil\wrap\VanillaRecipesWrap.java:146: 错误: 找不到符号
        for (Ingredient.Value value : first.getValues()) {
                       ^
  符号:   类 Value
  位置: 类 Ingredient
D:\Minecraft-Mods\AnvilCraft\src\main\java\dev\dubhe\anvilcraft\recipe\anvil\wrap\VanillaRecipesWrap.java:147: 错误: 找不到符号
            if (value instanceof Ingredient.ItemValue(ItemStack item)) {
                                           ^
  符号:   类 ItemValue
  位置: 类 Ingredient
D:\Minecraft-Mods\AnvilCraft\src\main\java\dev\dubhe\anvilcraft\recipe\anvil\wrap\VanillaRecipesWrap.java:147: 错误: 解构模式只能应用于记录，ItemValue 不是记录
            if (value instanceof Ingredient.ItemValue(ItemStack item)) {
                                 ^
D:\Minecraft-Mods\AnvilCraft\src\main\java\dev\dubhe\anvilcraft\recipe\anvil\wrap\VanillaRecipesWrap.java:150: 错误: 对于of(ItemStack), 找不到合适的方法
                predicateBuilder.of(item);
                                ^
    方法 Builder.of(ItemLike...)不适用
      (varargs 不匹配; ItemStack无法转换为ItemLike)
    方法 Builder.of(TagKey<Item>)不适用
      (参数不匹配; ItemStack无法转换为TagKey<Item>)
    方法 Builder.<D>of(ItemStackTemplate)不适用
      (无法推断类型变量 D
        (参数不匹配; ItemStack无法转换为ItemStackTemplate))
  其中, D是类型变量:
    D扩展已在方法 <D>of(ItemStackTemplate)中声明的Object
D:\Minecraft-Mods\AnvilCraft\src\main\java\dev\dubhe\anvilcraft\recipe\anvil\wrap\VanillaRecipesWrap.java:152: 错误: 找不到符号
            if (value instanceof Ingredient.TagValue(TagKey<Item> tag)) {
                                           ^
  符号:   类 TagValue
  位置: 类 Ingredient
D:\Minecraft-Mods\AnvilCraft\src\main\java\dev\dubhe\anvilcraft\recipe\anvil\wrap\VanillaRecipesWrap.java:152: 错误: 解构模式只能应用于记录，TagValue 不是记录
            if (value instanceof Ingredient.TagValue(TagKey<Item> tag)) {
                                 ^
D:\Minecraft-Mods\AnvilCraft\src\main\java\dev\dubhe\anvilcraft\recipe\anvil\wrap\VanillaRecipesWrap.java:153: 错误: 找不到符号
                HolderSet.Named<Item> named = BuiltInRegistries.ITEM.getOrCreateTag(tag);
                                                                    ^
  符号:   方法 getOrCreateTag(TagKey<Item>)
  位置: 类型为DefaultedRegistry<Item>的变量 ITEM
D:\Minecraft-Mods\AnvilCraft\src\main\java\dev\dubhe\anvilcraft\recipe\anvil\wrap\VanillaRecipesWrap.java:172: 错误: 对于result(ItemStack), 找不到合适的方法
                    .result(result)
                    ^
    方法 AbstractBuilder.result(ItemStackTemplate)不适用
      (参数不匹配; ItemStack无法转换为ItemStackTemplate)
    方法 AbstractBuilder.result(ItemLike)不适用
      (参数不匹配; ItemStack无法转换为ItemLike)
D:\Minecraft-Mods\AnvilCraft\src\main\java\dev\dubhe\anvilcraft\recipe\anvil\wrap\VanillaRecipesWrap.java:180: 错误: 找不到符号
        NonNullList<Ingredient> ingredients = recipe.getIngredients();
                                                    ^
  符号:   方法 getIngredients()
  位置: 类型为SmokingRecipe的变量 recipe
D:\Minecraft-Mods\AnvilCraft\src\main\java\dev\dubhe\anvilcraft\recipe\anvil\wrap\VanillaRecipesWrap.java:181: 错误: 找不到符号
        ItemStack result = recipe.getResultItem(registries);
                                 ^
  符号:   方法 getResultItem(Provider)
  位置: 类型为SmokingRecipe的变量 recipe
D:\Minecraft-Mods\AnvilCraft\src\main\java\dev\dubhe\anvilcraft\recipe\anvil\wrap\VanillaRecipesWrap.java:188: 错误: 找不到符号
        for (Ingredient.Value value : first.getValues()) {
                       ^
  符号:   类 Value
  位置: 类 Ingredient
D:\Minecraft-Mods\AnvilCraft\src\main\java\dev\dubhe\anvilcraft\recipe\anvil\wrap\VanillaRecipesWrap.java:189: 错误: 找不到符号
            if (value instanceof Ingredient.ItemValue(ItemStack item)) {
                                           ^
  符号:   类 ItemValue
  位置: 类 Ingredient
D:\Minecraft-Mods\AnvilCraft\src\main\java\dev\dubhe\anvilcraft\recipe\anvil\wrap\VanillaRecipesWrap.java:189: 错误: 解构模式只能应用于记录，ItemValue 不是记录
            if (value instanceof Ingredient.ItemValue(ItemStack item)) {
                                 ^
D:\Minecraft-Mods\AnvilCraft\src\main\java\dev\dubhe\anvilcraft\recipe\anvil\wrap\VanillaRecipesWrap.java:191: 错误: 对于of(ItemStack), 找不到合适的方法
                predicateBuilder.of(item);
                                ^
    方法 Builder.of(ItemLike...)不适用
      (varargs 不匹配; ItemStack无法转换为ItemLike)
    方法 Builder.of(TagKey<Item>)不适用
      (参数不匹配; ItemStack无法转换为TagKey<Item>)
    方法 Builder.<D>of(ItemStackTemplate)不适用
      (无法推断类型变量 D
        (参数不匹配; ItemStack无法转换为ItemStackTemplate))
  其中, D是类型变量:
    D扩展已在方法 <D>of(ItemStackTemplate)中声明的Object
D:\Minecraft-Mods\AnvilCraft\src\main\java\dev\dubhe\anvilcraft\recipe\anvil\wrap\VanillaRecipesWrap.java:193: 错误: 找不到符号
            if (value instanceof Ingredient.TagValue(TagKey<Item> tag)) {
                                           ^
  符号:   类 TagValue
  位置: 类 Ingredient
D:\Minecraft-Mods\AnvilCraft\src\main\java\dev\dubhe\anvilcraft\recipe\anvil\wrap\VanillaRecipesWrap.java:193: 错误: 解构模式只能应用于记录，TagValue 不是记录
            if (value instanceof Ingredient.TagValue(TagKey<Item> tag)) {
                                 ^
D:\Minecraft-Mods\AnvilCraft\src\main\java\dev\dubhe\anvilcraft\recipe\anvil\wrap\VanillaRecipesWrap.java:205: 错误: 对于result(ItemStack), 找不到合适的方法
                    .result(result)
                    ^
    方法 AbstractBuilder.result(ItemStackTemplate)不适用
      (参数不匹配; ItemStack无法转换为ItemStackTemplate)
    方法 AbstractBuilder.result(ItemLike)不适用
      (参数不匹配; ItemStack无法转换为ItemLike)
D:\Minecraft-Mods\AnvilCraft\src\main\java\dev\dubhe\anvilcraft\recipe\anvil\wrap\VanillaRecipesWrap.java:213: 错误: 找不到符号
        ItemStack result = recipe.getResultItem(registries);
                                 ^
  符号:   方法 getResultItem(Provider)
  位置: 类型为CampfireCookingRecipe的变量 recipe
D:\Minecraft-Mods\AnvilCraft\src\main\java\dev\dubhe\anvilcraft\recipe\anvil\wrap\VanillaRecipesWrap.java:218: 错误: 找不到符号
        NonNullList<Ingredient> ingredients = recipe.getIngredients();
                                                    ^
  符号:   方法 getIngredients()
  位置: 类型为CampfireCookingRecipe的变量 recipe
D:\Minecraft-Mods\AnvilCraft\src\main\java\dev\dubhe\anvilcraft\recipe\anvil\wrap\VanillaRecipesWrap.java:222: 错误: 找不到符号
        for (Ingredient.Value value : first.getValues()) {
                       ^
  符号:   类 Value
  位置: 类 Ingredient
D:\Minecraft-Mods\AnvilCraft\src\main\java\dev\dubhe\anvilcraft\recipe\anvil\wrap\VanillaRecipesWrap.java:223: 错误: 找不到符号
            if (value instanceof Ingredient.ItemValue(ItemStack item)) {
                                           ^
  符号:   类 ItemValue
  位置: 类 Ingredient
D:\Minecraft-Mods\AnvilCraft\src\main\java\dev\dubhe\anvilcraft\recipe\anvil\wrap\VanillaRecipesWrap.java:223: 错误: 解构模式只能应用于记录，ItemValue 不是记录
            if (value instanceof Ingredient.ItemValue(ItemStack item)) {
                                 ^
D:\Minecraft-Mods\AnvilCraft\src\main\java\dev\dubhe\anvilcraft\recipe\anvil\wrap\VanillaRecipesWrap.java:225: 错误: 对于of(ItemStack), 找不到合适的方法
                predicateBuilder.of(item);
                                ^
    方法 Builder.of(ItemLike...)不适用
      (varargs 不匹配; ItemStack无法转换为ItemLike)
    方法 Builder.of(TagKey<Item>)不适用
      (参数不匹配; ItemStack无法转换为TagKey<Item>)
    方法 Builder.<D>of(ItemStackTemplate)不适用
      (无法推断类型变量 D
        (参数不匹配; ItemStack无法转换为ItemStackTemplate))
  其中, D是类型变量:
    D扩展已在方法 <D>of(ItemStackTemplate)中声明的Object
D:\Minecraft-Mods\AnvilCraft\src\main\java\dev\dubhe\anvilcraft\recipe\anvil\wrap\VanillaRecipesWrap.java:227: 错误: 找不到符号
            if (value instanceof Ingredient.TagValue(TagKey<Item> tag)) {
                                           ^
  符号:   类 TagValue
  位置: 类 Ingredient
D:\Minecraft-Mods\AnvilCraft\src\main\java\dev\dubhe\anvilcraft\recipe\anvil\wrap\VanillaRecipesWrap.java:227: 错误: 解构模式只能应用于记录，TagValue 不是记录
            if (value instanceof Ingredient.TagValue(TagKey<Item> tag)) {
                                 ^
D:\Minecraft-Mods\AnvilCraft\src\main\java\dev\dubhe\anvilcraft\recipe\anvil\wrap\VanillaRecipesWrap.java:239: 错误: 对于result(ItemStack), 找不到合适的方法
                    .result(result)
                    ^
    方法 AbstractBuilder.result(ItemStackTemplate)不适用
      (参数不匹配; ItemStack无法转换为ItemStackTemplate)
    方法 AbstractBuilder.result(ItemLike)不适用
      (参数不匹配; ItemStack无法转换为ItemLike)
D:\Minecraft-Mods\AnvilCraft\src\main\java\dev\dubhe\anvilcraft\recipe\anvil\wrap\VanillaRecipesWrap.java:247: 错误: 找不到符号
        ItemStack result = recipe.getResultItem(registries);
                                 ^
  符号:   方法 getResultItem(Provider)
  位置: 类型为SmeltingRecipe的变量 recipe
D:\Minecraft-Mods\AnvilCraft\src\main\java\dev\dubhe\anvilcraft\recipe\anvil\wrap\VanillaRecipesWrap.java:254: 错误: 找不到符号
        NonNullList<Ingredient> ingredients = recipe.getIngredients();
                                                    ^
  符号:   方法 getIngredients()
  位置: 类型为SmeltingRecipe的变量 recipe
D:\Minecraft-Mods\AnvilCraft\src\main\java\dev\dubhe\anvilcraft\recipe\anvil\wrap\VanillaRecipesWrap.java:258: 错误: 找不到符号
        for (Ingredient.Value value : first.getValues()) {
                       ^
  符号:   类 Value
  位置: 类 Ingredient
D:\Minecraft-Mods\AnvilCraft\src\main\java\dev\dubhe\anvilcraft\recipe\anvil\wrap\VanillaRecipesWrap.java:259: 错误: 找不到符号
            if (value instanceof Ingredient.ItemValue(ItemStack item)) {
                                           ^
  符号:   类 ItemValue
  位置: 类 Ingredient
D:\Minecraft-Mods\AnvilCraft\src\main\java\dev\dubhe\anvilcraft\recipe\anvil\wrap\VanillaRecipesWrap.java:259: 错误: 解构模式只能应用于记录，ItemValue 不是记录
            if (value instanceof Ingredient.ItemValue(ItemStack item)) {
                                 ^
D:\Minecraft-Mods\AnvilCraft\src\main\java\dev\dubhe\anvilcraft\recipe\anvil\wrap\VanillaRecipesWrap.java:261: 错误: 对于of(ItemStack), 找不到合适的方法
                predicateBuilder.of(item);
                                ^
    方法 Builder.of(ItemLike...)不适用
      (varargs 不匹配; ItemStack无法转换为ItemLike)
    方法 Builder.of(TagKey<Item>)不适用
      (参数不匹配; ItemStack无法转换为TagKey<Item>)
    方法 Builder.<D>of(ItemStackTemplate)不适用
      (无法推断类型变量 D
        (参数不匹配; ItemStack无法转换为ItemStackTemplate))
  其中, D是类型变量:
    D扩展已在方法 <D>of(ItemStackTemplate)中声明的Object
D:\Minecraft-Mods\AnvilCraft\src\main\java\dev\dubhe\anvilcraft\recipe\anvil\wrap\VanillaRecipesWrap.java:263: 错误: 找不到符号
            if (value instanceof Ingredient.TagValue(TagKey<Item> tag)) {
                                           ^
  符号:   类 TagValue
  位置: 类 Ingredient
D:\Minecraft-Mods\AnvilCraft\src\main\java\dev\dubhe\anvilcraft\recipe\anvil\wrap\VanillaRecipesWrap.java:263: 错误: 解构模式只能应用于记录，TagValue 不是记录
            if (value instanceof Ingredient.TagValue(TagKey<Item> tag)) {
                                 ^
D:\Minecraft-Mods\AnvilCraft\src\main\java\dev\dubhe\anvilcraft\recipe\anvil\wrap\VanillaRecipesWrap.java:275: 错误: 对于result(ItemStack), 找不到合适的方法
                    .result(result)
                    ^
    方法 AbstractBuilder.result(ItemStackTemplate)不适用
      (参数不匹配; ItemStack无法转换为ItemStackTemplate)
    方法 AbstractBuilder.result(ItemLike)不适用
      (参数不匹配; ItemStack无法转换为ItemLike)
D:\Minecraft-Mods\AnvilCraft\src\main\java\dev\dubhe\anvilcraft\recipe\generate\MeshRecipeGeneratingCache.java:79: 错误: 对于result(ItemStack,float), 找不到合适的方法
                .result(leaves.getDefaultInstance(), 0.5F);
                ^
    方法 AbstractBuilder.result(ItemStackTemplate,NumberProvider)不适用
      (参数不匹配; ItemStack无法转换为ItemStackTemplate)
    方法 AbstractBuilder.result(ItemStackTemplate,float)不适用
      (参数不匹配; ItemStack无法转换为ItemStackTemplate)
    方法 AbstractBuilder.result(ItemLike,NumberProvider)不适用
      (参数不匹配; ItemStack无法转换为ItemLike)
    方法 AbstractBuilder.result(ItemLike,int)不适用
      (参数不匹配; ItemStack无法转换为ItemLike)
    方法 AbstractBuilder.result(ItemLike,float)不适用
      (参数不匹配; ItemStack无法转换为ItemLike)
D:\Minecraft-Mods\AnvilCraft\src\main\java\dev\dubhe\anvilcraft\recipe\generate\MeshRecipeGeneratingCache.java:81: 错误: 对于result(ItemStack,float), 找不到合适的方法
                recipeBuilder.result(sapling.getDefaultInstance(), 0.2F);
                             ^
    方法 AbstractBuilder.result(ItemStackTemplate,NumberProvider)不适用
      (参数不匹配; ItemStack无法转换为ItemStackTemplate)
    方法 AbstractBuilder.result(ItemStackTemplate,float)不适用
      (参数不匹配; ItemStack无法转换为ItemStackTemplate)
    方法 AbstractBuilder.result(ItemLike,NumberProvider)不适用
      (参数不匹配; ItemStack无法转换为ItemLike)
    方法 AbstractBuilder.result(ItemLike,int)不适用
      (参数不匹配; ItemStack无法转换为ItemLike)
    方法 AbstractBuilder.result(ItemLike,float)不适用
      (参数不匹配; ItemStack无法转换为ItemLike)
D:\Minecraft-Mods\AnvilCraft\src\main\java\dev\dubhe\anvilcraft\saved\BetterSavedData.java:34: 错误: 方法不会覆盖或实现超类型的方法
    @Override
    ^
D:\Minecraft-Mods\AnvilCraft\src\main\java\dev\dubhe\anvilcraft\saved\BetterSavedData.java:43: 错误: 找不到符号
                DimensionDataStorage storage = overworld.getDataStorage();
                ^
  符号:   类 DimensionDataStorage
  位置: 类 BetterSavedData
D:\Minecraft-Mods\AnvilCraft\src\main\java\dev\dubhe\anvilcraft\saved\BetterSavedData.java:45: 错误: 找不到符号
                    new SavedData.Factory<>(constructor, BetterSavedData.getLoader(constructor)),
                                 ^
  符号:   类 Factory
  位置: 类 SavedData
D:\Minecraft-Mods\AnvilCraft\src\main\java\dev\dubhe\anvilcraft\saved\multiphase\Multiphases.java:32: 错误: 方法引用无效
            .forGetter(Multiphases::getMultiphases),
                       ^
  找不到符号
    符号:   方法 getMultiphases()
    位置: 类 Multiphases
D:\Minecraft-Mods\AnvilCraft\src\main\java\dev\dubhe\anvilcraft\saved\multiphase\Multiphases.java:34: 错误: 方法引用无效
            .forGetter(Multiphases::getRecover)
                       ^
  找不到符号
    符号:   方法 getRecover()
    位置: 类 Multiphases
D:\Minecraft-Mods\AnvilCraft\src\main\java\dev\dubhe\anvilcraft\saved\multiphase\Multiphases.java:130: 错误: 找不到符号
                CodecUtil.encodeStart(
                         ^
  符号:   方法 encodeStart(MapCodec<Multiphase>,RegistryOps<Tag>,Multiphase)
  位置: 类 CodecUtil
D:\Minecraft-Mods\AnvilCraft\src\main\java\dev\dubhe\anvilcraft\saved\multiphase\Multiphases.java:141: 错误: 找不到符号
        for (var entry : this.recover.getEntries()) {
                                     ^
  符号:   方法 getEntries()
  位置: 类型为RecoverStation<Multiphase>的变量 recover
D:\Minecraft-Mods\AnvilCraft\src\main\java\dev\dubhe\anvilcraft\util\recover\RecoverStation.java:67: 错误: 方法引用无效
        ).xmap(RecoverStation::new, RecoverStation::getEntries);
                                    ^
  找不到符号
    符号:   方法 getEntries()
    位置: 类 RecoverStation
D:\Minecraft-Mods\AnvilCraft\src\main\java\dev\dubhe\anvilcraft\util\AccelerateManager.java:56: 错误: 找不到符号
        Iterable<ItemStack> armorSlots = player.getArmorSlots();
                                               ^
  符号:   方法 getArmorSlots()
  位置: 类型为Player的变量 player
D:\Minecraft-Mods\AnvilCraft\src\main\java\dev\dubhe\anvilcraft\util\AccelerateManager.java:63: 错误: 找不到符号
            if (stack.getItem() instanceof ArmorItem) {
                                           ^
  符号:   类 ArmorItem
  位置: 类 AccelerateManager
D:\Minecraft-Mods\AnvilCraft\src\main\java\dev\dubhe\anvilcraft\util\AccelerateManager.java:101: 错误: 找不到符号
            .add(new Vec3(0.1F, 0.1F, 0.1F).multiply(Vec3.atLowerCornerOf(direction.getNormal())));
                                                                                   ^
  符号:   方法 getNormal()
  位置: 类型为Direction的变量 direction
D:\Minecraft-Mods\AnvilCraft\src\main\java\dev\dubhe\anvilcraft\util\BlockHighlightUtil.java:31: 错误: 找不到符号
    public static final RenderType NO_DEPTH = RenderType.create(
                                              ^
  符号:   变量 RenderType
  位置: 类 BlockHighlightUtil
D:\Minecraft-Mods\AnvilCraft\src\main\java\dev\dubhe\anvilcraft\util\BlockHighlightUtil.java:44: 错误: 程序包RenderStateShard不存在
            .setLineState(new RenderStateShard.LineStateShard(OptionalDouble.of(2)))
                                              ^
D:\Minecraft-Mods\AnvilCraft\src\main\java\dev\dubhe\anvilcraft\util\BlockHighlightUtil.java:43: 错误: 找不到符号
            .setLayeringState(RenderStateShard.VIEW_OFFSET_Z_LAYERING)
                              ^
  符号:   变量 RenderStateShard
  位置: 类 BlockHighlightUtil
D:\Minecraft-Mods\AnvilCraft\src\main\java\dev\dubhe\anvilcraft\util\BlockHighlightUtil.java:42: 错误: 找不到符号
            .setDepthTestState(RenderStateShard.NO_DEPTH_TEST)
                               ^
  符号:   变量 RenderStateShard
  位置: 类 BlockHighlightUtil
D:\Minecraft-Mods\AnvilCraft\src\main\java\dev\dubhe\anvilcraft\util\BlockHighlightUtil.java:41: 错误: 找不到符号
            .setCullState(RenderStateShard.NO_CULL)
                          ^
  符号:   变量 RenderStateShard
  位置: 类 BlockHighlightUtil
D:\Minecraft-Mods\AnvilCraft\src\main\java\dev\dubhe\anvilcraft\util\BlockHighlightUtil.java:40: 错误: 找不到符号
            .setWriteMaskState(RenderStateShard.COLOR_WRITE)
                               ^
  符号:   变量 RenderStateShard
  位置: 类 BlockHighlightUtil
D:\Minecraft-Mods\AnvilCraft\src\main\java\dev\dubhe\anvilcraft\util\BlockHighlightUtil.java:39: 错误: 找不到符号
            .setShaderState(RenderStateShard.RENDERTYPE_LINES_SHADER)
                            ^
  符号:   变量 RenderStateShard
  位置: 类 BlockHighlightUtil
D:\Minecraft-Mods\AnvilCraft\src\main\java\dev\dubhe\anvilcraft\util\BlockHighlightUtil.java:38: 错误: 程序包RenderType不存在
        RenderType.CompositeState.builder()
                  ^
D:\Minecraft-Mods\AnvilCraft\src\main\java\dev\dubhe\anvilcraft\util\BlockHighlightUtil.java:79: 错误: 找不到符号
        Vec3 cameraPos = camera.getPosition();
                               ^
  符号:   方法 getPosition()
  位置: 类型为Camera的变量 camera
D:\Minecraft-Mods\AnvilCraft\src\main\java\dev\dubhe\anvilcraft\util\BlockHighlightUtil.java:93: 错误: 找不到符号
            LevelRenderer.renderLineBox(
                         ^
  符号:   方法 renderLineBox(PoseStack,VertexConsumer,int,int,int,int,int,int,float,float,float,float)
  位置: 类 LevelRenderer
D:\Minecraft-Mods\AnvilCraft\src\main\java\dev\dubhe\anvilcraft\util\ColorUtil.java:89: 错误: 程序包FastColor不存在
        int r1 = FastColor.ARGB32.red(from);
                          ^
D:\Minecraft-Mods\AnvilCraft\src\main\java\dev\dubhe\anvilcraft\util\ColorUtil.java:90: 错误: 程序包FastColor不存在
        int g1 = FastColor.ARGB32.green(from);
                          ^
D:\Minecraft-Mods\AnvilCraft\src\main\java\dev\dubhe\anvilcraft\util\ColorUtil.java:91: 错误: 程序包FastColor不存在
        int b1 = FastColor.ARGB32.blue(from);
                          ^
D:\Minecraft-Mods\AnvilCraft\src\main\java\dev\dubhe\anvilcraft\util\ColorUtil.java:92: 错误: 程序包FastColor不存在
        int r2 = FastColor.ARGB32.red(to);
                          ^
D:\Minecraft-Mods\AnvilCraft\src\main\java\dev\dubhe\anvilcraft\util\ColorUtil.java:93: 错误: 程序包FastColor不存在
        int g2 = FastColor.ARGB32.green(to);
                          ^
D:\Minecraft-Mods\AnvilCraft\src\main\java\dev\dubhe\anvilcraft\util\ColorUtil.java:94: 错误: 程序包FastColor不存在
        int b2 = FastColor.ARGB32.blue(to);
                          ^
D:\Minecraft-Mods\AnvilCraft\src\main\java\dev\dubhe\anvilcraft\util\ColorUtil.java:95: 错误: 程序包FastColor不存在
        return FastColor.ARGB32.color(
                        ^
D:\Minecraft-Mods\AnvilCraft\src\main\java\dev\dubhe\anvilcraft\util\DangerUtil.java:16: 错误: 找不到符号
        return () -> new ConfiguredModel[]{new ConfiguredModel(new ModelFile.UncheckedModelFile(AnvilCraft.of(path)))};
                         ^
  符号:   类 ConfiguredModel
  位置: 类 DangerUtil
D:\Minecraft-Mods\AnvilCraft\src\main\java\dev\dubhe\anvilcraft\util\DangerUtil.java:16: 错误: 找不到符号
        return () -> new ConfiguredModel[]{new ConfiguredModel(new ModelFile.UncheckedModelFile(AnvilCraft.of(path)))};
                                               ^
  符号:   类 ConfiguredModel
  位置: 类 DangerUtil
D:\Minecraft-Mods\AnvilCraft\src\main\java\dev\dubhe\anvilcraft\util\DangerUtil.java:16: 错误: 程序包ModelFile不存在
        return () -> new ConfiguredModel[]{new ConfiguredModel(new ModelFile.UncheckedModelFile(AnvilCraft.of(path)))};
                                                                            ^
D:\Minecraft-Mods\AnvilCraft\src\main\java\dev\dubhe\anvilcraft\util\DangerUtil.java:20: 错误: 程序包ModelFile不存在
        return () -> new ModelFile.UncheckedModelFile(AnvilCraft.of(path));
                                  ^
D:\Minecraft-Mods\AnvilCraft\src\main\java\dev\dubhe\anvilcraft\util\DangerUtil.java:24: 错误: 程序包ModelFile不存在
        return () -> new ModelFile.UncheckedModelFile(Identifier.withDefaultNamespace(path));
                                  ^
D:\Minecraft-Mods\AnvilCraft\src\main\java\dev\dubhe\anvilcraft\util\DangerUtil.java:28: 错误: 程序包ModelFile不存在
        return () -> new ModelFile.UncheckedModelFile(Identifier.fromNamespaceAndPath(namespace, path));
                                  ^
D:\Minecraft-Mods\AnvilCraft\src\main\java\dev\dubhe\anvilcraft\util\DataGenUtil.java:88: 错误: 无法将记录 CustomModelData中的构造器 CustomModelData应用到给定类型;
        stack.set(DataComponents.CUSTOM_MODEL_DATA, new CustomModelData(1));
                                                    ^
  需要: List<Float>,List<Boolean>,List<String>,List<Integer>
  找到:    int
  原因: 实际参数列表和形式参数列表长度不同
D:\Minecraft-Mods\AnvilCraft\src\main\java\dev\dubhe\anvilcraft\util\DataGenUtil.java:156: 错误: 找不到符号
                    ItemSubPredicates.ENCHANTMENTS,
                    ^
  符号:   变量 ItemSubPredicates
  位置: 类 DataGenUtil
D:\Minecraft-Mods\AnvilCraft\src\main\java\dev\dubhe\anvilcraft\util\DataGenUtil.java:154: 错误: 程序包ItemPredicate不存在
            ItemPredicate.Builder.item()
                         ^
D:\Minecraft-Mods\AnvilCraft\src\main\java\dev\dubhe\anvilcraft\util\DataGenUtil.java:157: 错误: 找不到符号
                    ItemEnchantmentsPredicate.enchantments(
                    ^
  符号:   变量 ItemEnchantmentsPredicate
  位置: 类 DataGenUtil
D:\Minecraft-Mods\AnvilCraft\src\main\java\dev\dubhe\anvilcraft\util\DataGenUtil.java:158: 错误: 找不到符号
                        List.of(new EnchantmentPredicate(lookup.getOrThrow(Enchantments.SILK_TOUCH), MinMaxBounds.Ints.atLeast(1)))
                                    ^
  符号:   类 EnchantmentPredicate
  位置: 类 DataGenUtil
D:\Minecraft-Mods\AnvilCraft\src\main\java\dev\dubhe\anvilcraft\util\DataGenUtil.java:158: 错误: 程序包MinMaxBounds不存在
                        List.of(new EnchantmentPredicate(lookup.getOrThrow(Enchantments.SILK_TOUCH), MinMaxBounds.Ints.atLeast(1)))
                                                                                                                 ^
D:\Minecraft-Mods\AnvilCraft\src\main\java\dev\dubhe\anvilcraft\util\DataGenUtil.java:188: 错误: 找不到符号
                                    CopyComponentsFunction.copyComponents(CopyComponentsFunction.Source.BLOCK_ENTITY)
                                                                                                ^
  符号:   变量 Source
  位置: 类 CopyComponentsFunction
D:\Minecraft-Mods\AnvilCraft\src\main\java\dev\dubhe\anvilcraft\util\dummy\DummyCat.java:20: 错误: 找不到符号
        cat.setPos(player.position());
           ^
  符号:   方法 setPos(Vec3)
  位置: 类型为DummyCat的变量 cat
D:\Minecraft-Mods\AnvilCraft\src\main\java\dev\dubhe\anvilcraft\util\dummy\DummyCat.java:24: 错误: 方法不会覆盖或实现超类型的方法
    @Override
    ^
D:\Minecraft-Mods\AnvilCraft\src\main\java\dev\dubhe\anvilcraft\util\dummy\DummyCat.java:29: 错误: 方法不会覆盖或实现超类型的方法
    @Override
    ^
D:\Minecraft-Mods\AnvilCraft\src\main\java\dev\dubhe\anvilcraft\util\dummy\DummyCat.java:34: 错误: 方法不会覆盖或实现超类型的方法
    @Override
    ^
D:\Minecraft-Mods\AnvilCraft\src\main\java\dev\dubhe\anvilcraft\util\dummy\DummyCat.java:39: 错误: 方法不会覆盖或实现超类型的方法
    @Override
    ^
D:\Minecraft-Mods\AnvilCraft\src\main\java\dev\dubhe\anvilcraft\util\dummy\DummyCat.java:44: 错误: 方法不会覆盖或实现超类型的方法
    @Override
    ^
D:\Minecraft-Mods\AnvilCraft\src\main\java\dev\dubhe\anvilcraft\util\dummy\DummyCat.java:49: 错误: 方法不会覆盖或实现超类型的方法
    @Override
    ^
D:\Minecraft-Mods\AnvilCraft\src\main\java\dev\dubhe\anvilcraft\util\dummy\DummyWolf.java:20: 错误: 找不到符号
        wolf.setPos(player.position());
            ^
  符号:   方法 setPos(Vec3)
  位置: 类型为DummyWolf的变量 wolf
D:\Minecraft-Mods\AnvilCraft\src\main\java\dev\dubhe\anvilcraft\util\dummy\DummyWolf.java:24: 错误: 方法不会覆盖或实现超类型的方法
    @Override
    ^
D:\Minecraft-Mods\AnvilCraft\src\main\java\dev\dubhe\anvilcraft\util\dummy\DummyWolf.java:29: 错误: 方法不会覆盖或实现超类型的方法
    @Override
    ^
D:\Minecraft-Mods\AnvilCraft\src\main\java\dev\dubhe\anvilcraft\util\dummy\DummyWolf.java:34: 错误: 方法不会覆盖或实现超类型的方法
    @Override
    ^
D:\Minecraft-Mods\AnvilCraft\src\main\java\dev\dubhe\anvilcraft\util\dummy\DummyWolf.java:39: 错误: 方法不会覆盖或实现超类型的方法
    @Override
    ^
D:\Minecraft-Mods\AnvilCraft\src\main\java\dev\dubhe\anvilcraft\util\dummy\DummyWolf.java:44: 错误: 方法不会覆盖或实现超类型的方法
    @Override
    ^
D:\Minecraft-Mods\AnvilCraft\src\main\java\dev\dubhe\anvilcraft\util\dummy\DummyWolf.java:49: 错误: 方法不会覆盖或实现超类型的方法
    @Override
    ^
D:\Minecraft-Mods\AnvilCraft\src\main\java\dev\dubhe\anvilcraft\util\FullBrightLevel.java:23: 错误: 方法不会覆盖或实现超类型的方法
    @Override
    ^
D:\Minecraft-Mods\AnvilCraft\src\main\java\dev\dubhe\anvilcraft\util\FullBrightLevel.java:25: 错误: 找不到符号
        return delegate.getShade(direction, shade);
                       ^
  符号:   方法 getShade(Direction,boolean)
  位置: 类型为Level的变量 delegate
D:\Minecraft-Mods\AnvilCraft\src\main\java\dev\dubhe\anvilcraft\util\FullBrightLevel.java:28: 错误: 方法不会覆盖或实现超类型的方法
    @Override
    ^
D:\Minecraft-Mods\AnvilCraft\src\main\java\dev\dubhe\anvilcraft\util\FullBrightLevel.java:34: 错误: 方法不会覆盖或实现超类型的方法
    @Override
    ^
D:\Minecraft-Mods\AnvilCraft\src\main\java\dev\dubhe\anvilcraft\util\FullBrightLevel.java:36: 错误: 找不到符号
        return delegate.getBlockTint(blockPos, colorResolver);
                       ^
  符号:   方法 getBlockTint(BlockPos,ColorResolver)
  位置: 类型为Level的变量 delegate
D:\Minecraft-Mods\AnvilCraft\src\main\java\dev\dubhe\anvilcraft\util\FullBrightLevel.java:39: 错误: 方法不会覆盖或实现超类型的方法
    @Override
    ^
D:\Minecraft-Mods\AnvilCraft\src\main\java\dev\dubhe\anvilcraft\util\FullBrightLevel.java:44: 错误: 方法不会覆盖或实现超类型的方法
    @Override
    ^
D:\Minecraft-Mods\AnvilCraft\src\main\java\dev\dubhe\anvilcraft\util\FullBrightLevel.java:49: 错误: 方法不会覆盖或实现超类型的方法
    @Override
    ^
D:\Minecraft-Mods\AnvilCraft\src\main\java\dev\dubhe\anvilcraft\util\FullBrightLevel.java:54: 错误: 方法不会覆盖或实现超类型的方法
    @Override
    ^
D:\Minecraft-Mods\AnvilCraft\src\main\java\dev\dubhe\anvilcraft\util\FullBrightLevel.java:59: 错误: 方法不会覆盖或实现超类型的方法
    @Override
    ^
D:\Minecraft-Mods\AnvilCraft\src\main\java\dev\dubhe\anvilcraft\util\FullBrightLevel.java:64: 错误: 方法不会覆盖或实现超类型的方法
    @Override
    ^
D:\Minecraft-Mods\AnvilCraft\src\main\java\dev\dubhe\anvilcraft\util\FullBrightLevel.java:69: 错误: 方法不会覆盖或实现超类型的方法
    @Override
    ^
D:\Minecraft-Mods\AnvilCraft\src\main\java\dev\dubhe\anvilcraft\util\GravityManager.java:119: 错误: 找不到符号
        return gravityVector.scale(GravityManager.getGravityType(entity).getScalar());
                                                                        ^
  符号:   方法 getScalar()
  位置: 类 GravityType
D:\Minecraft-Mods\AnvilCraft\src\main\java\dev\dubhe\anvilcraft\util\ModClientFluidTypeExtensionImpl.java:50: 错误: 方法不会覆盖或实现超类型的方法
    @Override
    ^
D:\Minecraft-Mods\AnvilCraft\src\main\java\dev\dubhe\anvilcraft\util\ModClientFluidTypeExtensionImpl.java:66: 错误: 方法不会覆盖或实现超类型的方法
    @Override
    ^
D:\Minecraft-Mods\AnvilCraft\src\main\java\dev\dubhe\anvilcraft\util\ModClientFluidTypeExtensionImpl.java:76: 错误: 找不到符号
        if (camera.getEntity().isSpectator() || this.noFog) return;
                  ^
  符号:   方法 getEntity()
  位置: 类型为Camera的变量 camera
D:\Minecraft-Mods\AnvilCraft\src\main\java\dev\dubhe\anvilcraft\util\ModClientFluidTypeExtensionImpl.java:77: 错误: 找不到符号
        RenderSystem.setShaderFogStart(0.0F);
                    ^
  符号:   方法 setShaderFogStart(float)
  位置: 类 RenderSystem
D:\Minecraft-Mods\AnvilCraft\src\main\java\dev\dubhe\anvilcraft\util\ModClientFluidTypeExtensionImpl.java:78: 错误: 找不到符号
        RenderSystem.setShaderFogEnd(this.fogDistance);
                    ^
  符号:   方法 setShaderFogEnd(float)
  位置: 类 RenderSystem
D:\Minecraft-Mods\AnvilCraft\src\main\java\dev\dubhe\anvilcraft\util\ModEnchantmentHelper.java:68: 错误: GenericAction 在 Enchantment 中是 private 访问控制
                effect -> effect.apply(
                ^
D:\Minecraft-Mods\AnvilCraft\src\main\java\dev\dubhe\anvilcraft\util\ModEventUtil.java:14: 错误: 找不到符号
        return NeoForge.EVENT_BUS.post(new GuideBookEvent.HasGuideBookEvent()).isHasGuideBook();
                                                                              ^
  符号:   方法 isHasGuideBook()
  位置: 类 HasGuideBookEvent
D:\Minecraft-Mods\AnvilCraft\src\main\java\dev\dubhe\anvilcraft\util\ModEventUtil.java:27: 错误: 找不到符号
        return event.isLoaded() ? IntegrationUtil.LoadStatus.LOADED : IntegrationUtil.LoadStatus.NOT_LOADED;
                    ^
  符号:   方法 isLoaded()
  位置: 类型为CheckIntegrationLoadedEvent的变量 event
D:\Minecraft-Mods\AnvilCraft\src\main\java\dev\dubhe\anvilcraft\util\ModInteractionMap.java:178: 错误: 找不到符号
                Color color = cauldronBlock.getColor();
                                           ^
  符号:   方法 getColor()
  位置: 类型为CementCauldronBlock的变量 cauldronBlock
D:\Minecraft-Mods\AnvilCraft\src\main\java\dev\dubhe\anvilcraft\util\RecipeUtil.java:38: 错误: 不兼容的类型: 不存在类型变量K,V的实例, 以使Map<K,V>与ContextMap一致
        return new LootContext.Builder(new LootParams(level, Map.of(), Map.of(), 0)).create(Optional.empty());
                                       ^
  其中, K,V是类型变量:
    K扩展已在方法 <K,V>of()中声明的Object
    V扩展已在方法 <K,V>of()中声明的Object
D:\Minecraft-Mods\AnvilCraft\src\main\java\dev\dubhe\anvilcraft\util\RecipeUtil.java:45: 错误: 找不到符号
            ObjectArrayList<Ingredient.Value> firstValues = new ObjectArrayList<>(first.getValues());
                                      ^
  符号:   类 Value
  位置: 类 Ingredient
D:\Minecraft-Mods\AnvilCraft\src\main\java\dev\dubhe\anvilcraft\util\RecipeUtil.java:45: 错误: 无法推断ObjectArrayList<>的类型参数
            ObjectArrayList<Ingredient.Value> firstValues = new ObjectArrayList<>(first.getValues());
                                                            ^
D:\Minecraft-Mods\AnvilCraft\src\main\java\dev\dubhe\anvilcraft\util\RecipeUtil.java:46: 错误: 找不到符号
            ObjectArrayList<Ingredient.Value> secondValues = new ObjectArrayList<>(second.getValues());
                                      ^
  符号:   类 Value
  位置: 类 Ingredient
D:\Minecraft-Mods\AnvilCraft\src\main\java\dev\dubhe\anvilcraft\util\RecipeUtil.java:46: 错误: 无法推断ObjectArrayList<>的类型参数
            ObjectArrayList<Ingredient.Value> secondValues = new ObjectArrayList<>(second.getValues());
                                                             ^
D:\Minecraft-Mods\AnvilCraft\src\main\java\dev\dubhe\anvilcraft\util\RecipeUtil.java:75: 错误: 找不到符号
            if (firstKlass == Ingredient.ItemValue.class) {
                                        ^
  符号:   类 ItemValue
  位置: 类 Ingredient
D:\Minecraft-Mods\AnvilCraft\src\main\java\dev\dubhe\anvilcraft\util\RecipeUtil.java:77: 错误: 找不到符号
                    ((Ingredient.ItemValue) firstValue).item(), ((Ingredient.ItemValue) secondValue).item());
                                ^
  符号:   类 ItemValue
  位置: 类 Ingredient
D:\Minecraft-Mods\AnvilCraft\src\main\java\dev\dubhe\anvilcraft\util\RecipeUtil.java:77: 错误: 找不到符号
                    ((Ingredient.ItemValue) firstValue).item(), ((Ingredient.ItemValue) secondValue).item());
                                                                            ^
  符号:   类 ItemValue
  位置: 类 Ingredient
D:\Minecraft-Mods\AnvilCraft\src\main\java\dev\dubhe\anvilcraft\util\RecipeUtil.java:78: 错误: 找不到符号
            } else if (firstKlass == Ingredient.TagValue.class) {
                                               ^
  符号:   类 TagValue
  位置: 类 Ingredient
D:\Minecraft-Mods\AnvilCraft\src\main\java\dev\dubhe\anvilcraft\util\RecipeUtil.java:79: 错误: 找不到符号
                return ((Ingredient.TagValue) firstValue).tag() == ((Ingredient.TagValue) secondValue).tag();
                                   ^
  符号:   类 TagValue
  位置: 类 Ingredient
D:\Minecraft-Mods\AnvilCraft\src\main\java\dev\dubhe\anvilcraft\util\RecipeUtil.java:79: 错误: 找不到符号
                return ((Ingredient.TagValue) firstValue).tag() == ((Ingredient.TagValue) secondValue).tag();
                                                                               ^
  符号:   类 TagValue
  位置: 类 Ingredient
注: 某些输入文件使用或覆盖了已过时的 API。
注: 有关详细信息, 请使用 -Xlint:deprecation 重新编译。
注: 某些输入文件额外使用或覆盖了标记为待删除的已过时 API。
注: 某些输入文件使用了未经检查或不安全的操作。
注: 有关详细信息, 请使用 -Xlint:unchecked 重新编译。
注: 某些消息已经过简化; 请使用 -Xdiags:verbose 重新编译以获得完整输出
4,268 个错误
100 个警告

> Task :compileJava FAILED

[Incubating] Problems report is available at: file:///D:/Minecraft-Mods/AnvilCraft/build/reports/problems/problems-report.html
